[2026-06-02T11:52:09.720+0000] {taskinstance.py:1979} INFO - Dependencies all met for dep_context=non-requeueable deps ti=<TaskInstance: inegi_playwright.run_inegi_playwright scheduled__2026-06-01T00:00:00+00:00 [queued]>
[2026-06-02T11:52:09.808+0000] {taskinstance.py:1979} INFO - Dependencies all met for dep_context=requeueable deps ti=<TaskInstance: inegi_playwright.run_inegi_playwright scheduled__2026-06-01T00:00:00+00:00 [queued]>
[2026-06-02T11:52:09.826+0000] {taskinstance.py:2193} INFO - Starting attempt 1 of 1
[2026-06-02T11:52:10.653+0000] {taskinstance.py:2214} INFO - Executing <Task(DockerOperator): run_inegi_playwright> on 2026-06-01 00:00:00+00:00
[2026-06-02T11:52:10.739+0000] {standard_task_runner.py:60} INFO - Started process 74 to run task
[2026-06-02T11:52:10.774+0000] {standard_task_runner.py:87} INFO - Running: ['***', 'tasks', 'run', 'inegi_playwright', 'run_inegi_playwright', 'scheduled__2026-06-01T00:00:00+00:00', '--job-id', '340', '--raw', '--subdir', 'DAGS_FOLDER/inegi_playwright_dag.py', '--cfg-path', '/tmp/tmpd5ch_01c']
[2026-06-02T11:52:10.814+0000] {standard_task_runner.py:88} INFO - Job 340: Subtask run_inegi_playwright
[2026-06-02T11:52:12.244+0000] {task_command.py:423} INFO - Running <TaskInstance: inegi_playwright.run_inegi_playwright scheduled__2026-06-01T00:00:00+00:00 [running]> on host f39b18a112ca
[2026-06-02T11:52:14.200+0000] {taskinstance.py:2510} INFO - Exporting env vars: AIRFLOW_CTX_DAG_OWNER='***' AIRFLOW_CTX_DAG_ID='inegi_playwright' AIRFLOW_CTX_TASK_ID='run_inegi_playwright' AIRFLOW_CTX_EXECUTION_DATE='2026-06-01T00:00:00+00:00' AIRFLOW_CTX_TRY_NUMBER='1' AIRFLOW_CTX_DAG_RUN_ID='scheduled__2026-06-01T00:00:00+00:00'
[2026-06-02T11:52:15.577+0000] {docker.py:359} INFO - Starting docker container from image inegi-playwright:v1
[2026-06-02T11:53:25.664+0000] {docker.py:429} INFO - The page is opening...
[2026-06-02T11:53:39.371+0000] {docker.py:429} INFO - iframe found: https://www3.inegi.org.mx/sistemas/ci/relps/
[2026-06-02T11:53:55.955+0000] {docker.py:429} INFO - Total rows: 132
[2026-06-02T11:53:56.376+0000] {docker.py:429} INFO - Row 0: no column, skipping
[2026-06-02T11:53:56.458+0000] {docker.py:429} INFO - Row 1: link found, clicking…
[2026-06-02T11:54:03.505+0000] {docker.py:429} INFO - Row 2: link found, clicking…
[2026-06-02T11:54:07.185+0000] {docker.py:429} INFO - Row 3: link found, clicking…
[2026-06-02T11:54:17.055+0000] {docker.py:429} INFO - Row 4: link found, clicking…
[2026-06-02T11:54:43.078+0000] {docker.py:429} INFO - Row 5: link found, clicking…
[2026-06-02T11:54:56.548+0000] {docker.py:429} INFO - Row 6: link found, clicking…
[2026-06-02T11:55:15.954+0000] {docker.py:429} INFO - Row 7: link found, clicking…
[2026-06-02T11:55:34.510+0000] {docker.py:429} INFO - Row 8: link found, clicking…
[2026-06-02T11:55:49.255+0000] {docker.py:429} INFO - Row 9: link found, clicking…
[2026-06-02T11:56:00.589+0000] {docker.py:429} INFO - Row 10: link found, clicking…
[2026-06-02T11:56:10.928+0000] {docker.py:429} INFO - Row 11: link found, clicking…
[2026-06-02T11:56:22.419+0000] {docker.py:429} INFO - Row 12: link found, clicking…
[2026-06-02T11:56:31.716+0000] {docker.py:429} INFO - Row 13: link found, clicking…
[2026-06-02T11:56:44.089+0000] {docker.py:429} INFO - Row 14: link found, clicking…
[2026-06-02T11:56:55.171+0000] {docker.py:429} INFO - Row 15: link found, clicking…
[2026-06-02T11:57:06.820+0000] {docker.py:429} INFO - Row 16: link found, clicking…
[2026-06-02T11:57:17.147+0000] {docker.py:429} INFO - Row 17: link found, clicking…
[2026-06-02T11:57:31.401+0000] {docker.py:429} INFO - Row 18: link found, clicking…
[2026-06-02T11:57:41.821+0000] {docker.py:429} INFO - Row 19: link found, clicking…
[2026-06-02T11:57:54.654+0000] {docker.py:429} INFO - Row 20: link found, clicking…
[2026-06-02T11:58:04.591+0000] {docker.py:429} INFO - Row 21: link found, clicking…
[2026-06-02T11:58:10.036+0000] {docker.py:429} INFO - Row 22: link found, clicking…
[2026-06-02T11:58:17.001+0000] {docker.py:429} INFO - Row 23: link found, clicking…
[2026-06-02T11:58:25.831+0000] {docker.py:429} INFO - Row 24: link found, clicking…
[2026-06-02T11:58:40.846+0000] {docker.py:429} INFO - Row 25: link found, clicking…
[2026-06-02T11:58:54.893+0000] {docker.py:429} INFO - Row 26: link found, clicking…
[2026-06-02T11:59:07.748+0000] {docker.py:429} INFO - Row 27: link found, clicking…
[2026-06-02T11:59:18.197+0000] {docker.py:429} INFO - Row 28: link found, clicking…
[2026-06-02T11:59:30.729+0000] {docker.py:429} INFO - Row 29: link found, clicking…
[2026-06-02T11:59:40.227+0000] {docker.py:429} INFO - Row 30: link found, clicking…
[2026-06-02T11:59:44.032+0000] {docker.py:429} INFO - Row 31: link found, clicking…
[2026-06-02T11:59:52.339+0000] {docker.py:429} INFO - Row 32: link found, clicking…
[2026-06-02T11:59:59.209+0000] {docker.py:429} INFO - Row 33: link found, clicking…
[2026-06-02T12:00:06.097+0000] {docker.py:429} INFO - Row 34: link found, clicking…
[2026-06-02T12:00:11.333+0000] {docker.py:429} INFO - Row 35: link found, clicking…
[2026-06-02T12:00:34.905+0000] {docker.py:429} INFO - Row 36: link found, clicking…
[2026-06-02T12:00:45.718+0000] {docker.py:429} INFO - Row 37: link found, clicking…
[2026-06-02T12:00:54.759+0000] {docker.py:429} INFO - Row 38: link found, clicking…
[2026-06-02T12:01:01.652+0000] {docker.py:429} INFO - Row 39: link found, clicking…
[2026-06-02T12:01:08.831+0000] {docker.py:429} INFO - Row 40: link found, clicking…
[2026-06-02T12:01:14.527+0000] {docker.py:429} INFO - Row 41: link found, clicking…
[2026-06-02T12:01:20.916+0000] {docker.py:429} INFO - Row 42: link found, clicking…
[2026-06-02T12:01:27.711+0000] {docker.py:429} INFO - Row 43: link found, clicking…
[2026-06-02T12:01:36.027+0000] {docker.py:429} INFO - Row 44: link found, clicking…
[2026-06-02T12:01:41.841+0000] {docker.py:429} INFO - Row 45: link found, clicking…
[2026-06-02T12:01:47.767+0000] {docker.py:429} INFO - Row 46: link found, clicking…
[2026-06-02T12:01:51.867+0000] {docker.py:429} INFO - Row 47: link found, clicking…
[2026-06-02T12:01:53.549+0000] {docker.py:429} INFO - Row 48: link found, clicking…
[2026-06-02T12:02:00.091+0000] {docker.py:429} INFO - Row 49: link found, clicking…
[2026-06-02T12:02:02.065+0000] {docker.py:429} INFO - Row 50: link found, clicking…
[2026-06-02T12:02:04.323+0000] {docker.py:429} INFO - Row 51: link found, clicking…
[2026-06-02T12:02:06.846+0000] {docker.py:429} INFO - Row 52: link found, clicking…
[2026-06-02T12:02:08.563+0000] {docker.py:429} INFO - Row 53: link found, clicking…
[2026-06-02T12:02:10.437+0000] {docker.py:429} INFO - Row 54: link found, clicking…
[2026-06-02T12:02:16.057+0000] {docker.py:429} INFO - Row 55: link found, clicking…
[2026-06-02T12:02:17.969+0000] {docker.py:429} INFO - Row 56: link found, clicking…
[2026-06-02T12:02:20.381+0000] {docker.py:429} INFO - Row 57: link found, clicking…
[2026-06-02T12:02:22.746+0000] {docker.py:429} INFO - Row 58: link found, clicking…
[2026-06-02T12:02:26.496+0000] {docker.py:429} INFO - Row 59: link found, clicking…
[2026-06-02T12:02:31.120+0000] {docker.py:429} INFO - Row 60: link found, clicking…
[2026-06-02T12:02:39.867+0000] {docker.py:429} INFO - Row 61: link found, clicking…
[2026-06-02T12:02:50.579+0000] {docker.py:429} INFO - Row 62: link found, clicking…
[2026-06-02T12:02:57.778+0000] {docker.py:429} INFO - Row 63: link found, clicking…
[2026-06-02T12:03:04.654+0000] {docker.py:429} INFO - Row 64: link found, clicking…
[2026-06-02T12:03:11.386+0000] {docker.py:429} INFO - Row 65: link found, clicking…
[2026-06-02T12:03:17.485+0000] {docker.py:429} INFO - Row 66: link found, clicking…
[2026-06-02T12:03:23.319+0000] {docker.py:429} INFO - Row 67: link found, clicking…
[2026-06-02T12:03:30.650+0000] {docker.py:429} INFO - Row 68: link found, clicking…
[2026-06-02T12:03:35.686+0000] {docker.py:429} INFO - Row 69: link found, clicking…
[2026-06-02T12:03:42.419+0000] {docker.py:429} INFO - Row 70: link found, clicking…
[2026-06-02T12:03:46.878+0000] {docker.py:429} INFO - Row 71: link found, clicking…
[2026-06-02T12:03:53.694+0000] {docker.py:429} INFO - Row 72: link found, clicking…
[2026-06-02T12:03:57.735+0000] {docker.py:429} INFO - Row 73: link found, clicking…
[2026-06-02T12:04:01.045+0000] {docker.py:429} INFO - Row 74: link found, clicking…
[2026-06-02T12:04:05.003+0000] {docker.py:429} INFO - Row 75: link found, clicking…
[2026-06-02T12:04:07.942+0000] {docker.py:429} INFO - Row 76: link found, clicking…
[2026-06-02T12:04:10.997+0000] {docker.py:429} INFO - Row 77: link found, clicking…
[2026-06-02T12:04:14.927+0000] {docker.py:429} INFO - Row 78: link found, clicking…
[2026-06-02T12:04:19.179+0000] {docker.py:429} INFO - Row 79: link found, clicking…
[2026-06-02T12:04:21.608+0000] {docker.py:429} INFO - Row 80: link found, clicking…
[2026-06-02T12:04:26.597+0000] {docker.py:429} INFO - Row 81: link found, clicking…
[2026-06-02T12:04:29.731+0000] {docker.py:429} INFO - Row 82: link found, clicking…
[2026-06-02T12:04:32.088+0000] {docker.py:429} INFO - Row 83: link found, clicking…
[2026-06-02T12:04:36.247+0000] {docker.py:429} INFO - Row 84: link found, clicking…
[2026-06-02T12:04:40.633+0000] {docker.py:429} INFO - Row 85: link found, clicking…
[2026-06-02T12:04:44.967+0000] {docker.py:429} INFO - Row 86: link found, clicking…
[2026-06-02T12:04:47.978+0000] {docker.py:429} INFO - Row 87: link found, clicking…
[2026-06-02T12:04:50.997+0000] {docker.py:429} INFO - Row 88: link found, clicking…
[2026-06-02T12:04:55.129+0000] {docker.py:429} INFO - Row 89: link found, clicking…
[2026-06-02T12:04:57.873+0000] {docker.py:429} INFO - Row 90: link found, clicking…
[2026-06-02T12:05:00.963+0000] {docker.py:429} INFO - Row 91: link found, clicking…
[2026-06-02T12:05:04.755+0000] {docker.py:429} INFO - Row 92: link found, clicking…
[2026-06-02T12:05:07.843+0000] {docker.py:429} INFO - Row 93: link found, clicking…
[2026-06-02T12:05:10.842+0000] {docker.py:429} INFO - Row 94: link found, clicking…
[2026-06-02T12:05:14.470+0000] {docker.py:429} INFO - Row 95: link found, clicking…
[2026-06-02T12:05:19.596+0000] {docker.py:429} INFO - Row 96: link found, clicking…
[2026-06-02T12:05:23.817+0000] {docker.py:429} INFO - Row 97: link found, clicking…
[2026-06-02T12:05:27.947+0000] {docker.py:429} INFO - Row 98: link found, clicking…
[2026-06-02T12:05:30.972+0000] {docker.py:429} INFO - Row 99: link found, clicking…
[2026-06-02T12:05:34.284+0000] {docker.py:429} INFO - Row 100: link found, clicking…
[2026-06-02T12:05:38.182+0000] {docker.py:429} INFO - Row 101: link found, clicking…
[2026-06-02T12:05:41.125+0000] {docker.py:429} INFO - Row 102: link found, clicking…
[2026-06-02T12:05:45.146+0000] {docker.py:429} INFO - Row 103: link found, clicking…
[2026-06-02T12:05:48.118+0000] {docker.py:429} INFO - Row 104: link found, clicking…
[2026-06-02T12:05:51.062+0000] {docker.py:429} INFO - Row 105: link found, clicking…
[2026-06-02T12:05:56.810+0000] {docker.py:429} INFO - Row 106: link found, clicking…
[2026-06-02T12:06:04.429+0000] {docker.py:429} INFO - Row 107: link found, clicking…
[2026-06-02T12:06:15.601+0000] {docker.py:429} INFO - Row 108: link found, clicking…
[2026-06-02T12:06:23.478+0000] {docker.py:429} INFO - Row 109: link found, clicking…
[2026-06-02T12:06:35.211+0000] {docker.py:429} INFO - Row 110: link found, clicking…
[2026-06-02T12:06:48.845+0000] {docker.py:429} INFO - Row 111: link found, clicking…
[2026-06-02T12:06:57.625+0000] {docker.py:429} INFO - Row 112: link found, clicking…
[2026-06-02T12:07:07.978+0000] {docker.py:429} INFO - Row 113: link found, clicking…
[2026-06-02T12:07:14.149+0000] {docker.py:429} INFO - Row 114: link found, clicking…
[2026-06-02T12:07:21.958+0000] {docker.py:429} INFO - Row 115: link found, clicking…
[2026-06-02T12:07:35.244+0000] {docker.py:429} INFO - Row 116: link found, clicking…
[2026-06-02T12:07:42.980+0000] {docker.py:429} INFO - Row 117: link found, clicking…
[2026-06-02T12:07:50.305+0000] {docker.py:429} INFO - Row 118: link found, clicking…
[2026-06-02T12:07:56.092+0000] {docker.py:429} INFO - Row 119: link found, clicking…
[2026-06-02T12:08:06.680+0000] {docker.py:429} INFO - Row 120: link found, clicking…
[2026-06-02T12:08:13.392+0000] {docker.py:429} INFO - Row 121: link found, clicking…
[2026-06-02T12:08:17.708+0000] {docker.py:429} INFO - Row 122: link found, clicking…
[2026-06-02T12:08:23.535+0000] {docker.py:429} INFO - Row 123: link found, clicking…
[2026-06-02T12:08:31.273+0000] {docker.py:429} INFO - Row 124: link found, clicking…
[2026-06-02T12:08:35.642+0000] {docker.py:429} INFO - Row 125: link found, clicking…
[2026-06-02T12:08:41.000+0000] {docker.py:429} INFO - Row 126: link found, clicking…
[2026-06-02T12:08:44.534+0000] {docker.py:429} INFO - Row 127: link found, clicking…
[2026-06-02T12:08:48.748+0000] {docker.py:429} INFO - Row 128: link found, clicking…
[2026-06-02T12:08:52.676+0000] {docker.py:429} INFO - Row 129: link found, clicking…
[2026-06-02T12:08:55.256+0000] {docker.py:429} INFO - Row 130: link found, clicking…
[2026-06-02T12:08:58.543+0000] {docker.py:429} INFO - Row 131: link found, clicking…
[2026-06-02T12:09:02.308+0000] {docker.py:429} INFO - Final unique records: 75
[2026-06-02T12:09:03.031+0000] {docker.py:429} INFO - Saved → /app/data/inegi_playwright.json
ERROR: Event loop is closed! Is Playwright already stopped?
[2026-06-02T12:09:04.635+0000] {taskinstance.py:1149} INFO - Marking task as SUCCESS. dag_id=inegi_playwright, task_id=run_inegi_playwright, execution_date=20260601T000000, start_date=20260602T115209, end_date=20260602T120904
[2026-06-02T12:09:05.044+0000] {local_task_job_runner.py:234} INFO - Task exited with return code 0
[2026-06-02T12:09:05.803+0000] {taskinstance.py:3309} INFO - 1 downstream tasks scheduled from follow-on schedule check
