[2026-05-18T14:12:30.942+0000] {taskinstance.py:1979} INFO - Dependencies all met for dep_context=non-requeueable deps ti=<TaskInstance: telegraph_scraper.run_telegraph_container scheduled__2026-05-17T00:00:00+00:00 [queued]>
[2026-05-18T14:12:31.112+0000] {taskinstance.py:1979} INFO - Dependencies all met for dep_context=requeueable deps ti=<TaskInstance: telegraph_scraper.run_telegraph_container scheduled__2026-05-17T00:00:00+00:00 [queued]>
[2026-05-18T14:12:31.157+0000] {taskinstance.py:2193} INFO - Starting attempt 2 of 1
[2026-05-18T14:12:31.603+0000] {taskinstance.py:2214} INFO - Executing <Task(DockerOperator): run_telegraph_container> on 2026-05-17 00:00:00+00:00
[2026-05-18T14:12:31.814+0000] {standard_task_runner.py:60} INFO - Started process 70 to run task
[2026-05-18T14:12:31.920+0000] {standard_task_runner.py:87} INFO - Running: ['***', 'tasks', 'run', 'telegraph_scraper', 'run_telegraph_container', 'scheduled__2026-05-17T00:00:00+00:00', '--job-id', '46', '--raw', '--subdir', 'DAGS_FOLDER/telegraph_dag.py', '--cfg-path', '/tmp/tmpoj84x9vy']
[2026-05-18T14:12:31.959+0000] {standard_task_runner.py:88} INFO - Job 46: Subtask run_telegraph_container
[2026-05-18T14:12:33.646+0000] {task_command.py:423} INFO - Running <TaskInstance: telegraph_scraper.run_telegraph_container scheduled__2026-05-17T00:00:00+00:00 [running]> on host f39b18a112ca
[2026-05-18T14:12:36.463+0000] {taskinstance.py:2510} INFO - Exporting env vars: AIRFLOW_CTX_DAG_OWNER='***' AIRFLOW_CTX_DAG_ID='telegraph_scraper' AIRFLOW_CTX_TASK_ID='run_telegraph_container' AIRFLOW_CTX_EXECUTION_DATE='2026-05-17T00:00:00+00:00' AIRFLOW_CTX_TRY_NUMBER='2' AIRFLOW_CTX_DAG_RUN_ID='scheduled__2026-05-17T00:00:00+00:00'
[2026-05-18T14:12:37.575+0000] {docker.py:359} INFO - Starting docker container from image telegraph-scraper:v1
[2026-05-18T14:12:37.619+0000] {docker.py:367} WARNING - Using remote engine or docker-in-docker and mounting temporary volume from host is not supported. Falling back to `mount_tmp_dir=False` mode. You can set `mount_tmp_dir` parameter to False to disable mounting and remove the warning
[2026-05-18T14:13:08.562+0000] {docker.py:429} INFO - [+] Saved: ЛУДОСТ НА "ТРАКИЯ": Заснеха шофьор да прави опасен обратен завой на магистралата (ВИДЕО)
[2026-05-18T14:13:10.263+0000] {docker.py:429} INFO - [+] Saved: Официално: Сантяго Бернабеу казва „довиждане“ на свой любимец
[2026-05-18T14:13:12.102+0000] {docker.py:429} INFO - [+] Saved: СЪДЪТ РЕШИ! Данъчните в Испания връщат на Шакира над 55 милиона евро
[2026-05-18T14:13:15.394+0000] {docker.py:429} INFO - [+] Saved: Куба: САЩ си измислят фалшив повод за военна намеса
[2026-05-18T14:13:17.565+0000] {docker.py:429} INFO - [+] Saved: Кабо Верде погледна към България за състава си за Световното първенство
[2026-05-18T14:13:19.838+0000] {docker.py:429} INFO - [+] Saved: Стилияна Николова с ново съчетание на лента, Ева Брезалиева се лекува от болки в крака
[2026-05-18T14:13:21.525+0000] {docker.py:429} INFO - [+] Saved: ЦСКА с призив към феновете преди финала за купата
[2026-05-18T14:13:24.838+0000] {docker.py:429} INFO - [+] Saved: Над 1000 състезатели от близо 40 държави пристигат у нас за Международния турнир по олимпийско таекуондо European Grand Prix Open Ramus E6
[2026-05-18T14:13:26.711+0000] {docker.py:429} INFO - [+] Saved: ГДБОП ЗА ИЗМАМАТА С ХРАНИТЕЛНИ ДОБАВКИ: София е началната точка на мащабната международна схема
[2026-05-18T14:13:28.677+0000] {docker.py:429} INFO - [+] Saved: Виктория Томова падна с три места в световната ранглиста по тенис при жените
[2026-05-18T14:13:31.888+0000] {docker.py:429} INFO - [+] Saved: ТРАГЕДИЯ: Дете с кросов мотор загина след челен удар с кола
[2026-05-18T14:13:33.809+0000] {docker.py:429} INFO - [+] Saved: ВНИМАНИЕ! От Министерството на транспорта алармират за нова измама
[2026-05-18T14:13:37.091+0000] {docker.py:429} INFO - [+] Saved: Моуриньо и Реал вече имат устно споразумение
[2026-05-18T14:13:40.354+0000] {docker.py:429} INFO - [+] Saved: Веласкес: Помня Наско Сираков още като играч на Мондиала в САЩ
[2026-05-18T14:13:43.746+0000] {docker.py:429} INFO - [+] Saved: Националите по биатлон стартираха подготовка за новия сезон с лагер в Троян
[2026-05-18T14:13:46.370+0000] {docker.py:429} INFO - [+] Saved: Международната федерация по гимнастика вдигна забраната за Русия и Беларус
[2026-05-18T14:13:49.837+0000] {docker.py:429} INFO - [+] Saved: Коцев прави DARA „Почетен гражданин на Варна“
[2026-05-18T14:13:52.097+0000] {docker.py:429} INFO - [+] Saved: Премиерът от Берлин: Старата власт ни завеща много неразплатени сметки
[2026-05-18T14:13:54.820+0000] {docker.py:429} INFO - [+] Saved: Тежък жребий за Томова и Янева в квалификациите на "Ролан Гарос"
[2026-05-18T14:13:57.160+0000] {docker.py:429} INFO - [+] Saved: Меси с гол и асистенция за първа победа на Интер Маями на новия стадион
[2026-05-18T14:14:02.067+0000] {docker.py:429} INFO - [+] Saved: МАЕ алармира: Търговските петролни запаси намаляват „много бързо“
[2026-05-18T14:14:04.465+0000] {docker.py:429} INFO - [+] Saved: Григор Димитров остава 170-и в световната ранглиста
[2026-05-18T14:14:06.465+0000] {docker.py:429} INFO - [+] Saved: Вижте подробности за организираната екскурзия на привържениците на Локо Пловдив за финала
[2026-05-18T14:14:08.559+0000] {docker.py:429} INFO - [+] Saved: Ансамбълът вече е на лагер във Варна преди европейското
[2026-05-18T14:14:11.179+0000] {docker.py:429} INFO - [+] Saved: Гълъб Донев: В бюджета ще има още едно перо – Евровизия 2027
[2026-05-18T14:14:13.771+0000] {docker.py:429} INFO - [+] Saved: ЧАКА НИ СТРАХОВИТА НОЩ: Гигантски астероид минава на косъм от Земята!
[2026-05-18T14:14:17.446+0000] {docker.py:429} INFO - [+] Saved: УДАР НА ГРАНИЦАТА: Хванаха близо 48 кг кокаин за над 4,4 млн. евро на „Капитан Андреево“
[2026-05-18T14:14:20.711+0000] {docker.py:429} INFO - [+] Saved: Уейн Рууни зашлеви Мо Салах
[2026-05-18T14:14:24.273+0000] {docker.py:429} INFO - [+] Saved: В СТОЛИЦАТА: Откриха нова трамвайна линия
[2026-05-18T14:14:26.322+0000] {docker.py:429} INFO - [+] Saved: ХУЛИГАНСТВО: 63-годишен стреля с прашка по деца, има пострадали малчугани
[2026-05-18T14:14:29.191+0000] {docker.py:429} INFO - [+] Saved: Левски пробва да изравни рекорда си за най-голяма разлика пред втория
[2026-05-18T14:14:31.395+0000] {docker.py:429} INFO - [+] Saved: СОЦИАЛНИ МРЕЖИ, ВМЕСТО БЕБЕТА: Смартфоните виновни за спада на раждаемостта!
[2026-05-18T14:14:33.857+0000] {docker.py:429} INFO - [+] Saved: "Илинден" и "Перун" спечелиха отборните титли при младежите и девойките от първенството по джудо в Перник
[2026-05-18T14:14:36.165+0000] {docker.py:429} INFO - [+] Saved: Корабът "Хондиус", засегнат от хантавирус, пристигна в Ротердам
[2026-05-18T14:14:38.662+0000] {docker.py:429} INFO - [+] Saved: Агенция „Митници“ е с нов шеф
[2026-05-18T14:14:40.793+0000] {docker.py:429} INFO - [+] Saved: Весела Лечева в Ямбол: Любовта към олимпизма и спорта  се ражда на фестивали като утринната гимнастика
[2026-05-18T14:14:42.699+0000] {docker.py:429} INFO - [+] Saved: Гризман се разкая на прощаване (ВИДЕО)
[2026-05-18T14:14:45.912+0000] {docker.py:429} INFO - [+] Saved: Христо Янев запазва мълчание преди финала
[2026-05-18T14:14:48.423+0000] {docker.py:429} INFO - [+] Saved: ПОЖАРИ В ПЛОВДИВСКО: Възрастен мъж загуби живота си, а две деца са в болница в критично състояние
[2026-05-18T14:14:51.453+0000] {docker.py:429} INFO - [+] Saved: Със заповед на министър-председателя Румен Радев: Четирима нови заместник-министри в ключови министерства
[2026-05-18T14:14:53.800+0000] {docker.py:429} INFO - [+] Saved: Проф. Тодор Кантарджиев пред „Телеграф“: Поредица от грешки подклаждат хантавируса!
[2026-05-18T14:14:57.785+0000] {docker.py:429} INFO - [+] Saved: Пета поредна Купа може да дойде след 5 години чакане
[2026-05-18T14:15:02.816+0000] {docker.py:429} INFO - [+] Saved: Аутсайдери чукат на вратата на Англия
[2026-05-18T14:15:05.214+0000] {docker.py:429} INFO - [+] Saved: Арестуваха мъж, запали 5 коли и валяк в Белослав!
[2026-05-18T14:15:07.429+0000] {docker.py:429} INFO - [+] Saved: Мартин Камбуров: Планът на Локо Пд вече е преизпълнен
[2026-05-18T14:15:10.656+0000] {docker.py:429} INFO - [+] Saved: АД НА ЗЕМЯТА: Мощно земетресение уби двама души, 13 сгради са сринати! (ВИДЕО)
[2026-05-18T14:15:12.739+0000] {docker.py:429} INFO - [+] Saved: България отново има представител сред първите 100 в тениса
[2026-05-18T14:15:14.651+0000] {docker.py:429} INFO - [+] Saved: Вирусът на Западен Нил  разболява хиляди в Европа
[2026-05-18T14:15:16.407+0000] {docker.py:429} INFO - [+] Saved: ЦСКА бе ефективно неефективен за пореден път
[2026-05-18T14:15:23.325+0000] {docker.py:429} INFO - [+] Saved: DARA пред „Телеграф“: Не исках Bangaranga да е перфектна!
[2026-05-18T14:15:25.389+0000] {docker.py:429} INFO - [+] Saved: Вижте емоционалното сбогуване на Роберт Левандовски с Барса (ВИДЕО)
[2026-05-18T14:15:27.354+0000] {docker.py:429} INFO - [+] Saved: 7:2 за ЦСКА на финали след загуби в първенството
[2026-05-18T14:15:29.448+0000] {docker.py:429} INFO - [+] Saved: ИСТИНСКИ ХОРЪР: Тигър избяга от частен обект и рани човек!
[2026-05-18T14:15:31.337+0000] {docker.py:429} INFO - [+] Saved: ШИШКОВ: Спираме всякакви плащания за строителство по старата методика!
[2026-05-18T14:15:33.767+0000] {docker.py:429} INFO - [+] Saved: Атанас Атанасов с мач номер 100 в елита
[2026-05-18T14:15:36.797+0000] {docker.py:429} INFO - [+] Saved: Здравко от Ритон: Янев е най-доброто нещо през този сезон
[2026-05-18T14:15:38.645+0000] {docker.py:429} INFO - [+] Saved: Кливланд отстрани Детройт и се класира за финалите на Изток
[2026-05-18T14:15:40.745+0000] {docker.py:429} INFO - [+] Saved: DARA: Целият свят е обърнал поглед към България!
[2026-05-18T14:15:42.433+0000] {docker.py:429} INFO - [+] Saved: Легенда на Локомотив София: Това е дерби за чест!
[2026-05-18T14:15:46.042+0000] {docker.py:429} INFO - [+] Saved: ПСЖ завърши сезона в Лига 1 със загуба
[2026-05-18T14:15:48.213+0000] {docker.py:429} INFO - [+] Saved: Левски се хвърля и за халф от Черно море
[2026-05-18T14:15:50.095+0000] {docker.py:429} INFO - [+] Saved: ТОТАЛНО ПОЛУДЯ: Тръмп плаши да взриви Земята! (СНИМКИ)
[2026-05-18T14:15:52.364+0000] {docker.py:429} INFO - [+] Saved: НЕПРИЯТНО: Няколко софийски квартала остават без топла вода!
[2026-05-18T14:15:55.385+0000] {docker.py:429} INFO - [+] Saved: ПЪРВО ПОСЕЩЕНИЕ: Румен Радев се среща с Фридрих Мерц!
[2026-05-18T14:15:56.954+0000] {docker.py:429} INFO - [+] Saved: В СЕЗОНА НА БАЛОВЕТЕ И МАТУРИТЕ: Чакат ни интензивни валежи, гръмотевични бури и градушки!
[2026-05-18T14:15:58.576+0000] {docker.py:429} INFO - [+] Saved: Гледайте четири мача от Трета плейофна група в efbet Лига
[2026-05-18T14:16:00.582+0000] {docker.py:429} INFO - [+] Saved: Сърфистка е новата мацка до Ромарио
[2026-05-18T14:16:02.082+0000] {docker.py:429} INFO - [+] Saved: Гимнастичката на Зубчич с две рокли на сватбата
[2026-05-18T14:16:04.396+0000] {docker.py:429} INFO - [+] Saved: Бивш ас на Реал бил алкохолик
[2026-05-18T14:16:07.652+0000] {taskinstance.py:1149} INFO - Marking task as SUCCESS. dag_id=telegraph_scraper, task_id=run_telegraph_container, execution_date=20260517T000000, start_date=20260518T141230, end_date=20260518T141607
[2026-05-18T14:16:10.477+0000] {local_task_job_runner.py:234} INFO - Task exited with return code 0
[2026-05-18T14:16:12.718+0000] {taskinstance.py:3309} INFO - 0 downstream tasks scheduled from follow-on schedule check
