[2026-05-14T14:06:55.253+0000] {taskinstance.py:1979} INFO - Dependencies all met for dep_context=non-requeueable deps ti=<TaskInstance: merge_all_scrapers.merge_all_outputs manual__2026-05-14T14:06:51.045423+00:00 [queued]>
[2026-05-14T14:06:55.273+0000] {taskinstance.py:1979} INFO - Dependencies all met for dep_context=requeueable deps ti=<TaskInstance: merge_all_scrapers.merge_all_outputs manual__2026-05-14T14:06:51.045423+00:00 [queued]>
[2026-05-14T14:06:55.275+0000] {taskinstance.py:2193} INFO - Starting attempt 1 of 1
[2026-05-14T14:06:55.350+0000] {taskinstance.py:2214} INFO - Executing <Task(PythonOperator): merge_all_outputs> on 2026-05-14 14:06:51.045423+00:00
[2026-05-14T14:06:55.378+0000] {standard_task_runner.py:60} INFO - Started process 1208 to run task
[2026-05-14T14:06:55.634+0000] {standard_task_runner.py:87} INFO - Running: ['***', 'tasks', 'run', 'merge_all_scrapers', 'merge_all_outputs', 'manual__2026-05-14T14:06:51.045423+00:00', '--job-id', '14', '--raw', '--subdir', 'DAGS_FOLDER/merge_dag.py', '--cfg-path', '/tmp/tmplew79o3q']
[2026-05-14T14:06:55.729+0000] {standard_task_runner.py:88} INFO - Job 14: Subtask merge_all_outputs
[2026-05-14T14:06:56.372+0000] {task_command.py:423} INFO - Running <TaskInstance: merge_all_scrapers.merge_all_outputs manual__2026-05-14T14:06:51.045423+00:00 [running]> on host 26acb5ca21e7
[2026-05-14T14:06:56.699+0000] {taskinstance.py:2510} INFO - Exporting env vars: AIRFLOW_CTX_DAG_OWNER='***' AIRFLOW_CTX_DAG_ID='merge_all_scrapers' AIRFLOW_CTX_TASK_ID='merge_all_outputs' AIRFLOW_CTX_EXECUTION_DATE='2026-05-14T14:06:51.045423+00:00' AIRFLOW_CTX_TRY_NUMBER='1' AIRFLOW_CTX_DAG_RUN_ID='manual__2026-05-14T14:06:51.045423+00:00'
[2026-05-14T14:06:56.713+0000] {logging_mixin.py:188} INFO - 📂 DATA PATH: /opt/***/data
[2026-05-14T14:06:56.723+0000] {logging_mixin.py:188} INFO - 
📄 READING JSON: eu_fsf_sanctions.json
[2026-05-14T14:06:56.982+0000] {logging_mixin.py:188} INFO - 
📄 READING JSON: inegi_playwright.json
[2026-05-14T14:06:56.993+0000] {logging_mixin.py:188} INFO - 
📄 READING JSON: inegi_scraper.json
[2026-05-14T14:06:57.004+0000] {logging_mixin.py:188} INFO - 
🗄️ READING DB: kaldata.db
[2026-05-14T14:07:13.006+0000] {logging_mixin.py:188} INFO - 
🗄️ READING DB: telegraph.db
[2026-05-14T14:07:13.373+0000] {logging_mixin.py:188} INFO - 
📦 TOTAL BEFORE DEDUP: 6778
[2026-05-14T14:07:13.671+0000] {logging_mixin.py:188} INFO - 🧹 AFTER DEDUP: 6774
[2026-05-14T14:07:13.781+0000] {logging_mixin.py:188} INFO - ❌ MERGE ERROR: The conn_id `postgres_default` isn't defined
[2026-05-14T14:07:13.906+0000] {logging_mixin.py:188} INFO - 🔓 LOCK REMOVED
[2026-05-14T14:07:13.914+0000] {python.py:202} INFO - Done. Returned value was: None
[2026-05-14T14:07:14.025+0000] {taskinstance.py:1149} INFO - Marking task as SUCCESS. dag_id=merge_all_scrapers, task_id=merge_all_outputs, execution_date=20260514T140651, start_date=20260514T140655, end_date=20260514T140714
[2026-05-14T14:07:14.177+0000] {local_task_job_runner.py:234} INFO - Task exited with return code 0
[2026-05-14T14:07:14.495+0000] {taskinstance.py:3309} INFO - 0 downstream tasks scheduled from follow-on schedule check
