[2026-05-13T14:01:05.552+0000] {taskinstance.py:1979} INFO - Dependencies all met for dep_context=non-requeueable deps ti=<TaskInstance: eu_fsf_sanc.trigger_merge scheduled__2026-05-12T00:00:00+00:00 [queued]>
[2026-05-13T14:01:05.621+0000] {taskinstance.py:1979} INFO - Dependencies all met for dep_context=requeueable deps ti=<TaskInstance: eu_fsf_sanc.trigger_merge scheduled__2026-05-12T00:00:00+00:00 [queued]>
[2026-05-13T14:01:05.655+0000] {taskinstance.py:2193} INFO - Starting attempt 1 of 3
[2026-05-13T14:01:05.741+0000] {taskinstance.py:2214} INFO - Executing <Task(TriggerDagRunOperator): trigger_merge> on 2026-05-12 00:00:00+00:00
[2026-05-13T14:01:05.805+0000] {standard_task_runner.py:60} INFO - Started process 1414 to run task
[2026-05-13T14:01:05.858+0000] {standard_task_runner.py:87} INFO - Running: ['***', 'tasks', 'run', 'eu_fsf_sanc', 'trigger_merge', 'scheduled__2026-05-12T00:00:00+00:00', '--job-id', '8', '--raw', '--subdir', 'DAGS_FOLDER/eu_fsf_sanc_dag.py', '--cfg-path', '/tmp/tmphre88fb2']
[2026-05-13T14:01:05.894+0000] {standard_task_runner.py:88} INFO - Job 8: Subtask trigger_merge
[2026-05-13T14:01:08.243+0000] {task_command.py:423} INFO - Running <TaskInstance: eu_fsf_sanc.trigger_merge scheduled__2026-05-12T00:00:00+00:00 [running]> on host e85744e68698
[2026-05-13T14:01:10.163+0000] {taskinstance.py:2510} INFO - Exporting env vars: AIRFLOW_CTX_DAG_OWNER='***' AIRFLOW_CTX_DAG_ID='eu_fsf_sanc' AIRFLOW_CTX_TASK_ID='trigger_merge' AIRFLOW_CTX_EXECUTION_DATE='2026-05-12T00:00:00+00:00' AIRFLOW_CTX_TRY_NUMBER='1' AIRFLOW_CTX_DAG_RUN_ID='scheduled__2026-05-12T00:00:00+00:00'
[2026-05-13T14:01:12.977+0000] {taskinstance.py:1149} INFO - Marking task as SUCCESS. dag_id=eu_fsf_sanc, task_id=trigger_merge, execution_date=20260512T000000, start_date=20260513T140105, end_date=20260513T140112
[2026-05-13T14:01:13.091+0000] {local_task_job_runner.py:234} INFO - Task exited with return code 0
[2026-05-13T14:01:13.142+0000] {taskinstance.py:3309} INFO - 0 downstream tasks scheduled from follow-on schedule check
[2026-05-13T14:49:47.978+0000] {taskinstance.py:1979} INFO - Dependencies all met for dep_context=non-requeueable deps ti=<TaskInstance: eu_fsf_sanc.trigger_merge scheduled__2026-05-12T00:00:00+00:00 [queued]>
[2026-05-13T14:49:48.462+0000] {taskinstance.py:1979} INFO - Dependencies all met for dep_context=requeueable deps ti=<TaskInstance: eu_fsf_sanc.trigger_merge scheduled__2026-05-12T00:00:00+00:00 [queued]>
[2026-05-13T14:49:48.495+0000] {taskinstance.py:2193} INFO - Starting attempt 1 of 3
[2026-05-13T14:49:48.946+0000] {taskinstance.py:2214} INFO - Executing <Task(TriggerDagRunOperator): trigger_merge> on 2026-05-12 00:00:00+00:00
[2026-05-13T14:49:49.011+0000] {standard_task_runner.py:60} INFO - Started process 754 to run task
[2026-05-13T14:49:49.133+0000] {standard_task_runner.py:87} INFO - Running: ['***', 'tasks', 'run', 'eu_fsf_sanc', 'trigger_merge', 'scheduled__2026-05-12T00:00:00+00:00', '--job-id', '7', '--raw', '--subdir', 'DAGS_FOLDER/eu_fsf_sanc_dag.py', '--cfg-path', '/tmp/tmpnz_q5ti7']
[2026-05-13T14:49:49.232+0000] {standard_task_runner.py:88} INFO - Job 7: Subtask trigger_merge
[2026-05-13T14:49:52.062+0000] {task_command.py:423} INFO - Running <TaskInstance: eu_fsf_sanc.trigger_merge scheduled__2026-05-12T00:00:00+00:00 [running]> on host ab149d976c2e
[2026-05-13T14:49:58.053+0000] {taskinstance.py:2510} INFO - Exporting env vars: AIRFLOW_CTX_DAG_OWNER='***' AIRFLOW_CTX_DAG_ID='eu_fsf_sanc' AIRFLOW_CTX_TASK_ID='trigger_merge' AIRFLOW_CTX_EXECUTION_DATE='2026-05-12T00:00:00+00:00' AIRFLOW_CTX_TRY_NUMBER='1' AIRFLOW_CTX_DAG_RUN_ID='scheduled__2026-05-12T00:00:00+00:00'
[2026-05-13T14:50:15.083+0000] {taskinstance.py:1149} INFO - Marking task as SUCCESS. dag_id=eu_fsf_sanc, task_id=trigger_merge, execution_date=20260512T000000, start_date=20260513T144948, end_date=20260513T145015
[2026-05-13T14:50:16.987+0000] {local_task_job_runner.py:234} INFO - Task exited with return code 0
[2026-05-13T14:50:17.348+0000] {taskinstance.py:3309} INFO - 0 downstream tasks scheduled from follow-on schedule check
