[2026-05-21T12:25:19.401+0000] {taskinstance.py:1979} INFO - Dependencies all met for dep_context=non-requeueable deps ti=<TaskInstance: merge_all_scrapers.merge_all_outputs manual__2026-05-21T12:25:05.032370+00:00 [queued]>
[2026-05-21T12:25:19.624+0000] {taskinstance.py:1979} INFO - Dependencies all met for dep_context=requeueable deps ti=<TaskInstance: merge_all_scrapers.merge_all_outputs manual__2026-05-21T12:25:05.032370+00:00 [queued]>
[2026-05-21T12:25:19.644+0000] {taskinstance.py:2193} INFO - Starting attempt 1 of 1
[2026-05-21T12:25:19.912+0000] {taskinstance.py:2214} INFO - Executing <Task(PythonOperator): merge_all_outputs> on 2026-05-21 12:25:05.032370+00:00
[2026-05-21T12:25:19.948+0000] {standard_task_runner.py:60} INFO - Started process 1119 to run task
[2026-05-21T12:25:20.002+0000] {standard_task_runner.py:87} INFO - Running: ['***', 'tasks', 'run', 'merge_all_scrapers', 'merge_all_outputs', 'manual__2026-05-21T12:25:05.032370+00:00', '--job-id', '164', '--raw', '--subdir', 'DAGS_FOLDER/merge_dag.py', '--cfg-path', '/tmp/tmp2wjs6h4q']
[2026-05-21T12:25:20.009+0000] {standard_task_runner.py:88} INFO - Job 164: Subtask merge_all_outputs
[2026-05-21T12:25:21.202+0000] {task_command.py:423} INFO - Running <TaskInstance: merge_all_scrapers.merge_all_outputs manual__2026-05-21T12:25:05.032370+00:00 [running]> on host f39b18a112ca
[2026-05-21T12:25:24.106+0000] {taskinstance.py:2510} INFO - Exporting env vars: AIRFLOW_CTX_DAG_OWNER='***' AIRFLOW_CTX_DAG_ID='merge_all_scrapers' AIRFLOW_CTX_TASK_ID='merge_all_outputs' AIRFLOW_CTX_EXECUTION_DATE='2026-05-21T12:25:05.032370+00:00' AIRFLOW_CTX_TRY_NUMBER='1' AIRFLOW_CTX_DAG_RUN_ID='manual__2026-05-21T12:25:05.032370+00:00'
[2026-05-21T12:25:24.276+0000] {logging_mixin.py:188} INFO - 📂 DATA PATH: /opt/***/data
[2026-05-21T12:25:24.432+0000] {logging_mixin.py:188} INFO - 
📄 READING JSON: eu_fsf_sanctions.json
[2026-05-21T12:25:25.406+0000] {logging_mixin.py:188} INFO - 
📄 READING JSON: inegi_playwright.json
[2026-05-21T12:25:25.468+0000] {logging_mixin.py:188} INFO - 
📄 READING JSON: inegi_scraper.json
[2026-05-21T12:25:25.638+0000] {logging_mixin.py:188} INFO - 
🗄️ READING DB: kaldata.db
[2026-05-21T12:25:35.445+0000] {logging_mixin.py:188} INFO - 
🗄️ READING DB: telegraph.db
[2026-05-21T12:25:35.632+0000] {logging_mixin.py:188} INFO - 
📦 TOTAL BEFORE DEDUP: 6499
[2026-05-21T12:25:35.688+0000] {logging_mixin.py:188} INFO - 🧹 AFTER DEDUP: 6495
[2026-05-21T12:25:35.815+0000] {base.py:83} INFO - Using connection ID 'postgres_default' for task execution.
[2026-05-21T12:26:09.129+0000] {logging_mixin.py:188} INFO - 💾 JSON OUTPUT: /opt/***/data/final_output.json
[2026-05-21T12:26:09.270+0000] {logging_mixin.py:188} INFO - 🔓 LOCK REMOVED
[2026-05-21T12:26:09.349+0000] {python.py:202} INFO - Done. Returned value was: None
[2026-05-21T12:26:09.842+0000] {taskinstance.py:1149} INFO - Marking task as SUCCESS. dag_id=merge_all_scrapers, task_id=merge_all_outputs, execution_date=20260521T122505, start_date=20260521T122519, end_date=20260521T122609
[2026-05-21T12:26:11.299+0000] {local_task_job_runner.py:234} INFO - Task exited with return code 0
[2026-05-21T12:26:11.387+0000] {taskinstance.py:3309} INFO - 0 downstream tasks scheduled from follow-on schedule check
