[2026-05-14T14:01:49.482+0000] {taskinstance.py:1979} INFO - Dependencies all met for dep_context=non-requeueable deps ti=<TaskInstance: merge_all_scrapers.merge_all_outputs manual__2026-05-14T14:01:41.917663+00:00 [queued]>
[2026-05-14T14:01:49.691+0000] {taskinstance.py:1979} INFO - Dependencies all met for dep_context=requeueable deps ti=<TaskInstance: merge_all_scrapers.merge_all_outputs manual__2026-05-14T14:01:41.917663+00:00 [queued]>
[2026-05-14T14:01:49.696+0000] {taskinstance.py:2193} INFO - Starting attempt 1 of 1
[2026-05-14T14:01:49.746+0000] {taskinstance.py:2214} INFO - Executing <Task(PythonOperator): merge_all_outputs> on 2026-05-14 14:01:41.917663+00:00
[2026-05-14T14:01:49.774+0000] {standard_task_runner.py:60} INFO - Started process 924 to run task
[2026-05-14T14:01:49.811+0000] {standard_task_runner.py:87} INFO - Running: ['***', 'tasks', 'run', 'merge_all_scrapers', 'merge_all_outputs', 'manual__2026-05-14T14:01:41.917663+00:00', '--job-id', '12', '--raw', '--subdir', 'DAGS_FOLDER/merge_dag.py', '--cfg-path', '/tmp/tmpzglex4o_']
[2026-05-14T14:01:49.824+0000] {standard_task_runner.py:88} INFO - Job 12: Subtask merge_all_outputs
[2026-05-14T14:01:50.836+0000] {task_command.py:423} INFO - Running <TaskInstance: merge_all_scrapers.merge_all_outputs manual__2026-05-14T14:01:41.917663+00:00 [running]> on host 26acb5ca21e7
[2026-05-14T14:01:52.887+0000] {taskinstance.py:2510} INFO - Exporting env vars: AIRFLOW_CTX_DAG_OWNER='***' AIRFLOW_CTX_DAG_ID='merge_all_scrapers' AIRFLOW_CTX_TASK_ID='merge_all_outputs' AIRFLOW_CTX_EXECUTION_DATE='2026-05-14T14:01:41.917663+00:00' AIRFLOW_CTX_TRY_NUMBER='1' AIRFLOW_CTX_DAG_RUN_ID='manual__2026-05-14T14:01:41.917663+00:00'
[2026-05-14T14:01:52.934+0000] {logging_mixin.py:188} INFO - 📂 DATA PATH: /opt/***/data
[2026-05-14T14:01:52.958+0000] {logging_mixin.py:188} INFO - 
📄 READING JSON: eu_fsf_sanctions.json
[2026-05-14T14:01:53.310+0000] {logging_mixin.py:188} INFO - 
📄 READING JSON: inegi_playwright.json
[2026-05-14T14:01:53.327+0000] {logging_mixin.py:188} INFO - 
📄 READING JSON: inegi_scraper.json
[2026-05-14T14:01:53.363+0000] {logging_mixin.py:188} INFO - 
🗄️ READING DB: kaldata.db
[2026-05-14T14:01:59.794+0000] {logging_mixin.py:188} INFO - 
🗄️ READING DB: telegraph.db
[2026-05-14T14:02:01.582+0000] {logging_mixin.py:188} INFO - 
📦 TOTAL BEFORE DEDUP: 6778
[2026-05-14T14:02:01.813+0000] {logging_mixin.py:188} INFO - 🧹 AFTER DEDUP: 6774
[2026-05-14T14:02:01.871+0000] {logging_mixin.py:188} INFO - ❌ MERGE ERROR: The conn_id `postgres_default` isn't defined
[2026-05-14T14:02:01.889+0000] {logging_mixin.py:188} INFO - 🔓 LOCK REMOVED
[2026-05-14T14:02:01.895+0000] {python.py:202} INFO - Done. Returned value was: None
[2026-05-14T14:02:01.952+0000] {taskinstance.py:1149} INFO - Marking task as SUCCESS. dag_id=merge_all_scrapers, task_id=merge_all_outputs, execution_date=20260514T140141, start_date=20260514T140149, end_date=20260514T140201
[2026-05-14T14:02:02.085+0000] {local_task_job_runner.py:234} INFO - Task exited with return code 0
[2026-05-14T14:02:02.221+0000] {taskinstance.py:3309} INFO - 0 downstream tasks scheduled from follow-on schedule check
