[2026-05-25T14:13:29.709+0000] {processor.py:161} INFO - Started process (PID=85) to work on /opt/airflow/dags/eu_fsf_sanc_dag.py
[2026-05-25T14:13:29.716+0000] {processor.py:830} INFO - Processing file /opt/airflow/dags/eu_fsf_sanc_dag.py for tasks to queue
[2026-05-25T14:13:29.743+0000] {logging_mixin.py:188} INFO - [2026-05-25T14:13:29.742+0000] {dagbag.py:540} INFO - Filling up the DagBag from /opt/airflow/dags/eu_fsf_sanc_dag.py
[2026-05-25T14:13:30.266+0000] {processor.py:840} INFO - DAG(s) 'eu_fsf_sanc' retrieved from /opt/airflow/dags/eu_fsf_sanc_dag.py
[2026-05-25T14:13:34.509+0000] {logging_mixin.py:188} INFO - [2026-05-25T14:13:34.508+0000] {dag.py:3047} INFO - Sync 1 DAGs
[2026-05-25T14:13:34.690+0000] {logging_mixin.py:188} INFO - [2026-05-25T14:13:34.690+0000] {dag.py:3834} INFO - Setting next_dagrun for eu_fsf_sanc to 2026-05-25 00:00:00+00:00, run_after=2026-05-26 00:00:00+00:00
[2026-05-25T14:13:35.159+0000] {processor.py:183} INFO - Processing /opt/airflow/dags/eu_fsf_sanc_dag.py took 5.536 seconds
[2026-05-25T14:14:17.035+0000] {processor.py:161} INFO - Started process (PID=115) to work on /opt/airflow/dags/eu_fsf_sanc_dag.py
[2026-05-25T14:14:17.115+0000] {processor.py:830} INFO - Processing file /opt/airflow/dags/eu_fsf_sanc_dag.py for tasks to queue
[2026-05-25T14:14:17.126+0000] {logging_mixin.py:188} INFO - [2026-05-25T14:14:17.124+0000] {dagbag.py:540} INFO - Filling up the DagBag from /opt/airflow/dags/eu_fsf_sanc_dag.py
[2026-05-25T14:14:17.512+0000] {processor.py:840} INFO - DAG(s) 'eu_fsf_sanc' retrieved from /opt/airflow/dags/eu_fsf_sanc_dag.py
[2026-05-25T14:14:18.020+0000] {logging_mixin.py:188} INFO - [2026-05-25T14:14:18.019+0000] {dag.py:3047} INFO - Sync 1 DAGs
[2026-05-25T14:14:18.507+0000] {logging_mixin.py:188} INFO - [2026-05-25T14:14:18.506+0000] {dag.py:3834} INFO - Setting next_dagrun for eu_fsf_sanc to 2026-05-25 00:00:00+00:00, run_after=2026-05-26 00:00:00+00:00
[2026-05-25T14:14:19.193+0000] {processor.py:183} INFO - Processing /opt/airflow/dags/eu_fsf_sanc_dag.py took 2.262 seconds
[2026-05-25T14:14:52.627+0000] {processor.py:161} INFO - Started process (PID=146) to work on /opt/airflow/dags/eu_fsf_sanc_dag.py
[2026-05-25T14:14:52.640+0000] {processor.py:830} INFO - Processing file /opt/airflow/dags/eu_fsf_sanc_dag.py for tasks to queue
[2026-05-25T14:14:52.649+0000] {logging_mixin.py:188} INFO - [2026-05-25T14:14:52.648+0000] {dagbag.py:540} INFO - Filling up the DagBag from /opt/airflow/dags/eu_fsf_sanc_dag.py
[2026-05-25T14:14:52.925+0000] {processor.py:840} INFO - DAG(s) 'eu_fsf_sanc' retrieved from /opt/airflow/dags/eu_fsf_sanc_dag.py
[2026-05-25T14:14:54.117+0000] {logging_mixin.py:188} INFO - [2026-05-25T14:14:54.098+0000] {dag.py:3047} INFO - Sync 1 DAGs
[2026-05-25T14:14:54.576+0000] {logging_mixin.py:188} INFO - [2026-05-25T14:14:54.575+0000] {dag.py:3834} INFO - Setting next_dagrun for eu_fsf_sanc to 2026-05-25 00:00:00+00:00, run_after=2026-05-26 00:00:00+00:00
[2026-05-25T14:14:54.689+0000] {processor.py:183} INFO - Processing /opt/airflow/dags/eu_fsf_sanc_dag.py took 2.218 seconds
[2026-05-25T14:15:27.112+0000] {processor.py:161} INFO - Started process (PID=177) to work on /opt/airflow/dags/eu_fsf_sanc_dag.py
[2026-05-25T14:15:27.158+0000] {processor.py:830} INFO - Processing file /opt/airflow/dags/eu_fsf_sanc_dag.py for tasks to queue
[2026-05-25T14:15:27.162+0000] {logging_mixin.py:188} INFO - [2026-05-25T14:15:27.161+0000] {dagbag.py:540} INFO - Filling up the DagBag from /opt/airflow/dags/eu_fsf_sanc_dag.py
[2026-05-25T14:15:28.073+0000] {processor.py:840} INFO - DAG(s) 'eu_fsf_sanc' retrieved from /opt/airflow/dags/eu_fsf_sanc_dag.py
[2026-05-25T14:15:28.869+0000] {logging_mixin.py:188} INFO - [2026-05-25T14:15:28.868+0000] {dag.py:3047} INFO - Sync 1 DAGs
[2026-05-25T14:15:29.112+0000] {logging_mixin.py:188} INFO - [2026-05-25T14:15:29.111+0000] {dag.py:3834} INFO - Setting next_dagrun for eu_fsf_sanc to 2026-05-25 00:00:00+00:00, run_after=2026-05-26 00:00:00+00:00
[2026-05-25T14:15:29.778+0000] {processor.py:183} INFO - Processing /opt/airflow/dags/eu_fsf_sanc_dag.py took 2.761 seconds
[2026-05-25T14:16:07.493+0000] {processor.py:161} INFO - Started process (PID=207) to work on /opt/airflow/dags/eu_fsf_sanc_dag.py
[2026-05-25T14:16:07.503+0000] {processor.py:830} INFO - Processing file /opt/airflow/dags/eu_fsf_sanc_dag.py for tasks to queue
[2026-05-25T14:16:07.507+0000] {logging_mixin.py:188} INFO - [2026-05-25T14:16:07.506+0000] {dagbag.py:540} INFO - Filling up the DagBag from /opt/airflow/dags/eu_fsf_sanc_dag.py
[2026-05-25T14:16:07.866+0000] {processor.py:840} INFO - DAG(s) 'eu_fsf_sanc' retrieved from /opt/airflow/dags/eu_fsf_sanc_dag.py
[2026-05-25T14:16:08.844+0000] {logging_mixin.py:188} INFO - [2026-05-25T14:16:08.843+0000] {dag.py:3047} INFO - Sync 1 DAGs
[2026-05-25T14:16:09.260+0000] {logging_mixin.py:188} INFO - [2026-05-25T14:16:09.259+0000] {dag.py:3834} INFO - Setting next_dagrun for eu_fsf_sanc to 2026-05-25 00:00:00+00:00, run_after=2026-05-26 00:00:00+00:00
[2026-05-25T14:16:09.413+0000] {processor.py:183} INFO - Processing /opt/airflow/dags/eu_fsf_sanc_dag.py took 1.940 seconds
[2026-05-25T14:16:43.037+0000] {processor.py:161} INFO - Started process (PID=237) to work on /opt/airflow/dags/eu_fsf_sanc_dag.py
[2026-05-25T14:16:43.106+0000] {processor.py:830} INFO - Processing file /opt/airflow/dags/eu_fsf_sanc_dag.py for tasks to queue
[2026-05-25T14:16:43.160+0000] {logging_mixin.py:188} INFO - [2026-05-25T14:16:43.126+0000] {dagbag.py:540} INFO - Filling up the DagBag from /opt/airflow/dags/eu_fsf_sanc_dag.py
[2026-05-25T14:16:43.638+0000] {processor.py:840} INFO - DAG(s) 'eu_fsf_sanc' retrieved from /opt/airflow/dags/eu_fsf_sanc_dag.py
[2026-05-25T14:16:44.052+0000] {logging_mixin.py:188} INFO - [2026-05-25T14:16:44.051+0000] {dag.py:3047} INFO - Sync 1 DAGs
[2026-05-25T14:16:46.841+0000] {logging_mixin.py:188} INFO - [2026-05-25T14:16:46.732+0000] {dag.py:3834} INFO - Setting next_dagrun for eu_fsf_sanc to 2026-05-25 00:00:00+00:00, run_after=2026-05-26 00:00:00+00:00
[2026-05-25T14:16:48.031+0000] {processor.py:183} INFO - Processing /opt/airflow/dags/eu_fsf_sanc_dag.py took 5.090 seconds
[2026-05-25T14:17:19.443+0000] {processor.py:161} INFO - Started process (PID=267) to work on /opt/airflow/dags/eu_fsf_sanc_dag.py
[2026-05-25T14:17:19.493+0000] {processor.py:830} INFO - Processing file /opt/airflow/dags/eu_fsf_sanc_dag.py for tasks to queue
[2026-05-25T14:17:19.542+0000] {logging_mixin.py:188} INFO - [2026-05-25T14:17:19.541+0000] {dagbag.py:540} INFO - Filling up the DagBag from /opt/airflow/dags/eu_fsf_sanc_dag.py
[2026-05-25T14:17:20.959+0000] {processor.py:840} INFO - DAG(s) 'eu_fsf_sanc' retrieved from /opt/airflow/dags/eu_fsf_sanc_dag.py
[2026-05-25T14:17:22.758+0000] {logging_mixin.py:188} INFO - [2026-05-25T14:17:22.758+0000] {dag.py:3047} INFO - Sync 1 DAGs
[2026-05-25T14:17:23.233+0000] {logging_mixin.py:188} INFO - [2026-05-25T14:17:23.232+0000] {dag.py:3834} INFO - Setting next_dagrun for eu_fsf_sanc to 2026-05-25 00:00:00+00:00, run_after=2026-05-26 00:00:00+00:00
[2026-05-25T14:17:23.568+0000] {processor.py:183} INFO - Processing /opt/airflow/dags/eu_fsf_sanc_dag.py took 4.255 seconds
[2026-05-25T14:17:54.380+0000] {processor.py:161} INFO - Started process (PID=297) to work on /opt/airflow/dags/eu_fsf_sanc_dag.py
[2026-05-25T14:17:54.384+0000] {processor.py:830} INFO - Processing file /opt/airflow/dags/eu_fsf_sanc_dag.py for tasks to queue
[2026-05-25T14:17:54.387+0000] {logging_mixin.py:188} INFO - [2026-05-25T14:17:54.387+0000] {dagbag.py:540} INFO - Filling up the DagBag from /opt/airflow/dags/eu_fsf_sanc_dag.py
[2026-05-25T14:17:54.590+0000] {processor.py:840} INFO - DAG(s) 'eu_fsf_sanc' retrieved from /opt/airflow/dags/eu_fsf_sanc_dag.py
[2026-05-25T14:17:55.328+0000] {logging_mixin.py:188} INFO - [2026-05-25T14:17:55.328+0000] {dag.py:3047} INFO - Sync 1 DAGs
[2026-05-25T14:17:55.810+0000] {logging_mixin.py:188} INFO - [2026-05-25T14:17:55.775+0000] {dag.py:3834} INFO - Setting next_dagrun for eu_fsf_sanc to 2026-05-25 00:00:00+00:00, run_after=2026-05-26 00:00:00+00:00
[2026-05-25T14:17:56.085+0000] {processor.py:183} INFO - Processing /opt/airflow/dags/eu_fsf_sanc_dag.py took 1.742 seconds
[2026-05-25T14:18:42.775+0000] {processor.py:161} INFO - Started process (PID=328) to work on /opt/airflow/dags/eu_fsf_sanc_dag.py
[2026-05-25T14:18:42.794+0000] {processor.py:830} INFO - Processing file /opt/airflow/dags/eu_fsf_sanc_dag.py for tasks to queue
[2026-05-25T14:18:42.893+0000] {logging_mixin.py:188} INFO - [2026-05-25T14:18:42.809+0000] {dagbag.py:540} INFO - Filling up the DagBag from /opt/airflow/dags/eu_fsf_sanc_dag.py
[2026-05-25T14:18:44.049+0000] {processor.py:840} INFO - DAG(s) 'eu_fsf_sanc' retrieved from /opt/airflow/dags/eu_fsf_sanc_dag.py
[2026-05-25T14:18:46.107+0000] {logging_mixin.py:188} INFO - [2026-05-25T14:18:46.106+0000] {dag.py:3047} INFO - Sync 1 DAGs
[2026-05-25T14:18:49.276+0000] {logging_mixin.py:188} INFO - [2026-05-25T14:18:49.261+0000] {dag.py:3834} INFO - Setting next_dagrun for eu_fsf_sanc to 2026-05-25 00:00:00+00:00, run_after=2026-05-26 00:00:00+00:00
[2026-05-25T14:18:50.395+0000] {processor.py:183} INFO - Processing /opt/airflow/dags/eu_fsf_sanc_dag.py took 7.666 seconds
[2026-05-25T14:19:27.941+0000] {processor.py:161} INFO - Started process (PID=360) to work on /opt/airflow/dags/eu_fsf_sanc_dag.py
[2026-05-25T14:19:28.021+0000] {processor.py:830} INFO - Processing file /opt/airflow/dags/eu_fsf_sanc_dag.py for tasks to queue
[2026-05-25T14:19:28.054+0000] {logging_mixin.py:188} INFO - [2026-05-25T14:19:28.053+0000] {dagbag.py:540} INFO - Filling up the DagBag from /opt/airflow/dags/eu_fsf_sanc_dag.py
[2026-05-25T14:19:31.093+0000] {processor.py:840} INFO - DAG(s) 'eu_fsf_sanc' retrieved from /opt/airflow/dags/eu_fsf_sanc_dag.py
[2026-05-25T14:19:32.213+0000] {logging_mixin.py:188} INFO - [2026-05-25T14:19:32.212+0000] {dag.py:3047} INFO - Sync 1 DAGs
[2026-05-25T14:19:32.749+0000] {logging_mixin.py:188} INFO - [2026-05-25T14:19:32.748+0000] {dag.py:3834} INFO - Setting next_dagrun for eu_fsf_sanc to 2026-05-25 00:00:00+00:00, run_after=2026-05-26 00:00:00+00:00
[2026-05-25T14:19:33.523+0000] {processor.py:183} INFO - Processing /opt/airflow/dags/eu_fsf_sanc_dag.py took 5.660 seconds
[2026-05-25T14:20:05.397+0000] {processor.py:161} INFO - Started process (PID=393) to work on /opt/airflow/dags/eu_fsf_sanc_dag.py
[2026-05-25T14:20:05.472+0000] {processor.py:830} INFO - Processing file /opt/airflow/dags/eu_fsf_sanc_dag.py for tasks to queue
[2026-05-25T14:20:05.487+0000] {logging_mixin.py:188} INFO - [2026-05-25T14:20:05.474+0000] {dagbag.py:540} INFO - Filling up the DagBag from /opt/airflow/dags/eu_fsf_sanc_dag.py
[2026-05-25T14:20:06.746+0000] {processor.py:840} INFO - DAG(s) 'eu_fsf_sanc' retrieved from /opt/airflow/dags/eu_fsf_sanc_dag.py
[2026-05-25T14:20:07.540+0000] {logging_mixin.py:188} INFO - [2026-05-25T14:20:07.540+0000] {dag.py:3047} INFO - Sync 1 DAGs
[2026-05-25T14:20:07.877+0000] {logging_mixin.py:188} INFO - [2026-05-25T14:20:07.871+0000] {dag.py:3834} INFO - Setting next_dagrun for eu_fsf_sanc to 2026-05-25 00:00:00+00:00, run_after=2026-05-26 00:00:00+00:00
[2026-05-25T14:20:11.361+0000] {processor.py:183} INFO - Processing /opt/airflow/dags/eu_fsf_sanc_dag.py took 6.044 seconds
[2026-05-25T14:20:51.769+0000] {processor.py:161} INFO - Started process (PID=423) to work on /opt/airflow/dags/eu_fsf_sanc_dag.py
[2026-05-25T14:20:51.877+0000] {processor.py:830} INFO - Processing file /opt/airflow/dags/eu_fsf_sanc_dag.py for tasks to queue
[2026-05-25T14:20:51.958+0000] {logging_mixin.py:188} INFO - [2026-05-25T14:20:51.957+0000] {dagbag.py:540} INFO - Filling up the DagBag from /opt/airflow/dags/eu_fsf_sanc_dag.py
[2026-05-25T14:20:55.057+0000] {processor.py:840} INFO - DAG(s) 'eu_fsf_sanc' retrieved from /opt/airflow/dags/eu_fsf_sanc_dag.py
[2026-05-25T14:20:56.383+0000] {logging_mixin.py:188} INFO - [2026-05-25T14:20:56.383+0000] {dag.py:3047} INFO - Sync 1 DAGs
[2026-05-25T14:20:57.429+0000] {logging_mixin.py:188} INFO - [2026-05-25T14:20:57.428+0000] {dag.py:3834} INFO - Setting next_dagrun for eu_fsf_sanc to 2026-05-25 00:00:00+00:00, run_after=2026-05-26 00:00:00+00:00
[2026-05-25T14:20:58.507+0000] {processor.py:183} INFO - Processing /opt/airflow/dags/eu_fsf_sanc_dag.py took 6.845 seconds
[2026-05-25T14:21:30.938+0000] {processor.py:161} INFO - Started process (PID=450) to work on /opt/airflow/dags/eu_fsf_sanc_dag.py
[2026-05-25T14:21:30.963+0000] {processor.py:830} INFO - Processing file /opt/airflow/dags/eu_fsf_sanc_dag.py for tasks to queue
[2026-05-25T14:21:30.977+0000] {logging_mixin.py:188} INFO - [2026-05-25T14:21:30.976+0000] {dagbag.py:540} INFO - Filling up the DagBag from /opt/airflow/dags/eu_fsf_sanc_dag.py
[2026-05-25T14:21:31.276+0000] {processor.py:840} INFO - DAG(s) 'eu_fsf_sanc' retrieved from /opt/airflow/dags/eu_fsf_sanc_dag.py
[2026-05-25T14:21:31.552+0000] {logging_mixin.py:188} INFO - [2026-05-25T14:21:31.551+0000] {dag.py:3047} INFO - Sync 1 DAGs
[2026-05-25T14:21:32.513+0000] {logging_mixin.py:188} INFO - [2026-05-25T14:21:32.512+0000] {dag.py:3834} INFO - Setting next_dagrun for eu_fsf_sanc to 2026-05-25 00:00:00+00:00, run_after=2026-05-26 00:00:00+00:00
[2026-05-25T14:21:32.954+0000] {processor.py:183} INFO - Processing /opt/airflow/dags/eu_fsf_sanc_dag.py took 2.043 seconds
[2026-05-25T14:22:04.852+0000] {processor.py:161} INFO - Started process (PID=485) to work on /opt/airflow/dags/eu_fsf_sanc_dag.py
[2026-05-25T14:22:04.880+0000] {processor.py:830} INFO - Processing file /opt/airflow/dags/eu_fsf_sanc_dag.py for tasks to queue
[2026-05-25T14:22:04.892+0000] {logging_mixin.py:188} INFO - [2026-05-25T14:22:04.891+0000] {dagbag.py:540} INFO - Filling up the DagBag from /opt/airflow/dags/eu_fsf_sanc_dag.py
[2026-05-25T14:22:05.199+0000] {processor.py:840} INFO - DAG(s) 'eu_fsf_sanc' retrieved from /opt/airflow/dags/eu_fsf_sanc_dag.py
[2026-05-25T14:22:05.467+0000] {logging_mixin.py:188} INFO - [2026-05-25T14:22:05.466+0000] {dag.py:3047} INFO - Sync 1 DAGs
[2026-05-25T14:22:06.522+0000] {logging_mixin.py:188} INFO - [2026-05-25T14:22:06.521+0000] {dag.py:3834} INFO - Setting next_dagrun for eu_fsf_sanc to 2026-05-25 00:00:00+00:00, run_after=2026-05-26 00:00:00+00:00
[2026-05-25T14:22:06.961+0000] {processor.py:183} INFO - Processing /opt/airflow/dags/eu_fsf_sanc_dag.py took 2.149 seconds
[2026-05-25T14:22:38.388+0000] {processor.py:161} INFO - Started process (PID=515) to work on /opt/airflow/dags/eu_fsf_sanc_dag.py
[2026-05-25T14:22:38.398+0000] {processor.py:830} INFO - Processing file /opt/airflow/dags/eu_fsf_sanc_dag.py for tasks to queue
[2026-05-25T14:22:38.410+0000] {logging_mixin.py:188} INFO - [2026-05-25T14:22:38.401+0000] {dagbag.py:540} INFO - Filling up the DagBag from /opt/airflow/dags/eu_fsf_sanc_dag.py
[2026-05-25T14:22:38.518+0000] {processor.py:840} INFO - DAG(s) 'eu_fsf_sanc' retrieved from /opt/airflow/dags/eu_fsf_sanc_dag.py
[2026-05-25T14:22:38.649+0000] {logging_mixin.py:188} INFO - [2026-05-25T14:22:38.649+0000] {dag.py:3047} INFO - Sync 1 DAGs
[2026-05-25T14:22:38.781+0000] {logging_mixin.py:188} INFO - [2026-05-25T14:22:38.780+0000] {dag.py:3834} INFO - Setting next_dagrun for eu_fsf_sanc to 2026-05-25 00:00:00+00:00, run_after=2026-05-26 00:00:00+00:00
[2026-05-25T14:22:39.162+0000] {processor.py:183} INFO - Processing /opt/airflow/dags/eu_fsf_sanc_dag.py took 0.804 seconds
[2026-05-25T14:23:11.119+0000] {processor.py:161} INFO - Started process (PID=547) to work on /opt/airflow/dags/eu_fsf_sanc_dag.py
[2026-05-25T14:23:11.138+0000] {processor.py:830} INFO - Processing file /opt/airflow/dags/eu_fsf_sanc_dag.py for tasks to queue
[2026-05-25T14:23:11.154+0000] {logging_mixin.py:188} INFO - [2026-05-25T14:23:11.153+0000] {dagbag.py:540} INFO - Filling up the DagBag from /opt/airflow/dags/eu_fsf_sanc_dag.py
[2026-05-25T14:23:11.413+0000] {processor.py:840} INFO - DAG(s) 'eu_fsf_sanc' retrieved from /opt/airflow/dags/eu_fsf_sanc_dag.py
[2026-05-25T14:23:11.589+0000] {logging_mixin.py:188} INFO - [2026-05-25T14:23:11.589+0000] {dag.py:3047} INFO - Sync 1 DAGs
[2026-05-25T14:23:11.784+0000] {logging_mixin.py:188} INFO - [2026-05-25T14:23:11.784+0000] {dag.py:3834} INFO - Setting next_dagrun for eu_fsf_sanc to 2026-05-25 00:00:00+00:00, run_after=2026-05-26 00:00:00+00:00
[2026-05-25T14:23:12.549+0000] {processor.py:183} INFO - Processing /opt/airflow/dags/eu_fsf_sanc_dag.py took 1.469 seconds
[2026-05-25T14:23:54.464+0000] {processor.py:161} INFO - Started process (PID=579) to work on /opt/airflow/dags/eu_fsf_sanc_dag.py
[2026-05-25T14:23:54.520+0000] {processor.py:830} INFO - Processing file /opt/airflow/dags/eu_fsf_sanc_dag.py for tasks to queue
[2026-05-25T14:23:54.538+0000] {logging_mixin.py:188} INFO - [2026-05-25T14:23:54.537+0000] {dagbag.py:540} INFO - Filling up the DagBag from /opt/airflow/dags/eu_fsf_sanc_dag.py
[2026-05-25T14:23:56.423+0000] {processor.py:840} INFO - DAG(s) 'eu_fsf_sanc' retrieved from /opt/airflow/dags/eu_fsf_sanc_dag.py
[2026-05-25T14:23:58.486+0000] {logging_mixin.py:188} INFO - [2026-05-25T14:23:58.474+0000] {dag.py:3047} INFO - Sync 1 DAGs
[2026-05-25T14:23:59.725+0000] {logging_mixin.py:188} INFO - [2026-05-25T14:23:59.681+0000] {dag.py:3834} INFO - Setting next_dagrun for eu_fsf_sanc to 2026-05-25 00:00:00+00:00, run_after=2026-05-26 00:00:00+00:00
[2026-05-25T14:23:59.953+0000] {processor.py:183} INFO - Processing /opt/airflow/dags/eu_fsf_sanc_dag.py took 5.655 seconds
[2026-05-25T14:24:31.007+0000] {processor.py:161} INFO - Started process (PID=609) to work on /opt/airflow/dags/eu_fsf_sanc_dag.py
[2026-05-25T14:24:31.031+0000] {processor.py:830} INFO - Processing file /opt/airflow/dags/eu_fsf_sanc_dag.py for tasks to queue
[2026-05-25T14:24:31.037+0000] {logging_mixin.py:188} INFO - [2026-05-25T14:24:31.035+0000] {dagbag.py:540} INFO - Filling up the DagBag from /opt/airflow/dags/eu_fsf_sanc_dag.py
[2026-05-25T14:24:31.404+0000] {processor.py:840} INFO - DAG(s) 'eu_fsf_sanc' retrieved from /opt/airflow/dags/eu_fsf_sanc_dag.py
[2026-05-25T14:24:32.863+0000] {logging_mixin.py:188} INFO - [2026-05-25T14:24:32.862+0000] {dag.py:3047} INFO - Sync 1 DAGs
[2026-05-25T14:24:33.717+0000] {logging_mixin.py:188} INFO - [2026-05-25T14:24:33.717+0000] {dag.py:3834} INFO - Setting next_dagrun for eu_fsf_sanc to 2026-05-25 00:00:00+00:00, run_after=2026-05-26 00:00:00+00:00
[2026-05-25T14:24:34.612+0000] {processor.py:183} INFO - Processing /opt/airflow/dags/eu_fsf_sanc_dag.py took 3.679 seconds
[2026-05-25T14:25:10.281+0000] {processor.py:161} INFO - Started process (PID=639) to work on /opt/airflow/dags/eu_fsf_sanc_dag.py
[2026-05-25T14:25:10.306+0000] {processor.py:830} INFO - Processing file /opt/airflow/dags/eu_fsf_sanc_dag.py for tasks to queue
[2026-05-25T14:25:10.354+0000] {logging_mixin.py:188} INFO - [2026-05-25T14:25:10.353+0000] {dagbag.py:540} INFO - Filling up the DagBag from /opt/airflow/dags/eu_fsf_sanc_dag.py
[2026-05-25T14:25:12.151+0000] {processor.py:840} INFO - DAG(s) 'eu_fsf_sanc' retrieved from /opt/airflow/dags/eu_fsf_sanc_dag.py
[2026-05-25T14:25:13.631+0000] {logging_mixin.py:188} INFO - [2026-05-25T14:25:13.630+0000] {dag.py:3047} INFO - Sync 1 DAGs
[2026-05-25T14:25:14.852+0000] {logging_mixin.py:188} INFO - [2026-05-25T14:25:14.852+0000] {dag.py:3834} INFO - Setting next_dagrun for eu_fsf_sanc to 2026-05-25 00:00:00+00:00, run_after=2026-05-26 00:00:00+00:00
[2026-05-25T14:25:15.542+0000] {processor.py:183} INFO - Processing /opt/airflow/dags/eu_fsf_sanc_dag.py took 5.373 seconds
[2026-05-25T14:25:47.818+0000] {processor.py:161} INFO - Started process (PID=669) to work on /opt/airflow/dags/eu_fsf_sanc_dag.py
[2026-05-25T14:25:47.834+0000] {processor.py:830} INFO - Processing file /opt/airflow/dags/eu_fsf_sanc_dag.py for tasks to queue
[2026-05-25T14:25:47.867+0000] {logging_mixin.py:188} INFO - [2026-05-25T14:25:47.854+0000] {dagbag.py:540} INFO - Filling up the DagBag from /opt/airflow/dags/eu_fsf_sanc_dag.py
[2026-05-25T14:25:48.483+0000] {processor.py:840} INFO - DAG(s) 'eu_fsf_sanc' retrieved from /opt/airflow/dags/eu_fsf_sanc_dag.py
[2026-05-25T14:25:48.956+0000] {logging_mixin.py:188} INFO - [2026-05-25T14:25:48.953+0000] {dag.py:3047} INFO - Sync 1 DAGs
[2026-05-25T14:25:49.389+0000] {logging_mixin.py:188} INFO - [2026-05-25T14:25:49.388+0000] {dag.py:3834} INFO - Setting next_dagrun for eu_fsf_sanc to 2026-05-25 00:00:00+00:00, run_after=2026-05-26 00:00:00+00:00
[2026-05-25T14:25:50.005+0000] {processor.py:183} INFO - Processing /opt/airflow/dags/eu_fsf_sanc_dag.py took 2.187 seconds
[2026-05-25T14:26:21.395+0000] {processor.py:161} INFO - Started process (PID=701) to work on /opt/airflow/dags/eu_fsf_sanc_dag.py
[2026-05-25T14:26:21.408+0000] {processor.py:830} INFO - Processing file /opt/airflow/dags/eu_fsf_sanc_dag.py for tasks to queue
[2026-05-25T14:26:21.422+0000] {logging_mixin.py:188} INFO - [2026-05-25T14:26:21.415+0000] {dagbag.py:540} INFO - Filling up the DagBag from /opt/airflow/dags/eu_fsf_sanc_dag.py
[2026-05-25T14:26:21.798+0000] {processor.py:840} INFO - DAG(s) 'eu_fsf_sanc' retrieved from /opt/airflow/dags/eu_fsf_sanc_dag.py
[2026-05-25T14:26:22.509+0000] {logging_mixin.py:188} INFO - [2026-05-25T14:26:22.509+0000] {dag.py:3047} INFO - Sync 1 DAGs
[2026-05-25T14:26:22.716+0000] {logging_mixin.py:188} INFO - [2026-05-25T14:26:22.715+0000] {dag.py:3834} INFO - Setting next_dagrun for eu_fsf_sanc to 2026-05-25 00:00:00+00:00, run_after=2026-05-26 00:00:00+00:00
[2026-05-25T14:26:22.895+0000] {processor.py:183} INFO - Processing /opt/airflow/dags/eu_fsf_sanc_dag.py took 1.539 seconds
[2026-05-25T14:26:54.607+0000] {processor.py:161} INFO - Started process (PID=729) to work on /opt/airflow/dags/eu_fsf_sanc_dag.py
[2026-05-25T14:26:54.622+0000] {processor.py:830} INFO - Processing file /opt/airflow/dags/eu_fsf_sanc_dag.py for tasks to queue
[2026-05-25T14:26:54.649+0000] {logging_mixin.py:188} INFO - [2026-05-25T14:26:54.640+0000] {dagbag.py:540} INFO - Filling up the DagBag from /opt/airflow/dags/eu_fsf_sanc_dag.py
[2026-05-25T14:26:54.849+0000] {processor.py:840} INFO - DAG(s) 'eu_fsf_sanc' retrieved from /opt/airflow/dags/eu_fsf_sanc_dag.py
[2026-05-25T14:26:55.245+0000] {logging_mixin.py:188} INFO - [2026-05-25T14:26:55.238+0000] {dag.py:3047} INFO - Sync 1 DAGs
[2026-05-25T14:26:56.050+0000] {logging_mixin.py:188} INFO - [2026-05-25T14:26:56.050+0000] {dag.py:3834} INFO - Setting next_dagrun for eu_fsf_sanc to 2026-05-25 00:00:00+00:00, run_after=2026-05-26 00:00:00+00:00
[2026-05-25T14:26:56.381+0000] {processor.py:183} INFO - Processing /opt/airflow/dags/eu_fsf_sanc_dag.py took 1.852 seconds
[2026-05-25T14:27:33.147+0000] {processor.py:161} INFO - Started process (PID=759) to work on /opt/airflow/dags/eu_fsf_sanc_dag.py
[2026-05-25T14:27:33.155+0000] {processor.py:830} INFO - Processing file /opt/airflow/dags/eu_fsf_sanc_dag.py for tasks to queue
[2026-05-25T14:27:33.159+0000] {logging_mixin.py:188} INFO - [2026-05-25T14:27:33.158+0000] {dagbag.py:540} INFO - Filling up the DagBag from /opt/airflow/dags/eu_fsf_sanc_dag.py
[2026-05-25T14:27:33.345+0000] {processor.py:840} INFO - DAG(s) 'eu_fsf_sanc' retrieved from /opt/airflow/dags/eu_fsf_sanc_dag.py
[2026-05-25T14:27:33.511+0000] {logging_mixin.py:188} INFO - [2026-05-25T14:27:33.510+0000] {dag.py:3047} INFO - Sync 1 DAGs
[2026-05-25T14:27:33.672+0000] {logging_mixin.py:188} INFO - [2026-05-25T14:27:33.657+0000] {dag.py:3834} INFO - Setting next_dagrun for eu_fsf_sanc to 2026-05-25 00:00:00+00:00, run_after=2026-05-26 00:00:00+00:00
[2026-05-25T14:27:33.876+0000] {processor.py:183} INFO - Processing /opt/airflow/dags/eu_fsf_sanc_dag.py took 0.769 seconds
[2026-05-25T14:28:05.724+0000] {processor.py:161} INFO - Started process (PID=789) to work on /opt/airflow/dags/eu_fsf_sanc_dag.py
[2026-05-25T14:28:05.740+0000] {processor.py:830} INFO - Processing file /opt/airflow/dags/eu_fsf_sanc_dag.py for tasks to queue
[2026-05-25T14:28:05.755+0000] {logging_mixin.py:188} INFO - [2026-05-25T14:28:05.753+0000] {dagbag.py:540} INFO - Filling up the DagBag from /opt/airflow/dags/eu_fsf_sanc_dag.py
[2026-05-25T14:28:05.971+0000] {processor.py:840} INFO - DAG(s) 'eu_fsf_sanc' retrieved from /opt/airflow/dags/eu_fsf_sanc_dag.py
[2026-05-25T14:28:06.113+0000] {logging_mixin.py:188} INFO - [2026-05-25T14:28:06.112+0000] {dag.py:3047} INFO - Sync 1 DAGs
[2026-05-25T14:28:06.291+0000] {logging_mixin.py:188} INFO - [2026-05-25T14:28:06.283+0000] {dag.py:3834} INFO - Setting next_dagrun for eu_fsf_sanc to 2026-05-25 00:00:00+00:00, run_after=2026-05-26 00:00:00+00:00
[2026-05-25T14:28:06.385+0000] {processor.py:183} INFO - Processing /opt/airflow/dags/eu_fsf_sanc_dag.py took 0.700 seconds
[2026-05-25T14:28:37.466+0000] {processor.py:161} INFO - Started process (PID=819) to work on /opt/airflow/dags/eu_fsf_sanc_dag.py
[2026-05-25T14:28:37.477+0000] {processor.py:830} INFO - Processing file /opt/airflow/dags/eu_fsf_sanc_dag.py for tasks to queue
[2026-05-25T14:28:37.491+0000] {logging_mixin.py:188} INFO - [2026-05-25T14:28:37.486+0000] {dagbag.py:540} INFO - Filling up the DagBag from /opt/airflow/dags/eu_fsf_sanc_dag.py
[2026-05-25T14:28:37.614+0000] {processor.py:840} INFO - DAG(s) 'eu_fsf_sanc' retrieved from /opt/airflow/dags/eu_fsf_sanc_dag.py
[2026-05-25T14:28:37.745+0000] {logging_mixin.py:188} INFO - [2026-05-25T14:28:37.744+0000] {dag.py:3047} INFO - Sync 1 DAGs
[2026-05-25T14:28:37.927+0000] {logging_mixin.py:188} INFO - [2026-05-25T14:28:37.926+0000] {dag.py:3834} INFO - Setting next_dagrun for eu_fsf_sanc to 2026-05-25 00:00:00+00:00, run_after=2026-05-26 00:00:00+00:00
[2026-05-25T14:28:38.272+0000] {processor.py:183} INFO - Processing /opt/airflow/dags/eu_fsf_sanc_dag.py took 0.864 seconds
[2026-05-25T14:29:10.927+0000] {processor.py:161} INFO - Started process (PID=849) to work on /opt/airflow/dags/eu_fsf_sanc_dag.py
[2026-05-25T14:29:10.943+0000] {processor.py:830} INFO - Processing file /opt/airflow/dags/eu_fsf_sanc_dag.py for tasks to queue
[2026-05-25T14:29:10.948+0000] {logging_mixin.py:188} INFO - [2026-05-25T14:29:10.947+0000] {dagbag.py:540} INFO - Filling up the DagBag from /opt/airflow/dags/eu_fsf_sanc_dag.py
[2026-05-25T14:29:11.664+0000] {processor.py:840} INFO - DAG(s) 'eu_fsf_sanc' retrieved from /opt/airflow/dags/eu_fsf_sanc_dag.py
[2026-05-25T14:29:12.657+0000] {logging_mixin.py:188} INFO - [2026-05-25T14:29:12.657+0000] {dag.py:3047} INFO - Sync 1 DAGs
[2026-05-25T14:29:13.039+0000] {logging_mixin.py:188} INFO - [2026-05-25T14:29:13.039+0000] {dag.py:3834} INFO - Setting next_dagrun for eu_fsf_sanc to 2026-05-25 00:00:00+00:00, run_after=2026-05-26 00:00:00+00:00
[2026-05-25T14:29:13.206+0000] {processor.py:183} INFO - Processing /opt/airflow/dags/eu_fsf_sanc_dag.py took 2.381 seconds
[2026-05-25T14:29:47.284+0000] {processor.py:161} INFO - Started process (PID=880) to work on /opt/airflow/dags/eu_fsf_sanc_dag.py
[2026-05-25T14:29:47.347+0000] {processor.py:830} INFO - Processing file /opt/airflow/dags/eu_fsf_sanc_dag.py for tasks to queue
[2026-05-25T14:29:47.488+0000] {logging_mixin.py:188} INFO - [2026-05-25T14:29:47.480+0000] {dagbag.py:540} INFO - Filling up the DagBag from /opt/airflow/dags/eu_fsf_sanc_dag.py
[2026-05-25T14:29:48.003+0000] {processor.py:840} INFO - DAG(s) 'eu_fsf_sanc' retrieved from /opt/airflow/dags/eu_fsf_sanc_dag.py
[2026-05-25T14:29:48.666+0000] {logging_mixin.py:188} INFO - [2026-05-25T14:29:48.665+0000] {dag.py:3047} INFO - Sync 1 DAGs
[2026-05-25T14:29:48.923+0000] {logging_mixin.py:188} INFO - [2026-05-25T14:29:48.920+0000] {dag.py:3834} INFO - Setting next_dagrun for eu_fsf_sanc to 2026-05-25 00:00:00+00:00, run_after=2026-05-26 00:00:00+00:00
[2026-05-25T14:29:49.169+0000] {processor.py:183} INFO - Processing /opt/airflow/dags/eu_fsf_sanc_dag.py took 1.978 seconds
[2026-05-25T14:30:20.396+0000] {processor.py:161} INFO - Started process (PID=913) to work on /opt/airflow/dags/eu_fsf_sanc_dag.py
[2026-05-25T14:30:20.414+0000] {processor.py:830} INFO - Processing file /opt/airflow/dags/eu_fsf_sanc_dag.py for tasks to queue
[2026-05-25T14:30:20.425+0000] {logging_mixin.py:188} INFO - [2026-05-25T14:30:20.419+0000] {dagbag.py:540} INFO - Filling up the DagBag from /opt/airflow/dags/eu_fsf_sanc_dag.py
[2026-05-25T14:30:20.568+0000] {processor.py:840} INFO - DAG(s) 'eu_fsf_sanc' retrieved from /opt/airflow/dags/eu_fsf_sanc_dag.py
[2026-05-25T14:30:20.721+0000] {logging_mixin.py:188} INFO - [2026-05-25T14:30:20.721+0000] {dag.py:3047} INFO - Sync 1 DAGs
[2026-05-25T14:30:20.878+0000] {logging_mixin.py:188} INFO - [2026-05-25T14:30:20.877+0000] {dag.py:3834} INFO - Setting next_dagrun for eu_fsf_sanc to 2026-05-25 00:00:00+00:00, run_after=2026-05-26 00:00:00+00:00
[2026-05-25T14:30:21.303+0000] {processor.py:183} INFO - Processing /opt/airflow/dags/eu_fsf_sanc_dag.py took 0.986 seconds
[2026-05-25T14:30:52.794+0000] {processor.py:161} INFO - Started process (PID=945) to work on /opt/airflow/dags/eu_fsf_sanc_dag.py
[2026-05-25T14:30:52.827+0000] {processor.py:830} INFO - Processing file /opt/airflow/dags/eu_fsf_sanc_dag.py for tasks to queue
[2026-05-25T14:30:52.834+0000] {logging_mixin.py:188} INFO - [2026-05-25T14:30:52.831+0000] {dagbag.py:540} INFO - Filling up the DagBag from /opt/airflow/dags/eu_fsf_sanc_dag.py
[2026-05-25T14:30:52.979+0000] {processor.py:840} INFO - DAG(s) 'eu_fsf_sanc' retrieved from /opt/airflow/dags/eu_fsf_sanc_dag.py
[2026-05-25T14:30:53.254+0000] {logging_mixin.py:188} INFO - [2026-05-25T14:30:53.253+0000] {dag.py:3047} INFO - Sync 1 DAGs
[2026-05-25T14:30:53.564+0000] {logging_mixin.py:188} INFO - [2026-05-25T14:30:53.563+0000] {dag.py:3834} INFO - Setting next_dagrun for eu_fsf_sanc to 2026-05-25 00:00:00+00:00, run_after=2026-05-26 00:00:00+00:00
[2026-05-25T14:30:53.896+0000] {processor.py:183} INFO - Processing /opt/airflow/dags/eu_fsf_sanc_dag.py took 1.133 seconds
[2026-05-25T14:31:25.055+0000] {processor.py:161} INFO - Started process (PID=979) to work on /opt/airflow/dags/eu_fsf_sanc_dag.py
[2026-05-25T14:31:25.059+0000] {processor.py:830} INFO - Processing file /opt/airflow/dags/eu_fsf_sanc_dag.py for tasks to queue
[2026-05-25T14:31:25.063+0000] {logging_mixin.py:188} INFO - [2026-05-25T14:31:25.062+0000] {dagbag.py:540} INFO - Filling up the DagBag from /opt/airflow/dags/eu_fsf_sanc_dag.py
[2026-05-25T14:31:25.120+0000] {processor.py:840} INFO - DAG(s) 'eu_fsf_sanc' retrieved from /opt/airflow/dags/eu_fsf_sanc_dag.py
[2026-05-25T14:31:25.190+0000] {logging_mixin.py:188} INFO - [2026-05-25T14:31:25.190+0000] {dag.py:3047} INFO - Sync 1 DAGs
[2026-05-25T14:31:25.264+0000] {logging_mixin.py:188} INFO - [2026-05-25T14:31:25.264+0000] {dag.py:3834} INFO - Setting next_dagrun for eu_fsf_sanc to 2026-05-25 00:00:00+00:00, run_after=2026-05-26 00:00:00+00:00
[2026-05-25T14:31:25.327+0000] {processor.py:183} INFO - Processing /opt/airflow/dags/eu_fsf_sanc_dag.py took 0.286 seconds
[2026-05-25T14:31:56.001+0000] {processor.py:161} INFO - Started process (PID=1009) to work on /opt/airflow/dags/eu_fsf_sanc_dag.py
[2026-05-25T14:31:56.009+0000] {processor.py:830} INFO - Processing file /opt/airflow/dags/eu_fsf_sanc_dag.py for tasks to queue
[2026-05-25T14:31:56.013+0000] {logging_mixin.py:188} INFO - [2026-05-25T14:31:56.012+0000] {dagbag.py:540} INFO - Filling up the DagBag from /opt/airflow/dags/eu_fsf_sanc_dag.py
[2026-05-25T14:31:56.120+0000] {processor.py:840} INFO - DAG(s) 'eu_fsf_sanc' retrieved from /opt/airflow/dags/eu_fsf_sanc_dag.py
[2026-05-25T14:31:56.253+0000] {logging_mixin.py:188} INFO - [2026-05-25T14:31:56.253+0000] {dag.py:3047} INFO - Sync 1 DAGs
[2026-05-25T14:31:56.403+0000] {logging_mixin.py:188} INFO - [2026-05-25T14:31:56.402+0000] {dag.py:3834} INFO - Setting next_dagrun for eu_fsf_sanc to 2026-05-25 00:00:00+00:00, run_after=2026-05-26 00:00:00+00:00
[2026-05-25T14:31:56.613+0000] {processor.py:183} INFO - Processing /opt/airflow/dags/eu_fsf_sanc_dag.py took 0.629 seconds
[2026-05-25T14:32:27.543+0000] {processor.py:161} INFO - Started process (PID=1044) to work on /opt/airflow/dags/eu_fsf_sanc_dag.py
[2026-05-25T14:32:27.560+0000] {processor.py:830} INFO - Processing file /opt/airflow/dags/eu_fsf_sanc_dag.py for tasks to queue
[2026-05-25T14:32:27.567+0000] {logging_mixin.py:188} INFO - [2026-05-25T14:32:27.565+0000] {dagbag.py:540} INFO - Filling up the DagBag from /opt/airflow/dags/eu_fsf_sanc_dag.py
[2026-05-25T14:32:27.713+0000] {processor.py:840} INFO - DAG(s) 'eu_fsf_sanc' retrieved from /opt/airflow/dags/eu_fsf_sanc_dag.py
[2026-05-25T14:32:27.802+0000] {logging_mixin.py:188} INFO - [2026-05-25T14:32:27.802+0000] {dag.py:3047} INFO - Sync 1 DAGs
[2026-05-25T14:32:27.868+0000] {logging_mixin.py:188} INFO - [2026-05-25T14:32:27.867+0000] {dag.py:3834} INFO - Setting next_dagrun for eu_fsf_sanc to 2026-05-25 00:00:00+00:00, run_after=2026-05-26 00:00:00+00:00
[2026-05-25T14:32:27.919+0000] {processor.py:183} INFO - Processing /opt/airflow/dags/eu_fsf_sanc_dag.py took 0.395 seconds
[2026-05-25T14:33:13.601+0000] {processor.py:161} INFO - Started process (PID=1072) to work on /opt/airflow/dags/eu_fsf_sanc_dag.py
[2026-05-25T14:33:13.604+0000] {processor.py:830} INFO - Processing file /opt/airflow/dags/eu_fsf_sanc_dag.py for tasks to queue
[2026-05-25T14:33:13.607+0000] {logging_mixin.py:188} INFO - [2026-05-25T14:33:13.606+0000] {dagbag.py:540} INFO - Filling up the DagBag from /opt/airflow/dags/eu_fsf_sanc_dag.py
[2026-05-25T14:33:13.678+0000] {processor.py:840} INFO - DAG(s) 'eu_fsf_sanc' retrieved from /opt/airflow/dags/eu_fsf_sanc_dag.py
[2026-05-25T14:33:13.819+0000] {logging_mixin.py:188} INFO - [2026-05-25T14:33:13.819+0000] {dag.py:3047} INFO - Sync 1 DAGs
[2026-05-25T14:33:14.206+0000] {logging_mixin.py:188} INFO - [2026-05-25T14:33:14.194+0000] {dag.py:3834} INFO - Setting next_dagrun for eu_fsf_sanc to 2026-05-25 00:00:00+00:00, run_after=2026-05-26 00:00:00+00:00
[2026-05-25T14:33:14.766+0000] {processor.py:183} INFO - Processing /opt/airflow/dags/eu_fsf_sanc_dag.py took 1.169 seconds
[2026-05-25T14:34:30.196+0000] {processor.py:161} INFO - Started process (PID=1107) to work on /opt/airflow/dags/eu_fsf_sanc_dag.py
[2026-05-25T14:34:30.247+0000] {processor.py:830} INFO - Processing file /opt/airflow/dags/eu_fsf_sanc_dag.py for tasks to queue
[2026-05-25T14:34:30.251+0000] {logging_mixin.py:188} INFO - [2026-05-25T14:34:30.250+0000] {dagbag.py:540} INFO - Filling up the DagBag from /opt/airflow/dags/eu_fsf_sanc_dag.py
[2026-05-25T14:34:31.694+0000] {processor.py:840} INFO - DAG(s) 'eu_fsf_sanc' retrieved from /opt/airflow/dags/eu_fsf_sanc_dag.py
[2026-05-25T14:34:32.060+0000] {logging_mixin.py:188} INFO - [2026-05-25T14:34:32.059+0000] {dag.py:3047} INFO - Sync 1 DAGs
[2026-05-25T14:34:32.398+0000] {logging_mixin.py:188} INFO - [2026-05-25T14:34:32.397+0000] {dag.py:3834} INFO - Setting next_dagrun for eu_fsf_sanc to 2026-05-25 00:00:00+00:00, run_after=2026-05-26 00:00:00+00:00
[2026-05-25T14:34:32.766+0000] {processor.py:183} INFO - Processing /opt/airflow/dags/eu_fsf_sanc_dag.py took 2.597 seconds
[2026-05-25T14:35:05.785+0000] {processor.py:161} INFO - Started process (PID=1137) to work on /opt/airflow/dags/eu_fsf_sanc_dag.py
[2026-05-25T14:35:05.790+0000] {processor.py:830} INFO - Processing file /opt/airflow/dags/eu_fsf_sanc_dag.py for tasks to queue
[2026-05-25T14:35:05.794+0000] {logging_mixin.py:188} INFO - [2026-05-25T14:35:05.793+0000] {dagbag.py:540} INFO - Filling up the DagBag from /opt/airflow/dags/eu_fsf_sanc_dag.py
[2026-05-25T14:35:05.935+0000] {processor.py:840} INFO - DAG(s) 'eu_fsf_sanc' retrieved from /opt/airflow/dags/eu_fsf_sanc_dag.py
[2026-05-25T14:35:06.150+0000] {logging_mixin.py:188} INFO - [2026-05-25T14:35:06.149+0000] {dag.py:3047} INFO - Sync 1 DAGs
[2026-05-25T14:35:06.335+0000] {logging_mixin.py:188} INFO - [2026-05-25T14:35:06.334+0000] {dag.py:3834} INFO - Setting next_dagrun for eu_fsf_sanc to 2026-05-25 00:00:00+00:00, run_after=2026-05-26 00:00:00+00:00
[2026-05-25T14:35:06.603+0000] {processor.py:183} INFO - Processing /opt/airflow/dags/eu_fsf_sanc_dag.py took 0.837 seconds
[2026-05-25T14:35:37.621+0000] {processor.py:161} INFO - Started process (PID=1167) to work on /opt/airflow/dags/eu_fsf_sanc_dag.py
[2026-05-25T14:35:37.625+0000] {processor.py:830} INFO - Processing file /opt/airflow/dags/eu_fsf_sanc_dag.py for tasks to queue
[2026-05-25T14:35:37.629+0000] {logging_mixin.py:188} INFO - [2026-05-25T14:35:37.628+0000] {dagbag.py:540} INFO - Filling up the DagBag from /opt/airflow/dags/eu_fsf_sanc_dag.py
[2026-05-25T14:35:37.721+0000] {processor.py:840} INFO - DAG(s) 'eu_fsf_sanc' retrieved from /opt/airflow/dags/eu_fsf_sanc_dag.py
[2026-05-25T14:35:37.787+0000] {logging_mixin.py:188} INFO - [2026-05-25T14:35:37.786+0000] {dag.py:3047} INFO - Sync 1 DAGs
[2026-05-25T14:35:37.866+0000] {logging_mixin.py:188} INFO - [2026-05-25T14:35:37.865+0000] {dag.py:3834} INFO - Setting next_dagrun for eu_fsf_sanc to 2026-05-25 00:00:00+00:00, run_after=2026-05-26 00:00:00+00:00
[2026-05-25T14:35:38.080+0000] {processor.py:183} INFO - Processing /opt/airflow/dags/eu_fsf_sanc_dag.py took 0.475 seconds
[2026-05-25T14:36:09.062+0000] {processor.py:161} INFO - Started process (PID=1197) to work on /opt/airflow/dags/eu_fsf_sanc_dag.py
[2026-05-25T14:36:09.075+0000] {processor.py:830} INFO - Processing file /opt/airflow/dags/eu_fsf_sanc_dag.py for tasks to queue
[2026-05-25T14:36:09.079+0000] {logging_mixin.py:188} INFO - [2026-05-25T14:36:09.078+0000] {dagbag.py:540} INFO - Filling up the DagBag from /opt/airflow/dags/eu_fsf_sanc_dag.py
[2026-05-25T14:36:09.291+0000] {processor.py:840} INFO - DAG(s) 'eu_fsf_sanc' retrieved from /opt/airflow/dags/eu_fsf_sanc_dag.py
[2026-05-25T14:36:09.375+0000] {logging_mixin.py:188} INFO - [2026-05-25T14:36:09.375+0000] {dag.py:3047} INFO - Sync 1 DAGs
[2026-05-25T14:36:09.464+0000] {logging_mixin.py:188} INFO - [2026-05-25T14:36:09.463+0000] {dag.py:3834} INFO - Setting next_dagrun for eu_fsf_sanc to 2026-05-25 00:00:00+00:00, run_after=2026-05-26 00:00:00+00:00
[2026-05-25T14:36:09.556+0000] {processor.py:183} INFO - Processing /opt/airflow/dags/eu_fsf_sanc_dag.py took 0.515 seconds
[2026-05-25T14:36:50.881+0000] {processor.py:161} INFO - Started process (PID=1227) to work on /opt/airflow/dags/eu_fsf_sanc_dag.py
[2026-05-25T14:36:50.903+0000] {processor.py:830} INFO - Processing file /opt/airflow/dags/eu_fsf_sanc_dag.py for tasks to queue
[2026-05-25T14:36:50.936+0000] {logging_mixin.py:188} INFO - [2026-05-25T14:36:50.935+0000] {dagbag.py:540} INFO - Filling up the DagBag from /opt/airflow/dags/eu_fsf_sanc_dag.py
[2026-05-25T14:36:51.741+0000] {processor.py:840} INFO - DAG(s) 'eu_fsf_sanc' retrieved from /opt/airflow/dags/eu_fsf_sanc_dag.py
[2026-05-25T14:36:51.926+0000] {logging_mixin.py:188} INFO - [2026-05-25T14:36:51.925+0000] {dag.py:3047} INFO - Sync 1 DAGs
[2026-05-25T14:36:52.119+0000] {logging_mixin.py:188} INFO - [2026-05-25T14:36:52.118+0000] {dag.py:3834} INFO - Setting next_dagrun for eu_fsf_sanc to 2026-05-25 00:00:00+00:00, run_after=2026-05-26 00:00:00+00:00
[2026-05-25T14:36:52.292+0000] {processor.py:183} INFO - Processing /opt/airflow/dags/eu_fsf_sanc_dag.py took 1.431 seconds
[2026-05-25T14:37:25.625+0000] {processor.py:161} INFO - Started process (PID=1257) to work on /opt/airflow/dags/eu_fsf_sanc_dag.py
[2026-05-25T14:37:25.698+0000] {processor.py:830} INFO - Processing file /opt/airflow/dags/eu_fsf_sanc_dag.py for tasks to queue
[2026-05-25T14:37:25.703+0000] {logging_mixin.py:188} INFO - [2026-05-25T14:37:25.702+0000] {dagbag.py:540} INFO - Filling up the DagBag from /opt/airflow/dags/eu_fsf_sanc_dag.py
[2026-05-25T14:37:25.847+0000] {processor.py:840} INFO - DAG(s) 'eu_fsf_sanc' retrieved from /opt/airflow/dags/eu_fsf_sanc_dag.py
[2026-05-25T14:37:26.027+0000] {logging_mixin.py:188} INFO - [2026-05-25T14:37:26.026+0000] {dag.py:3047} INFO - Sync 1 DAGs
[2026-05-25T14:37:26.243+0000] {logging_mixin.py:188} INFO - [2026-05-25T14:37:26.242+0000] {dag.py:3834} INFO - Setting next_dagrun for eu_fsf_sanc to 2026-05-25 00:00:00+00:00, run_after=2026-05-26 00:00:00+00:00
[2026-05-25T14:37:26.511+0000] {processor.py:183} INFO - Processing /opt/airflow/dags/eu_fsf_sanc_dag.py took 0.906 seconds
[2026-05-25T14:37:57.924+0000] {processor.py:161} INFO - Started process (PID=1289) to work on /opt/airflow/dags/eu_fsf_sanc_dag.py
[2026-05-25T14:37:57.936+0000] {processor.py:830} INFO - Processing file /opt/airflow/dags/eu_fsf_sanc_dag.py for tasks to queue
[2026-05-25T14:37:57.941+0000] {logging_mixin.py:188} INFO - [2026-05-25T14:37:57.940+0000] {dagbag.py:540} INFO - Filling up the DagBag from /opt/airflow/dags/eu_fsf_sanc_dag.py
[2026-05-25T14:37:58.160+0000] {processor.py:840} INFO - DAG(s) 'eu_fsf_sanc' retrieved from /opt/airflow/dags/eu_fsf_sanc_dag.py
[2026-05-25T14:37:58.297+0000] {logging_mixin.py:188} INFO - [2026-05-25T14:37:58.296+0000] {dag.py:3047} INFO - Sync 1 DAGs
[2026-05-25T14:37:58.523+0000] {logging_mixin.py:188} INFO - [2026-05-25T14:37:58.514+0000] {dag.py:3834} INFO - Setting next_dagrun for eu_fsf_sanc to 2026-05-25 00:00:00+00:00, run_after=2026-05-26 00:00:00+00:00
[2026-05-25T14:37:58.849+0000] {processor.py:183} INFO - Processing /opt/airflow/dags/eu_fsf_sanc_dag.py took 0.963 seconds
[2026-05-25T14:38:29.882+0000] {processor.py:161} INFO - Started process (PID=1317) to work on /opt/airflow/dags/eu_fsf_sanc_dag.py
[2026-05-25T14:38:29.887+0000] {processor.py:830} INFO - Processing file /opt/airflow/dags/eu_fsf_sanc_dag.py for tasks to queue
[2026-05-25T14:38:29.894+0000] {logging_mixin.py:188} INFO - [2026-05-25T14:38:29.893+0000] {dagbag.py:540} INFO - Filling up the DagBag from /opt/airflow/dags/eu_fsf_sanc_dag.py
[2026-05-25T14:38:30.082+0000] {processor.py:840} INFO - DAG(s) 'eu_fsf_sanc' retrieved from /opt/airflow/dags/eu_fsf_sanc_dag.py
[2026-05-25T14:38:30.273+0000] {logging_mixin.py:188} INFO - [2026-05-25T14:38:30.271+0000] {dag.py:3047} INFO - Sync 1 DAGs
[2026-05-25T14:38:30.371+0000] {logging_mixin.py:188} INFO - [2026-05-25T14:38:30.370+0000] {dag.py:3834} INFO - Setting next_dagrun for eu_fsf_sanc to 2026-05-25 00:00:00+00:00, run_after=2026-05-26 00:00:00+00:00
[2026-05-25T14:38:30.436+0000] {processor.py:183} INFO - Processing /opt/airflow/dags/eu_fsf_sanc_dag.py took 0.590 seconds
[2026-05-25T14:39:03.127+0000] {processor.py:161} INFO - Started process (PID=1347) to work on /opt/airflow/dags/eu_fsf_sanc_dag.py
[2026-05-25T14:39:03.192+0000] {processor.py:830} INFO - Processing file /opt/airflow/dags/eu_fsf_sanc_dag.py for tasks to queue
[2026-05-25T14:39:03.216+0000] {logging_mixin.py:188} INFO - [2026-05-25T14:39:03.215+0000] {dagbag.py:540} INFO - Filling up the DagBag from /opt/airflow/dags/eu_fsf_sanc_dag.py
[2026-05-25T14:39:03.517+0000] {processor.py:840} INFO - DAG(s) 'eu_fsf_sanc' retrieved from /opt/airflow/dags/eu_fsf_sanc_dag.py
[2026-05-25T14:39:04.145+0000] {logging_mixin.py:188} INFO - [2026-05-25T14:39:04.144+0000] {dag.py:3047} INFO - Sync 1 DAGs
[2026-05-25T14:39:04.623+0000] {logging_mixin.py:188} INFO - [2026-05-25T14:39:04.623+0000] {dag.py:3834} INFO - Setting next_dagrun for eu_fsf_sanc to 2026-05-25 00:00:00+00:00, run_after=2026-05-26 00:00:00+00:00
[2026-05-25T14:39:04.977+0000] {processor.py:183} INFO - Processing /opt/airflow/dags/eu_fsf_sanc_dag.py took 2.022 seconds
[2026-05-25T14:39:35.685+0000] {processor.py:161} INFO - Started process (PID=1377) to work on /opt/airflow/dags/eu_fsf_sanc_dag.py
[2026-05-25T14:39:35.691+0000] {processor.py:830} INFO - Processing file /opt/airflow/dags/eu_fsf_sanc_dag.py for tasks to queue
[2026-05-25T14:39:35.696+0000] {logging_mixin.py:188} INFO - [2026-05-25T14:39:35.695+0000] {dagbag.py:540} INFO - Filling up the DagBag from /opt/airflow/dags/eu_fsf_sanc_dag.py
[2026-05-25T14:39:35.756+0000] {processor.py:840} INFO - DAG(s) 'eu_fsf_sanc' retrieved from /opt/airflow/dags/eu_fsf_sanc_dag.py
[2026-05-25T14:39:35.826+0000] {logging_mixin.py:188} INFO - [2026-05-25T14:39:35.825+0000] {dag.py:3047} INFO - Sync 1 DAGs
[2026-05-25T14:39:35.924+0000] {logging_mixin.py:188} INFO - [2026-05-25T14:39:35.923+0000] {dag.py:3834} INFO - Setting next_dagrun for eu_fsf_sanc to 2026-05-25 00:00:00+00:00, run_after=2026-05-26 00:00:00+00:00
[2026-05-25T14:39:36.140+0000] {processor.py:183} INFO - Processing /opt/airflow/dags/eu_fsf_sanc_dag.py took 0.466 seconds
[2026-05-25T14:40:07.293+0000] {processor.py:161} INFO - Started process (PID=1407) to work on /opt/airflow/dags/eu_fsf_sanc_dag.py
[2026-05-25T14:40:07.322+0000] {processor.py:830} INFO - Processing file /opt/airflow/dags/eu_fsf_sanc_dag.py for tasks to queue
[2026-05-25T14:40:07.339+0000] {logging_mixin.py:188} INFO - [2026-05-25T14:40:07.338+0000] {dagbag.py:540} INFO - Filling up the DagBag from /opt/airflow/dags/eu_fsf_sanc_dag.py
[2026-05-25T14:40:07.706+0000] {processor.py:840} INFO - DAG(s) 'eu_fsf_sanc' retrieved from /opt/airflow/dags/eu_fsf_sanc_dag.py
[2026-05-25T14:40:08.084+0000] {logging_mixin.py:188} INFO - [2026-05-25T14:40:08.084+0000] {dag.py:3047} INFO - Sync 1 DAGs
[2026-05-25T14:40:08.185+0000] {logging_mixin.py:188} INFO - [2026-05-25T14:40:08.184+0000] {dag.py:3834} INFO - Setting next_dagrun for eu_fsf_sanc to 2026-05-25 00:00:00+00:00, run_after=2026-05-26 00:00:00+00:00
[2026-05-25T14:40:08.258+0000] {processor.py:183} INFO - Processing /opt/airflow/dags/eu_fsf_sanc_dag.py took 1.032 seconds
[2026-05-25T14:40:39.429+0000] {processor.py:161} INFO - Started process (PID=1437) to work on /opt/airflow/dags/eu_fsf_sanc_dag.py
[2026-05-25T14:40:39.449+0000] {processor.py:830} INFO - Processing file /opt/airflow/dags/eu_fsf_sanc_dag.py for tasks to queue
[2026-05-25T14:40:39.453+0000] {logging_mixin.py:188} INFO - [2026-05-25T14:40:39.452+0000] {dagbag.py:540} INFO - Filling up the DagBag from /opt/airflow/dags/eu_fsf_sanc_dag.py
[2026-05-25T14:40:39.554+0000] {processor.py:840} INFO - DAG(s) 'eu_fsf_sanc' retrieved from /opt/airflow/dags/eu_fsf_sanc_dag.py
[2026-05-25T14:40:39.642+0000] {logging_mixin.py:188} INFO - [2026-05-25T14:40:39.641+0000] {dag.py:3047} INFO - Sync 1 DAGs
[2026-05-25T14:40:39.751+0000] {logging_mixin.py:188} INFO - [2026-05-25T14:40:39.750+0000] {dag.py:3834} INFO - Setting next_dagrun for eu_fsf_sanc to 2026-05-25 00:00:00+00:00, run_after=2026-05-26 00:00:00+00:00
[2026-05-25T14:40:40.274+0000] {processor.py:183} INFO - Processing /opt/airflow/dags/eu_fsf_sanc_dag.py took 0.866 seconds
[2026-05-25T14:41:10.987+0000] {processor.py:161} INFO - Started process (PID=1469) to work on /opt/airflow/dags/eu_fsf_sanc_dag.py
[2026-05-25T14:41:10.991+0000] {processor.py:830} INFO - Processing file /opt/airflow/dags/eu_fsf_sanc_dag.py for tasks to queue
[2026-05-25T14:41:10.995+0000] {logging_mixin.py:188} INFO - [2026-05-25T14:41:10.994+0000] {dagbag.py:540} INFO - Filling up the DagBag from /opt/airflow/dags/eu_fsf_sanc_dag.py
[2026-05-25T14:41:11.094+0000] {processor.py:840} INFO - DAG(s) 'eu_fsf_sanc' retrieved from /opt/airflow/dags/eu_fsf_sanc_dag.py
[2026-05-25T14:41:11.209+0000] {logging_mixin.py:188} INFO - [2026-05-25T14:41:11.208+0000] {dag.py:3047} INFO - Sync 1 DAGs
[2026-05-25T14:41:11.406+0000] {logging_mixin.py:188} INFO - [2026-05-25T14:41:11.405+0000] {dag.py:3834} INFO - Setting next_dagrun for eu_fsf_sanc to 2026-05-25 00:00:00+00:00, run_after=2026-05-26 00:00:00+00:00
[2026-05-25T14:41:11.554+0000] {processor.py:183} INFO - Processing /opt/airflow/dags/eu_fsf_sanc_dag.py took 0.589 seconds
[2026-05-25T14:41:42.270+0000] {processor.py:161} INFO - Started process (PID=1499) to work on /opt/airflow/dags/eu_fsf_sanc_dag.py
[2026-05-25T14:41:42.273+0000] {processor.py:830} INFO - Processing file /opt/airflow/dags/eu_fsf_sanc_dag.py for tasks to queue
[2026-05-25T14:41:42.276+0000] {logging_mixin.py:188} INFO - [2026-05-25T14:41:42.275+0000] {dagbag.py:540} INFO - Filling up the DagBag from /opt/airflow/dags/eu_fsf_sanc_dag.py
[2026-05-25T14:41:42.331+0000] {processor.py:840} INFO - DAG(s) 'eu_fsf_sanc' retrieved from /opt/airflow/dags/eu_fsf_sanc_dag.py
[2026-05-25T14:41:42.401+0000] {logging_mixin.py:188} INFO - [2026-05-25T14:41:42.400+0000] {dag.py:3047} INFO - Sync 1 DAGs
[2026-05-25T14:41:42.469+0000] {logging_mixin.py:188} INFO - [2026-05-25T14:41:42.468+0000] {dag.py:3834} INFO - Setting next_dagrun for eu_fsf_sanc to 2026-05-25 00:00:00+00:00, run_after=2026-05-26 00:00:00+00:00
[2026-05-25T14:41:42.544+0000] {processor.py:183} INFO - Processing /opt/airflow/dags/eu_fsf_sanc_dag.py took 0.285 seconds
[2026-05-25T14:42:12.720+0000] {processor.py:161} INFO - Started process (PID=1527) to work on /opt/airflow/dags/eu_fsf_sanc_dag.py
[2026-05-25T14:42:12.726+0000] {processor.py:830} INFO - Processing file /opt/airflow/dags/eu_fsf_sanc_dag.py for tasks to queue
[2026-05-25T14:42:12.729+0000] {logging_mixin.py:188} INFO - [2026-05-25T14:42:12.728+0000] {dagbag.py:540} INFO - Filling up the DagBag from /opt/airflow/dags/eu_fsf_sanc_dag.py
[2026-05-25T14:42:12.797+0000] {processor.py:840} INFO - DAG(s) 'eu_fsf_sanc' retrieved from /opt/airflow/dags/eu_fsf_sanc_dag.py
[2026-05-25T14:42:12.875+0000] {logging_mixin.py:188} INFO - [2026-05-25T14:42:12.874+0000] {dag.py:3047} INFO - Sync 1 DAGs
[2026-05-25T14:42:12.945+0000] {logging_mixin.py:188} INFO - [2026-05-25T14:42:12.944+0000] {dag.py:3834} INFO - Setting next_dagrun for eu_fsf_sanc to 2026-05-25 00:00:00+00:00, run_after=2026-05-26 00:00:00+00:00
[2026-05-25T14:42:13.013+0000] {processor.py:183} INFO - Processing /opt/airflow/dags/eu_fsf_sanc_dag.py took 0.306 seconds
[2026-05-25T14:42:43.687+0000] {processor.py:161} INFO - Started process (PID=1557) to work on /opt/airflow/dags/eu_fsf_sanc_dag.py
[2026-05-25T14:42:43.691+0000] {processor.py:830} INFO - Processing file /opt/airflow/dags/eu_fsf_sanc_dag.py for tasks to queue
[2026-05-25T14:42:43.694+0000] {logging_mixin.py:188} INFO - [2026-05-25T14:42:43.693+0000] {dagbag.py:540} INFO - Filling up the DagBag from /opt/airflow/dags/eu_fsf_sanc_dag.py
[2026-05-25T14:42:43.755+0000] {processor.py:840} INFO - DAG(s) 'eu_fsf_sanc' retrieved from /opt/airflow/dags/eu_fsf_sanc_dag.py
[2026-05-25T14:42:43.827+0000] {logging_mixin.py:188} INFO - [2026-05-25T14:42:43.827+0000] {dag.py:3047} INFO - Sync 1 DAGs
[2026-05-25T14:42:43.898+0000] {logging_mixin.py:188} INFO - [2026-05-25T14:42:43.897+0000] {dag.py:3834} INFO - Setting next_dagrun for eu_fsf_sanc to 2026-05-25 00:00:00+00:00, run_after=2026-05-26 00:00:00+00:00
[2026-05-25T14:42:43.957+0000] {processor.py:183} INFO - Processing /opt/airflow/dags/eu_fsf_sanc_dag.py took 0.285 seconds
[2026-05-25T14:43:14.618+0000] {processor.py:161} INFO - Started process (PID=1587) to work on /opt/airflow/dags/eu_fsf_sanc_dag.py
[2026-05-25T14:43:14.625+0000] {processor.py:830} INFO - Processing file /opt/airflow/dags/eu_fsf_sanc_dag.py for tasks to queue
[2026-05-25T14:43:14.628+0000] {logging_mixin.py:188} INFO - [2026-05-25T14:43:14.627+0000] {dagbag.py:540} INFO - Filling up the DagBag from /opt/airflow/dags/eu_fsf_sanc_dag.py
[2026-05-25T14:43:14.701+0000] {processor.py:840} INFO - DAG(s) 'eu_fsf_sanc' retrieved from /opt/airflow/dags/eu_fsf_sanc_dag.py
[2026-05-25T14:43:14.776+0000] {logging_mixin.py:188} INFO - [2026-05-25T14:43:14.775+0000] {dag.py:3047} INFO - Sync 1 DAGs
[2026-05-25T14:43:14.870+0000] {logging_mixin.py:188} INFO - [2026-05-25T14:43:14.869+0000] {dag.py:3834} INFO - Setting next_dagrun for eu_fsf_sanc to 2026-05-25 00:00:00+00:00, run_after=2026-05-26 00:00:00+00:00
[2026-05-25T14:43:14.937+0000] {processor.py:183} INFO - Processing /opt/airflow/dags/eu_fsf_sanc_dag.py took 0.331 seconds
[2026-05-25T14:43:46.316+0000] {processor.py:161} INFO - Started process (PID=1617) to work on /opt/airflow/dags/eu_fsf_sanc_dag.py
[2026-05-25T14:43:46.322+0000] {processor.py:830} INFO - Processing file /opt/airflow/dags/eu_fsf_sanc_dag.py for tasks to queue
[2026-05-25T14:43:46.325+0000] {logging_mixin.py:188} INFO - [2026-05-25T14:43:46.324+0000] {dagbag.py:540} INFO - Filling up the DagBag from /opt/airflow/dags/eu_fsf_sanc_dag.py
[2026-05-25T14:43:46.430+0000] {processor.py:840} INFO - DAG(s) 'eu_fsf_sanc' retrieved from /opt/airflow/dags/eu_fsf_sanc_dag.py
[2026-05-25T14:43:46.514+0000] {logging_mixin.py:188} INFO - [2026-05-25T14:43:46.513+0000] {dag.py:3047} INFO - Sync 1 DAGs
[2026-05-25T14:43:46.584+0000] {logging_mixin.py:188} INFO - [2026-05-25T14:43:46.584+0000] {dag.py:3834} INFO - Setting next_dagrun for eu_fsf_sanc to 2026-05-25 00:00:00+00:00, run_after=2026-05-26 00:00:00+00:00
[2026-05-25T14:43:46.653+0000] {processor.py:183} INFO - Processing /opt/airflow/dags/eu_fsf_sanc_dag.py took 0.348 seconds
[2026-05-25T14:44:17.595+0000] {processor.py:161} INFO - Started process (PID=1647) to work on /opt/airflow/dags/eu_fsf_sanc_dag.py
[2026-05-25T14:44:17.609+0000] {processor.py:830} INFO - Processing file /opt/airflow/dags/eu_fsf_sanc_dag.py for tasks to queue
[2026-05-25T14:44:17.621+0000] {logging_mixin.py:188} INFO - [2026-05-25T14:44:17.612+0000] {dagbag.py:540} INFO - Filling up the DagBag from /opt/airflow/dags/eu_fsf_sanc_dag.py
[2026-05-25T14:44:17.882+0000] {processor.py:840} INFO - DAG(s) 'eu_fsf_sanc' retrieved from /opt/airflow/dags/eu_fsf_sanc_dag.py
[2026-05-25T14:44:18.091+0000] {logging_mixin.py:188} INFO - [2026-05-25T14:44:18.090+0000] {dag.py:3047} INFO - Sync 1 DAGs
[2026-05-25T14:44:18.286+0000] {logging_mixin.py:188} INFO - [2026-05-25T14:44:18.285+0000] {dag.py:3834} INFO - Setting next_dagrun for eu_fsf_sanc to 2026-05-25 00:00:00+00:00, run_after=2026-05-26 00:00:00+00:00
[2026-05-25T14:44:18.487+0000] {processor.py:183} INFO - Processing /opt/airflow/dags/eu_fsf_sanc_dag.py took 0.902 seconds
[2026-05-25T14:44:53.906+0000] {processor.py:161} INFO - Started process (PID=1677) to work on /opt/airflow/dags/eu_fsf_sanc_dag.py
[2026-05-25T14:44:53.961+0000] {processor.py:830} INFO - Processing file /opt/airflow/dags/eu_fsf_sanc_dag.py for tasks to queue
[2026-05-25T14:44:54.052+0000] {logging_mixin.py:188} INFO - [2026-05-25T14:44:54.051+0000] {dagbag.py:540} INFO - Filling up the DagBag from /opt/airflow/dags/eu_fsf_sanc_dag.py
[2026-05-25T14:44:54.657+0000] {processor.py:840} INFO - DAG(s) 'eu_fsf_sanc' retrieved from /opt/airflow/dags/eu_fsf_sanc_dag.py
[2026-05-25T14:44:54.896+0000] {logging_mixin.py:188} INFO - [2026-05-25T14:44:54.896+0000] {dag.py:3047} INFO - Sync 1 DAGs
[2026-05-25T14:44:55.240+0000] {logging_mixin.py:188} INFO - [2026-05-25T14:44:55.229+0000] {dag.py:3834} INFO - Setting next_dagrun for eu_fsf_sanc to 2026-05-25 00:00:00+00:00, run_after=2026-05-26 00:00:00+00:00
[2026-05-25T14:44:55.525+0000] {processor.py:183} INFO - Processing /opt/airflow/dags/eu_fsf_sanc_dag.py took 1.639 seconds
