[2026-05-25T14:13:26.392+0000] {processor.py:161} INFO - Started process (PID=80) to work on /opt/airflow/dags/inegi_playwright_dag.py
[2026-05-25T14:13:26.438+0000] {processor.py:830} INFO - Processing file /opt/airflow/dags/inegi_playwright_dag.py for tasks to queue
[2026-05-25T14:13:26.456+0000] {logging_mixin.py:188} INFO - [2026-05-25T14:13:26.455+0000] {dagbag.py:540} INFO - Filling up the DagBag from /opt/airflow/dags/inegi_playwright_dag.py
[2026-05-25T14:13:27.377+0000] {processor.py:840} INFO - DAG(s) 'inegi_playwright' retrieved from /opt/airflow/dags/inegi_playwright_dag.py
[2026-05-25T14:13:30.149+0000] {logging_mixin.py:188} INFO - [2026-05-25T14:13:30.149+0000] {dag.py:3047} INFO - Sync 1 DAGs
[2026-05-25T14:13:30.885+0000] {logging_mixin.py:188} INFO - [2026-05-25T14:13:30.885+0000] {dag.py:3834} INFO - Setting next_dagrun for inegi_playwright to 2026-05-25 00:00:00+00:00, run_after=2026-05-26 00:00:00+00:00
[2026-05-25T14:13:32.317+0000] {processor.py:183} INFO - Processing /opt/airflow/dags/inegi_playwright_dag.py took 6.238 seconds
[2026-05-25T14:14:15.571+0000] {processor.py:161} INFO - Started process (PID=110) to work on /opt/airflow/dags/inegi_playwright_dag.py
[2026-05-25T14:14:15.636+0000] {processor.py:830} INFO - Processing file /opt/airflow/dags/inegi_playwright_dag.py for tasks to queue
[2026-05-25T14:14:15.668+0000] {logging_mixin.py:188} INFO - [2026-05-25T14:14:15.664+0000] {dagbag.py:540} INFO - Filling up the DagBag from /opt/airflow/dags/inegi_playwright_dag.py
[2026-05-25T14:14:15.959+0000] {processor.py:840} INFO - DAG(s) 'inegi_playwright' retrieved from /opt/airflow/dags/inegi_playwright_dag.py
[2026-05-25T14:14:16.427+0000] {logging_mixin.py:188} INFO - [2026-05-25T14:14:16.426+0000] {dag.py:3047} INFO - Sync 1 DAGs
[2026-05-25T14:14:16.985+0000] {logging_mixin.py:188} INFO - [2026-05-25T14:14:16.984+0000] {dag.py:3834} INFO - Setting next_dagrun for inegi_playwright to 2026-05-25 00:00:00+00:00, run_after=2026-05-26 00:00:00+00:00
[2026-05-25T14:14:17.321+0000] {processor.py:183} INFO - Processing /opt/airflow/dags/inegi_playwright_dag.py took 1.789 seconds
[2026-05-25T14:14:51.567+0000] {processor.py:161} INFO - Started process (PID=141) to work on /opt/airflow/dags/inegi_playwright_dag.py
[2026-05-25T14:14:51.724+0000] {processor.py:830} INFO - Processing file /opt/airflow/dags/inegi_playwright_dag.py for tasks to queue
[2026-05-25T14:14:51.774+0000] {logging_mixin.py:188} INFO - [2026-05-25T14:14:51.773+0000] {dagbag.py:540} INFO - Filling up the DagBag from /opt/airflow/dags/inegi_playwright_dag.py
[2026-05-25T14:14:52.390+0000] {processor.py:840} INFO - DAG(s) 'inegi_playwright' retrieved from /opt/airflow/dags/inegi_playwright_dag.py
[2026-05-25T14:14:52.853+0000] {logging_mixin.py:188} INFO - [2026-05-25T14:14:52.852+0000] {dag.py:3047} INFO - Sync 1 DAGs
[2026-05-25T14:14:53.492+0000] {logging_mixin.py:188} INFO - [2026-05-25T14:14:53.492+0000] {dag.py:3834} INFO - Setting next_dagrun for inegi_playwright to 2026-05-25 00:00:00+00:00, run_after=2026-05-26 00:00:00+00:00
[2026-05-25T14:14:54.253+0000] {processor.py:183} INFO - Processing /opt/airflow/dags/inegi_playwright_dag.py took 3.084 seconds
[2026-05-25T14:15:26.574+0000] {processor.py:161} INFO - Started process (PID=172) to work on /opt/airflow/dags/inegi_playwright_dag.py
[2026-05-25T14:15:26.584+0000] {processor.py:830} INFO - Processing file /opt/airflow/dags/inegi_playwright_dag.py for tasks to queue
[2026-05-25T14:15:26.594+0000] {logging_mixin.py:188} INFO - [2026-05-25T14:15:26.589+0000] {dagbag.py:540} INFO - Filling up the DagBag from /opt/airflow/dags/inegi_playwright_dag.py
[2026-05-25T14:15:26.806+0000] {processor.py:840} INFO - DAG(s) 'inegi_playwright' retrieved from /opt/airflow/dags/inegi_playwright_dag.py
[2026-05-25T14:15:26.985+0000] {logging_mixin.py:188} INFO - [2026-05-25T14:15:26.967+0000] {dag.py:3047} INFO - Sync 1 DAGs
[2026-05-25T14:15:27.652+0000] {logging_mixin.py:188} INFO - [2026-05-25T14:15:27.652+0000] {dag.py:3834} INFO - Setting next_dagrun for inegi_playwright to 2026-05-25 00:00:00+00:00, run_after=2026-05-26 00:00:00+00:00
[2026-05-25T14:15:28.532+0000] {processor.py:183} INFO - Processing /opt/airflow/dags/inegi_playwright_dag.py took 1.990 seconds
[2026-05-25T14:16:07.119+0000] {processor.py:161} INFO - Started process (PID=204) to work on /opt/airflow/dags/inegi_playwright_dag.py
[2026-05-25T14:16:07.125+0000] {processor.py:830} INFO - Processing file /opt/airflow/dags/inegi_playwright_dag.py for tasks to queue
[2026-05-25T14:16:07.132+0000] {logging_mixin.py:188} INFO - [2026-05-25T14:16:07.132+0000] {dagbag.py:540} INFO - Filling up the DagBag from /opt/airflow/dags/inegi_playwright_dag.py
[2026-05-25T14:16:07.472+0000] {processor.py:840} INFO - DAG(s) 'inegi_playwright' retrieved from /opt/airflow/dags/inegi_playwright_dag.py
[2026-05-25T14:16:07.953+0000] {logging_mixin.py:188} INFO - [2026-05-25T14:16:07.917+0000] {dag.py:3047} INFO - Sync 1 DAGs
[2026-05-25T14:16:08.807+0000] {logging_mixin.py:188} INFO - [2026-05-25T14:16:08.806+0000] {dag.py:3834} INFO - Setting next_dagrun for inegi_playwright to 2026-05-25 00:00:00+00:00, run_after=2026-05-26 00:00:00+00:00
[2026-05-25T14:16:09.222+0000] {processor.py:183} INFO - Processing /opt/airflow/dags/inegi_playwright_dag.py took 2.125 seconds
[2026-05-25T14:16:42.041+0000] {processor.py:161} INFO - Started process (PID=234) to work on /opt/airflow/dags/inegi_playwright_dag.py
[2026-05-25T14:16:42.218+0000] {processor.py:830} INFO - Processing file /opt/airflow/dags/inegi_playwright_dag.py for tasks to queue
[2026-05-25T14:16:42.268+0000] {logging_mixin.py:188} INFO - [2026-05-25T14:16:42.244+0000] {dagbag.py:540} INFO - Filling up the DagBag from /opt/airflow/dags/inegi_playwright_dag.py
[2026-05-25T14:16:43.437+0000] {processor.py:840} INFO - DAG(s) 'inegi_playwright' retrieved from /opt/airflow/dags/inegi_playwright_dag.py
[2026-05-25T14:16:43.965+0000] {logging_mixin.py:188} INFO - [2026-05-25T14:16:43.965+0000] {dag.py:3047} INFO - Sync 1 DAGs
[2026-05-25T14:16:45.910+0000] {logging_mixin.py:188} INFO - [2026-05-25T14:16:45.874+0000] {dag.py:3834} INFO - Setting next_dagrun for inegi_playwright to 2026-05-25 00:00:00+00:00, run_after=2026-05-26 00:00:00+00:00
[2026-05-25T14:16:47.619+0000] {processor.py:183} INFO - Processing /opt/airflow/dags/inegi_playwright_dag.py took 5.909 seconds
[2026-05-25T14:17:18.908+0000] {processor.py:161} INFO - Started process (PID=264) to work on /opt/airflow/dags/inegi_playwright_dag.py
[2026-05-25T14:17:18.913+0000] {processor.py:830} INFO - Processing file /opt/airflow/dags/inegi_playwright_dag.py for tasks to queue
[2026-05-25T14:17:18.926+0000] {logging_mixin.py:188} INFO - [2026-05-25T14:17:18.920+0000] {dagbag.py:540} INFO - Filling up the DagBag from /opt/airflow/dags/inegi_playwright_dag.py
[2026-05-25T14:17:19.429+0000] {processor.py:840} INFO - DAG(s) 'inegi_playwright' retrieved from /opt/airflow/dags/inegi_playwright_dag.py
[2026-05-25T14:17:20.954+0000] {logging_mixin.py:188} INFO - [2026-05-25T14:17:20.954+0000] {dag.py:3047} INFO - Sync 1 DAGs
[2026-05-25T14:17:22.664+0000] {logging_mixin.py:188} INFO - [2026-05-25T14:17:22.663+0000] {dag.py:3834} INFO - Setting next_dagrun for inegi_playwright to 2026-05-25 00:00:00+00:00, run_after=2026-05-26 00:00:00+00:00
[2026-05-25T14:17:23.110+0000] {processor.py:183} INFO - Processing /opt/airflow/dags/inegi_playwright_dag.py took 4.224 seconds
[2026-05-25T14:17:53.947+0000] {processor.py:161} INFO - Started process (PID=292) to work on /opt/airflow/dags/inegi_playwright_dag.py
[2026-05-25T14:17:53.955+0000] {processor.py:830} INFO - Processing file /opt/airflow/dags/inegi_playwright_dag.py for tasks to queue
[2026-05-25T14:17:53.960+0000] {logging_mixin.py:188} INFO - [2026-05-25T14:17:53.959+0000] {dagbag.py:540} INFO - Filling up the DagBag from /opt/airflow/dags/inegi_playwright_dag.py
[2026-05-25T14:17:54.174+0000] {processor.py:840} INFO - DAG(s) 'inegi_playwright' retrieved from /opt/airflow/dags/inegi_playwright_dag.py
[2026-05-25T14:17:54.371+0000] {logging_mixin.py:188} INFO - [2026-05-25T14:17:54.370+0000] {dag.py:3047} INFO - Sync 1 DAGs
[2026-05-25T14:17:54.632+0000] {logging_mixin.py:188} INFO - [2026-05-25T14:17:54.614+0000] {dag.py:3834} INFO - Setting next_dagrun for inegi_playwright to 2026-05-25 00:00:00+00:00, run_after=2026-05-26 00:00:00+00:00
[2026-05-25T14:17:55.662+0000] {processor.py:183} INFO - Processing /opt/airflow/dags/inegi_playwright_dag.py took 1.732 seconds
[2026-05-25T14:18:42.201+0000] {processor.py:161} INFO - Started process (PID=323) to work on /opt/airflow/dags/inegi_playwright_dag.py
[2026-05-25T14:18:42.263+0000] {processor.py:830} INFO - Processing file /opt/airflow/dags/inegi_playwright_dag.py for tasks to queue
[2026-05-25T14:18:42.336+0000] {logging_mixin.py:188} INFO - [2026-05-25T14:18:42.334+0000] {dagbag.py:540} INFO - Filling up the DagBag from /opt/airflow/dags/inegi_playwright_dag.py
[2026-05-25T14:18:42.671+0000] {processor.py:840} INFO - DAG(s) 'inegi_playwright' retrieved from /opt/airflow/dags/inegi_playwright_dag.py
[2026-05-25T14:18:43.406+0000] {logging_mixin.py:188} INFO - [2026-05-25T14:18:43.405+0000] {dag.py:3047} INFO - Sync 1 DAGs
[2026-05-25T14:18:44.868+0000] {logging_mixin.py:188} INFO - [2026-05-25T14:18:44.867+0000] {dag.py:3834} INFO - Setting next_dagrun for inegi_playwright to 2026-05-25 00:00:00+00:00, run_after=2026-05-26 00:00:00+00:00
[2026-05-25T14:18:49.086+0000] {processor.py:183} INFO - Processing /opt/airflow/dags/inegi_playwright_dag.py took 7.077 seconds
[2026-05-25T14:19:25.806+0000] {processor.py:161} INFO - Started process (PID=355) to work on /opt/airflow/dags/inegi_playwright_dag.py
[2026-05-25T14:19:25.930+0000] {processor.py:830} INFO - Processing file /opt/airflow/dags/inegi_playwright_dag.py for tasks to queue
[2026-05-25T14:19:25.948+0000] {logging_mixin.py:188} INFO - [2026-05-25T14:19:25.947+0000] {dagbag.py:540} INFO - Filling up the DagBag from /opt/airflow/dags/inegi_playwright_dag.py
[2026-05-25T14:19:28.184+0000] {processor.py:840} INFO - DAG(s) 'inegi_playwright' retrieved from /opt/airflow/dags/inegi_playwright_dag.py
[2026-05-25T14:19:28.954+0000] {logging_mixin.py:188} INFO - [2026-05-25T14:19:28.910+0000] {dag.py:3047} INFO - Sync 1 DAGs
[2026-05-25T14:19:30.391+0000] {logging_mixin.py:188} INFO - [2026-05-25T14:19:30.390+0000] {dag.py:3834} INFO - Setting next_dagrun for inegi_playwright to 2026-05-25 00:00:00+00:00, run_after=2026-05-26 00:00:00+00:00
[2026-05-25T14:19:31.688+0000] {processor.py:183} INFO - Processing /opt/airflow/dags/inegi_playwright_dag.py took 6.043 seconds
[2026-05-25T14:20:04.352+0000] {processor.py:161} INFO - Started process (PID=390) to work on /opt/airflow/dags/inegi_playwright_dag.py
[2026-05-25T14:20:04.416+0000] {processor.py:830} INFO - Processing file /opt/airflow/dags/inegi_playwright_dag.py for tasks to queue
[2026-05-25T14:20:04.448+0000] {logging_mixin.py:188} INFO - [2026-05-25T14:20:04.447+0000] {dagbag.py:540} INFO - Filling up the DagBag from /opt/airflow/dags/inegi_playwright_dag.py
[2026-05-25T14:20:05.503+0000] {processor.py:840} INFO - DAG(s) 'inegi_playwright' retrieved from /opt/airflow/dags/inegi_playwright_dag.py
[2026-05-25T14:20:07.049+0000] {logging_mixin.py:188} INFO - [2026-05-25T14:20:07.048+0000] {dag.py:3047} INFO - Sync 1 DAGs
[2026-05-25T14:20:07.874+0000] {logging_mixin.py:188} INFO - [2026-05-25T14:20:07.870+0000] {dag.py:3834} INFO - Setting next_dagrun for inegi_playwright to 2026-05-25 00:00:00+00:00, run_after=2026-05-26 00:00:00+00:00
[2026-05-25T14:20:11.160+0000] {processor.py:183} INFO - Processing /opt/airflow/dags/inegi_playwright_dag.py took 6.849 seconds
[2026-05-25T14:20:50.892+0000] {processor.py:161} INFO - Started process (PID=420) to work on /opt/airflow/dags/inegi_playwright_dag.py
[2026-05-25T14:20:51.031+0000] {processor.py:830} INFO - Processing file /opt/airflow/dags/inegi_playwright_dag.py for tasks to queue
[2026-05-25T14:20:51.225+0000] {logging_mixin.py:188} INFO - [2026-05-25T14:20:51.224+0000] {dagbag.py:540} INFO - Filling up the DagBag from /opt/airflow/dags/inegi_playwright_dag.py
[2026-05-25T14:20:54.547+0000] {processor.py:840} INFO - DAG(s) 'inegi_playwright' retrieved from /opt/airflow/dags/inegi_playwright_dag.py
[2026-05-25T14:20:55.888+0000] {logging_mixin.py:188} INFO - [2026-05-25T14:20:55.887+0000] {dag.py:3047} INFO - Sync 1 DAGs
[2026-05-25T14:20:57.442+0000] {logging_mixin.py:188} INFO - [2026-05-25T14:20:57.442+0000] {dag.py:3834} INFO - Setting next_dagrun for inegi_playwright to 2026-05-25 00:00:00+00:00, run_after=2026-05-26 00:00:00+00:00
[2026-05-25T14:20:58.670+0000] {processor.py:183} INFO - Processing /opt/airflow/dags/inegi_playwright_dag.py took 9.046 seconds
[2026-05-25T14:21:31.175+0000] {processor.py:161} INFO - Started process (PID=453) to work on /opt/airflow/dags/inegi_playwright_dag.py
[2026-05-25T14:21:31.179+0000] {processor.py:830} INFO - Processing file /opt/airflow/dags/inegi_playwright_dag.py for tasks to queue
[2026-05-25T14:21:31.182+0000] {logging_mixin.py:188} INFO - [2026-05-25T14:21:31.181+0000] {dagbag.py:540} INFO - Filling up the DagBag from /opt/airflow/dags/inegi_playwright_dag.py
[2026-05-25T14:21:31.385+0000] {processor.py:840} INFO - DAG(s) 'inegi_playwright' retrieved from /opt/airflow/dags/inegi_playwright_dag.py
[2026-05-25T14:21:31.697+0000] {logging_mixin.py:188} INFO - [2026-05-25T14:21:31.696+0000] {dag.py:3047} INFO - Sync 1 DAGs
[2026-05-25T14:21:32.729+0000] {logging_mixin.py:188} INFO - [2026-05-25T14:21:32.729+0000] {dag.py:3834} INFO - Setting next_dagrun for inegi_playwright to 2026-05-25 00:00:00+00:00, run_after=2026-05-26 00:00:00+00:00
[2026-05-25T14:21:33.090+0000] {processor.py:183} INFO - Processing /opt/airflow/dags/inegi_playwright_dag.py took 1.941 seconds
[2026-05-25T14:22:04.243+0000] {processor.py:161} INFO - Started process (PID=482) to work on /opt/airflow/dags/inegi_playwright_dag.py
[2026-05-25T14:22:04.260+0000] {processor.py:830} INFO - Processing file /opt/airflow/dags/inegi_playwright_dag.py for tasks to queue
[2026-05-25T14:22:04.278+0000] {logging_mixin.py:188} INFO - [2026-05-25T14:22:04.277+0000] {dagbag.py:540} INFO - Filling up the DagBag from /opt/airflow/dags/inegi_playwright_dag.py
[2026-05-25T14:22:04.991+0000] {processor.py:840} INFO - DAG(s) 'inegi_playwright' retrieved from /opt/airflow/dags/inegi_playwright_dag.py
[2026-05-25T14:22:05.487+0000] {logging_mixin.py:188} INFO - [2026-05-25T14:22:05.486+0000] {dag.py:3047} INFO - Sync 1 DAGs
[2026-05-25T14:22:05.926+0000] {logging_mixin.py:188} INFO - [2026-05-25T14:22:05.925+0000] {dag.py:3834} INFO - Setting next_dagrun for inegi_playwright to 2026-05-25 00:00:00+00:00, run_after=2026-05-26 00:00:00+00:00
[2026-05-25T14:22:06.863+0000] {processor.py:183} INFO - Processing /opt/airflow/dags/inegi_playwright_dag.py took 2.842 seconds
[2026-05-25T14:22:38.097+0000] {processor.py:161} INFO - Started process (PID=512) to work on /opt/airflow/dags/inegi_playwright_dag.py
[2026-05-25T14:22:38.146+0000] {processor.py:830} INFO - Processing file /opt/airflow/dags/inegi_playwright_dag.py for tasks to queue
[2026-05-25T14:22:38.150+0000] {logging_mixin.py:188} INFO - [2026-05-25T14:22:38.149+0000] {dagbag.py:540} INFO - Filling up the DagBag from /opt/airflow/dags/inegi_playwright_dag.py
[2026-05-25T14:22:38.393+0000] {processor.py:840} INFO - DAG(s) 'inegi_playwright' retrieved from /opt/airflow/dags/inegi_playwright_dag.py
[2026-05-25T14:22:38.526+0000] {logging_mixin.py:188} INFO - [2026-05-25T14:22:38.525+0000] {dag.py:3047} INFO - Sync 1 DAGs
[2026-05-25T14:22:38.737+0000] {logging_mixin.py:188} INFO - [2026-05-25T14:22:38.737+0000] {dag.py:3834} INFO - Setting next_dagrun for inegi_playwright to 2026-05-25 00:00:00+00:00, run_after=2026-05-26 00:00:00+00:00
[2026-05-25T14:22:39.007+0000] {processor.py:183} INFO - Processing /opt/airflow/dags/inegi_playwright_dag.py took 0.976 seconds
[2026-05-25T14:23:11.132+0000] {processor.py:161} INFO - Started process (PID=544) to work on /opt/airflow/dags/inegi_playwright_dag.py
[2026-05-25T14:23:11.153+0000] {processor.py:830} INFO - Processing file /opt/airflow/dags/inegi_playwright_dag.py for tasks to queue
[2026-05-25T14:23:11.162+0000] {logging_mixin.py:188} INFO - [2026-05-25T14:23:11.161+0000] {dagbag.py:540} INFO - Filling up the DagBag from /opt/airflow/dags/inegi_playwright_dag.py
[2026-05-25T14:23:11.341+0000] {processor.py:840} INFO - DAG(s) 'inegi_playwright' retrieved from /opt/airflow/dags/inegi_playwright_dag.py
[2026-05-25T14:23:11.499+0000] {logging_mixin.py:188} INFO - [2026-05-25T14:23:11.498+0000] {dag.py:3047} INFO - Sync 1 DAGs
[2026-05-25T14:23:11.744+0000] {logging_mixin.py:188} INFO - [2026-05-25T14:23:11.744+0000] {dag.py:3834} INFO - Setting next_dagrun for inegi_playwright to 2026-05-25 00:00:00+00:00, run_after=2026-05-26 00:00:00+00:00
[2026-05-25T14:23:12.085+0000] {processor.py:183} INFO - Processing /opt/airflow/dags/inegi_playwright_dag.py took 1.019 seconds
[2026-05-25T14:23:54.064+0000] {processor.py:161} INFO - Started process (PID=576) to work on /opt/airflow/dags/inegi_playwright_dag.py
[2026-05-25T14:23:54.182+0000] {processor.py:830} INFO - Processing file /opt/airflow/dags/inegi_playwright_dag.py for tasks to queue
[2026-05-25T14:23:54.202+0000] {logging_mixin.py:188} INFO - [2026-05-25T14:23:54.201+0000] {dagbag.py:540} INFO - Filling up the DagBag from /opt/airflow/dags/inegi_playwright_dag.py
[2026-05-25T14:23:56.481+0000] {processor.py:840} INFO - DAG(s) 'inegi_playwright' retrieved from /opt/airflow/dags/inegi_playwright_dag.py
[2026-05-25T14:23:58.686+0000] {logging_mixin.py:188} INFO - [2026-05-25T14:23:58.612+0000] {dag.py:3047} INFO - Sync 1 DAGs
[2026-05-25T14:23:59.659+0000] {logging_mixin.py:188} INFO - [2026-05-25T14:23:59.658+0000] {dag.py:3834} INFO - Setting next_dagrun for inegi_playwright to 2026-05-25 00:00:00+00:00, run_after=2026-05-26 00:00:00+00:00
[2026-05-25T14:23:59.951+0000] {processor.py:183} INFO - Processing /opt/airflow/dags/inegi_playwright_dag.py took 6.153 seconds
[2026-05-25T14:24:30.884+0000] {processor.py:161} INFO - Started process (PID=606) to work on /opt/airflow/dags/inegi_playwright_dag.py
[2026-05-25T14:24:30.896+0000] {processor.py:830} INFO - Processing file /opt/airflow/dags/inegi_playwright_dag.py for tasks to queue
[2026-05-25T14:24:30.918+0000] {logging_mixin.py:188} INFO - [2026-05-25T14:24:30.914+0000] {dagbag.py:540} INFO - Filling up the DagBag from /opt/airflow/dags/inegi_playwright_dag.py
[2026-05-25T14:24:31.193+0000] {processor.py:840} INFO - DAG(s) 'inegi_playwright' retrieved from /opt/airflow/dags/inegi_playwright_dag.py
[2026-05-25T14:24:31.971+0000] {logging_mixin.py:188} INFO - [2026-05-25T14:24:31.971+0000] {dag.py:3047} INFO - Sync 1 DAGs
[2026-05-25T14:24:33.101+0000] {logging_mixin.py:188} INFO - [2026-05-25T14:24:33.101+0000] {dag.py:3834} INFO - Setting next_dagrun for inegi_playwright to 2026-05-25 00:00:00+00:00, run_after=2026-05-26 00:00:00+00:00
[2026-05-25T14:24:34.233+0000] {processor.py:183} INFO - Processing /opt/airflow/dags/inegi_playwright_dag.py took 3.372 seconds
[2026-05-25T14:25:09.998+0000] {processor.py:161} INFO - Started process (PID=636) to work on /opt/airflow/dags/inegi_playwright_dag.py
[2026-05-25T14:25:10.036+0000] {processor.py:830} INFO - Processing file /opt/airflow/dags/inegi_playwright_dag.py for tasks to queue
[2026-05-25T14:25:10.087+0000] {logging_mixin.py:188} INFO - [2026-05-25T14:25:10.086+0000] {dagbag.py:540} INFO - Filling up the DagBag from /opt/airflow/dags/inegi_playwright_dag.py
[2026-05-25T14:25:11.687+0000] {processor.py:840} INFO - DAG(s) 'inegi_playwright' retrieved from /opt/airflow/dags/inegi_playwright_dag.py
[2026-05-25T14:25:12.493+0000] {logging_mixin.py:188} INFO - [2026-05-25T14:25:12.492+0000] {dag.py:3047} INFO - Sync 1 DAGs
[2026-05-25T14:25:13.710+0000] {logging_mixin.py:188} INFO - [2026-05-25T14:25:13.709+0000] {dag.py:3834} INFO - Setting next_dagrun for inegi_playwright to 2026-05-25 00:00:00+00:00, run_after=2026-05-26 00:00:00+00:00
[2026-05-25T14:25:14.615+0000] {processor.py:183} INFO - Processing /opt/airflow/dags/inegi_playwright_dag.py took 4.718 seconds
[2026-05-25T14:25:45.918+0000] {processor.py:161} INFO - Started process (PID=666) to work on /opt/airflow/dags/inegi_playwright_dag.py
[2026-05-25T14:25:45.947+0000] {processor.py:830} INFO - Processing file /opt/airflow/dags/inegi_playwright_dag.py for tasks to queue
[2026-05-25T14:25:45.984+0000] {logging_mixin.py:188} INFO - [2026-05-25T14:25:45.969+0000] {dagbag.py:540} INFO - Filling up the DagBag from /opt/airflow/dags/inegi_playwright_dag.py
[2026-05-25T14:25:47.396+0000] {processor.py:840} INFO - DAG(s) 'inegi_playwright' retrieved from /opt/airflow/dags/inegi_playwright_dag.py
[2026-05-25T14:25:48.347+0000] {logging_mixin.py:188} INFO - [2026-05-25T14:25:48.347+0000] {dag.py:3047} INFO - Sync 1 DAGs
[2026-05-25T14:25:48.812+0000] {logging_mixin.py:188} INFO - [2026-05-25T14:25:48.811+0000] {dag.py:3834} INFO - Setting next_dagrun for inegi_playwright to 2026-05-25 00:00:00+00:00, run_after=2026-05-26 00:00:00+00:00
[2026-05-25T14:25:49.015+0000] {processor.py:183} INFO - Processing /opt/airflow/dags/inegi_playwright_dag.py took 3.264 seconds
[2026-05-25T14:26:19.394+0000] {processor.py:161} INFO - Started process (PID=696) to work on /opt/airflow/dags/inegi_playwright_dag.py
[2026-05-25T14:26:19.402+0000] {processor.py:830} INFO - Processing file /opt/airflow/dags/inegi_playwright_dag.py for tasks to queue
[2026-05-25T14:26:19.410+0000] {logging_mixin.py:188} INFO - [2026-05-25T14:26:19.409+0000] {dagbag.py:540} INFO - Filling up the DagBag from /opt/airflow/dags/inegi_playwright_dag.py
[2026-05-25T14:26:19.607+0000] {processor.py:840} INFO - DAG(s) 'inegi_playwright' retrieved from /opt/airflow/dags/inegi_playwright_dag.py
[2026-05-25T14:26:19.769+0000] {logging_mixin.py:188} INFO - [2026-05-25T14:26:19.767+0000] {dag.py:3047} INFO - Sync 1 DAGs
[2026-05-25T14:26:19.935+0000] {logging_mixin.py:188} INFO - [2026-05-25T14:26:19.934+0000] {dag.py:3834} INFO - Setting next_dagrun for inegi_playwright to 2026-05-25 00:00:00+00:00, run_after=2026-05-26 00:00:00+00:00
[2026-05-25T14:26:20.369+0000] {processor.py:183} INFO - Processing /opt/airflow/dags/inegi_playwright_dag.py took 1.005 seconds
[2026-05-25T14:26:53.677+0000] {processor.py:161} INFO - Started process (PID=726) to work on /opt/airflow/dags/inegi_playwright_dag.py
[2026-05-25T14:26:53.694+0000] {processor.py:830} INFO - Processing file /opt/airflow/dags/inegi_playwright_dag.py for tasks to queue
[2026-05-25T14:26:53.709+0000] {logging_mixin.py:188} INFO - [2026-05-25T14:26:53.699+0000] {dagbag.py:540} INFO - Filling up the DagBag from /opt/airflow/dags/inegi_playwright_dag.py
[2026-05-25T14:26:54.340+0000] {processor.py:840} INFO - DAG(s) 'inegi_playwright' retrieved from /opt/airflow/dags/inegi_playwright_dag.py
[2026-05-25T14:26:54.758+0000] {logging_mixin.py:188} INFO - [2026-05-25T14:26:54.758+0000] {dag.py:3047} INFO - Sync 1 DAGs
[2026-05-25T14:26:54.974+0000] {logging_mixin.py:188} INFO - [2026-05-25T14:26:54.973+0000] {dag.py:3834} INFO - Setting next_dagrun for inegi_playwright to 2026-05-25 00:00:00+00:00, run_after=2026-05-26 00:00:00+00:00
[2026-05-25T14:26:55.226+0000] {processor.py:183} INFO - Processing /opt/airflow/dags/inegi_playwright_dag.py took 1.599 seconds
[2026-05-25T14:27:32.201+0000] {processor.py:161} INFO - Started process (PID=755) to work on /opt/airflow/dags/inegi_playwright_dag.py
[2026-05-25T14:27:32.264+0000] {processor.py:830} INFO - Processing file /opt/airflow/dags/inegi_playwright_dag.py for tasks to queue
[2026-05-25T14:27:32.378+0000] {logging_mixin.py:188} INFO - [2026-05-25T14:27:32.377+0000] {dagbag.py:540} INFO - Filling up the DagBag from /opt/airflow/dags/inegi_playwright_dag.py
[2026-05-25T14:27:33.149+0000] {processor.py:840} INFO - DAG(s) 'inegi_playwright' retrieved from /opt/airflow/dags/inegi_playwright_dag.py
[2026-05-25T14:27:33.300+0000] {logging_mixin.py:188} INFO - [2026-05-25T14:27:33.297+0000] {dag.py:3047} INFO - Sync 1 DAGs
[2026-05-25T14:27:33.545+0000] {logging_mixin.py:188} INFO - [2026-05-25T14:27:33.544+0000] {dag.py:3834} INFO - Setting next_dagrun for inegi_playwright to 2026-05-25 00:00:00+00:00, run_after=2026-05-26 00:00:00+00:00
[2026-05-25T14:27:33.806+0000] {processor.py:183} INFO - Processing /opt/airflow/dags/inegi_playwright_dag.py took 1.719 seconds
[2026-05-25T14:28:05.691+0000] {processor.py:161} INFO - Started process (PID=786) to work on /opt/airflow/dags/inegi_playwright_dag.py
[2026-05-25T14:28:05.718+0000] {processor.py:830} INFO - Processing file /opt/airflow/dags/inegi_playwright_dag.py for tasks to queue
[2026-05-25T14:28:05.731+0000] {logging_mixin.py:188} INFO - [2026-05-25T14:28:05.730+0000] {dagbag.py:540} INFO - Filling up the DagBag from /opt/airflow/dags/inegi_playwright_dag.py
[2026-05-25T14:28:05.924+0000] {processor.py:840} INFO - DAG(s) 'inegi_playwright' retrieved from /opt/airflow/dags/inegi_playwright_dag.py
[2026-05-25T14:28:06.012+0000] {logging_mixin.py:188} INFO - [2026-05-25T14:28:06.011+0000] {dag.py:3047} INFO - Sync 1 DAGs
[2026-05-25T14:28:06.116+0000] {logging_mixin.py:188} INFO - [2026-05-25T14:28:06.115+0000] {dag.py:3834} INFO - Setting next_dagrun for inegi_playwright to 2026-05-25 00:00:00+00:00, run_after=2026-05-26 00:00:00+00:00
[2026-05-25T14:28:06.307+0000] {processor.py:183} INFO - Processing /opt/airflow/dags/inegi_playwright_dag.py took 0.720 seconds
[2026-05-25T14:28:37.437+0000] {processor.py:161} INFO - Started process (PID=816) to work on /opt/airflow/dags/inegi_playwright_dag.py
[2026-05-25T14:28:37.455+0000] {processor.py:830} INFO - Processing file /opt/airflow/dags/inegi_playwright_dag.py for tasks to queue
[2026-05-25T14:28:37.466+0000] {logging_mixin.py:188} INFO - [2026-05-25T14:28:37.465+0000] {dagbag.py:540} INFO - Filling up the DagBag from /opt/airflow/dags/inegi_playwright_dag.py
[2026-05-25T14:28:37.636+0000] {processor.py:840} INFO - DAG(s) 'inegi_playwright' retrieved from /opt/airflow/dags/inegi_playwright_dag.py
[2026-05-25T14:28:37.768+0000] {logging_mixin.py:188} INFO - [2026-05-25T14:28:37.767+0000] {dag.py:3047} INFO - Sync 1 DAGs
[2026-05-25T14:28:37.874+0000] {logging_mixin.py:188} INFO - [2026-05-25T14:28:37.873+0000] {dag.py:3834} INFO - Setting next_dagrun for inegi_playwright to 2026-05-25 00:00:00+00:00, run_after=2026-05-26 00:00:00+00:00
[2026-05-25T14:28:38.224+0000] {processor.py:183} INFO - Processing /opt/airflow/dags/inegi_playwright_dag.py took 0.833 seconds
[2026-05-25T14:29:10.966+0000] {processor.py:161} INFO - Started process (PID=846) to work on /opt/airflow/dags/inegi_playwright_dag.py
[2026-05-25T14:29:10.973+0000] {processor.py:830} INFO - Processing file /opt/airflow/dags/inegi_playwright_dag.py for tasks to queue
[2026-05-25T14:29:10.980+0000] {logging_mixin.py:188} INFO - [2026-05-25T14:29:10.979+0000] {dagbag.py:540} INFO - Filling up the DagBag from /opt/airflow/dags/inegi_playwright_dag.py
[2026-05-25T14:29:11.426+0000] {processor.py:840} INFO - DAG(s) 'inegi_playwright' retrieved from /opt/airflow/dags/inegi_playwright_dag.py
[2026-05-25T14:29:12.644+0000] {logging_mixin.py:188} INFO - [2026-05-25T14:29:12.644+0000] {dag.py:3047} INFO - Sync 1 DAGs
[2026-05-25T14:29:13.026+0000] {logging_mixin.py:188} INFO - [2026-05-25T14:29:13.026+0000] {dag.py:3834} INFO - Setting next_dagrun for inegi_playwright to 2026-05-25 00:00:00+00:00, run_after=2026-05-26 00:00:00+00:00
[2026-05-25T14:29:13.233+0000] {processor.py:183} INFO - Processing /opt/airflow/dags/inegi_playwright_dag.py took 2.430 seconds
[2026-05-25T14:29:47.135+0000] {processor.py:161} INFO - Started process (PID=877) to work on /opt/airflow/dags/inegi_playwright_dag.py
[2026-05-25T14:29:47.151+0000] {processor.py:830} INFO - Processing file /opt/airflow/dags/inegi_playwright_dag.py for tasks to queue
[2026-05-25T14:29:47.156+0000] {logging_mixin.py:188} INFO - [2026-05-25T14:29:47.155+0000] {dagbag.py:540} INFO - Filling up the DagBag from /opt/airflow/dags/inegi_playwright_dag.py
[2026-05-25T14:29:47.725+0000] {processor.py:840} INFO - DAG(s) 'inegi_playwright' retrieved from /opt/airflow/dags/inegi_playwright_dag.py
[2026-05-25T14:29:48.260+0000] {logging_mixin.py:188} INFO - [2026-05-25T14:29:48.260+0000] {dag.py:3047} INFO - Sync 1 DAGs
[2026-05-25T14:29:48.662+0000] {logging_mixin.py:188} INFO - [2026-05-25T14:29:48.662+0000] {dag.py:3834} INFO - Setting next_dagrun for inegi_playwright to 2026-05-25 00:00:00+00:00, run_after=2026-05-26 00:00:00+00:00
[2026-05-25T14:29:48.839+0000] {processor.py:183} INFO - Processing /opt/airflow/dags/inegi_playwright_dag.py took 1.834 seconds
[2026-05-25T14:30:19.117+0000] {processor.py:161} INFO - Started process (PID=910) to work on /opt/airflow/dags/inegi_playwright_dag.py
[2026-05-25T14:30:19.123+0000] {processor.py:830} INFO - Processing file /opt/airflow/dags/inegi_playwright_dag.py for tasks to queue
[2026-05-25T14:30:19.128+0000] {logging_mixin.py:188} INFO - [2026-05-25T14:30:19.127+0000] {dagbag.py:540} INFO - Filling up the DagBag from /opt/airflow/dags/inegi_playwright_dag.py
[2026-05-25T14:30:19.423+0000] {processor.py:840} INFO - DAG(s) 'inegi_playwright' retrieved from /opt/airflow/dags/inegi_playwright_dag.py
[2026-05-25T14:30:20.164+0000] {logging_mixin.py:188} INFO - [2026-05-25T14:30:20.163+0000] {dag.py:3047} INFO - Sync 1 DAGs
[2026-05-25T14:30:20.370+0000] {logging_mixin.py:188} INFO - [2026-05-25T14:30:20.369+0000] {dag.py:3834} INFO - Setting next_dagrun for inegi_playwright to 2026-05-25 00:00:00+00:00, run_after=2026-05-26 00:00:00+00:00
[2026-05-25T14:30:20.458+0000] {processor.py:183} INFO - Processing /opt/airflow/dags/inegi_playwright_dag.py took 1.371 seconds
[2026-05-25T14:30:51.199+0000] {processor.py:161} INFO - Started process (PID=940) to work on /opt/airflow/dags/inegi_playwright_dag.py
[2026-05-25T14:30:51.207+0000] {processor.py:830} INFO - Processing file /opt/airflow/dags/inegi_playwright_dag.py for tasks to queue
[2026-05-25T14:30:51.233+0000] {logging_mixin.py:188} INFO - [2026-05-25T14:30:51.219+0000] {dagbag.py:540} INFO - Filling up the DagBag from /opt/airflow/dags/inegi_playwright_dag.py
[2026-05-25T14:30:51.441+0000] {processor.py:840} INFO - DAG(s) 'inegi_playwright' retrieved from /opt/airflow/dags/inegi_playwright_dag.py
[2026-05-25T14:30:51.981+0000] {logging_mixin.py:188} INFO - [2026-05-25T14:30:51.954+0000] {dag.py:3047} INFO - Sync 1 DAGs
[2026-05-25T14:30:52.396+0000] {logging_mixin.py:188} INFO - [2026-05-25T14:30:52.396+0000] {dag.py:3834} INFO - Setting next_dagrun for inegi_playwright to 2026-05-25 00:00:00+00:00, run_after=2026-05-26 00:00:00+00:00
[2026-05-25T14:30:52.808+0000] {processor.py:183} INFO - Processing /opt/airflow/dags/inegi_playwright_dag.py took 1.642 seconds
[2026-05-25T14:31:23.754+0000] {processor.py:161} INFO - Started process (PID=974) to work on /opt/airflow/dags/inegi_playwright_dag.py
[2026-05-25T14:31:23.757+0000] {processor.py:830} INFO - Processing file /opt/airflow/dags/inegi_playwright_dag.py for tasks to queue
[2026-05-25T14:31:23.763+0000] {logging_mixin.py:188} INFO - [2026-05-25T14:31:23.762+0000] {dagbag.py:540} INFO - Filling up the DagBag from /opt/airflow/dags/inegi_playwright_dag.py
[2026-05-25T14:31:23.839+0000] {processor.py:840} INFO - DAG(s) 'inegi_playwright' retrieved from /opt/airflow/dags/inegi_playwright_dag.py
[2026-05-25T14:31:23.922+0000] {logging_mixin.py:188} INFO - [2026-05-25T14:31:23.922+0000] {dag.py:3047} INFO - Sync 1 DAGs
[2026-05-25T14:31:24.009+0000] {logging_mixin.py:188} INFO - [2026-05-25T14:31:24.008+0000] {dag.py:3834} INFO - Setting next_dagrun for inegi_playwright to 2026-05-25 00:00:00+00:00, run_after=2026-05-26 00:00:00+00:00
[2026-05-25T14:31:24.193+0000] {processor.py:183} INFO - Processing /opt/airflow/dags/inegi_playwright_dag.py took 0.450 seconds
[2026-05-25T14:31:55.028+0000] {processor.py:161} INFO - Started process (PID=1004) to work on /opt/airflow/dags/inegi_playwright_dag.py
[2026-05-25T14:31:55.031+0000] {processor.py:830} INFO - Processing file /opt/airflow/dags/inegi_playwright_dag.py for tasks to queue
[2026-05-25T14:31:55.034+0000] {logging_mixin.py:188} INFO - [2026-05-25T14:31:55.033+0000] {dagbag.py:540} INFO - Filling up the DagBag from /opt/airflow/dags/inegi_playwright_dag.py
[2026-05-25T14:31:55.093+0000] {processor.py:840} INFO - DAG(s) 'inegi_playwright' retrieved from /opt/airflow/dags/inegi_playwright_dag.py
[2026-05-25T14:31:55.167+0000] {logging_mixin.py:188} INFO - [2026-05-25T14:31:55.167+0000] {dag.py:3047} INFO - Sync 1 DAGs
[2026-05-25T14:31:55.485+0000] {logging_mixin.py:188} INFO - [2026-05-25T14:31:55.484+0000] {dag.py:3834} INFO - Setting next_dagrun for inegi_playwright to 2026-05-25 00:00:00+00:00, run_after=2026-05-26 00:00:00+00:00
[2026-05-25T14:31:55.810+0000] {processor.py:183} INFO - Processing /opt/airflow/dags/inegi_playwright_dag.py took 0.794 seconds
[2026-05-25T14:32:26.597+0000] {processor.py:161} INFO - Started process (PID=1034) to work on /opt/airflow/dags/inegi_playwright_dag.py
[2026-05-25T14:32:26.611+0000] {processor.py:830} INFO - Processing file /opt/airflow/dags/inegi_playwright_dag.py for tasks to queue
[2026-05-25T14:32:26.628+0000] {logging_mixin.py:188} INFO - [2026-05-25T14:32:26.627+0000] {dagbag.py:540} INFO - Filling up the DagBag from /opt/airflow/dags/inegi_playwright_dag.py
[2026-05-25T14:32:27.012+0000] {processor.py:840} INFO - DAG(s) 'inegi_playwright' retrieved from /opt/airflow/dags/inegi_playwright_dag.py
[2026-05-25T14:32:27.125+0000] {logging_mixin.py:188} INFO - [2026-05-25T14:32:27.125+0000] {dag.py:3047} INFO - Sync 1 DAGs
[2026-05-25T14:32:27.195+0000] {logging_mixin.py:188} INFO - [2026-05-25T14:32:27.195+0000] {dag.py:3834} INFO - Setting next_dagrun for inegi_playwright to 2026-05-25 00:00:00+00:00, run_after=2026-05-26 00:00:00+00:00
[2026-05-25T14:32:27.302+0000] {processor.py:183} INFO - Processing /opt/airflow/dags/inegi_playwright_dag.py took 0.737 seconds
[2026-05-25T14:33:13.040+0000] {processor.py:161} INFO - Started process (PID=1067) to work on /opt/airflow/dags/inegi_playwright_dag.py
[2026-05-25T14:33:13.050+0000] {processor.py:830} INFO - Processing file /opt/airflow/dags/inegi_playwright_dag.py for tasks to queue
[2026-05-25T14:33:13.053+0000] {logging_mixin.py:188} INFO - [2026-05-25T14:33:13.052+0000] {dagbag.py:540} INFO - Filling up the DagBag from /opt/airflow/dags/inegi_playwright_dag.py
[2026-05-25T14:33:13.117+0000] {processor.py:840} INFO - DAG(s) 'inegi_playwright' retrieved from /opt/airflow/dags/inegi_playwright_dag.py
[2026-05-25T14:33:13.201+0000] {logging_mixin.py:188} INFO - [2026-05-25T14:33:13.200+0000] {dag.py:3047} INFO - Sync 1 DAGs
[2026-05-25T14:33:13.282+0000] {logging_mixin.py:188} INFO - [2026-05-25T14:33:13.281+0000] {dag.py:3834} INFO - Setting next_dagrun for inegi_playwright to 2026-05-25 00:00:00+00:00, run_after=2026-05-26 00:00:00+00:00
[2026-05-25T14:33:13.834+0000] {processor.py:183} INFO - Processing /opt/airflow/dags/inegi_playwright_dag.py took 0.804 seconds
[2026-05-25T14:34:30.075+0000] {processor.py:161} INFO - Started process (PID=1104) to work on /opt/airflow/dags/inegi_playwright_dag.py
[2026-05-25T14:34:30.185+0000] {processor.py:830} INFO - Processing file /opt/airflow/dags/inegi_playwright_dag.py for tasks to queue
[2026-05-25T14:34:30.244+0000] {logging_mixin.py:188} INFO - [2026-05-25T14:34:30.243+0000] {dagbag.py:540} INFO - Filling up the DagBag from /opt/airflow/dags/inegi_playwright_dag.py
[2026-05-25T14:34:31.716+0000] {processor.py:840} INFO - DAG(s) 'inegi_playwright' retrieved from /opt/airflow/dags/inegi_playwright_dag.py
[2026-05-25T14:34:32.070+0000] {logging_mixin.py:188} INFO - [2026-05-25T14:34:32.069+0000] {dag.py:3047} INFO - Sync 1 DAGs
[2026-05-25T14:34:32.448+0000] {logging_mixin.py:188} INFO - [2026-05-25T14:34:32.447+0000] {dag.py:3834} INFO - Setting next_dagrun for inegi_playwright to 2026-05-25 00:00:00+00:00, run_after=2026-05-26 00:00:00+00:00
[2026-05-25T14:34:32.714+0000] {processor.py:183} INFO - Processing /opt/airflow/dags/inegi_playwright_dag.py took 2.659 seconds
[2026-05-25T14:35:05.752+0000] {processor.py:161} INFO - Started process (PID=1134) to work on /opt/airflow/dags/inegi_playwright_dag.py
[2026-05-25T14:35:05.766+0000] {processor.py:830} INFO - Processing file /opt/airflow/dags/inegi_playwright_dag.py for tasks to queue
[2026-05-25T14:35:05.770+0000] {logging_mixin.py:188} INFO - [2026-05-25T14:35:05.769+0000] {dagbag.py:540} INFO - Filling up the DagBag from /opt/airflow/dags/inegi_playwright_dag.py
[2026-05-25T14:35:05.914+0000] {processor.py:840} INFO - DAG(s) 'inegi_playwright' retrieved from /opt/airflow/dags/inegi_playwright_dag.py
[2026-05-25T14:35:06.139+0000] {logging_mixin.py:188} INFO - [2026-05-25T14:35:06.138+0000] {dag.py:3047} INFO - Sync 1 DAGs
[2026-05-25T14:35:06.323+0000] {logging_mixin.py:188} INFO - [2026-05-25T14:35:06.322+0000] {dag.py:3834} INFO - Setting next_dagrun for inegi_playwright to 2026-05-25 00:00:00+00:00, run_after=2026-05-26 00:00:00+00:00
[2026-05-25T14:35:06.605+0000] {processor.py:183} INFO - Processing /opt/airflow/dags/inegi_playwright_dag.py took 0.893 seconds
[2026-05-25T14:35:37.597+0000] {processor.py:161} INFO - Started process (PID=1164) to work on /opt/airflow/dags/inegi_playwright_dag.py
[2026-05-25T14:35:37.602+0000] {processor.py:830} INFO - Processing file /opt/airflow/dags/inegi_playwright_dag.py for tasks to queue
[2026-05-25T14:35:37.607+0000] {logging_mixin.py:188} INFO - [2026-05-25T14:35:37.606+0000] {dagbag.py:540} INFO - Filling up the DagBag from /opt/airflow/dags/inegi_playwright_dag.py
[2026-05-25T14:35:37.691+0000] {processor.py:840} INFO - DAG(s) 'inegi_playwright' retrieved from /opt/airflow/dags/inegi_playwright_dag.py
[2026-05-25T14:35:37.764+0000] {logging_mixin.py:188} INFO - [2026-05-25T14:35:37.763+0000] {dag.py:3047} INFO - Sync 1 DAGs
[2026-05-25T14:35:37.836+0000] {logging_mixin.py:188} INFO - [2026-05-25T14:35:37.836+0000] {dag.py:3834} INFO - Setting next_dagrun for inegi_playwright to 2026-05-25 00:00:00+00:00, run_after=2026-05-26 00:00:00+00:00
[2026-05-25T14:35:37.896+0000] {processor.py:183} INFO - Processing /opt/airflow/dags/inegi_playwright_dag.py took 0.322 seconds
[2026-05-25T14:36:08.970+0000] {processor.py:161} INFO - Started process (PID=1194) to work on /opt/airflow/dags/inegi_playwright_dag.py
[2026-05-25T14:36:08.992+0000] {processor.py:830} INFO - Processing file /opt/airflow/dags/inegi_playwright_dag.py for tasks to queue
[2026-05-25T14:36:09.010+0000] {logging_mixin.py:188} INFO - [2026-05-25T14:36:09.009+0000] {dagbag.py:540} INFO - Filling up the DagBag from /opt/airflow/dags/inegi_playwright_dag.py
[2026-05-25T14:36:09.288+0000] {processor.py:840} INFO - DAG(s) 'inegi_playwright' retrieved from /opt/airflow/dags/inegi_playwright_dag.py
[2026-05-25T14:36:09.370+0000] {logging_mixin.py:188} INFO - [2026-05-25T14:36:09.369+0000] {dag.py:3047} INFO - Sync 1 DAGs
[2026-05-25T14:36:09.454+0000] {logging_mixin.py:188} INFO - [2026-05-25T14:36:09.453+0000] {dag.py:3834} INFO - Setting next_dagrun for inegi_playwright to 2026-05-25 00:00:00+00:00, run_after=2026-05-26 00:00:00+00:00
[2026-05-25T14:36:09.538+0000] {processor.py:183} INFO - Processing /opt/airflow/dags/inegi_playwright_dag.py took 0.589 seconds
[2026-05-25T14:36:45.358+0000] {processor.py:161} INFO - Started process (PID=1222) to work on /opt/airflow/dags/inegi_playwright_dag.py
[2026-05-25T14:36:45.502+0000] {processor.py:830} INFO - Processing file /opt/airflow/dags/inegi_playwright_dag.py for tasks to queue
[2026-05-25T14:36:45.604+0000] {logging_mixin.py:188} INFO - [2026-05-25T14:36:45.603+0000] {dagbag.py:540} INFO - Filling up the DagBag from /opt/airflow/dags/inegi_playwright_dag.py
[2026-05-25T14:36:49.667+0000] {processor.py:840} INFO - DAG(s) 'inegi_playwright' retrieved from /opt/airflow/dags/inegi_playwright_dag.py
[2026-05-25T14:36:49.859+0000] {logging_mixin.py:188} INFO - [2026-05-25T14:36:49.858+0000] {dag.py:3047} INFO - Sync 1 DAGs
[2026-05-25T14:36:50.065+0000] {logging_mixin.py:188} INFO - [2026-05-25T14:36:50.065+0000] {dag.py:3834} INFO - Setting next_dagrun for inegi_playwright to 2026-05-25 00:00:00+00:00, run_after=2026-05-26 00:00:00+00:00
[2026-05-25T14:36:50.471+0000] {processor.py:183} INFO - Processing /opt/airflow/dags/inegi_playwright_dag.py took 5.161 seconds
[2026-05-25T14:37:23.012+0000] {processor.py:161} INFO - Started process (PID=1252) to work on /opt/airflow/dags/inegi_playwright_dag.py
[2026-05-25T14:37:23.031+0000] {processor.py:830} INFO - Processing file /opt/airflow/dags/inegi_playwright_dag.py for tasks to queue
[2026-05-25T14:37:23.080+0000] {logging_mixin.py:188} INFO - [2026-05-25T14:37:23.079+0000] {dagbag.py:540} INFO - Filling up the DagBag from /opt/airflow/dags/inegi_playwright_dag.py
[2026-05-25T14:37:24.765+0000] {processor.py:840} INFO - DAG(s) 'inegi_playwright' retrieved from /opt/airflow/dags/inegi_playwright_dag.py
[2026-05-25T14:37:24.970+0000] {logging_mixin.py:188} INFO - [2026-05-25T14:37:24.958+0000] {dag.py:3047} INFO - Sync 1 DAGs
[2026-05-25T14:37:25.250+0000] {logging_mixin.py:188} INFO - [2026-05-25T14:37:25.249+0000] {dag.py:3834} INFO - Setting next_dagrun for inegi_playwright to 2026-05-25 00:00:00+00:00, run_after=2026-05-26 00:00:00+00:00
[2026-05-25T14:37:25.483+0000] {processor.py:183} INFO - Processing /opt/airflow/dags/inegi_playwright_dag.py took 2.497 seconds
[2026-05-25T14:37:56.115+0000] {processor.py:161} INFO - Started process (PID=1284) to work on /opt/airflow/dags/inegi_playwright_dag.py
[2026-05-25T14:37:56.119+0000] {processor.py:830} INFO - Processing file /opt/airflow/dags/inegi_playwright_dag.py for tasks to queue
[2026-05-25T14:37:56.125+0000] {logging_mixin.py:188} INFO - [2026-05-25T14:37:56.124+0000] {dagbag.py:540} INFO - Filling up the DagBag from /opt/airflow/dags/inegi_playwright_dag.py
[2026-05-25T14:37:56.213+0000] {processor.py:840} INFO - DAG(s) 'inegi_playwright' retrieved from /opt/airflow/dags/inegi_playwright_dag.py
[2026-05-25T14:37:56.355+0000] {logging_mixin.py:188} INFO - [2026-05-25T14:37:56.354+0000] {dag.py:3047} INFO - Sync 1 DAGs
[2026-05-25T14:37:56.492+0000] {logging_mixin.py:188} INFO - [2026-05-25T14:37:56.492+0000] {dag.py:3834} INFO - Setting next_dagrun for inegi_playwright to 2026-05-25 00:00:00+00:00, run_after=2026-05-26 00:00:00+00:00
[2026-05-25T14:37:56.617+0000] {processor.py:183} INFO - Processing /opt/airflow/dags/inegi_playwright_dag.py took 0.514 seconds
[2026-05-25T14:38:28.599+0000] {processor.py:161} INFO - Started process (PID=1314) to work on /opt/airflow/dags/inegi_playwright_dag.py
[2026-05-25T14:38:28.628+0000] {processor.py:830} INFO - Processing file /opt/airflow/dags/inegi_playwright_dag.py for tasks to queue
[2026-05-25T14:38:28.645+0000] {logging_mixin.py:188} INFO - [2026-05-25T14:38:28.644+0000] {dagbag.py:540} INFO - Filling up the DagBag from /opt/airflow/dags/inegi_playwright_dag.py
[2026-05-25T14:38:29.752+0000] {processor.py:840} INFO - DAG(s) 'inegi_playwright' retrieved from /opt/airflow/dags/inegi_playwright_dag.py
[2026-05-25T14:38:29.843+0000] {logging_mixin.py:188} INFO - [2026-05-25T14:38:29.842+0000] {dag.py:3047} INFO - Sync 1 DAGs
[2026-05-25T14:38:29.957+0000] {logging_mixin.py:188} INFO - [2026-05-25T14:38:29.957+0000] {dag.py:3834} INFO - Setting next_dagrun for inegi_playwright to 2026-05-25 00:00:00+00:00, run_after=2026-05-26 00:00:00+00:00
[2026-05-25T14:38:30.076+0000] {processor.py:183} INFO - Processing /opt/airflow/dags/inegi_playwright_dag.py took 1.531 seconds
[2026-05-25T14:39:01.280+0000] {processor.py:161} INFO - Started process (PID=1344) to work on /opt/airflow/dags/inegi_playwright_dag.py
[2026-05-25T14:39:01.312+0000] {processor.py:830} INFO - Processing file /opt/airflow/dags/inegi_playwright_dag.py for tasks to queue
[2026-05-25T14:39:01.317+0000] {logging_mixin.py:188} INFO - [2026-05-25T14:39:01.316+0000] {dagbag.py:540} INFO - Filling up the DagBag from /opt/airflow/dags/inegi_playwright_dag.py
[2026-05-25T14:39:03.254+0000] {processor.py:840} INFO - DAG(s) 'inegi_playwright' retrieved from /opt/airflow/dags/inegi_playwright_dag.py
[2026-05-25T14:39:03.562+0000] {logging_mixin.py:188} INFO - [2026-05-25T14:39:03.562+0000] {dag.py:3047} INFO - Sync 1 DAGs
[2026-05-25T14:39:04.469+0000] {logging_mixin.py:188} INFO - [2026-05-25T14:39:04.437+0000] {dag.py:3834} INFO - Setting next_dagrun for inegi_playwright to 2026-05-25 00:00:00+00:00, run_after=2026-05-26 00:00:00+00:00
[2026-05-25T14:39:04.919+0000] {processor.py:183} INFO - Processing /opt/airflow/dags/inegi_playwright_dag.py took 3.648 seconds
[2026-05-25T14:39:35.645+0000] {processor.py:161} INFO - Started process (PID=1374) to work on /opt/airflow/dags/inegi_playwright_dag.py
[2026-05-25T14:39:35.648+0000] {processor.py:830} INFO - Processing file /opt/airflow/dags/inegi_playwright_dag.py for tasks to queue
[2026-05-25T14:39:35.652+0000] {logging_mixin.py:188} INFO - [2026-05-25T14:39:35.651+0000] {dagbag.py:540} INFO - Filling up the DagBag from /opt/airflow/dags/inegi_playwright_dag.py
[2026-05-25T14:39:35.728+0000] {processor.py:840} INFO - DAG(s) 'inegi_playwright' retrieved from /opt/airflow/dags/inegi_playwright_dag.py
[2026-05-25T14:39:35.801+0000] {logging_mixin.py:188} INFO - [2026-05-25T14:39:35.800+0000] {dag.py:3047} INFO - Sync 1 DAGs
[2026-05-25T14:39:35.876+0000] {logging_mixin.py:188} INFO - [2026-05-25T14:39:35.875+0000] {dag.py:3834} INFO - Setting next_dagrun for inegi_playwright to 2026-05-25 00:00:00+00:00, run_after=2026-05-26 00:00:00+00:00
[2026-05-25T14:39:35.988+0000] {processor.py:183} INFO - Processing /opt/airflow/dags/inegi_playwright_dag.py took 0.354 seconds
[2026-05-25T14:40:07.133+0000] {processor.py:161} INFO - Started process (PID=1404) to work on /opt/airflow/dags/inegi_playwright_dag.py
[2026-05-25T14:40:07.168+0000] {processor.py:830} INFO - Processing file /opt/airflow/dags/inegi_playwright_dag.py for tasks to queue
[2026-05-25T14:40:07.194+0000] {logging_mixin.py:188} INFO - [2026-05-25T14:40:07.193+0000] {dagbag.py:540} INFO - Filling up the DagBag from /opt/airflow/dags/inegi_playwright_dag.py
[2026-05-25T14:40:07.715+0000] {processor.py:840} INFO - DAG(s) 'inegi_playwright' retrieved from /opt/airflow/dags/inegi_playwright_dag.py
[2026-05-25T14:40:08.057+0000] {logging_mixin.py:188} INFO - [2026-05-25T14:40:08.056+0000] {dag.py:3047} INFO - Sync 1 DAGs
[2026-05-25T14:40:08.146+0000] {logging_mixin.py:188} INFO - [2026-05-25T14:40:08.146+0000] {dag.py:3834} INFO - Setting next_dagrun for inegi_playwright to 2026-05-25 00:00:00+00:00, run_after=2026-05-26 00:00:00+00:00
[2026-05-25T14:40:08.218+0000] {processor.py:183} INFO - Processing /opt/airflow/dags/inegi_playwright_dag.py took 1.135 seconds
[2026-05-25T14:40:39.388+0000] {processor.py:161} INFO - Started process (PID=1434) to work on /opt/airflow/dags/inegi_playwright_dag.py
[2026-05-25T14:40:39.394+0000] {processor.py:830} INFO - Processing file /opt/airflow/dags/inegi_playwright_dag.py for tasks to queue
[2026-05-25T14:40:39.405+0000] {logging_mixin.py:188} INFO - [2026-05-25T14:40:39.404+0000] {dagbag.py:540} INFO - Filling up the DagBag from /opt/airflow/dags/inegi_playwright_dag.py
[2026-05-25T14:40:39.517+0000] {processor.py:840} INFO - DAG(s) 'inegi_playwright' retrieved from /opt/airflow/dags/inegi_playwright_dag.py
[2026-05-25T14:40:39.625+0000] {logging_mixin.py:188} INFO - [2026-05-25T14:40:39.624+0000] {dag.py:3047} INFO - Sync 1 DAGs
[2026-05-25T14:40:39.704+0000] {logging_mixin.py:188} INFO - [2026-05-25T14:40:39.703+0000] {dag.py:3834} INFO - Setting next_dagrun for inegi_playwright to 2026-05-25 00:00:00+00:00, run_after=2026-05-26 00:00:00+00:00
[2026-05-25T14:40:39.830+0000] {processor.py:183} INFO - Processing /opt/airflow/dags/inegi_playwright_dag.py took 0.462 seconds
[2026-05-25T14:41:10.332+0000] {processor.py:161} INFO - Started process (PID=1464) to work on /opt/airflow/dags/inegi_playwright_dag.py
[2026-05-25T14:41:10.336+0000] {processor.py:830} INFO - Processing file /opt/airflow/dags/inegi_playwright_dag.py for tasks to queue
[2026-05-25T14:41:10.340+0000] {logging_mixin.py:188} INFO - [2026-05-25T14:41:10.339+0000] {dagbag.py:540} INFO - Filling up the DagBag from /opt/airflow/dags/inegi_playwright_dag.py
[2026-05-25T14:41:10.416+0000] {processor.py:840} INFO - DAG(s) 'inegi_playwright' retrieved from /opt/airflow/dags/inegi_playwright_dag.py
[2026-05-25T14:41:10.554+0000] {logging_mixin.py:188} INFO - [2026-05-25T14:41:10.553+0000] {dag.py:3047} INFO - Sync 1 DAGs
[2026-05-25T14:41:10.655+0000] {logging_mixin.py:188} INFO - [2026-05-25T14:41:10.654+0000] {dag.py:3834} INFO - Setting next_dagrun for inegi_playwright to 2026-05-25 00:00:00+00:00, run_after=2026-05-26 00:00:00+00:00
[2026-05-25T14:41:10.783+0000] {processor.py:183} INFO - Processing /opt/airflow/dags/inegi_playwright_dag.py took 0.471 seconds
[2026-05-25T14:41:41.768+0000] {processor.py:161} INFO - Started process (PID=1494) to work on /opt/airflow/dags/inegi_playwright_dag.py
[2026-05-25T14:41:41.778+0000] {processor.py:830} INFO - Processing file /opt/airflow/dags/inegi_playwright_dag.py for tasks to queue
[2026-05-25T14:41:41.785+0000] {logging_mixin.py:188} INFO - [2026-05-25T14:41:41.784+0000] {dagbag.py:540} INFO - Filling up the DagBag from /opt/airflow/dags/inegi_playwright_dag.py
[2026-05-25T14:41:41.928+0000] {processor.py:840} INFO - DAG(s) 'inegi_playwright' retrieved from /opt/airflow/dags/inegi_playwright_dag.py
[2026-05-25T14:41:41.995+0000] {logging_mixin.py:188} INFO - [2026-05-25T14:41:41.994+0000] {dag.py:3047} INFO - Sync 1 DAGs
[2026-05-25T14:41:42.064+0000] {logging_mixin.py:188} INFO - [2026-05-25T14:41:42.063+0000] {dag.py:3834} INFO - Setting next_dagrun for inegi_playwright to 2026-05-25 00:00:00+00:00, run_after=2026-05-26 00:00:00+00:00
[2026-05-25T14:41:42.135+0000] {processor.py:183} INFO - Processing /opt/airflow/dags/inegi_playwright_dag.py took 0.385 seconds
[2026-05-25T14:42:12.689+0000] {processor.py:161} INFO - Started process (PID=1524) to work on /opt/airflow/dags/inegi_playwright_dag.py
[2026-05-25T14:42:12.693+0000] {processor.py:830} INFO - Processing file /opt/airflow/dags/inegi_playwright_dag.py for tasks to queue
[2026-05-25T14:42:12.698+0000] {logging_mixin.py:188} INFO - [2026-05-25T14:42:12.696+0000] {dagbag.py:540} INFO - Filling up the DagBag from /opt/airflow/dags/inegi_playwright_dag.py
[2026-05-25T14:42:12.768+0000] {processor.py:840} INFO - DAG(s) 'inegi_playwright' retrieved from /opt/airflow/dags/inegi_playwright_dag.py
[2026-05-25T14:42:12.843+0000] {logging_mixin.py:188} INFO - [2026-05-25T14:42:12.842+0000] {dag.py:3047} INFO - Sync 1 DAGs
[2026-05-25T14:42:12.914+0000] {logging_mixin.py:188} INFO - [2026-05-25T14:42:12.913+0000] {dag.py:3834} INFO - Setting next_dagrun for inegi_playwright to 2026-05-25 00:00:00+00:00, run_after=2026-05-26 00:00:00+00:00
[2026-05-25T14:42:12.988+0000] {processor.py:183} INFO - Processing /opt/airflow/dags/inegi_playwright_dag.py took 0.321 seconds
[2026-05-25T14:42:43.667+0000] {processor.py:161} INFO - Started process (PID=1554) to work on /opt/airflow/dags/inegi_playwright_dag.py
[2026-05-25T14:42:43.671+0000] {processor.py:830} INFO - Processing file /opt/airflow/dags/inegi_playwright_dag.py for tasks to queue
[2026-05-25T14:42:43.675+0000] {logging_mixin.py:188} INFO - [2026-05-25T14:42:43.674+0000] {dagbag.py:540} INFO - Filling up the DagBag from /opt/airflow/dags/inegi_playwright_dag.py
[2026-05-25T14:42:43.761+0000] {processor.py:840} INFO - DAG(s) 'inegi_playwright' retrieved from /opt/airflow/dags/inegi_playwright_dag.py
[2026-05-25T14:42:43.835+0000] {logging_mixin.py:188} INFO - [2026-05-25T14:42:43.835+0000] {dag.py:3047} INFO - Sync 1 DAGs
[2026-05-25T14:42:43.914+0000] {logging_mixin.py:188} INFO - [2026-05-25T14:42:43.913+0000] {dag.py:3834} INFO - Setting next_dagrun for inegi_playwright to 2026-05-25 00:00:00+00:00, run_after=2026-05-26 00:00:00+00:00
[2026-05-25T14:42:43.995+0000] {processor.py:183} INFO - Processing /opt/airflow/dags/inegi_playwright_dag.py took 0.342 seconds
[2026-05-25T14:43:14.561+0000] {processor.py:161} INFO - Started process (PID=1584) to work on /opt/airflow/dags/inegi_playwright_dag.py
[2026-05-25T14:43:14.564+0000] {processor.py:830} INFO - Processing file /opt/airflow/dags/inegi_playwright_dag.py for tasks to queue
[2026-05-25T14:43:14.574+0000] {logging_mixin.py:188} INFO - [2026-05-25T14:43:14.568+0000] {dagbag.py:540} INFO - Filling up the DagBag from /opt/airflow/dags/inegi_playwright_dag.py
[2026-05-25T14:43:14.643+0000] {processor.py:840} INFO - DAG(s) 'inegi_playwright' retrieved from /opt/airflow/dags/inegi_playwright_dag.py
[2026-05-25T14:43:14.734+0000] {logging_mixin.py:188} INFO - [2026-05-25T14:43:14.733+0000] {dag.py:3047} INFO - Sync 1 DAGs
[2026-05-25T14:43:14.883+0000] {logging_mixin.py:188} INFO - [2026-05-25T14:43:14.883+0000] {dag.py:3834} INFO - Setting next_dagrun for inegi_playwright to 2026-05-25 00:00:00+00:00, run_after=2026-05-26 00:00:00+00:00
[2026-05-25T14:43:14.995+0000] {processor.py:183} INFO - Processing /opt/airflow/dags/inegi_playwright_dag.py took 0.463 seconds
[2026-05-25T14:43:46.309+0000] {processor.py:161} INFO - Started process (PID=1614) to work on /opt/airflow/dags/inegi_playwright_dag.py
[2026-05-25T14:43:46.312+0000] {processor.py:830} INFO - Processing file /opt/airflow/dags/inegi_playwright_dag.py for tasks to queue
[2026-05-25T14:43:46.316+0000] {logging_mixin.py:188} INFO - [2026-05-25T14:43:46.315+0000] {dagbag.py:540} INFO - Filling up the DagBag from /opt/airflow/dags/inegi_playwright_dag.py
[2026-05-25T14:43:46.396+0000] {processor.py:840} INFO - DAG(s) 'inegi_playwright' retrieved from /opt/airflow/dags/inegi_playwright_dag.py
[2026-05-25T14:43:46.499+0000] {logging_mixin.py:188} INFO - [2026-05-25T14:43:46.498+0000] {dag.py:3047} INFO - Sync 1 DAGs
[2026-05-25T14:43:46.575+0000] {logging_mixin.py:188} INFO - [2026-05-25T14:43:46.575+0000] {dag.py:3834} INFO - Setting next_dagrun for inegi_playwright to 2026-05-25 00:00:00+00:00, run_after=2026-05-26 00:00:00+00:00
[2026-05-25T14:43:46.682+0000] {processor.py:183} INFO - Processing /opt/airflow/dags/inegi_playwright_dag.py took 0.388 seconds
[2026-05-25T14:44:17.543+0000] {processor.py:161} INFO - Started process (PID=1644) to work on /opt/airflow/dags/inegi_playwright_dag.py
[2026-05-25T14:44:17.564+0000] {processor.py:830} INFO - Processing file /opt/airflow/dags/inegi_playwright_dag.py for tasks to queue
[2026-05-25T14:44:17.570+0000] {logging_mixin.py:188} INFO - [2026-05-25T14:44:17.569+0000] {dagbag.py:540} INFO - Filling up the DagBag from /opt/airflow/dags/inegi_playwright_dag.py
[2026-05-25T14:44:17.715+0000] {processor.py:840} INFO - DAG(s) 'inegi_playwright' retrieved from /opt/airflow/dags/inegi_playwright_dag.py
[2026-05-25T14:44:17.944+0000] {logging_mixin.py:188} INFO - [2026-05-25T14:44:17.944+0000] {dag.py:3047} INFO - Sync 1 DAGs
[2026-05-25T14:44:18.109+0000] {logging_mixin.py:188} INFO - [2026-05-25T14:44:18.108+0000] {dag.py:3834} INFO - Setting next_dagrun for inegi_playwright to 2026-05-25 00:00:00+00:00, run_after=2026-05-26 00:00:00+00:00
[2026-05-25T14:44:18.314+0000] {processor.py:183} INFO - Processing /opt/airflow/dags/inegi_playwright_dag.py took 0.790 seconds
[2026-05-25T14:44:53.565+0000] {processor.py:161} INFO - Started process (PID=1674) to work on /opt/airflow/dags/inegi_playwright_dag.py
[2026-05-25T14:44:53.636+0000] {processor.py:830} INFO - Processing file /opt/airflow/dags/inegi_playwright_dag.py for tasks to queue
[2026-05-25T14:44:53.691+0000] {logging_mixin.py:188} INFO - [2026-05-25T14:44:53.690+0000] {dagbag.py:540} INFO - Filling up the DagBag from /opt/airflow/dags/inegi_playwright_dag.py
[2026-05-25T14:44:54.655+0000] {processor.py:840} INFO - DAG(s) 'inegi_playwright' retrieved from /opt/airflow/dags/inegi_playwright_dag.py
[2026-05-25T14:44:54.923+0000] {logging_mixin.py:188} INFO - [2026-05-25T14:44:54.923+0000] {dag.py:3047} INFO - Sync 1 DAGs
[2026-05-25T14:44:55.181+0000] {logging_mixin.py:188} INFO - [2026-05-25T14:44:55.180+0000] {dag.py:3834} INFO - Setting next_dagrun for inegi_playwright to 2026-05-25 00:00:00+00:00, run_after=2026-05-26 00:00:00+00:00
[2026-05-25T14:44:55.604+0000] {processor.py:183} INFO - Processing /opt/airflow/dags/inegi_playwright_dag.py took 2.060 seconds
