[2026-05-25T14:13:23.825+0000] {processor.py:161} INFO - Started process (PID=71) to work on /opt/airflow/dags/inegi_scraper_dag.py
[2026-05-25T14:13:23.828+0000] {processor.py:830} INFO - Processing file /opt/airflow/dags/inegi_scraper_dag.py for tasks to queue
[2026-05-25T14:13:23.831+0000] {logging_mixin.py:188} INFO - [2026-05-25T14:13:23.830+0000] {dagbag.py:540} INFO - Filling up the DagBag from /opt/airflow/dags/inegi_scraper_dag.py
[2026-05-25T14:13:23.988+0000] {processor.py:840} INFO - DAG(s) 'inegi_scraper' retrieved from /opt/airflow/dags/inegi_scraper_dag.py
[2026-05-25T14:13:27.202+0000] {logging_mixin.py:188} INFO - [2026-05-25T14:13:27.202+0000] {dag.py:3047} INFO - Sync 1 DAGs
[2026-05-25T14:13:27.457+0000] {logging_mixin.py:188} INFO - [2026-05-25T14:13:27.456+0000] {dag.py:3834} INFO - Setting next_dagrun for inegi_scraper to 2026-05-25 00:00:00+00:00, run_after=2026-05-26 00:00:00+00:00
[2026-05-25T14:13:27.909+0000] {processor.py:183} INFO - Processing /opt/airflow/dags/inegi_scraper_dag.py took 4.104 seconds
[2026-05-25T14:14:09.460+0000] {processor.py:161} INFO - Started process (PID=105) to work on /opt/airflow/dags/inegi_scraper_dag.py
[2026-05-25T14:14:09.607+0000] {processor.py:830} INFO - Processing file /opt/airflow/dags/inegi_scraper_dag.py for tasks to queue
[2026-05-25T14:14:09.650+0000] {logging_mixin.py:188} INFO - [2026-05-25T14:14:09.647+0000] {dagbag.py:540} INFO - Filling up the DagBag from /opt/airflow/dags/inegi_scraper_dag.py
[2026-05-25T14:14:10.579+0000] {processor.py:840} INFO - DAG(s) 'inegi_scraper' retrieved from /opt/airflow/dags/inegi_scraper_dag.py
[2026-05-25T14:14:13.166+0000] {logging_mixin.py:188} INFO - [2026-05-25T14:14:13.166+0000] {dag.py:3047} INFO - Sync 1 DAGs
[2026-05-25T14:14:14.799+0000] {logging_mixin.py:188} INFO - [2026-05-25T14:14:14.799+0000] {dag.py:3834} INFO - Setting next_dagrun for inegi_scraper to 2026-05-25 00:00:00+00:00, run_after=2026-05-26 00:00:00+00:00
[2026-05-25T14:14:15.826+0000] {processor.py:183} INFO - Processing /opt/airflow/dags/inegi_scraper_dag.py took 6.883 seconds
[2026-05-25T14:14:48.817+0000] {processor.py:161} INFO - Started process (PID=136) to work on /opt/airflow/dags/inegi_scraper_dag.py
[2026-05-25T14:14:48.893+0000] {processor.py:830} INFO - Processing file /opt/airflow/dags/inegi_scraper_dag.py for tasks to queue
[2026-05-25T14:14:48.913+0000] {logging_mixin.py:188} INFO - [2026-05-25T14:14:48.912+0000] {dagbag.py:540} INFO - Filling up the DagBag from /opt/airflow/dags/inegi_scraper_dag.py
[2026-05-25T14:14:49.158+0000] {processor.py:840} INFO - DAG(s) 'inegi_scraper' retrieved from /opt/airflow/dags/inegi_scraper_dag.py
[2026-05-25T14:14:49.351+0000] {logging_mixin.py:188} INFO - [2026-05-25T14:14:49.348+0000] {dag.py:3047} INFO - Sync 1 DAGs
[2026-05-25T14:14:50.535+0000] {logging_mixin.py:188} INFO - [2026-05-25T14:14:50.534+0000] {dag.py:3834} INFO - Setting next_dagrun for inegi_scraper to 2026-05-25 00:00:00+00:00, run_after=2026-05-26 00:00:00+00:00
[2026-05-25T14:14:51.109+0000] {processor.py:183} INFO - Processing /opt/airflow/dags/inegi_scraper_dag.py took 2.497 seconds
[2026-05-25T14:15:23.693+0000] {processor.py:161} INFO - Started process (PID=167) to work on /opt/airflow/dags/inegi_scraper_dag.py
[2026-05-25T14:15:23.696+0000] {processor.py:830} INFO - Processing file /opt/airflow/dags/inegi_scraper_dag.py for tasks to queue
[2026-05-25T14:15:23.699+0000] {logging_mixin.py:188} INFO - [2026-05-25T14:15:23.698+0000] {dagbag.py:540} INFO - Filling up the DagBag from /opt/airflow/dags/inegi_scraper_dag.py
[2026-05-25T14:15:25.087+0000] {processor.py:840} INFO - DAG(s) 'inegi_scraper' retrieved from /opt/airflow/dags/inegi_scraper_dag.py
[2026-05-25T14:15:25.377+0000] {logging_mixin.py:188} INFO - [2026-05-25T14:15:25.376+0000] {dag.py:3047} INFO - Sync 1 DAGs
[2026-05-25T14:15:26.478+0000] {logging_mixin.py:188} INFO - [2026-05-25T14:15:26.477+0000] {dag.py:3834} INFO - Setting next_dagrun for inegi_scraper to 2026-05-25 00:00:00+00:00, run_after=2026-05-26 00:00:00+00:00
[2026-05-25T14:15:26.684+0000] {processor.py:183} INFO - Processing /opt/airflow/dags/inegi_scraper_dag.py took 3.039 seconds
[2026-05-25T14:15:59.898+0000] {processor.py:161} INFO - Started process (PID=197) to work on /opt/airflow/dags/inegi_scraper_dag.py
[2026-05-25T14:15:59.918+0000] {processor.py:830} INFO - Processing file /opt/airflow/dags/inegi_scraper_dag.py for tasks to queue
[2026-05-25T14:15:59.931+0000] {logging_mixin.py:188} INFO - [2026-05-25T14:15:59.930+0000] {dagbag.py:540} INFO - Filling up the DagBag from /opt/airflow/dags/inegi_scraper_dag.py
[2026-05-25T14:16:00.615+0000] {processor.py:840} INFO - DAG(s) 'inegi_scraper' retrieved from /opt/airflow/dags/inegi_scraper_dag.py
[2026-05-25T14:16:03.272+0000] {logging_mixin.py:188} INFO - [2026-05-25T14:16:03.271+0000] {dag.py:3047} INFO - Sync 1 DAGs
[2026-05-25T14:16:04.577+0000] {logging_mixin.py:188} INFO - [2026-05-25T14:16:04.561+0000] {dag.py:3834} INFO - Setting next_dagrun for inegi_scraper to 2026-05-25 00:00:00+00:00, run_after=2026-05-26 00:00:00+00:00
[2026-05-25T14:16:05.861+0000] {processor.py:183} INFO - Processing /opt/airflow/dags/inegi_scraper_dag.py took 6.099 seconds
[2026-05-25T14:16:36.747+0000] {processor.py:161} INFO - Started process (PID=227) to work on /opt/airflow/dags/inegi_scraper_dag.py
[2026-05-25T14:16:36.780+0000] {processor.py:830} INFO - Processing file /opt/airflow/dags/inegi_scraper_dag.py for tasks to queue
[2026-05-25T14:16:36.800+0000] {logging_mixin.py:188} INFO - [2026-05-25T14:16:36.799+0000] {dagbag.py:540} INFO - Filling up the DagBag from /opt/airflow/dags/inegi_scraper_dag.py
[2026-05-25T14:16:37.825+0000] {processor.py:840} INFO - DAG(s) 'inegi_scraper' retrieved from /opt/airflow/dags/inegi_scraper_dag.py
[2026-05-25T14:16:38.485+0000] {logging_mixin.py:188} INFO - [2026-05-25T14:16:38.484+0000] {dag.py:3047} INFO - Sync 1 DAGs
[2026-05-25T14:16:39.200+0000] {logging_mixin.py:188} INFO - [2026-05-25T14:16:39.199+0000] {dag.py:3834} INFO - Setting next_dagrun for inegi_scraper to 2026-05-25 00:00:00+00:00, run_after=2026-05-26 00:00:00+00:00
[2026-05-25T14:16:40.008+0000] {processor.py:183} INFO - Processing /opt/airflow/dags/inegi_scraper_dag.py took 3.379 seconds
[2026-05-25T14:17:13.726+0000] {processor.py:161} INFO - Started process (PID=257) to work on /opt/airflow/dags/inegi_scraper_dag.py
[2026-05-25T14:17:13.731+0000] {processor.py:830} INFO - Processing file /opt/airflow/dags/inegi_scraper_dag.py for tasks to queue
[2026-05-25T14:17:13.735+0000] {logging_mixin.py:188} INFO - [2026-05-25T14:17:13.734+0000] {dagbag.py:540} INFO - Filling up the DagBag from /opt/airflow/dags/inegi_scraper_dag.py
[2026-05-25T14:17:14.010+0000] {processor.py:840} INFO - DAG(s) 'inegi_scraper' retrieved from /opt/airflow/dags/inegi_scraper_dag.py
[2026-05-25T14:17:14.193+0000] {logging_mixin.py:188} INFO - [2026-05-25T14:17:14.193+0000] {dag.py:3047} INFO - Sync 1 DAGs
[2026-05-25T14:17:14.567+0000] {logging_mixin.py:188} INFO - [2026-05-25T14:17:14.566+0000] {dag.py:3834} INFO - Setting next_dagrun for inegi_scraper to 2026-05-25 00:00:00+00:00, run_after=2026-05-26 00:00:00+00:00
[2026-05-25T14:17:15.107+0000] {processor.py:183} INFO - Processing /opt/airflow/dags/inegi_scraper_dag.py took 1.454 seconds
[2026-05-25T14:17:50.336+0000] {processor.py:161} INFO - Started process (PID=287) to work on /opt/airflow/dags/inegi_scraper_dag.py
[2026-05-25T14:17:50.345+0000] {processor.py:830} INFO - Processing file /opt/airflow/dags/inegi_scraper_dag.py for tasks to queue
[2026-05-25T14:17:50.353+0000] {logging_mixin.py:188} INFO - [2026-05-25T14:17:50.352+0000] {dagbag.py:540} INFO - Filling up the DagBag from /opt/airflow/dags/inegi_scraper_dag.py
[2026-05-25T14:17:50.848+0000] {processor.py:840} INFO - DAG(s) 'inegi_scraper' retrieved from /opt/airflow/dags/inegi_scraper_dag.py
[2026-05-25T14:17:52.307+0000] {logging_mixin.py:188} INFO - [2026-05-25T14:17:52.301+0000] {dag.py:3047} INFO - Sync 1 DAGs
[2026-05-25T14:17:52.960+0000] {logging_mixin.py:188} INFO - [2026-05-25T14:17:52.959+0000] {dag.py:3834} INFO - Setting next_dagrun for inegi_scraper to 2026-05-25 00:00:00+00:00, run_after=2026-05-26 00:00:00+00:00
[2026-05-25T14:17:53.943+0000] {processor.py:183} INFO - Processing /opt/airflow/dags/inegi_scraper_dag.py took 3.722 seconds
[2026-05-25T14:18:38.279+0000] {processor.py:161} INFO - Started process (PID=317) to work on /opt/airflow/dags/inegi_scraper_dag.py
[2026-05-25T14:18:38.290+0000] {processor.py:830} INFO - Processing file /opt/airflow/dags/inegi_scraper_dag.py for tasks to queue
[2026-05-25T14:18:38.313+0000] {logging_mixin.py:188} INFO - [2026-05-25T14:18:38.312+0000] {dagbag.py:540} INFO - Filling up the DagBag from /opt/airflow/dags/inegi_scraper_dag.py
[2026-05-25T14:18:38.910+0000] {processor.py:840} INFO - DAG(s) 'inegi_scraper' retrieved from /opt/airflow/dags/inegi_scraper_dag.py
[2026-05-25T14:18:39.765+0000] {logging_mixin.py:188} INFO - [2026-05-25T14:18:39.765+0000] {dag.py:3047} INFO - Sync 1 DAGs
[2026-05-25T14:18:40.735+0000] {logging_mixin.py:188} INFO - [2026-05-25T14:18:40.733+0000] {dag.py:3834} INFO - Setting next_dagrun for inegi_scraper to 2026-05-25 00:00:00+00:00, run_after=2026-05-26 00:00:00+00:00
[2026-05-25T14:18:41.920+0000] {processor.py:183} INFO - Processing /opt/airflow/dags/inegi_scraper_dag.py took 3.756 seconds
[2026-05-25T14:19:17.406+0000] {processor.py:161} INFO - Started process (PID=350) to work on /opt/airflow/dags/inegi_scraper_dag.py
[2026-05-25T14:19:17.453+0000] {processor.py:830} INFO - Processing file /opt/airflow/dags/inegi_scraper_dag.py for tasks to queue
[2026-05-25T14:19:17.613+0000] {logging_mixin.py:188} INFO - [2026-05-25T14:19:17.520+0000] {dagbag.py:540} INFO - Filling up the DagBag from /opt/airflow/dags/inegi_scraper_dag.py
[2026-05-25T14:19:20.632+0000] {processor.py:840} INFO - DAG(s) 'inegi_scraper' retrieved from /opt/airflow/dags/inegi_scraper_dag.py
[2026-05-25T14:19:22.151+0000] {logging_mixin.py:188} INFO - [2026-05-25T14:19:22.147+0000] {dag.py:3047} INFO - Sync 1 DAGs
[2026-05-25T14:19:23.638+0000] {logging_mixin.py:188} INFO - [2026-05-25T14:19:23.637+0000] {dag.py:3834} INFO - Setting next_dagrun for inegi_scraper to 2026-05-25 00:00:00+00:00, run_after=2026-05-26 00:00:00+00:00
[2026-05-25T14:19:25.710+0000] {processor.py:183} INFO - Processing /opt/airflow/dags/inegi_scraper_dag.py took 8.548 seconds
[2026-05-25T14:19:56.640+0000] {processor.py:161} INFO - Started process (PID=385) to work on /opt/airflow/dags/inegi_scraper_dag.py
[2026-05-25T14:19:56.662+0000] {processor.py:830} INFO - Processing file /opt/airflow/dags/inegi_scraper_dag.py for tasks to queue
[2026-05-25T14:19:56.668+0000] {logging_mixin.py:188} INFO - [2026-05-25T14:19:56.666+0000] {dagbag.py:540} INFO - Filling up the DagBag from /opt/airflow/dags/inegi_scraper_dag.py
[2026-05-25T14:19:56.790+0000] {processor.py:840} INFO - DAG(s) 'inegi_scraper' retrieved from /opt/airflow/dags/inegi_scraper_dag.py
[2026-05-25T14:19:57.062+0000] {logging_mixin.py:188} INFO - [2026-05-25T14:19:57.062+0000] {dag.py:3047} INFO - Sync 1 DAGs
[2026-05-25T14:19:57.268+0000] {logging_mixin.py:188} INFO - [2026-05-25T14:19:57.268+0000] {dag.py:3834} INFO - Setting next_dagrun for inegi_scraper to 2026-05-25 00:00:00+00:00, run_after=2026-05-26 00:00:00+00:00
[2026-05-25T14:19:58.107+0000] {processor.py:183} INFO - Processing /opt/airflow/dags/inegi_scraper_dag.py took 1.492 seconds
[2026-05-25T14:20:33.226+0000] {processor.py:161} INFO - Started process (PID=413) to work on /opt/airflow/dags/inegi_scraper_dag.py
[2026-05-25T14:20:33.272+0000] {processor.py:830} INFO - Processing file /opt/airflow/dags/inegi_scraper_dag.py for tasks to queue
[2026-05-25T14:20:33.320+0000] {logging_mixin.py:188} INFO - [2026-05-25T14:20:33.320+0000] {dagbag.py:540} INFO - Filling up the DagBag from /opt/airflow/dags/inegi_scraper_dag.py
[2026-05-25T14:20:35.853+0000] {processor.py:840} INFO - DAG(s) 'inegi_scraper' retrieved from /opt/airflow/dags/inegi_scraper_dag.py
[2026-05-25T14:20:36.773+0000] {logging_mixin.py:188} INFO - [2026-05-25T14:20:36.772+0000] {dag.py:3047} INFO - Sync 1 DAGs
[2026-05-25T14:20:37.868+0000] {logging_mixin.py:188} INFO - [2026-05-25T14:20:37.867+0000] {dag.py:3834} INFO - Setting next_dagrun for inegi_scraper to 2026-05-25 00:00:00+00:00, run_after=2026-05-26 00:00:00+00:00
[2026-05-25T14:20:39.000+0000] {processor.py:183} INFO - Processing /opt/airflow/dags/inegi_scraper_dag.py took 5.872 seconds
[2026-05-25T14:21:14.427+0000] {processor.py:161} INFO - Started process (PID=443) to work on /opt/airflow/dags/inegi_scraper_dag.py
[2026-05-25T14:21:14.649+0000] {processor.py:830} INFO - Processing file /opt/airflow/dags/inegi_scraper_dag.py for tasks to queue
[2026-05-25T14:21:14.796+0000] {logging_mixin.py:188} INFO - [2026-05-25T14:21:14.795+0000] {dagbag.py:540} INFO - Filling up the DagBag from /opt/airflow/dags/inegi_scraper_dag.py
[2026-05-25T14:21:18.383+0000] {processor.py:840} INFO - DAG(s) 'inegi_scraper' retrieved from /opt/airflow/dags/inegi_scraper_dag.py
[2026-05-25T14:21:18.861+0000] {logging_mixin.py:188} INFO - [2026-05-25T14:21:18.860+0000] {dag.py:3047} INFO - Sync 1 DAGs
[2026-05-25T14:21:19.714+0000] {logging_mixin.py:188} INFO - [2026-05-25T14:21:19.713+0000] {dag.py:3834} INFO - Setting next_dagrun for inegi_scraper to 2026-05-25 00:00:00+00:00, run_after=2026-05-26 00:00:00+00:00
[2026-05-25T14:21:20.103+0000] {processor.py:183} INFO - Processing /opt/airflow/dags/inegi_scraper_dag.py took 5.771 seconds
[2026-05-25T14:21:51.096+0000] {processor.py:161} INFO - Started process (PID=475) to work on /opt/airflow/dags/inegi_scraper_dag.py
[2026-05-25T14:21:51.108+0000] {processor.py:830} INFO - Processing file /opt/airflow/dags/inegi_scraper_dag.py for tasks to queue
[2026-05-25T14:21:51.120+0000] {logging_mixin.py:188} INFO - [2026-05-25T14:21:51.112+0000] {dagbag.py:540} INFO - Filling up the DagBag from /opt/airflow/dags/inegi_scraper_dag.py
[2026-05-25T14:21:51.318+0000] {processor.py:840} INFO - DAG(s) 'inegi_scraper' retrieved from /opt/airflow/dags/inegi_scraper_dag.py
[2026-05-25T14:21:51.572+0000] {logging_mixin.py:188} INFO - [2026-05-25T14:21:51.571+0000] {dag.py:3047} INFO - Sync 1 DAGs
[2026-05-25T14:21:52.676+0000] {logging_mixin.py:188} INFO - [2026-05-25T14:21:52.676+0000] {dag.py:3834} INFO - Setting next_dagrun for inegi_scraper to 2026-05-25 00:00:00+00:00, run_after=2026-05-26 00:00:00+00:00
[2026-05-25T14:21:54.564+0000] {processor.py:183} INFO - Processing /opt/airflow/dags/inegi_scraper_dag.py took 3.546 seconds
[2026-05-25T14:22:25.871+0000] {processor.py:161} INFO - Started process (PID=505) to work on /opt/airflow/dags/inegi_scraper_dag.py
[2026-05-25T14:22:25.889+0000] {processor.py:830} INFO - Processing file /opt/airflow/dags/inegi_scraper_dag.py for tasks to queue
[2026-05-25T14:22:25.901+0000] {logging_mixin.py:188} INFO - [2026-05-25T14:22:25.895+0000] {dagbag.py:540} INFO - Filling up the DagBag from /opt/airflow/dags/inegi_scraper_dag.py
[2026-05-25T14:22:26.564+0000] {processor.py:840} INFO - DAG(s) 'inegi_scraper' retrieved from /opt/airflow/dags/inegi_scraper_dag.py
[2026-05-25T14:22:27.029+0000] {logging_mixin.py:188} INFO - [2026-05-25T14:22:27.028+0000] {dag.py:3047} INFO - Sync 1 DAGs
[2026-05-25T14:22:27.606+0000] {logging_mixin.py:188} INFO - [2026-05-25T14:22:27.593+0000] {dag.py:3834} INFO - Setting next_dagrun for inegi_scraper to 2026-05-25 00:00:00+00:00, run_after=2026-05-26 00:00:00+00:00
[2026-05-25T14:22:28.333+0000] {processor.py:183} INFO - Processing /opt/airflow/dags/inegi_scraper_dag.py took 2.560 seconds
[2026-05-25T14:23:01.086+0000] {processor.py:161} INFO - Started process (PID=535) to work on /opt/airflow/dags/inegi_scraper_dag.py
[2026-05-25T14:23:01.092+0000] {processor.py:830} INFO - Processing file /opt/airflow/dags/inegi_scraper_dag.py for tasks to queue
[2026-05-25T14:23:01.107+0000] {logging_mixin.py:188} INFO - [2026-05-25T14:23:01.094+0000] {dagbag.py:540} INFO - Filling up the DagBag from /opt/airflow/dags/inegi_scraper_dag.py
[2026-05-25T14:23:02.515+0000] {processor.py:840} INFO - DAG(s) 'inegi_scraper' retrieved from /opt/airflow/dags/inegi_scraper_dag.py
[2026-05-25T14:23:03.918+0000] {logging_mixin.py:188} INFO - [2026-05-25T14:23:03.918+0000] {dag.py:3047} INFO - Sync 1 DAGs
[2026-05-25T14:23:05.766+0000] {logging_mixin.py:188} INFO - [2026-05-25T14:23:05.766+0000] {dag.py:3834} INFO - Setting next_dagrun for inegi_scraper to 2026-05-25 00:00:00+00:00, run_after=2026-05-26 00:00:00+00:00
[2026-05-25T14:23:06.453+0000] {processor.py:183} INFO - Processing /opt/airflow/dags/inegi_scraper_dag.py took 5.401 seconds
[2026-05-25T14:23:43.021+0000] {processor.py:161} INFO - Started process (PID=569) to work on /opt/airflow/dags/inegi_scraper_dag.py
[2026-05-25T14:23:43.247+0000] {processor.py:830} INFO - Processing file /opt/airflow/dags/inegi_scraper_dag.py for tasks to queue
[2026-05-25T14:23:43.278+0000] {logging_mixin.py:188} INFO - [2026-05-25T14:23:43.277+0000] {dagbag.py:540} INFO - Filling up the DagBag from /opt/airflow/dags/inegi_scraper_dag.py
[2026-05-25T14:23:44.084+0000] {processor.py:840} INFO - DAG(s) 'inegi_scraper' retrieved from /opt/airflow/dags/inegi_scraper_dag.py
[2026-05-25T14:23:44.564+0000] {logging_mixin.py:188} INFO - [2026-05-25T14:23:44.550+0000] {dag.py:3047} INFO - Sync 1 DAGs
[2026-05-25T14:23:46.291+0000] {logging_mixin.py:188} INFO - [2026-05-25T14:23:46.290+0000] {dag.py:3834} INFO - Setting next_dagrun for inegi_scraper to 2026-05-25 00:00:00+00:00, run_after=2026-05-26 00:00:00+00:00
[2026-05-25T14:23:48.891+0000] {processor.py:183} INFO - Processing /opt/airflow/dags/inegi_scraper_dag.py took 5.990 seconds
[2026-05-25T14:24:21.601+0000] {processor.py:161} INFO - Started process (PID=596) to work on /opt/airflow/dags/inegi_scraper_dag.py
[2026-05-25T14:24:21.660+0000] {processor.py:830} INFO - Processing file /opt/airflow/dags/inegi_scraper_dag.py for tasks to queue
[2026-05-25T14:24:21.719+0000] {logging_mixin.py:188} INFO - [2026-05-25T14:24:21.698+0000] {dagbag.py:540} INFO - Filling up the DagBag from /opt/airflow/dags/inegi_scraper_dag.py
[2026-05-25T14:24:22.095+0000] {processor.py:840} INFO - DAG(s) 'inegi_scraper' retrieved from /opt/airflow/dags/inegi_scraper_dag.py
[2026-05-25T14:24:23.089+0000] {logging_mixin.py:188} INFO - [2026-05-25T14:24:23.089+0000] {dag.py:3047} INFO - Sync 1 DAGs
[2026-05-25T14:24:23.995+0000] {logging_mixin.py:188} INFO - [2026-05-25T14:24:23.934+0000] {dag.py:3834} INFO - Setting next_dagrun for inegi_scraper to 2026-05-25 00:00:00+00:00, run_after=2026-05-26 00:00:00+00:00
[2026-05-25T14:24:25.802+0000] {processor.py:183} INFO - Processing /opt/airflow/dags/inegi_scraper_dag.py took 4.334 seconds
[2026-05-25T14:24:59.761+0000] {processor.py:161} INFO - Started process (PID=629) to work on /opt/airflow/dags/inegi_scraper_dag.py
[2026-05-25T14:24:59.815+0000] {processor.py:830} INFO - Processing file /opt/airflow/dags/inegi_scraper_dag.py for tasks to queue
[2026-05-25T14:24:59.911+0000] {logging_mixin.py:188} INFO - [2026-05-25T14:24:59.910+0000] {dagbag.py:540} INFO - Filling up the DagBag from /opt/airflow/dags/inegi_scraper_dag.py
[2026-05-25T14:25:02.448+0000] {processor.py:840} INFO - DAG(s) 'inegi_scraper' retrieved from /opt/airflow/dags/inegi_scraper_dag.py
[2026-05-25T14:25:03.424+0000] {logging_mixin.py:188} INFO - [2026-05-25T14:25:03.423+0000] {dag.py:3047} INFO - Sync 1 DAGs
[2026-05-25T14:25:05.466+0000] {logging_mixin.py:188} INFO - [2026-05-25T14:25:05.465+0000] {dag.py:3834} INFO - Setting next_dagrun for inegi_scraper to 2026-05-25 00:00:00+00:00, run_after=2026-05-26 00:00:00+00:00
[2026-05-25T14:25:07.190+0000] {processor.py:183} INFO - Processing /opt/airflow/dags/inegi_scraper_dag.py took 7.583 seconds
[2026-05-25T14:25:37.812+0000] {processor.py:161} INFO - Started process (PID=656) to work on /opt/airflow/dags/inegi_scraper_dag.py
[2026-05-25T14:25:37.824+0000] {processor.py:830} INFO - Processing file /opt/airflow/dags/inegi_scraper_dag.py for tasks to queue
[2026-05-25T14:25:37.831+0000] {logging_mixin.py:188} INFO - [2026-05-25T14:25:37.830+0000] {dagbag.py:540} INFO - Filling up the DagBag from /opt/airflow/dags/inegi_scraper_dag.py
[2026-05-25T14:25:38.367+0000] {processor.py:840} INFO - DAG(s) 'inegi_scraper' retrieved from /opt/airflow/dags/inegi_scraper_dag.py
[2026-05-25T14:25:39.138+0000] {logging_mixin.py:188} INFO - [2026-05-25T14:25:39.137+0000] {dag.py:3047} INFO - Sync 1 DAGs
[2026-05-25T14:25:39.803+0000] {logging_mixin.py:188} INFO - [2026-05-25T14:25:39.750+0000] {dag.py:3834} INFO - Setting next_dagrun for inegi_scraper to 2026-05-25 00:00:00+00:00, run_after=2026-05-26 00:00:00+00:00
[2026-05-25T14:25:40.625+0000] {processor.py:183} INFO - Processing /opt/airflow/dags/inegi_scraper_dag.py took 2.851 seconds
[2026-05-25T14:26:12.247+0000] {processor.py:161} INFO - Started process (PID=686) to work on /opt/airflow/dags/inegi_scraper_dag.py
[2026-05-25T14:26:12.273+0000] {processor.py:830} INFO - Processing file /opt/airflow/dags/inegi_scraper_dag.py for tasks to queue
[2026-05-25T14:26:12.311+0000] {logging_mixin.py:188} INFO - [2026-05-25T14:26:12.286+0000] {dagbag.py:540} INFO - Filling up the DagBag from /opt/airflow/dags/inegi_scraper_dag.py
[2026-05-25T14:26:12.648+0000] {processor.py:840} INFO - DAG(s) 'inegi_scraper' retrieved from /opt/airflow/dags/inegi_scraper_dag.py
[2026-05-25T14:26:13.039+0000] {logging_mixin.py:188} INFO - [2026-05-25T14:26:13.039+0000] {dag.py:3047} INFO - Sync 1 DAGs
[2026-05-25T14:26:13.907+0000] {logging_mixin.py:188} INFO - [2026-05-25T14:26:13.906+0000] {dag.py:3834} INFO - Setting next_dagrun for inegi_scraper to 2026-05-25 00:00:00+00:00, run_after=2026-05-26 00:00:00+00:00
[2026-05-25T14:26:14.630+0000] {processor.py:183} INFO - Processing /opt/airflow/dags/inegi_scraper_dag.py took 2.472 seconds
[2026-05-25T14:26:48.984+0000] {processor.py:161} INFO - Started process (PID=719) to work on /opt/airflow/dags/inegi_scraper_dag.py
[2026-05-25T14:26:49.108+0000] {processor.py:830} INFO - Processing file /opt/airflow/dags/inegi_scraper_dag.py for tasks to queue
[2026-05-25T14:26:49.267+0000] {logging_mixin.py:188} INFO - [2026-05-25T14:26:49.151+0000] {dagbag.py:540} INFO - Filling up the DagBag from /opt/airflow/dags/inegi_scraper_dag.py
[2026-05-25T14:26:50.463+0000] {processor.py:840} INFO - DAG(s) 'inegi_scraper' retrieved from /opt/airflow/dags/inegi_scraper_dag.py
[2026-05-25T14:26:52.169+0000] {logging_mixin.py:188} INFO - [2026-05-25T14:26:52.080+0000] {dag.py:3047} INFO - Sync 1 DAGs
[2026-05-25T14:26:52.951+0000] {logging_mixin.py:188} INFO - [2026-05-25T14:26:52.951+0000] {dag.py:3834} INFO - Setting next_dagrun for inegi_scraper to 2026-05-25 00:00:00+00:00, run_after=2026-05-26 00:00:00+00:00
[2026-05-25T14:26:53.165+0000] {processor.py:183} INFO - Processing /opt/airflow/dags/inegi_scraper_dag.py took 4.781 seconds
[2026-05-25T14:27:26.028+0000] {processor.py:161} INFO - Started process (PID=746) to work on /opt/airflow/dags/inegi_scraper_dag.py
[2026-05-25T14:27:26.060+0000] {processor.py:830} INFO - Processing file /opt/airflow/dags/inegi_scraper_dag.py for tasks to queue
[2026-05-25T14:27:26.169+0000] {logging_mixin.py:188} INFO - [2026-05-25T14:27:26.122+0000] {dagbag.py:540} INFO - Filling up the DagBag from /opt/airflow/dags/inegi_scraper_dag.py
[2026-05-25T14:27:28.881+0000] {processor.py:840} INFO - DAG(s) 'inegi_scraper' retrieved from /opt/airflow/dags/inegi_scraper_dag.py
[2026-05-25T14:27:29.791+0000] {logging_mixin.py:188} INFO - [2026-05-25T14:27:29.774+0000] {dag.py:3047} INFO - Sync 1 DAGs
[2026-05-25T14:27:30.174+0000] {logging_mixin.py:188} INFO - [2026-05-25T14:27:30.173+0000] {dag.py:3834} INFO - Setting next_dagrun for inegi_scraper to 2026-05-25 00:00:00+00:00, run_after=2026-05-26 00:00:00+00:00
[2026-05-25T14:27:30.653+0000] {processor.py:183} INFO - Processing /opt/airflow/dags/inegi_scraper_dag.py took 4.764 seconds
[2026-05-25T14:28:02.218+0000] {processor.py:161} INFO - Started process (PID=776) to work on /opt/airflow/dags/inegi_scraper_dag.py
[2026-05-25T14:28:02.243+0000] {processor.py:830} INFO - Processing file /opt/airflow/dags/inegi_scraper_dag.py for tasks to queue
[2026-05-25T14:28:02.256+0000] {logging_mixin.py:188} INFO - [2026-05-25T14:28:02.255+0000] {dagbag.py:540} INFO - Filling up the DagBag from /opt/airflow/dags/inegi_scraper_dag.py
[2026-05-25T14:28:02.424+0000] {processor.py:840} INFO - DAG(s) 'inegi_scraper' retrieved from /opt/airflow/dags/inegi_scraper_dag.py
[2026-05-25T14:28:02.525+0000] {logging_mixin.py:188} INFO - [2026-05-25T14:28:02.524+0000] {dag.py:3047} INFO - Sync 1 DAGs
[2026-05-25T14:28:02.787+0000] {logging_mixin.py:188} INFO - [2026-05-25T14:28:02.780+0000] {dag.py:3834} INFO - Setting next_dagrun for inegi_scraper to 2026-05-25 00:00:00+00:00, run_after=2026-05-26 00:00:00+00:00
[2026-05-25T14:28:03.013+0000] {processor.py:183} INFO - Processing /opt/airflow/dags/inegi_scraper_dag.py took 0.837 seconds
[2026-05-25T14:28:34.080+0000] {processor.py:161} INFO - Started process (PID=809) to work on /opt/airflow/dags/inegi_scraper_dag.py
[2026-05-25T14:28:34.092+0000] {processor.py:830} INFO - Processing file /opt/airflow/dags/inegi_scraper_dag.py for tasks to queue
[2026-05-25T14:28:34.095+0000] {logging_mixin.py:188} INFO - [2026-05-25T14:28:34.094+0000] {dagbag.py:540} INFO - Filling up the DagBag from /opt/airflow/dags/inegi_scraper_dag.py
[2026-05-25T14:28:34.233+0000] {processor.py:840} INFO - DAG(s) 'inegi_scraper' retrieved from /opt/airflow/dags/inegi_scraper_dag.py
[2026-05-25T14:28:34.486+0000] {logging_mixin.py:188} INFO - [2026-05-25T14:28:34.486+0000] {dag.py:3047} INFO - Sync 1 DAGs
[2026-05-25T14:28:34.731+0000] {logging_mixin.py:188} INFO - [2026-05-25T14:28:34.731+0000] {dag.py:3834} INFO - Setting next_dagrun for inegi_scraper to 2026-05-25 00:00:00+00:00, run_after=2026-05-26 00:00:00+00:00
[2026-05-25T14:28:35.196+0000] {processor.py:183} INFO - Processing /opt/airflow/dags/inegi_scraper_dag.py took 1.146 seconds
[2026-05-25T14:29:06.407+0000] {processor.py:161} INFO - Started process (PID=839) to work on /opt/airflow/dags/inegi_scraper_dag.py
[2026-05-25T14:29:06.422+0000] {processor.py:830} INFO - Processing file /opt/airflow/dags/inegi_scraper_dag.py for tasks to queue
[2026-05-25T14:29:06.432+0000] {logging_mixin.py:188} INFO - [2026-05-25T14:29:06.431+0000] {dagbag.py:540} INFO - Filling up the DagBag from /opt/airflow/dags/inegi_scraper_dag.py
[2026-05-25T14:29:06.732+0000] {processor.py:840} INFO - DAG(s) 'inegi_scraper' retrieved from /opt/airflow/dags/inegi_scraper_dag.py
[2026-05-25T14:29:06.925+0000] {logging_mixin.py:188} INFO - [2026-05-25T14:29:06.922+0000] {dag.py:3047} INFO - Sync 1 DAGs
[2026-05-25T14:29:07.247+0000] {logging_mixin.py:188} INFO - [2026-05-25T14:29:07.246+0000] {dag.py:3834} INFO - Setting next_dagrun for inegi_scraper to 2026-05-25 00:00:00+00:00, run_after=2026-05-26 00:00:00+00:00
[2026-05-25T14:29:08.136+0000] {processor.py:183} INFO - Processing /opt/airflow/dags/inegi_scraper_dag.py took 1.768 seconds
[2026-05-25T14:29:40.579+0000] {processor.py:161} INFO - Started process (PID=870) to work on /opt/airflow/dags/inegi_scraper_dag.py
[2026-05-25T14:29:40.632+0000] {processor.py:830} INFO - Processing file /opt/airflow/dags/inegi_scraper_dag.py for tasks to queue
[2026-05-25T14:29:40.744+0000] {logging_mixin.py:188} INFO - [2026-05-25T14:29:40.741+0000] {dagbag.py:540} INFO - Filling up the DagBag from /opt/airflow/dags/inegi_scraper_dag.py
[2026-05-25T14:29:42.213+0000] {processor.py:840} INFO - DAG(s) 'inegi_scraper' retrieved from /opt/airflow/dags/inegi_scraper_dag.py
[2026-05-25T14:29:44.159+0000] {logging_mixin.py:188} INFO - [2026-05-25T14:29:44.158+0000] {dag.py:3047} INFO - Sync 1 DAGs
[2026-05-25T14:29:45.235+0000] {logging_mixin.py:188} INFO - [2026-05-25T14:29:45.201+0000] {dag.py:3834} INFO - Setting next_dagrun for inegi_scraper to 2026-05-25 00:00:00+00:00, run_after=2026-05-26 00:00:00+00:00
[2026-05-25T14:29:45.783+0000] {processor.py:183} INFO - Processing /opt/airflow/dags/inegi_scraper_dag.py took 5.266 seconds
[2026-05-25T14:30:17.438+0000] {processor.py:161} INFO - Started process (PID=903) to work on /opt/airflow/dags/inegi_scraper_dag.py
[2026-05-25T14:30:17.449+0000] {processor.py:830} INFO - Processing file /opt/airflow/dags/inegi_scraper_dag.py for tasks to queue
[2026-05-25T14:30:17.453+0000] {logging_mixin.py:188} INFO - [2026-05-25T14:30:17.452+0000] {dagbag.py:540} INFO - Filling up the DagBag from /opt/airflow/dags/inegi_scraper_dag.py
[2026-05-25T14:30:18.422+0000] {processor.py:840} INFO - DAG(s) 'inegi_scraper' retrieved from /opt/airflow/dags/inegi_scraper_dag.py
[2026-05-25T14:30:18.557+0000] {logging_mixin.py:188} INFO - [2026-05-25T14:30:18.556+0000] {dag.py:3047} INFO - Sync 1 DAGs
[2026-05-25T14:30:18.722+0000] {logging_mixin.py:188} INFO - [2026-05-25T14:30:18.721+0000] {dag.py:3834} INFO - Setting next_dagrun for inegi_scraper to 2026-05-25 00:00:00+00:00, run_after=2026-05-26 00:00:00+00:00
[2026-05-25T14:30:18.843+0000] {processor.py:183} INFO - Processing /opt/airflow/dags/inegi_scraper_dag.py took 1.439 seconds
[2026-05-25T14:30:49.429+0000] {processor.py:161} INFO - Started process (PID=934) to work on /opt/airflow/dags/inegi_scraper_dag.py
[2026-05-25T14:30:49.489+0000] {processor.py:830} INFO - Processing file /opt/airflow/dags/inegi_scraper_dag.py for tasks to queue
[2026-05-25T14:30:49.514+0000] {logging_mixin.py:188} INFO - [2026-05-25T14:30:49.508+0000] {dagbag.py:540} INFO - Filling up the DagBag from /opt/airflow/dags/inegi_scraper_dag.py
[2026-05-25T14:30:49.775+0000] {processor.py:840} INFO - DAG(s) 'inegi_scraper' retrieved from /opt/airflow/dags/inegi_scraper_dag.py
[2026-05-25T14:30:50.184+0000] {logging_mixin.py:188} INFO - [2026-05-25T14:30:50.184+0000] {dag.py:3047} INFO - Sync 1 DAGs
[2026-05-25T14:30:50.850+0000] {logging_mixin.py:188} INFO - [2026-05-25T14:30:50.849+0000] {dag.py:3834} INFO - Setting next_dagrun for inegi_scraper to 2026-05-25 00:00:00+00:00, run_after=2026-05-26 00:00:00+00:00
[2026-05-25T14:30:51.070+0000] {processor.py:183} INFO - Processing /opt/airflow/dags/inegi_scraper_dag.py took 1.705 seconds
[2026-05-25T14:31:21.968+0000] {processor.py:161} INFO - Started process (PID=967) to work on /opt/airflow/dags/inegi_scraper_dag.py
[2026-05-25T14:31:21.977+0000] {processor.py:830} INFO - Processing file /opt/airflow/dags/inegi_scraper_dag.py for tasks to queue
[2026-05-25T14:31:21.982+0000] {logging_mixin.py:188} INFO - [2026-05-25T14:31:21.981+0000] {dagbag.py:540} INFO - Filling up the DagBag from /opt/airflow/dags/inegi_scraper_dag.py
[2026-05-25T14:31:22.046+0000] {processor.py:840} INFO - DAG(s) 'inegi_scraper' retrieved from /opt/airflow/dags/inegi_scraper_dag.py
[2026-05-25T14:31:22.160+0000] {logging_mixin.py:188} INFO - [2026-05-25T14:31:22.160+0000] {dag.py:3047} INFO - Sync 1 DAGs
[2026-05-25T14:31:22.250+0000] {logging_mixin.py:188} INFO - [2026-05-25T14:31:22.250+0000] {dag.py:3834} INFO - Setting next_dagrun for inegi_scraper to 2026-05-25 00:00:00+00:00, run_after=2026-05-26 00:00:00+00:00
[2026-05-25T14:31:22.381+0000] {processor.py:183} INFO - Processing /opt/airflow/dags/inegi_scraper_dag.py took 0.432 seconds
[2026-05-25T14:31:53.067+0000] {processor.py:161} INFO - Started process (PID=997) to work on /opt/airflow/dags/inegi_scraper_dag.py
[2026-05-25T14:31:53.080+0000] {processor.py:830} INFO - Processing file /opt/airflow/dags/inegi_scraper_dag.py for tasks to queue
[2026-05-25T14:31:53.083+0000] {logging_mixin.py:188} INFO - [2026-05-25T14:31:53.082+0000] {dagbag.py:540} INFO - Filling up the DagBag from /opt/airflow/dags/inegi_scraper_dag.py
[2026-05-25T14:31:53.191+0000] {processor.py:840} INFO - DAG(s) 'inegi_scraper' retrieved from /opt/airflow/dags/inegi_scraper_dag.py
[2026-05-25T14:31:53.294+0000] {logging_mixin.py:188} INFO - [2026-05-25T14:31:53.293+0000] {dag.py:3047} INFO - Sync 1 DAGs
[2026-05-25T14:31:53.575+0000] {logging_mixin.py:188} INFO - [2026-05-25T14:31:53.562+0000] {dag.py:3834} INFO - Setting next_dagrun for inegi_scraper to 2026-05-25 00:00:00+00:00, run_after=2026-05-26 00:00:00+00:00
[2026-05-25T14:31:54.075+0000] {processor.py:183} INFO - Processing /opt/airflow/dags/inegi_scraper_dag.py took 1.019 seconds
[2026-05-25T14:32:25.313+0000] {processor.py:161} INFO - Started process (PID=1027) to work on /opt/airflow/dags/inegi_scraper_dag.py
[2026-05-25T14:32:25.326+0000] {processor.py:830} INFO - Processing file /opt/airflow/dags/inegi_scraper_dag.py for tasks to queue
[2026-05-25T14:32:25.331+0000] {logging_mixin.py:188} INFO - [2026-05-25T14:32:25.330+0000] {dagbag.py:540} INFO - Filling up the DagBag from /opt/airflow/dags/inegi_scraper_dag.py
[2026-05-25T14:32:25.402+0000] {processor.py:840} INFO - DAG(s) 'inegi_scraper' retrieved from /opt/airflow/dags/inegi_scraper_dag.py
[2026-05-25T14:32:25.469+0000] {logging_mixin.py:188} INFO - [2026-05-25T14:32:25.468+0000] {dag.py:3047} INFO - Sync 1 DAGs
[2026-05-25T14:32:25.535+0000] {logging_mixin.py:188} INFO - [2026-05-25T14:32:25.534+0000] {dag.py:3834} INFO - Setting next_dagrun for inegi_scraper to 2026-05-25 00:00:00+00:00, run_after=2026-05-26 00:00:00+00:00
[2026-05-25T14:32:25.596+0000] {processor.py:183} INFO - Processing /opt/airflow/dags/inegi_scraper_dag.py took 0.301 seconds
[2026-05-25T14:32:57.032+0000] {processor.py:161} INFO - Started process (PID=1057) to work on /opt/airflow/dags/inegi_scraper_dag.py
[2026-05-25T14:32:57.040+0000] {processor.py:830} INFO - Processing file /opt/airflow/dags/inegi_scraper_dag.py for tasks to queue
[2026-05-25T14:32:57.053+0000] {logging_mixin.py:188} INFO - [2026-05-25T14:32:57.052+0000] {dagbag.py:540} INFO - Filling up the DagBag from /opt/airflow/dags/inegi_scraper_dag.py
[2026-05-25T14:32:57.205+0000] {processor.py:840} INFO - DAG(s) 'inegi_scraper' retrieved from /opt/airflow/dags/inegi_scraper_dag.py
[2026-05-25T14:32:57.337+0000] {logging_mixin.py:188} INFO - [2026-05-25T14:32:57.336+0000] {dag.py:3047} INFO - Sync 1 DAGs
[2026-05-25T14:32:57.455+0000] {logging_mixin.py:188} INFO - [2026-05-25T14:32:57.454+0000] {dag.py:3834} INFO - Setting next_dagrun for inegi_scraper to 2026-05-25 00:00:00+00:00, run_after=2026-05-26 00:00:00+00:00
[2026-05-25T14:33:11.721+0000] {processor.py:183} INFO - Processing /opt/airflow/dags/inegi_scraper_dag.py took 14.711 seconds
[2026-05-25T14:34:17.087+0000] {processor.py:161} INFO - Started process (PID=1094) to work on /opt/airflow/dags/inegi_scraper_dag.py
[2026-05-25T14:34:17.209+0000] {processor.py:830} INFO - Processing file /opt/airflow/dags/inegi_scraper_dag.py for tasks to queue
[2026-05-25T14:34:17.352+0000] {logging_mixin.py:188} INFO - [2026-05-25T14:34:17.351+0000] {dagbag.py:540} INFO - Filling up the DagBag from /opt/airflow/dags/inegi_scraper_dag.py
[2026-05-25T14:34:22.321+0000] {processor.py:840} INFO - DAG(s) 'inegi_scraper' retrieved from /opt/airflow/dags/inegi_scraper_dag.py
[2026-05-25T14:34:22.708+0000] {logging_mixin.py:188} INFO - [2026-05-25T14:34:22.708+0000] {dag.py:3047} INFO - Sync 1 DAGs
[2026-05-25T14:34:23.035+0000] {logging_mixin.py:188} INFO - [2026-05-25T14:34:23.034+0000] {dag.py:3834} INFO - Setting next_dagrun for inegi_scraper to 2026-05-25 00:00:00+00:00, run_after=2026-05-26 00:00:00+00:00
[2026-05-25T14:34:23.462+0000] {processor.py:183} INFO - Processing /opt/airflow/dags/inegi_scraper_dag.py took 6.394 seconds
[2026-05-25T14:34:57.625+0000] {processor.py:161} INFO - Started process (PID=1122) to work on /opt/airflow/dags/inegi_scraper_dag.py
[2026-05-25T14:34:57.715+0000] {processor.py:830} INFO - Processing file /opt/airflow/dags/inegi_scraper_dag.py for tasks to queue
[2026-05-25T14:34:57.745+0000] {logging_mixin.py:188} INFO - [2026-05-25T14:34:57.744+0000] {dagbag.py:540} INFO - Filling up the DagBag from /opt/airflow/dags/inegi_scraper_dag.py
[2026-05-25T14:34:58.475+0000] {processor.py:840} INFO - DAG(s) 'inegi_scraper' retrieved from /opt/airflow/dags/inegi_scraper_dag.py
[2026-05-25T14:34:58.682+0000] {logging_mixin.py:188} INFO - [2026-05-25T14:34:58.681+0000] {dag.py:3047} INFO - Sync 1 DAGs
[2026-05-25T14:34:58.855+0000] {logging_mixin.py:188} INFO - [2026-05-25T14:34:58.854+0000] {dag.py:3834} INFO - Setting next_dagrun for inegi_scraper to 2026-05-25 00:00:00+00:00, run_after=2026-05-26 00:00:00+00:00
[2026-05-25T14:34:59.020+0000] {processor.py:183} INFO - Processing /opt/airflow/dags/inegi_scraper_dag.py took 1.414 seconds
[2026-05-25T14:35:30.134+0000] {processor.py:161} INFO - Started process (PID=1154) to work on /opt/airflow/dags/inegi_scraper_dag.py
[2026-05-25T14:35:30.156+0000] {processor.py:830} INFO - Processing file /opt/airflow/dags/inegi_scraper_dag.py for tasks to queue
[2026-05-25T14:35:30.171+0000] {logging_mixin.py:188} INFO - [2026-05-25T14:35:30.170+0000] {dagbag.py:540} INFO - Filling up the DagBag from /opt/airflow/dags/inegi_scraper_dag.py
[2026-05-25T14:35:30.524+0000] {processor.py:840} INFO - DAG(s) 'inegi_scraper' retrieved from /opt/airflow/dags/inegi_scraper_dag.py
[2026-05-25T14:35:30.625+0000] {logging_mixin.py:188} INFO - [2026-05-25T14:35:30.624+0000] {dag.py:3047} INFO - Sync 1 DAGs
[2026-05-25T14:35:30.698+0000] {logging_mixin.py:188} INFO - [2026-05-25T14:35:30.697+0000] {dag.py:3834} INFO - Setting next_dagrun for inegi_scraper to 2026-05-25 00:00:00+00:00, run_after=2026-05-26 00:00:00+00:00
[2026-05-25T14:35:30.745+0000] {processor.py:183} INFO - Processing /opt/airflow/dags/inegi_scraper_dag.py took 0.628 seconds
[2026-05-25T14:36:01.000+0000] {processor.py:161} INFO - Started process (PID=1184) to work on /opt/airflow/dags/inegi_scraper_dag.py
[2026-05-25T14:36:01.003+0000] {processor.py:830} INFO - Processing file /opt/airflow/dags/inegi_scraper_dag.py for tasks to queue
[2026-05-25T14:36:01.007+0000] {logging_mixin.py:188} INFO - [2026-05-25T14:36:01.006+0000] {dagbag.py:540} INFO - Filling up the DagBag from /opt/airflow/dags/inegi_scraper_dag.py
[2026-05-25T14:36:01.061+0000] {processor.py:840} INFO - DAG(s) 'inegi_scraper' retrieved from /opt/airflow/dags/inegi_scraper_dag.py
[2026-05-25T14:36:01.139+0000] {logging_mixin.py:188} INFO - [2026-05-25T14:36:01.139+0000] {dag.py:3047} INFO - Sync 1 DAGs
[2026-05-25T14:36:01.210+0000] {logging_mixin.py:188} INFO - [2026-05-25T14:36:01.210+0000] {dag.py:3834} INFO - Setting next_dagrun for inegi_scraper to 2026-05-25 00:00:00+00:00, run_after=2026-05-26 00:00:00+00:00
[2026-05-25T14:36:01.293+0000] {processor.py:183} INFO - Processing /opt/airflow/dags/inegi_scraper_dag.py took 0.303 seconds
[2026-05-25T14:36:42.528+0000] {processor.py:161} INFO - Started process (PID=1219) to work on /opt/airflow/dags/inegi_scraper_dag.py
[2026-05-25T14:36:42.623+0000] {processor.py:830} INFO - Processing file /opt/airflow/dags/inegi_scraper_dag.py for tasks to queue
[2026-05-25T14:36:42.703+0000] {logging_mixin.py:188} INFO - [2026-05-25T14:36:42.692+0000] {dagbag.py:540} INFO - Filling up the DagBag from /opt/airflow/dags/inegi_scraper_dag.py
[2026-05-25T14:36:46.218+0000] {processor.py:840} INFO - DAG(s) 'inegi_scraper' retrieved from /opt/airflow/dags/inegi_scraper_dag.py
[2026-05-25T14:36:46.650+0000] {logging_mixin.py:188} INFO - [2026-05-25T14:36:46.649+0000] {dag.py:3047} INFO - Sync 1 DAGs
[2026-05-25T14:36:47.201+0000] {logging_mixin.py:188} INFO - [2026-05-25T14:36:47.200+0000] {dag.py:3834} INFO - Setting next_dagrun for inegi_scraper to 2026-05-25 00:00:00+00:00, run_after=2026-05-26 00:00:00+00:00
[2026-05-25T14:36:47.994+0000] {processor.py:183} INFO - Processing /opt/airflow/dags/inegi_scraper_dag.py took 5.485 seconds
[2026-05-25T14:37:21.665+0000] {processor.py:161} INFO - Started process (PID=1249) to work on /opt/airflow/dags/inegi_scraper_dag.py
[2026-05-25T14:37:21.747+0000] {processor.py:830} INFO - Processing file /opt/airflow/dags/inegi_scraper_dag.py for tasks to queue
[2026-05-25T14:37:21.763+0000] {logging_mixin.py:188} INFO - [2026-05-25T14:37:21.762+0000] {dagbag.py:540} INFO - Filling up the DagBag from /opt/airflow/dags/inegi_scraper_dag.py
[2026-05-25T14:37:23.169+0000] {processor.py:840} INFO - DAG(s) 'inegi_scraper' retrieved from /opt/airflow/dags/inegi_scraper_dag.py
[2026-05-25T14:37:23.423+0000] {logging_mixin.py:188} INFO - [2026-05-25T14:37:23.423+0000] {dag.py:3047} INFO - Sync 1 DAGs
[2026-05-25T14:37:23.811+0000] {logging_mixin.py:188} INFO - [2026-05-25T14:37:23.810+0000] {dag.py:3834} INFO - Setting next_dagrun for inegi_scraper to 2026-05-25 00:00:00+00:00, run_after=2026-05-26 00:00:00+00:00
[2026-05-25T14:37:24.205+0000] {processor.py:183} INFO - Processing /opt/airflow/dags/inegi_scraper_dag.py took 2.560 seconds
[2026-05-25T14:37:54.711+0000] {processor.py:161} INFO - Started process (PID=1279) to work on /opt/airflow/dags/inegi_scraper_dag.py
[2026-05-25T14:37:54.734+0000] {processor.py:830} INFO - Processing file /opt/airflow/dags/inegi_scraper_dag.py for tasks to queue
[2026-05-25T14:37:54.742+0000] {logging_mixin.py:188} INFO - [2026-05-25T14:37:54.740+0000] {dagbag.py:540} INFO - Filling up the DagBag from /opt/airflow/dags/inegi_scraper_dag.py
[2026-05-25T14:37:54.835+0000] {processor.py:840} INFO - DAG(s) 'inegi_scraper' retrieved from /opt/airflow/dags/inegi_scraper_dag.py
[2026-05-25T14:37:54.926+0000] {logging_mixin.py:188} INFO - [2026-05-25T14:37:54.926+0000] {dag.py:3047} INFO - Sync 1 DAGs
[2026-05-25T14:37:55.063+0000] {logging_mixin.py:188} INFO - [2026-05-25T14:37:55.062+0000] {dag.py:3834} INFO - Setting next_dagrun for inegi_scraper to 2026-05-25 00:00:00+00:00, run_after=2026-05-26 00:00:00+00:00
[2026-05-25T14:37:55.200+0000] {processor.py:183} INFO - Processing /opt/airflow/dags/inegi_scraper_dag.py took 0.499 seconds
[2026-05-25T14:38:25.436+0000] {processor.py:161} INFO - Started process (PID=1309) to work on /opt/airflow/dags/inegi_scraper_dag.py
[2026-05-25T14:38:25.439+0000] {processor.py:830} INFO - Processing file /opt/airflow/dags/inegi_scraper_dag.py for tasks to queue
[2026-05-25T14:38:25.443+0000] {logging_mixin.py:188} INFO - [2026-05-25T14:38:25.441+0000] {dagbag.py:540} INFO - Filling up the DagBag from /opt/airflow/dags/inegi_scraper_dag.py
[2026-05-25T14:38:25.762+0000] {processor.py:840} INFO - DAG(s) 'inegi_scraper' retrieved from /opt/airflow/dags/inegi_scraper_dag.py
[2026-05-25T14:38:26.044+0000] {logging_mixin.py:188} INFO - [2026-05-25T14:38:26.043+0000] {dag.py:3047} INFO - Sync 1 DAGs
[2026-05-25T14:38:26.240+0000] {logging_mixin.py:188} INFO - [2026-05-25T14:38:26.240+0000] {dag.py:3834} INFO - Setting next_dagrun for inegi_scraper to 2026-05-25 00:00:00+00:00, run_after=2026-05-26 00:00:00+00:00
[2026-05-25T14:38:26.489+0000] {processor.py:183} INFO - Processing /opt/airflow/dags/inegi_scraper_dag.py took 1.073 seconds
[2026-05-25T14:38:57.665+0000] {processor.py:161} INFO - Started process (PID=1339) to work on /opt/airflow/dags/inegi_scraper_dag.py
[2026-05-25T14:38:57.681+0000] {processor.py:830} INFO - Processing file /opt/airflow/dags/inegi_scraper_dag.py for tasks to queue
[2026-05-25T14:38:57.688+0000] {logging_mixin.py:188} INFO - [2026-05-25T14:38:57.687+0000] {dagbag.py:540} INFO - Filling up the DagBag from /opt/airflow/dags/inegi_scraper_dag.py
[2026-05-25T14:38:57.839+0000] {processor.py:840} INFO - DAG(s) 'inegi_scraper' retrieved from /opt/airflow/dags/inegi_scraper_dag.py
[2026-05-25T14:38:58.162+0000] {logging_mixin.py:188} INFO - [2026-05-25T14:38:58.161+0000] {dag.py:3047} INFO - Sync 1 DAGs
[2026-05-25T14:38:58.614+0000] {logging_mixin.py:188} INFO - [2026-05-25T14:38:58.600+0000] {dag.py:3834} INFO - Setting next_dagrun for inegi_scraper to 2026-05-25 00:00:00+00:00, run_after=2026-05-26 00:00:00+00:00
[2026-05-25T14:38:59.126+0000] {processor.py:183} INFO - Processing /opt/airflow/dags/inegi_scraper_dag.py took 1.480 seconds
[2026-05-25T14:39:30.243+0000] {processor.py:161} INFO - Started process (PID=1369) to work on /opt/airflow/dags/inegi_scraper_dag.py
[2026-05-25T14:39:30.249+0000] {processor.py:830} INFO - Processing file /opt/airflow/dags/inegi_scraper_dag.py for tasks to queue
[2026-05-25T14:39:30.254+0000] {logging_mixin.py:188} INFO - [2026-05-25T14:39:30.253+0000] {dagbag.py:540} INFO - Filling up the DagBag from /opt/airflow/dags/inegi_scraper_dag.py
[2026-05-25T14:39:30.307+0000] {processor.py:840} INFO - DAG(s) 'inegi_scraper' retrieved from /opt/airflow/dags/inegi_scraper_dag.py
[2026-05-25T14:39:30.372+0000] {logging_mixin.py:188} INFO - [2026-05-25T14:39:30.371+0000] {dag.py:3047} INFO - Sync 1 DAGs
[2026-05-25T14:39:30.435+0000] {logging_mixin.py:188} INFO - [2026-05-25T14:39:30.435+0000] {dag.py:3834} INFO - Setting next_dagrun for inegi_scraper to 2026-05-25 00:00:00+00:00, run_after=2026-05-26 00:00:00+00:00
[2026-05-25T14:39:30.519+0000] {processor.py:183} INFO - Processing /opt/airflow/dags/inegi_scraper_dag.py took 0.286 seconds
[2026-05-25T14:40:01.247+0000] {processor.py:161} INFO - Started process (PID=1399) to work on /opt/airflow/dags/inegi_scraper_dag.py
[2026-05-25T14:40:01.251+0000] {processor.py:830} INFO - Processing file /opt/airflow/dags/inegi_scraper_dag.py for tasks to queue
[2026-05-25T14:40:01.254+0000] {logging_mixin.py:188} INFO - [2026-05-25T14:40:01.253+0000] {dagbag.py:540} INFO - Filling up the DagBag from /opt/airflow/dags/inegi_scraper_dag.py
[2026-05-25T14:40:01.308+0000] {processor.py:840} INFO - DAG(s) 'inegi_scraper' retrieved from /opt/airflow/dags/inegi_scraper_dag.py
[2026-05-25T14:40:01.378+0000] {logging_mixin.py:188} INFO - [2026-05-25T14:40:01.378+0000] {dag.py:3047} INFO - Sync 1 DAGs
[2026-05-25T14:40:01.441+0000] {logging_mixin.py:188} INFO - [2026-05-25T14:40:01.441+0000] {dag.py:3834} INFO - Setting next_dagrun for inegi_scraper to 2026-05-25 00:00:00+00:00, run_after=2026-05-26 00:00:00+00:00
[2026-05-25T14:40:01.489+0000] {processor.py:183} INFO - Processing /opt/airflow/dags/inegi_scraper_dag.py took 0.252 seconds
[2026-05-25T14:40:32.567+0000] {processor.py:161} INFO - Started process (PID=1429) to work on /opt/airflow/dags/inegi_scraper_dag.py
[2026-05-25T14:40:32.570+0000] {processor.py:830} INFO - Processing file /opt/airflow/dags/inegi_scraper_dag.py for tasks to queue
[2026-05-25T14:40:32.573+0000] {logging_mixin.py:188} INFO - [2026-05-25T14:40:32.572+0000] {dagbag.py:540} INFO - Filling up the DagBag from /opt/airflow/dags/inegi_scraper_dag.py
[2026-05-25T14:40:32.627+0000] {processor.py:840} INFO - DAG(s) 'inegi_scraper' retrieved from /opt/airflow/dags/inegi_scraper_dag.py
[2026-05-25T14:40:32.695+0000] {logging_mixin.py:188} INFO - [2026-05-25T14:40:32.694+0000] {dag.py:3047} INFO - Sync 1 DAGs
[2026-05-25T14:40:32.758+0000] {logging_mixin.py:188} INFO - [2026-05-25T14:40:32.757+0000] {dag.py:3834} INFO - Setting next_dagrun for inegi_scraper to 2026-05-25 00:00:00+00:00, run_after=2026-05-26 00:00:00+00:00
[2026-05-25T14:40:32.811+0000] {processor.py:183} INFO - Processing /opt/airflow/dags/inegi_scraper_dag.py took 0.257 seconds
[2026-05-25T14:41:07.154+0000] {processor.py:161} INFO - Started process (PID=1459) to work on /opt/airflow/dags/inegi_scraper_dag.py
[2026-05-25T14:41:07.168+0000] {processor.py:830} INFO - Processing file /opt/airflow/dags/inegi_scraper_dag.py for tasks to queue
[2026-05-25T14:41:07.172+0000] {logging_mixin.py:188} INFO - [2026-05-25T14:41:07.171+0000] {dagbag.py:540} INFO - Filling up the DagBag from /opt/airflow/dags/inegi_scraper_dag.py
[2026-05-25T14:41:07.304+0000] {processor.py:840} INFO - DAG(s) 'inegi_scraper' retrieved from /opt/airflow/dags/inegi_scraper_dag.py
[2026-05-25T14:41:07.481+0000] {logging_mixin.py:188} INFO - [2026-05-25T14:41:07.481+0000] {dag.py:3047} INFO - Sync 1 DAGs
[2026-05-25T14:41:07.661+0000] {logging_mixin.py:188} INFO - [2026-05-25T14:41:07.660+0000] {dag.py:3834} INFO - Setting next_dagrun for inegi_scraper to 2026-05-25 00:00:00+00:00, run_after=2026-05-26 00:00:00+00:00
[2026-05-25T14:41:07.808+0000] {processor.py:183} INFO - Processing /opt/airflow/dags/inegi_scraper_dag.py took 0.678 seconds
[2026-05-25T14:41:38.820+0000] {processor.py:161} INFO - Started process (PID=1489) to work on /opt/airflow/dags/inegi_scraper_dag.py
[2026-05-25T14:41:38.846+0000] {processor.py:830} INFO - Processing file /opt/airflow/dags/inegi_scraper_dag.py for tasks to queue
[2026-05-25T14:41:38.849+0000] {logging_mixin.py:188} INFO - [2026-05-25T14:41:38.848+0000] {dagbag.py:540} INFO - Filling up the DagBag from /opt/airflow/dags/inegi_scraper_dag.py
[2026-05-25T14:41:39.152+0000] {processor.py:840} INFO - DAG(s) 'inegi_scraper' retrieved from /opt/airflow/dags/inegi_scraper_dag.py
[2026-05-25T14:41:39.225+0000] {logging_mixin.py:188} INFO - [2026-05-25T14:41:39.225+0000] {dag.py:3047} INFO - Sync 1 DAGs
[2026-05-25T14:41:39.298+0000] {logging_mixin.py:188} INFO - [2026-05-25T14:41:39.297+0000] {dag.py:3834} INFO - Setting next_dagrun for inegi_scraper to 2026-05-25 00:00:00+00:00, run_after=2026-05-26 00:00:00+00:00
[2026-05-25T14:41:39.352+0000] {processor.py:183} INFO - Processing /opt/airflow/dags/inegi_scraper_dag.py took 0.553 seconds
[2026-05-25T14:42:10.495+0000] {processor.py:161} INFO - Started process (PID=1519) to work on /opt/airflow/dags/inegi_scraper_dag.py
[2026-05-25T14:42:10.498+0000] {processor.py:830} INFO - Processing file /opt/airflow/dags/inegi_scraper_dag.py for tasks to queue
[2026-05-25T14:42:10.501+0000] {logging_mixin.py:188} INFO - [2026-05-25T14:42:10.500+0000] {dagbag.py:540} INFO - Filling up the DagBag from /opt/airflow/dags/inegi_scraper_dag.py
[2026-05-25T14:42:10.559+0000] {processor.py:840} INFO - DAG(s) 'inegi_scraper' retrieved from /opt/airflow/dags/inegi_scraper_dag.py
[2026-05-25T14:42:10.628+0000] {logging_mixin.py:188} INFO - [2026-05-25T14:42:10.628+0000] {dag.py:3047} INFO - Sync 1 DAGs
[2026-05-25T14:42:10.697+0000] {logging_mixin.py:188} INFO - [2026-05-25T14:42:10.696+0000] {dag.py:3834} INFO - Setting next_dagrun for inegi_scraper to 2026-05-25 00:00:00+00:00, run_after=2026-05-26 00:00:00+00:00
[2026-05-25T14:42:10.770+0000] {processor.py:183} INFO - Processing /opt/airflow/dags/inegi_scraper_dag.py took 0.284 seconds
[2026-05-25T14:42:41.472+0000] {processor.py:161} INFO - Started process (PID=1549) to work on /opt/airflow/dags/inegi_scraper_dag.py
[2026-05-25T14:42:41.475+0000] {processor.py:830} INFO - Processing file /opt/airflow/dags/inegi_scraper_dag.py for tasks to queue
[2026-05-25T14:42:41.478+0000] {logging_mixin.py:188} INFO - [2026-05-25T14:42:41.477+0000] {dagbag.py:540} INFO - Filling up the DagBag from /opt/airflow/dags/inegi_scraper_dag.py
[2026-05-25T14:42:41.533+0000] {processor.py:840} INFO - DAG(s) 'inegi_scraper' retrieved from /opt/airflow/dags/inegi_scraper_dag.py
[2026-05-25T14:42:41.600+0000] {logging_mixin.py:188} INFO - [2026-05-25T14:42:41.600+0000] {dag.py:3047} INFO - Sync 1 DAGs
[2026-05-25T14:42:41.667+0000] {logging_mixin.py:188} INFO - [2026-05-25T14:42:41.667+0000] {dag.py:3834} INFO - Setting next_dagrun for inegi_scraper to 2026-05-25 00:00:00+00:00, run_after=2026-05-26 00:00:00+00:00
[2026-05-25T14:42:41.724+0000] {processor.py:183} INFO - Processing /opt/airflow/dags/inegi_scraper_dag.py took 0.261 seconds
[2026-05-25T14:43:12.174+0000] {processor.py:161} INFO - Started process (PID=1579) to work on /opt/airflow/dags/inegi_scraper_dag.py
[2026-05-25T14:43:12.178+0000] {processor.py:830} INFO - Processing file /opt/airflow/dags/inegi_scraper_dag.py for tasks to queue
[2026-05-25T14:43:12.181+0000] {logging_mixin.py:188} INFO - [2026-05-25T14:43:12.180+0000] {dagbag.py:540} INFO - Filling up the DagBag from /opt/airflow/dags/inegi_scraper_dag.py
[2026-05-25T14:43:12.233+0000] {processor.py:840} INFO - DAG(s) 'inegi_scraper' retrieved from /opt/airflow/dags/inegi_scraper_dag.py
[2026-05-25T14:43:12.302+0000] {logging_mixin.py:188} INFO - [2026-05-25T14:43:12.301+0000] {dag.py:3047} INFO - Sync 1 DAGs
[2026-05-25T14:43:12.399+0000] {logging_mixin.py:188} INFO - [2026-05-25T14:43:12.398+0000] {dag.py:3834} INFO - Setting next_dagrun for inegi_scraper to 2026-05-25 00:00:00+00:00, run_after=2026-05-26 00:00:00+00:00
[2026-05-25T14:43:12.593+0000] {processor.py:183} INFO - Processing /opt/airflow/dags/inegi_scraper_dag.py took 0.420 seconds
[2026-05-25T14:43:43.505+0000] {processor.py:161} INFO - Started process (PID=1609) to work on /opt/airflow/dags/inegi_scraper_dag.py
[2026-05-25T14:43:43.509+0000] {processor.py:830} INFO - Processing file /opt/airflow/dags/inegi_scraper_dag.py for tasks to queue
[2026-05-25T14:43:43.512+0000] {logging_mixin.py:188} INFO - [2026-05-25T14:43:43.511+0000] {dagbag.py:540} INFO - Filling up the DagBag from /opt/airflow/dags/inegi_scraper_dag.py
[2026-05-25T14:43:43.568+0000] {processor.py:840} INFO - DAG(s) 'inegi_scraper' retrieved from /opt/airflow/dags/inegi_scraper_dag.py
[2026-05-25T14:43:43.640+0000] {logging_mixin.py:188} INFO - [2026-05-25T14:43:43.640+0000] {dag.py:3047} INFO - Sync 1 DAGs
[2026-05-25T14:43:43.755+0000] {logging_mixin.py:188} INFO - [2026-05-25T14:43:43.754+0000] {dag.py:3834} INFO - Setting next_dagrun for inegi_scraper to 2026-05-25 00:00:00+00:00, run_after=2026-05-26 00:00:00+00:00
[2026-05-25T14:43:43.829+0000] {processor.py:183} INFO - Processing /opt/airflow/dags/inegi_scraper_dag.py took 0.333 seconds
[2026-05-25T14:44:14.405+0000] {processor.py:161} INFO - Started process (PID=1639) to work on /opt/airflow/dags/inegi_scraper_dag.py
[2026-05-25T14:44:14.408+0000] {processor.py:830} INFO - Processing file /opt/airflow/dags/inegi_scraper_dag.py for tasks to queue
[2026-05-25T14:44:14.413+0000] {logging_mixin.py:188} INFO - [2026-05-25T14:44:14.411+0000] {dagbag.py:540} INFO - Filling up the DagBag from /opt/airflow/dags/inegi_scraper_dag.py
[2026-05-25T14:44:14.475+0000] {processor.py:840} INFO - DAG(s) 'inegi_scraper' retrieved from /opt/airflow/dags/inegi_scraper_dag.py
[2026-05-25T14:44:14.542+0000] {logging_mixin.py:188} INFO - [2026-05-25T14:44:14.542+0000] {dag.py:3047} INFO - Sync 1 DAGs
[2026-05-25T14:44:14.607+0000] {logging_mixin.py:188} INFO - [2026-05-25T14:44:14.606+0000] {dag.py:3834} INFO - Setting next_dagrun for inegi_scraper to 2026-05-25 00:00:00+00:00, run_after=2026-05-26 00:00:00+00:00
[2026-05-25T14:44:14.689+0000] {processor.py:183} INFO - Processing /opt/airflow/dags/inegi_scraper_dag.py took 0.301 seconds
[2026-05-25T14:44:45.489+0000] {processor.py:161} INFO - Started process (PID=1669) to work on /opt/airflow/dags/inegi_scraper_dag.py
[2026-05-25T14:44:45.492+0000] {processor.py:830} INFO - Processing file /opt/airflow/dags/inegi_scraper_dag.py for tasks to queue
[2026-05-25T14:44:45.496+0000] {logging_mixin.py:188} INFO - [2026-05-25T14:44:45.495+0000] {dagbag.py:540} INFO - Filling up the DagBag from /opt/airflow/dags/inegi_scraper_dag.py
[2026-05-25T14:44:45.556+0000] {processor.py:840} INFO - DAG(s) 'inegi_scraper' retrieved from /opt/airflow/dags/inegi_scraper_dag.py
[2026-05-25T14:44:45.691+0000] {logging_mixin.py:188} INFO - [2026-05-25T14:44:45.690+0000] {dag.py:3047} INFO - Sync 1 DAGs
[2026-05-25T14:44:45.797+0000] {logging_mixin.py:188} INFO - [2026-05-25T14:44:45.796+0000] {dag.py:3834} INFO - Setting next_dagrun for inegi_scraper to 2026-05-25 00:00:00+00:00, run_after=2026-05-26 00:00:00+00:00
[2026-05-25T14:44:45.851+0000] {processor.py:183} INFO - Processing /opt/airflow/dags/inegi_scraper_dag.py took 0.372 seconds
