[2026-05-25T14:13:21.884+0000] {processor.py:161} INFO - Started process (PID=66) to work on /opt/airflow/dags/kaldata_dag.py
[2026-05-25T14:13:21.909+0000] {processor.py:830} INFO - Processing file /opt/airflow/dags/kaldata_dag.py for tasks to queue
[2026-05-25T14:13:21.916+0000] {logging_mixin.py:188} INFO - [2026-05-25T14:13:21.915+0000] {dagbag.py:540} INFO - Filling up the DagBag from /opt/airflow/dags/kaldata_dag.py
[2026-05-25T14:13:22.163+0000] {processor.py:840} INFO - DAG(s) 'kaldata_scraper' retrieved from /opt/airflow/dags/kaldata_dag.py
[2026-05-25T14:13:24.018+0000] {logging_mixin.py:188} INFO - [2026-05-25T14:13:24.013+0000] {dag.py:3047} INFO - Sync 1 DAGs
[2026-05-25T14:13:24.272+0000] {logging_mixin.py:188} INFO - [2026-05-25T14:13:24.263+0000] {dag.py:3834} INFO - Setting next_dagrun for kaldata_scraper to 2026-05-25 00:00:00+00:00, run_after=2026-05-26 00:00:00+00:00
[2026-05-25T14:13:25.044+0000] {processor.py:183} INFO - Processing /opt/airflow/dags/kaldata_dag.py took 3.241 seconds
[2026-05-25T14:14:06.286+0000] {processor.py:161} INFO - Started process (PID=100) to work on /opt/airflow/dags/kaldata_dag.py
[2026-05-25T14:14:06.325+0000] {processor.py:830} INFO - Processing file /opt/airflow/dags/kaldata_dag.py for tasks to queue
[2026-05-25T14:14:06.427+0000] {logging_mixin.py:188} INFO - [2026-05-25T14:14:06.349+0000] {dagbag.py:540} INFO - Filling up the DagBag from /opt/airflow/dags/kaldata_dag.py
[2026-05-25T14:14:08.611+0000] {processor.py:840} INFO - DAG(s) 'kaldata_scraper' retrieved from /opt/airflow/dags/kaldata_dag.py
[2026-05-25T14:14:09.741+0000] {logging_mixin.py:188} INFO - [2026-05-25T14:14:09.741+0000] {dag.py:3047} INFO - Sync 1 DAGs
[2026-05-25T14:14:10.771+0000] {logging_mixin.py:188} INFO - [2026-05-25T14:14:10.757+0000] {dag.py:3834} INFO - Setting next_dagrun for kaldata_scraper to 2026-05-25 00:00:00+00:00, run_after=2026-05-26 00:00:00+00:00
[2026-05-25T14:14:11.914+0000] {processor.py:183} INFO - Processing /opt/airflow/dags/kaldata_dag.py took 5.865 seconds
[2026-05-25T14:14:45.179+0000] {processor.py:161} INFO - Started process (PID=133) to work on /opt/airflow/dags/kaldata_dag.py
[2026-05-25T14:14:45.323+0000] {processor.py:830} INFO - Processing file /opt/airflow/dags/kaldata_dag.py for tasks to queue
[2026-05-25T14:14:45.456+0000] {logging_mixin.py:188} INFO - [2026-05-25T14:14:45.389+0000] {dagbag.py:540} INFO - Filling up the DagBag from /opt/airflow/dags/kaldata_dag.py
[2026-05-25T14:14:47.072+0000] {processor.py:840} INFO - DAG(s) 'kaldata_scraper' retrieved from /opt/airflow/dags/kaldata_dag.py
[2026-05-25T14:14:48.911+0000] {logging_mixin.py:188} INFO - [2026-05-25T14:14:48.909+0000] {dag.py:3047} INFO - Sync 1 DAGs
[2026-05-25T14:14:49.352+0000] {logging_mixin.py:188} INFO - [2026-05-25T14:14:49.351+0000] {dag.py:3834} INFO - Setting next_dagrun for kaldata_scraper to 2026-05-25 00:00:00+00:00, run_after=2026-05-26 00:00:00+00:00
[2026-05-25T14:14:50.148+0000] {processor.py:183} INFO - Processing /opt/airflow/dags/kaldata_dag.py took 5.206 seconds
[2026-05-25T14:15:22.956+0000] {processor.py:161} INFO - Started process (PID=164) to work on /opt/airflow/dags/kaldata_dag.py
[2026-05-25T14:15:22.974+0000] {processor.py:830} INFO - Processing file /opt/airflow/dags/kaldata_dag.py for tasks to queue
[2026-05-25T14:15:22.988+0000] {logging_mixin.py:188} INFO - [2026-05-25T14:15:22.981+0000] {dagbag.py:540} INFO - Filling up the DagBag from /opt/airflow/dags/kaldata_dag.py
[2026-05-25T14:15:23.591+0000] {processor.py:840} INFO - DAG(s) 'kaldata_scraper' retrieved from /opt/airflow/dags/kaldata_dag.py
[2026-05-25T14:15:24.345+0000] {logging_mixin.py:188} INFO - [2026-05-25T14:15:24.345+0000] {dag.py:3047} INFO - Sync 1 DAGs
[2026-05-25T14:15:25.146+0000] {logging_mixin.py:188} INFO - [2026-05-25T14:15:25.146+0000] {dag.py:3834} INFO - Setting next_dagrun for kaldata_scraper to 2026-05-25 00:00:00+00:00, run_after=2026-05-26 00:00:00+00:00
[2026-05-25T14:15:25.660+0000] {processor.py:183} INFO - Processing /opt/airflow/dags/kaldata_dag.py took 2.771 seconds
[2026-05-25T14:15:58.691+0000] {processor.py:161} INFO - Started process (PID=192) to work on /opt/airflow/dags/kaldata_dag.py
[2026-05-25T14:15:58.698+0000] {processor.py:830} INFO - Processing file /opt/airflow/dags/kaldata_dag.py for tasks to queue
[2026-05-25T14:15:58.736+0000] {logging_mixin.py:188} INFO - [2026-05-25T14:15:58.735+0000] {dagbag.py:540} INFO - Filling up the DagBag from /opt/airflow/dags/kaldata_dag.py
[2026-05-25T14:16:00.001+0000] {processor.py:840} INFO - DAG(s) 'kaldata_scraper' retrieved from /opt/airflow/dags/kaldata_dag.py
[2026-05-25T14:16:02.501+0000] {logging_mixin.py:188} INFO - [2026-05-25T14:16:02.500+0000] {dag.py:3047} INFO - Sync 1 DAGs
[2026-05-25T14:16:04.647+0000] {logging_mixin.py:188} INFO - [2026-05-25T14:16:04.632+0000] {dag.py:3834} INFO - Setting next_dagrun for kaldata_scraper to 2026-05-25 00:00:00+00:00, run_after=2026-05-26 00:00:00+00:00
[2026-05-25T14:16:05.685+0000] {processor.py:183} INFO - Processing /opt/airflow/dags/kaldata_dag.py took 7.033 seconds
[2026-05-25T14:16:36.458+0000] {processor.py:161} INFO - Started process (PID=224) to work on /opt/airflow/dags/kaldata_dag.py
[2026-05-25T14:16:36.478+0000] {processor.py:830} INFO - Processing file /opt/airflow/dags/kaldata_dag.py for tasks to queue
[2026-05-25T14:16:36.490+0000] {logging_mixin.py:188} INFO - [2026-05-25T14:16:36.489+0000] {dagbag.py:540} INFO - Filling up the DagBag from /opt/airflow/dags/kaldata_dag.py
[2026-05-25T14:16:37.082+0000] {processor.py:840} INFO - DAG(s) 'kaldata_scraper' retrieved from /opt/airflow/dags/kaldata_dag.py
[2026-05-25T14:16:38.218+0000] {logging_mixin.py:188} INFO - [2026-05-25T14:16:38.217+0000] {dag.py:3047} INFO - Sync 1 DAGs
[2026-05-25T14:16:38.849+0000] {logging_mixin.py:188} INFO - [2026-05-25T14:16:38.849+0000] {dag.py:3834} INFO - Setting next_dagrun for kaldata_scraper to 2026-05-25 00:00:00+00:00, run_after=2026-05-26 00:00:00+00:00
[2026-05-25T14:16:40.008+0000] {processor.py:183} INFO - Processing /opt/airflow/dags/kaldata_dag.py took 3.598 seconds
[2026-05-25T14:17:12.111+0000] {processor.py:161} INFO - Started process (PID=254) to work on /opt/airflow/dags/kaldata_dag.py
[2026-05-25T14:17:12.144+0000] {processor.py:830} INFO - Processing file /opt/airflow/dags/kaldata_dag.py for tasks to queue
[2026-05-25T14:17:12.165+0000] {logging_mixin.py:188} INFO - [2026-05-25T14:17:12.155+0000] {dagbag.py:540} INFO - Filling up the DagBag from /opt/airflow/dags/kaldata_dag.py
[2026-05-25T14:17:12.289+0000] {processor.py:840} INFO - DAG(s) 'kaldata_scraper' retrieved from /opt/airflow/dags/kaldata_dag.py
[2026-05-25T14:17:12.673+0000] {logging_mixin.py:188} INFO - [2026-05-25T14:17:12.673+0000] {dag.py:3047} INFO - Sync 1 DAGs
[2026-05-25T14:17:13.221+0000] {logging_mixin.py:188} INFO - [2026-05-25T14:17:13.220+0000] {dag.py:3834} INFO - Setting next_dagrun for kaldata_scraper to 2026-05-25 00:00:00+00:00, run_after=2026-05-26 00:00:00+00:00
[2026-05-25T14:17:13.662+0000] {processor.py:183} INFO - Processing /opt/airflow/dags/kaldata_dag.py took 1.610 seconds
[2026-05-25T14:17:49.758+0000] {processor.py:161} INFO - Started process (PID=282) to work on /opt/airflow/dags/kaldata_dag.py
[2026-05-25T14:17:49.856+0000] {processor.py:830} INFO - Processing file /opt/airflow/dags/kaldata_dag.py for tasks to queue
[2026-05-25T14:17:49.869+0000] {logging_mixin.py:188} INFO - [2026-05-25T14:17:49.868+0000] {dagbag.py:540} INFO - Filling up the DagBag from /opt/airflow/dags/kaldata_dag.py
[2026-05-25T14:17:50.364+0000] {processor.py:840} INFO - DAG(s) 'kaldata_scraper' retrieved from /opt/airflow/dags/kaldata_dag.py
[2026-05-25T14:17:51.348+0000] {logging_mixin.py:188} INFO - [2026-05-25T14:17:51.348+0000] {dag.py:3047} INFO - Sync 1 DAGs
[2026-05-25T14:17:52.578+0000] {logging_mixin.py:188} INFO - [2026-05-25T14:17:52.577+0000] {dag.py:3834} INFO - Setting next_dagrun for kaldata_scraper to 2026-05-25 00:00:00+00:00, run_after=2026-05-26 00:00:00+00:00
[2026-05-25T14:17:53.555+0000] {processor.py:183} INFO - Processing /opt/airflow/dags/kaldata_dag.py took 3.925 seconds
[2026-05-25T14:18:34.635+0000] {processor.py:161} INFO - Started process (PID=312) to work on /opt/airflow/dags/kaldata_dag.py
[2026-05-25T14:18:34.703+0000] {processor.py:830} INFO - Processing file /opt/airflow/dags/kaldata_dag.py for tasks to queue
[2026-05-25T14:18:34.889+0000] {logging_mixin.py:188} INFO - [2026-05-25T14:18:34.742+0000] {dagbag.py:540} INFO - Filling up the DagBag from /opt/airflow/dags/kaldata_dag.py
[2026-05-25T14:18:37.166+0000] {processor.py:840} INFO - DAG(s) 'kaldata_scraper' retrieved from /opt/airflow/dags/kaldata_dag.py
[2026-05-25T14:18:38.697+0000] {logging_mixin.py:188} INFO - [2026-05-25T14:18:38.697+0000] {dag.py:3047} INFO - Sync 1 DAGs
[2026-05-25T14:18:39.014+0000] {logging_mixin.py:188} INFO - [2026-05-25T14:18:39.010+0000] {dag.py:3834} INFO - Setting next_dagrun for kaldata_scraper to 2026-05-25 00:00:00+00:00, run_after=2026-05-26 00:00:00+00:00
[2026-05-25T14:18:40.219+0000] {processor.py:183} INFO - Processing /opt/airflow/dags/kaldata_dag.py took 5.857 seconds
[2026-05-25T14:19:16.299+0000] {processor.py:161} INFO - Started process (PID=347) to work on /opt/airflow/dags/kaldata_dag.py
[2026-05-25T14:19:16.331+0000] {processor.py:830} INFO - Processing file /opt/airflow/dags/kaldata_dag.py for tasks to queue
[2026-05-25T14:19:16.446+0000] {logging_mixin.py:188} INFO - [2026-05-25T14:19:16.445+0000] {dagbag.py:540} INFO - Filling up the DagBag from /opt/airflow/dags/kaldata_dag.py
[2026-05-25T14:19:19.221+0000] {processor.py:840} INFO - DAG(s) 'kaldata_scraper' retrieved from /opt/airflow/dags/kaldata_dag.py
[2026-05-25T14:19:20.020+0000] {logging_mixin.py:188} INFO - [2026-05-25T14:19:20.019+0000] {dag.py:3047} INFO - Sync 1 DAGs
[2026-05-25T14:19:20.471+0000] {logging_mixin.py:188} INFO - [2026-05-25T14:19:20.470+0000] {dag.py:3834} INFO - Setting next_dagrun for kaldata_scraper to 2026-05-25 00:00:00+00:00, run_after=2026-05-26 00:00:00+00:00
[2026-05-25T14:19:21.331+0000] {processor.py:183} INFO - Processing /opt/airflow/dags/kaldata_dag.py took 5.526 seconds
[2026-05-25T14:19:53.510+0000] {processor.py:161} INFO - Started process (PID=380) to work on /opt/airflow/dags/kaldata_dag.py
[2026-05-25T14:19:53.560+0000] {processor.py:830} INFO - Processing file /opt/airflow/dags/kaldata_dag.py for tasks to queue
[2026-05-25T14:19:53.703+0000] {logging_mixin.py:188} INFO - [2026-05-25T14:19:53.702+0000] {dagbag.py:540} INFO - Filling up the DagBag from /opt/airflow/dags/kaldata_dag.py
[2026-05-25T14:19:54.858+0000] {processor.py:840} INFO - DAG(s) 'kaldata_scraper' retrieved from /opt/airflow/dags/kaldata_dag.py
[2026-05-25T14:19:55.082+0000] {logging_mixin.py:188} INFO - [2026-05-25T14:19:55.074+0000] {dag.py:3047} INFO - Sync 1 DAGs
[2026-05-25T14:19:55.369+0000] {logging_mixin.py:188} INFO - [2026-05-25T14:19:55.366+0000] {dag.py:3834} INFO - Setting next_dagrun for kaldata_scraper to 2026-05-25 00:00:00+00:00, run_after=2026-05-26 00:00:00+00:00
[2026-05-25T14:19:55.493+0000] {processor.py:183} INFO - Processing /opt/airflow/dags/kaldata_dag.py took 2.264 seconds
[2026-05-25T14:20:31.351+0000] {processor.py:161} INFO - Started process (PID=410) to work on /opt/airflow/dags/kaldata_dag.py
[2026-05-25T14:20:31.383+0000] {processor.py:830} INFO - Processing file /opt/airflow/dags/kaldata_dag.py for tasks to queue
[2026-05-25T14:20:31.447+0000] {logging_mixin.py:188} INFO - [2026-05-25T14:20:31.432+0000] {dagbag.py:540} INFO - Filling up the DagBag from /opt/airflow/dags/kaldata_dag.py
[2026-05-25T14:20:34.316+0000] {processor.py:840} INFO - DAG(s) 'kaldata_scraper' retrieved from /opt/airflow/dags/kaldata_dag.py
[2026-05-25T14:20:35.069+0000] {logging_mixin.py:188} INFO - [2026-05-25T14:20:35.056+0000] {dag.py:3047} INFO - Sync 1 DAGs
[2026-05-25T14:20:35.455+0000] {logging_mixin.py:188} INFO - [2026-05-25T14:20:35.454+0000] {dag.py:3834} INFO - Setting next_dagrun for kaldata_scraper to 2026-05-25 00:00:00+00:00, run_after=2026-05-26 00:00:00+00:00
[2026-05-25T14:20:36.343+0000] {processor.py:183} INFO - Processing /opt/airflow/dags/kaldata_dag.py took 5.260 seconds
[2026-05-25T14:21:12.535+0000] {processor.py:161} INFO - Started process (PID=438) to work on /opt/airflow/dags/kaldata_dag.py
[2026-05-25T14:21:12.597+0000] {processor.py:830} INFO - Processing file /opt/airflow/dags/kaldata_dag.py for tasks to queue
[2026-05-25T14:21:12.643+0000] {logging_mixin.py:188} INFO - [2026-05-25T14:21:12.614+0000] {dagbag.py:540} INFO - Filling up the DagBag from /opt/airflow/dags/kaldata_dag.py
[2026-05-25T14:21:15.518+0000] {processor.py:840} INFO - DAG(s) 'kaldata_scraper' retrieved from /opt/airflow/dags/kaldata_dag.py
[2026-05-25T14:21:17.428+0000] {logging_mixin.py:188} INFO - [2026-05-25T14:21:17.400+0000] {dag.py:3047} INFO - Sync 1 DAGs
[2026-05-25T14:21:18.314+0000] {logging_mixin.py:188} INFO - [2026-05-25T14:21:18.314+0000] {dag.py:3834} INFO - Setting next_dagrun for kaldata_scraper to 2026-05-25 00:00:00+00:00, run_after=2026-05-26 00:00:00+00:00
[2026-05-25T14:21:18.737+0000] {processor.py:183} INFO - Processing /opt/airflow/dags/kaldata_dag.py took 6.253 seconds
[2026-05-25T14:21:50.981+0000] {processor.py:161} INFO - Started process (PID=472) to work on /opt/airflow/dags/kaldata_dag.py
[2026-05-25T14:21:50.995+0000] {processor.py:830} INFO - Processing file /opt/airflow/dags/kaldata_dag.py for tasks to queue
[2026-05-25T14:21:51.006+0000] {logging_mixin.py:188} INFO - [2026-05-25T14:21:51.004+0000] {dagbag.py:540} INFO - Filling up the DagBag from /opt/airflow/dags/kaldata_dag.py
[2026-05-25T14:21:51.275+0000] {processor.py:840} INFO - DAG(s) 'kaldata_scraper' retrieved from /opt/airflow/dags/kaldata_dag.py
[2026-05-25T14:21:51.552+0000] {logging_mixin.py:188} INFO - [2026-05-25T14:21:51.550+0000] {dag.py:3047} INFO - Sync 1 DAGs
[2026-05-25T14:21:52.739+0000] {logging_mixin.py:188} INFO - [2026-05-25T14:21:52.730+0000] {dag.py:3834} INFO - Setting next_dagrun for kaldata_scraper to 2026-05-25 00:00:00+00:00, run_after=2026-05-26 00:00:00+00:00
[2026-05-25T14:21:54.399+0000] {processor.py:183} INFO - Processing /opt/airflow/dags/kaldata_dag.py took 3.497 seconds
[2026-05-25T14:22:25.645+0000] {processor.py:161} INFO - Started process (PID=502) to work on /opt/airflow/dags/kaldata_dag.py
[2026-05-25T14:22:25.657+0000] {processor.py:830} INFO - Processing file /opt/airflow/dags/kaldata_dag.py for tasks to queue
[2026-05-25T14:22:25.691+0000] {logging_mixin.py:188} INFO - [2026-05-25T14:22:25.690+0000] {dagbag.py:540} INFO - Filling up the DagBag from /opt/airflow/dags/kaldata_dag.py
[2026-05-25T14:22:26.079+0000] {processor.py:840} INFO - DAG(s) 'kaldata_scraper' retrieved from /opt/airflow/dags/kaldata_dag.py
[2026-05-25T14:22:26.903+0000] {logging_mixin.py:188} INFO - [2026-05-25T14:22:26.902+0000] {dag.py:3047} INFO - Sync 1 DAGs
[2026-05-25T14:22:27.538+0000] {logging_mixin.py:188} INFO - [2026-05-25T14:22:27.520+0000] {dag.py:3834} INFO - Setting next_dagrun for kaldata_scraper to 2026-05-25 00:00:00+00:00, run_after=2026-05-26 00:00:00+00:00
[2026-05-25T14:22:28.105+0000] {processor.py:183} INFO - Processing /opt/airflow/dags/kaldata_dag.py took 2.485 seconds
[2026-05-25T14:23:00.925+0000] {processor.py:161} INFO - Started process (PID=532) to work on /opt/airflow/dags/kaldata_dag.py
[2026-05-25T14:23:00.963+0000] {processor.py:830} INFO - Processing file /opt/airflow/dags/kaldata_dag.py for tasks to queue
[2026-05-25T14:23:00.983+0000] {logging_mixin.py:188} INFO - [2026-05-25T14:23:00.982+0000] {dagbag.py:540} INFO - Filling up the DagBag from /opt/airflow/dags/kaldata_dag.py
[2026-05-25T14:23:02.550+0000] {processor.py:840} INFO - DAG(s) 'kaldata_scraper' retrieved from /opt/airflow/dags/kaldata_dag.py
[2026-05-25T14:23:03.700+0000] {logging_mixin.py:188} INFO - [2026-05-25T14:23:03.700+0000] {dag.py:3047} INFO - Sync 1 DAGs
[2026-05-25T14:23:05.509+0000] {logging_mixin.py:188} INFO - [2026-05-25T14:23:05.509+0000] {dag.py:3834} INFO - Setting next_dagrun for kaldata_scraper to 2026-05-25 00:00:00+00:00, run_after=2026-05-26 00:00:00+00:00
[2026-05-25T14:23:06.115+0000] {processor.py:183} INFO - Processing /opt/airflow/dags/kaldata_dag.py took 5.302 seconds
[2026-05-25T14:23:42.751+0000] {processor.py:161} INFO - Started process (PID=566) to work on /opt/airflow/dags/kaldata_dag.py
[2026-05-25T14:23:42.782+0000] {processor.py:830} INFO - Processing file /opt/airflow/dags/kaldata_dag.py for tasks to queue
[2026-05-25T14:23:42.910+0000] {logging_mixin.py:188} INFO - [2026-05-25T14:23:42.817+0000] {dagbag.py:540} INFO - Filling up the DagBag from /opt/airflow/dags/kaldata_dag.py
[2026-05-25T14:23:43.864+0000] {processor.py:840} INFO - DAG(s) 'kaldata_scraper' retrieved from /opt/airflow/dags/kaldata_dag.py
[2026-05-25T14:23:45.273+0000] {logging_mixin.py:188} INFO - [2026-05-25T14:23:45.147+0000] {dag.py:3047} INFO - Sync 1 DAGs
[2026-05-25T14:23:47.245+0000] {logging_mixin.py:188} INFO - [2026-05-25T14:23:47.244+0000] {dag.py:3834} INFO - Setting next_dagrun for kaldata_scraper to 2026-05-25 00:00:00+00:00, run_after=2026-05-26 00:00:00+00:00
[2026-05-25T14:23:50.080+0000] {processor.py:183} INFO - Processing /opt/airflow/dags/kaldata_dag.py took 7.535 seconds
[2026-05-25T14:24:22.022+0000] {processor.py:161} INFO - Started process (PID=599) to work on /opt/airflow/dags/kaldata_dag.py
[2026-05-25T14:24:22.039+0000] {processor.py:830} INFO - Processing file /opt/airflow/dags/kaldata_dag.py for tasks to queue
[2026-05-25T14:24:22.060+0000] {logging_mixin.py:188} INFO - [2026-05-25T14:24:22.059+0000] {dagbag.py:540} INFO - Filling up the DagBag from /opt/airflow/dags/kaldata_dag.py
[2026-05-25T14:24:23.150+0000] {processor.py:840} INFO - DAG(s) 'kaldata_scraper' retrieved from /opt/airflow/dags/kaldata_dag.py
[2026-05-25T14:24:23.856+0000] {logging_mixin.py:188} INFO - [2026-05-25T14:24:23.855+0000] {dag.py:3047} INFO - Sync 1 DAGs
[2026-05-25T14:24:24.850+0000] {logging_mixin.py:188} INFO - [2026-05-25T14:24:24.765+0000] {dag.py:3834} INFO - Setting next_dagrun for kaldata_scraper to 2026-05-25 00:00:00+00:00, run_after=2026-05-26 00:00:00+00:00
[2026-05-25T14:24:26.218+0000] {processor.py:183} INFO - Processing /opt/airflow/dags/kaldata_dag.py took 4.311 seconds
[2026-05-25T14:24:59.860+0000] {processor.py:161} INFO - Started process (PID=626) to work on /opt/airflow/dags/kaldata_dag.py
[2026-05-25T14:24:59.967+0000] {processor.py:830} INFO - Processing file /opt/airflow/dags/kaldata_dag.py for tasks to queue
[2026-05-25T14:25:00.006+0000] {logging_mixin.py:188} INFO - [2026-05-25T14:25:00.005+0000] {dagbag.py:540} INFO - Filling up the DagBag from /opt/airflow/dags/kaldata_dag.py
[2026-05-25T14:25:02.482+0000] {processor.py:840} INFO - DAG(s) 'kaldata_scraper' retrieved from /opt/airflow/dags/kaldata_dag.py
[2026-05-25T14:25:03.582+0000] {logging_mixin.py:188} INFO - [2026-05-25T14:25:03.581+0000] {dag.py:3047} INFO - Sync 1 DAGs
[2026-05-25T14:25:05.907+0000] {logging_mixin.py:188} INFO - [2026-05-25T14:25:05.906+0000] {dag.py:3834} INFO - Setting next_dagrun for kaldata_scraper to 2026-05-25 00:00:00+00:00, run_after=2026-05-26 00:00:00+00:00
[2026-05-25T14:25:07.717+0000] {processor.py:183} INFO - Processing /opt/airflow/dags/kaldata_dag.py took 8.015 seconds
[2026-05-25T14:25:39.272+0000] {processor.py:161} INFO - Started process (PID=659) to work on /opt/airflow/dags/kaldata_dag.py
[2026-05-25T14:25:39.294+0000] {processor.py:830} INFO - Processing file /opt/airflow/dags/kaldata_dag.py for tasks to queue
[2026-05-25T14:25:39.303+0000] {logging_mixin.py:188} INFO - [2026-05-25T14:25:39.302+0000] {dagbag.py:540} INFO - Filling up the DagBag from /opt/airflow/dags/kaldata_dag.py
[2026-05-25T14:25:39.714+0000] {processor.py:840} INFO - DAG(s) 'kaldata_scraper' retrieved from /opt/airflow/dags/kaldata_dag.py
[2026-05-25T14:25:40.597+0000] {logging_mixin.py:188} INFO - [2026-05-25T14:25:40.568+0000] {dag.py:3047} INFO - Sync 1 DAGs
[2026-05-25T14:25:40.967+0000] {logging_mixin.py:188} INFO - [2026-05-25T14:25:40.966+0000] {dag.py:3834} INFO - Setting next_dagrun for kaldata_scraper to 2026-05-25 00:00:00+00:00, run_after=2026-05-26 00:00:00+00:00
[2026-05-25T14:25:41.209+0000] {processor.py:183} INFO - Processing /opt/airflow/dags/kaldata_dag.py took 2.042 seconds
[2026-05-25T14:26:12.481+0000] {processor.py:161} INFO - Started process (PID=689) to work on /opt/airflow/dags/kaldata_dag.py
[2026-05-25T14:26:12.505+0000] {processor.py:830} INFO - Processing file /opt/airflow/dags/kaldata_dag.py for tasks to queue
[2026-05-25T14:26:12.539+0000] {logging_mixin.py:188} INFO - [2026-05-25T14:26:12.521+0000] {dagbag.py:540} INFO - Filling up the DagBag from /opt/airflow/dags/kaldata_dag.py
[2026-05-25T14:26:12.742+0000] {processor.py:840} INFO - DAG(s) 'kaldata_scraper' retrieved from /opt/airflow/dags/kaldata_dag.py
[2026-05-25T14:26:13.773+0000] {logging_mixin.py:188} INFO - [2026-05-25T14:26:13.745+0000] {dag.py:3047} INFO - Sync 1 DAGs
[2026-05-25T14:26:14.061+0000] {logging_mixin.py:188} INFO - [2026-05-25T14:26:14.060+0000] {dag.py:3834} INFO - Setting next_dagrun for kaldata_scraper to 2026-05-25 00:00:00+00:00, run_after=2026-05-26 00:00:00+00:00
[2026-05-25T14:26:14.708+0000] {processor.py:183} INFO - Processing /opt/airflow/dags/kaldata_dag.py took 2.321 seconds
[2026-05-25T14:26:48.498+0000] {processor.py:161} INFO - Started process (PID=716) to work on /opt/airflow/dags/kaldata_dag.py
[2026-05-25T14:26:49.074+0000] {processor.py:830} INFO - Processing file /opt/airflow/dags/kaldata_dag.py for tasks to queue
[2026-05-25T14:26:49.148+0000] {logging_mixin.py:188} INFO - [2026-05-25T14:26:49.111+0000] {dagbag.py:540} INFO - Filling up the DagBag from /opt/airflow/dags/kaldata_dag.py
[2026-05-25T14:26:51.071+0000] {processor.py:840} INFO - DAG(s) 'kaldata_scraper' retrieved from /opt/airflow/dags/kaldata_dag.py
[2026-05-25T14:26:52.689+0000] {logging_mixin.py:188} INFO - [2026-05-25T14:26:52.661+0000] {dag.py:3047} INFO - Sync 1 DAGs
[2026-05-25T14:26:53.080+0000] {logging_mixin.py:188} INFO - [2026-05-25T14:26:53.079+0000] {dag.py:3834} INFO - Setting next_dagrun for kaldata_scraper to 2026-05-25 00:00:00+00:00, run_after=2026-05-26 00:00:00+00:00
[2026-05-25T14:26:53.262+0000] {processor.py:183} INFO - Processing /opt/airflow/dags/kaldata_dag.py took 5.308 seconds
[2026-05-25T14:27:28.466+0000] {processor.py:161} INFO - Started process (PID=749) to work on /opt/airflow/dags/kaldata_dag.py
[2026-05-25T14:27:28.731+0000] {processor.py:830} INFO - Processing file /opt/airflow/dags/kaldata_dag.py for tasks to queue
[2026-05-25T14:27:28.747+0000] {logging_mixin.py:188} INFO - [2026-05-25T14:27:28.746+0000] {dagbag.py:540} INFO - Filling up the DagBag from /opt/airflow/dags/kaldata_dag.py
[2026-05-25T14:27:29.781+0000] {processor.py:840} INFO - DAG(s) 'kaldata_scraper' retrieved from /opt/airflow/dags/kaldata_dag.py
[2026-05-25T14:27:30.198+0000] {logging_mixin.py:188} INFO - [2026-05-25T14:27:30.197+0000] {dag.py:3047} INFO - Sync 1 DAGs
[2026-05-25T14:27:30.774+0000] {logging_mixin.py:188} INFO - [2026-05-25T14:27:30.773+0000] {dag.py:3834} INFO - Setting next_dagrun for kaldata_scraper to 2026-05-25 00:00:00+00:00, run_after=2026-05-26 00:00:00+00:00
[2026-05-25T14:27:31.401+0000] {processor.py:183} INFO - Processing /opt/airflow/dags/kaldata_dag.py took 3.459 seconds
[2026-05-25T14:28:02.379+0000] {processor.py:161} INFO - Started process (PID=779) to work on /opt/airflow/dags/kaldata_dag.py
[2026-05-25T14:28:02.392+0000] {processor.py:830} INFO - Processing file /opt/airflow/dags/kaldata_dag.py for tasks to queue
[2026-05-25T14:28:02.396+0000] {logging_mixin.py:188} INFO - [2026-05-25T14:28:02.395+0000] {dagbag.py:540} INFO - Filling up the DagBag from /opt/airflow/dags/kaldata_dag.py
[2026-05-25T14:28:02.506+0000] {processor.py:840} INFO - DAG(s) 'kaldata_scraper' retrieved from /opt/airflow/dags/kaldata_dag.py
[2026-05-25T14:28:02.708+0000] {logging_mixin.py:188} INFO - [2026-05-25T14:28:02.707+0000] {dag.py:3047} INFO - Sync 1 DAGs
[2026-05-25T14:28:02.871+0000] {logging_mixin.py:188} INFO - [2026-05-25T14:28:02.870+0000] {dag.py:3834} INFO - Setting next_dagrun for kaldata_scraper to 2026-05-25 00:00:00+00:00, run_after=2026-05-26 00:00:00+00:00
[2026-05-25T14:28:02.960+0000] {processor.py:183} INFO - Processing /opt/airflow/dags/kaldata_dag.py took 0.602 seconds
[2026-05-25T14:28:33.911+0000] {processor.py:161} INFO - Started process (PID=806) to work on /opt/airflow/dags/kaldata_dag.py
[2026-05-25T14:28:33.917+0000] {processor.py:830} INFO - Processing file /opt/airflow/dags/kaldata_dag.py for tasks to queue
[2026-05-25T14:28:33.927+0000] {logging_mixin.py:188} INFO - [2026-05-25T14:28:33.926+0000] {dagbag.py:540} INFO - Filling up the DagBag from /opt/airflow/dags/kaldata_dag.py
[2026-05-25T14:28:34.062+0000] {processor.py:840} INFO - DAG(s) 'kaldata_scraper' retrieved from /opt/airflow/dags/kaldata_dag.py
[2026-05-25T14:28:34.169+0000] {logging_mixin.py:188} INFO - [2026-05-25T14:28:34.169+0000] {dag.py:3047} INFO - Sync 1 DAGs
[2026-05-25T14:28:34.262+0000] {logging_mixin.py:188} INFO - [2026-05-25T14:28:34.261+0000] {dag.py:3834} INFO - Setting next_dagrun for kaldata_scraper to 2026-05-25 00:00:00+00:00, run_after=2026-05-26 00:00:00+00:00
[2026-05-25T14:28:34.393+0000] {processor.py:183} INFO - Processing /opt/airflow/dags/kaldata_dag.py took 0.516 seconds
[2026-05-25T14:29:06.330+0000] {processor.py:161} INFO - Started process (PID=836) to work on /opt/airflow/dags/kaldata_dag.py
[2026-05-25T14:29:06.339+0000] {processor.py:830} INFO - Processing file /opt/airflow/dags/kaldata_dag.py for tasks to queue
[2026-05-25T14:29:06.348+0000] {logging_mixin.py:188} INFO - [2026-05-25T14:29:06.347+0000] {dagbag.py:540} INFO - Filling up the DagBag from /opt/airflow/dags/kaldata_dag.py
[2026-05-25T14:29:06.628+0000] {processor.py:840} INFO - DAG(s) 'kaldata_scraper' retrieved from /opt/airflow/dags/kaldata_dag.py
[2026-05-25T14:29:06.868+0000] {logging_mixin.py:188} INFO - [2026-05-25T14:29:06.867+0000] {dag.py:3047} INFO - Sync 1 DAGs
[2026-05-25T14:29:06.995+0000] {logging_mixin.py:188} INFO - [2026-05-25T14:29:06.994+0000] {dag.py:3834} INFO - Setting next_dagrun for kaldata_scraper to 2026-05-25 00:00:00+00:00, run_after=2026-05-26 00:00:00+00:00
[2026-05-25T14:29:07.384+0000] {processor.py:183} INFO - Processing /opt/airflow/dags/kaldata_dag.py took 1.096 seconds
[2026-05-25T14:29:40.116+0000] {processor.py:161} INFO - Started process (PID=867) to work on /opt/airflow/dags/kaldata_dag.py
[2026-05-25T14:29:40.147+0000] {processor.py:830} INFO - Processing file /opt/airflow/dags/kaldata_dag.py for tasks to queue
[2026-05-25T14:29:40.214+0000] {logging_mixin.py:188} INFO - [2026-05-25T14:29:40.212+0000] {dagbag.py:540} INFO - Filling up the DagBag from /opt/airflow/dags/kaldata_dag.py
[2026-05-25T14:29:41.808+0000] {processor.py:840} INFO - DAG(s) 'kaldata_scraper' retrieved from /opt/airflow/dags/kaldata_dag.py
[2026-05-25T14:29:43.852+0000] {logging_mixin.py:188} INFO - [2026-05-25T14:29:43.851+0000] {dag.py:3047} INFO - Sync 1 DAGs
[2026-05-25T14:29:44.912+0000] {logging_mixin.py:188} INFO - [2026-05-25T14:29:44.912+0000] {dag.py:3834} INFO - Setting next_dagrun for kaldata_scraper to 2026-05-25 00:00:00+00:00, run_after=2026-05-26 00:00:00+00:00
[2026-05-25T14:29:45.492+0000] {processor.py:183} INFO - Processing /opt/airflow/dags/kaldata_dag.py took 5.741 seconds
[2026-05-25T14:30:16.839+0000] {processor.py:161} INFO - Started process (PID=900) to work on /opt/airflow/dags/kaldata_dag.py
[2026-05-25T14:30:16.848+0000] {processor.py:830} INFO - Processing file /opt/airflow/dags/kaldata_dag.py for tasks to queue
[2026-05-25T14:30:16.860+0000] {logging_mixin.py:188} INFO - [2026-05-25T14:30:16.859+0000] {dagbag.py:540} INFO - Filling up the DagBag from /opt/airflow/dags/kaldata_dag.py
[2026-05-25T14:30:17.037+0000] {processor.py:840} INFO - DAG(s) 'kaldata_scraper' retrieved from /opt/airflow/dags/kaldata_dag.py
[2026-05-25T14:30:17.152+0000] {logging_mixin.py:188} INFO - [2026-05-25T14:30:17.150+0000] {dag.py:3047} INFO - Sync 1 DAGs
[2026-05-25T14:30:17.296+0000] {logging_mixin.py:188} INFO - [2026-05-25T14:30:17.295+0000] {dag.py:3834} INFO - Setting next_dagrun for kaldata_scraper to 2026-05-25 00:00:00+00:00, run_after=2026-05-26 00:00:00+00:00
[2026-05-25T14:30:17.402+0000] {processor.py:183} INFO - Processing /opt/airflow/dags/kaldata_dag.py took 0.585 seconds
[2026-05-25T14:30:49.198+0000] {processor.py:161} INFO - Started process (PID=931) to work on /opt/airflow/dags/kaldata_dag.py
[2026-05-25T14:30:49.212+0000] {processor.py:830} INFO - Processing file /opt/airflow/dags/kaldata_dag.py for tasks to queue
[2026-05-25T14:30:49.225+0000] {logging_mixin.py:188} INFO - [2026-05-25T14:30:49.224+0000] {dagbag.py:540} INFO - Filling up the DagBag from /opt/airflow/dags/kaldata_dag.py
[2026-05-25T14:30:49.452+0000] {processor.py:840} INFO - DAG(s) 'kaldata_scraper' retrieved from /opt/airflow/dags/kaldata_dag.py
[2026-05-25T14:30:49.737+0000] {logging_mixin.py:188} INFO - [2026-05-25T14:30:49.735+0000] {dag.py:3047} INFO - Sync 1 DAGs
[2026-05-25T14:30:50.161+0000] {logging_mixin.py:188} INFO - [2026-05-25T14:30:50.160+0000] {dag.py:3834} INFO - Setting next_dagrun for kaldata_scraper to 2026-05-25 00:00:00+00:00, run_after=2026-05-26 00:00:00+00:00
[2026-05-25T14:30:50.776+0000] {processor.py:183} INFO - Processing /opt/airflow/dags/kaldata_dag.py took 1.609 seconds
[2026-05-25T14:31:21.944+0000] {processor.py:161} INFO - Started process (PID=964) to work on /opt/airflow/dags/kaldata_dag.py
[2026-05-25T14:31:21.948+0000] {processor.py:830} INFO - Processing file /opt/airflow/dags/kaldata_dag.py for tasks to queue
[2026-05-25T14:31:21.957+0000] {logging_mixin.py:188} INFO - [2026-05-25T14:31:21.956+0000] {dagbag.py:540} INFO - Filling up the DagBag from /opt/airflow/dags/kaldata_dag.py
[2026-05-25T14:31:22.031+0000] {processor.py:840} INFO - DAG(s) 'kaldata_scraper' retrieved from /opt/airflow/dags/kaldata_dag.py
[2026-05-25T14:31:22.198+0000] {logging_mixin.py:188} INFO - [2026-05-25T14:31:22.197+0000] {dag.py:3047} INFO - Sync 1 DAGs
[2026-05-25T14:31:22.290+0000] {logging_mixin.py:188} INFO - [2026-05-25T14:31:22.289+0000] {dag.py:3834} INFO - Setting next_dagrun for kaldata_scraper to 2026-05-25 00:00:00+00:00, run_after=2026-05-26 00:00:00+00:00
[2026-05-25T14:31:22.558+0000] {processor.py:183} INFO - Processing /opt/airflow/dags/kaldata_dag.py took 0.635 seconds
[2026-05-25T14:31:53.026+0000] {processor.py:161} INFO - Started process (PID=994) to work on /opt/airflow/dags/kaldata_dag.py
[2026-05-25T14:31:53.030+0000] {processor.py:830} INFO - Processing file /opt/airflow/dags/kaldata_dag.py for tasks to queue
[2026-05-25T14:31:53.033+0000] {logging_mixin.py:188} INFO - [2026-05-25T14:31:53.032+0000] {dagbag.py:540} INFO - Filling up the DagBag from /opt/airflow/dags/kaldata_dag.py
[2026-05-25T14:31:53.139+0000] {processor.py:840} INFO - DAG(s) 'kaldata_scraper' retrieved from /opt/airflow/dags/kaldata_dag.py
[2026-05-25T14:31:53.356+0000] {logging_mixin.py:188} INFO - [2026-05-25T14:31:53.355+0000] {dag.py:3047} INFO - Sync 1 DAGs
[2026-05-25T14:31:53.724+0000] {logging_mixin.py:188} INFO - [2026-05-25T14:31:53.723+0000] {dag.py:3834} INFO - Setting next_dagrun for kaldata_scraper to 2026-05-25 00:00:00+00:00, run_after=2026-05-26 00:00:00+00:00
[2026-05-25T14:31:54.155+0000] {processor.py:183} INFO - Processing /opt/airflow/dags/kaldata_dag.py took 1.152 seconds
[2026-05-25T14:32:25.128+0000] {processor.py:161} INFO - Started process (PID=1024) to work on /opt/airflow/dags/kaldata_dag.py
[2026-05-25T14:32:25.139+0000] {processor.py:830} INFO - Processing file /opt/airflow/dags/kaldata_dag.py for tasks to queue
[2026-05-25T14:32:25.155+0000] {logging_mixin.py:188} INFO - [2026-05-25T14:32:25.154+0000] {dagbag.py:540} INFO - Filling up the DagBag from /opt/airflow/dags/kaldata_dag.py
[2026-05-25T14:32:25.388+0000] {processor.py:840} INFO - DAG(s) 'kaldata_scraper' retrieved from /opt/airflow/dags/kaldata_dag.py
[2026-05-25T14:32:25.464+0000] {logging_mixin.py:188} INFO - [2026-05-25T14:32:25.463+0000] {dag.py:3047} INFO - Sync 1 DAGs
[2026-05-25T14:32:25.532+0000] {logging_mixin.py:188} INFO - [2026-05-25T14:32:25.531+0000] {dag.py:3834} INFO - Setting next_dagrun for kaldata_scraper to 2026-05-25 00:00:00+00:00, run_after=2026-05-26 00:00:00+00:00
[2026-05-25T14:32:25.587+0000] {processor.py:183} INFO - Processing /opt/airflow/dags/kaldata_dag.py took 0.491 seconds
[2026-05-25T14:32:56.821+0000] {processor.py:161} INFO - Started process (PID=1054) to work on /opt/airflow/dags/kaldata_dag.py
[2026-05-25T14:32:56.984+0000] {processor.py:830} INFO - Processing file /opt/airflow/dags/kaldata_dag.py for tasks to queue
[2026-05-25T14:32:56.997+0000] {logging_mixin.py:188} INFO - [2026-05-25T14:32:56.993+0000] {dagbag.py:540} INFO - Filling up the DagBag from /opt/airflow/dags/kaldata_dag.py
[2026-05-25T14:32:57.213+0000] {processor.py:840} INFO - DAG(s) 'kaldata_scraper' retrieved from /opt/airflow/dags/kaldata_dag.py
[2026-05-25T14:32:57.392+0000] {logging_mixin.py:188} INFO - [2026-05-25T14:32:57.391+0000] {dag.py:3047} INFO - Sync 1 DAGs
[2026-05-25T14:32:57.484+0000] {logging_mixin.py:188} INFO - [2026-05-25T14:32:57.480+0000] {dag.py:3834} INFO - Setting next_dagrun for kaldata_scraper to 2026-05-25 00:00:00+00:00, run_after=2026-05-26 00:00:00+00:00
[2026-05-25T14:33:11.718+0000] {processor.py:183} INFO - Processing /opt/airflow/dags/kaldata_dag.py took 14.918 seconds
[2026-05-25T14:33:50.160+0000] {processor.py:161} INFO - Started process (PID=1087) to work on /opt/airflow/dags/kaldata_dag.py
[2026-05-25T14:33:50.646+0000] {processor.py:830} INFO - Processing file /opt/airflow/dags/kaldata_dag.py for tasks to queue
[2026-05-25T14:33:51.178+0000] {logging_mixin.py:188} INFO - [2026-05-25T14:33:51.177+0000] {dagbag.py:540} INFO - Filling up the DagBag from /opt/airflow/dags/kaldata_dag.py
[2026-05-25T14:34:04.810+0000] {processor.py:840} INFO - DAG(s) 'kaldata_scraper' retrieved from /opt/airflow/dags/kaldata_dag.py
[2026-05-25T14:34:05.140+0000] {logging_mixin.py:188} INFO - [2026-05-25T14:34:05.140+0000] {dag.py:3047} INFO - Sync 1 DAGs
[2026-05-25T14:34:05.450+0000] {logging_mixin.py:188} INFO - [2026-05-25T14:34:05.439+0000] {dag.py:3834} INFO - Setting next_dagrun for kaldata_scraper to 2026-05-25 00:00:00+00:00, run_after=2026-05-26 00:00:00+00:00
[2026-05-25T14:34:06.081+0000] {processor.py:183} INFO - Processing /opt/airflow/dags/kaldata_dag.py took 15.937 seconds
[2026-05-25T14:34:43.213+0000] {processor.py:161} INFO - Started process (PID=1114) to work on /opt/airflow/dags/kaldata_dag.py
[2026-05-25T14:34:43.608+0000] {processor.py:830} INFO - Processing file /opt/airflow/dags/kaldata_dag.py for tasks to queue
[2026-05-25T14:34:43.948+0000] {logging_mixin.py:188} INFO - [2026-05-25T14:34:43.933+0000] {dagbag.py:540} INFO - Filling up the DagBag from /opt/airflow/dags/kaldata_dag.py
[2026-05-25T14:34:51.368+0000] {processor.py:840} INFO - DAG(s) 'kaldata_scraper' retrieved from /opt/airflow/dags/kaldata_dag.py
[2026-05-25T14:34:51.770+0000] {logging_mixin.py:188} INFO - [2026-05-25T14:34:51.769+0000] {dag.py:3047} INFO - Sync 1 DAGs
[2026-05-25T14:34:52.066+0000] {logging_mixin.py:188} INFO - [2026-05-25T14:34:52.065+0000] {dag.py:3834} INFO - Setting next_dagrun for kaldata_scraper to 2026-05-25 00:00:00+00:00, run_after=2026-05-26 00:00:00+00:00
[2026-05-25T14:34:52.536+0000] {processor.py:183} INFO - Processing /opt/airflow/dags/kaldata_dag.py took 9.384 seconds
[2026-05-25T14:35:25.923+0000] {processor.py:161} INFO - Started process (PID=1144) to work on /opt/airflow/dags/kaldata_dag.py
[2026-05-25T14:35:25.933+0000] {processor.py:830} INFO - Processing file /opt/airflow/dags/kaldata_dag.py for tasks to queue
[2026-05-25T14:35:25.938+0000] {logging_mixin.py:188} INFO - [2026-05-25T14:35:25.937+0000] {dagbag.py:540} INFO - Filling up the DagBag from /opt/airflow/dags/kaldata_dag.py
[2026-05-25T14:35:26.123+0000] {processor.py:840} INFO - DAG(s) 'kaldata_scraper' retrieved from /opt/airflow/dags/kaldata_dag.py
[2026-05-25T14:35:26.378+0000] {logging_mixin.py:188} INFO - [2026-05-25T14:35:26.377+0000] {dag.py:3047} INFO - Sync 1 DAGs
[2026-05-25T14:35:26.454+0000] {logging_mixin.py:188} INFO - [2026-05-25T14:35:26.453+0000] {dag.py:3834} INFO - Setting next_dagrun for kaldata_scraper to 2026-05-25 00:00:00+00:00, run_after=2026-05-26 00:00:00+00:00
[2026-05-25T14:35:26.506+0000] {processor.py:183} INFO - Processing /opt/airflow/dags/kaldata_dag.py took 0.607 seconds
[2026-05-25T14:35:57.745+0000] {processor.py:161} INFO - Started process (PID=1174) to work on /opt/airflow/dags/kaldata_dag.py
[2026-05-25T14:35:57.749+0000] {processor.py:830} INFO - Processing file /opt/airflow/dags/kaldata_dag.py for tasks to queue
[2026-05-25T14:35:57.753+0000] {logging_mixin.py:188} INFO - [2026-05-25T14:35:57.752+0000] {dagbag.py:540} INFO - Filling up the DagBag from /opt/airflow/dags/kaldata_dag.py
[2026-05-25T14:35:57.815+0000] {processor.py:840} INFO - DAG(s) 'kaldata_scraper' retrieved from /opt/airflow/dags/kaldata_dag.py
[2026-05-25T14:35:57.883+0000] {logging_mixin.py:188} INFO - [2026-05-25T14:35:57.882+0000] {dag.py:3047} INFO - Sync 1 DAGs
[2026-05-25T14:35:57.952+0000] {logging_mixin.py:188} INFO - [2026-05-25T14:35:57.951+0000] {dag.py:3834} INFO - Setting next_dagrun for kaldata_scraper to 2026-05-25 00:00:00+00:00, run_after=2026-05-26 00:00:00+00:00
[2026-05-25T14:35:58.005+0000] {processor.py:183} INFO - Processing /opt/airflow/dags/kaldata_dag.py took 0.278 seconds
[2026-05-25T14:36:28.836+0000] {processor.py:161} INFO - Started process (PID=1204) to work on /opt/airflow/dags/kaldata_dag.py
[2026-05-25T14:36:28.867+0000] {processor.py:830} INFO - Processing file /opt/airflow/dags/kaldata_dag.py for tasks to queue
[2026-05-25T14:36:28.875+0000] {logging_mixin.py:188} INFO - [2026-05-25T14:36:28.874+0000] {dagbag.py:540} INFO - Filling up the DagBag from /opt/airflow/dags/kaldata_dag.py
[2026-05-25T14:36:29.133+0000] {processor.py:840} INFO - DAG(s) 'kaldata_scraper' retrieved from /opt/airflow/dags/kaldata_dag.py
[2026-05-25T14:36:29.301+0000] {logging_mixin.py:188} INFO - [2026-05-25T14:36:29.301+0000] {dag.py:3047} INFO - Sync 1 DAGs
[2026-05-25T14:36:29.559+0000] {logging_mixin.py:188} INFO - [2026-05-25T14:36:29.559+0000] {dag.py:3834} INFO - Setting next_dagrun for kaldata_scraper to 2026-05-25 00:00:00+00:00, run_after=2026-05-26 00:00:00+00:00
[2026-05-25T14:36:29.789+0000] {processor.py:183} INFO - Processing /opt/airflow/dags/kaldata_dag.py took 0.985 seconds
[2026-05-25T14:37:02.288+0000] {processor.py:161} INFO - Started process (PID=1234) to work on /opt/airflow/dags/kaldata_dag.py
[2026-05-25T14:37:02.319+0000] {processor.py:830} INFO - Processing file /opt/airflow/dags/kaldata_dag.py for tasks to queue
[2026-05-25T14:37:02.371+0000] {logging_mixin.py:188} INFO - [2026-05-25T14:37:02.370+0000] {dagbag.py:540} INFO - Filling up the DagBag from /opt/airflow/dags/kaldata_dag.py
[2026-05-25T14:37:04.495+0000] {processor.py:840} INFO - DAG(s) 'kaldata_scraper' retrieved from /opt/airflow/dags/kaldata_dag.py
[2026-05-25T14:37:04.686+0000] {logging_mixin.py:188} INFO - [2026-05-25T14:37:04.685+0000] {dag.py:3047} INFO - Sync 1 DAGs
[2026-05-25T14:37:04.901+0000] {logging_mixin.py:188} INFO - [2026-05-25T14:37:04.900+0000] {dag.py:3834} INFO - Setting next_dagrun for kaldata_scraper to 2026-05-25 00:00:00+00:00, run_after=2026-05-26 00:00:00+00:00
[2026-05-25T14:37:05.319+0000] {processor.py:183} INFO - Processing /opt/airflow/dags/kaldata_dag.py took 3.077 seconds
[2026-05-25T14:37:37.773+0000] {processor.py:161} INFO - Started process (PID=1264) to work on /opt/airflow/dags/kaldata_dag.py
[2026-05-25T14:37:37.804+0000] {processor.py:830} INFO - Processing file /opt/airflow/dags/kaldata_dag.py for tasks to queue
[2026-05-25T14:37:37.835+0000] {logging_mixin.py:188} INFO - [2026-05-25T14:37:37.834+0000] {dagbag.py:540} INFO - Filling up the DagBag from /opt/airflow/dags/kaldata_dag.py
[2026-05-25T14:37:37.920+0000] {processor.py:840} INFO - DAG(s) 'kaldata_scraper' retrieved from /opt/airflow/dags/kaldata_dag.py
[2026-05-25T14:37:38.087+0000] {logging_mixin.py:188} INFO - [2026-05-25T14:37:38.086+0000] {dag.py:3047} INFO - Sync 1 DAGs
[2026-05-25T14:37:38.262+0000] {logging_mixin.py:188} INFO - [2026-05-25T14:37:38.261+0000] {dag.py:3834} INFO - Setting next_dagrun for kaldata_scraper to 2026-05-25 00:00:00+00:00, run_after=2026-05-26 00:00:00+00:00
[2026-05-25T14:37:38.386+0000] {processor.py:183} INFO - Processing /opt/airflow/dags/kaldata_dag.py took 0.645 seconds
[2026-05-25T14:38:09.241+0000] {processor.py:161} INFO - Started process (PID=1294) to work on /opt/airflow/dags/kaldata_dag.py
[2026-05-25T14:38:09.294+0000] {processor.py:830} INFO - Processing file /opt/airflow/dags/kaldata_dag.py for tasks to queue
[2026-05-25T14:38:09.348+0000] {logging_mixin.py:188} INFO - [2026-05-25T14:38:09.331+0000] {dagbag.py:540} INFO - Filling up the DagBag from /opt/airflow/dags/kaldata_dag.py
[2026-05-25T14:38:09.656+0000] {processor.py:840} INFO - DAG(s) 'kaldata_scraper' retrieved from /opt/airflow/dags/kaldata_dag.py
[2026-05-25T14:38:09.878+0000] {logging_mixin.py:188} INFO - [2026-05-25T14:38:09.877+0000] {dag.py:3047} INFO - Sync 1 DAGs
[2026-05-25T14:38:10.445+0000] {logging_mixin.py:188} INFO - [2026-05-25T14:38:10.444+0000] {dag.py:3834} INFO - Setting next_dagrun for kaldata_scraper to 2026-05-25 00:00:00+00:00, run_after=2026-05-26 00:00:00+00:00
[2026-05-25T14:38:10.662+0000] {processor.py:183} INFO - Processing /opt/airflow/dags/kaldata_dag.py took 1.609 seconds
[2026-05-25T14:38:42.203+0000] {processor.py:161} INFO - Started process (PID=1324) to work on /opt/airflow/dags/kaldata_dag.py
[2026-05-25T14:38:42.211+0000] {processor.py:830} INFO - Processing file /opt/airflow/dags/kaldata_dag.py for tasks to queue
[2026-05-25T14:38:42.216+0000] {logging_mixin.py:188} INFO - [2026-05-25T14:38:42.215+0000] {dagbag.py:540} INFO - Filling up the DagBag from /opt/airflow/dags/kaldata_dag.py
[2026-05-25T14:38:42.301+0000] {processor.py:840} INFO - DAG(s) 'kaldata_scraper' retrieved from /opt/airflow/dags/kaldata_dag.py
[2026-05-25T14:38:42.469+0000] {logging_mixin.py:188} INFO - [2026-05-25T14:38:42.469+0000] {dag.py:3047} INFO - Sync 1 DAGs
[2026-05-25T14:38:42.613+0000] {logging_mixin.py:188} INFO - [2026-05-25T14:38:42.613+0000] {dag.py:3834} INFO - Setting next_dagrun for kaldata_scraper to 2026-05-25 00:00:00+00:00, run_after=2026-05-26 00:00:00+00:00
[2026-05-25T14:38:42.700+0000] {processor.py:183} INFO - Processing /opt/airflow/dags/kaldata_dag.py took 0.516 seconds
[2026-05-25T14:39:13.799+0000] {processor.py:161} INFO - Started process (PID=1354) to work on /opt/airflow/dags/kaldata_dag.py
[2026-05-25T14:39:13.802+0000] {processor.py:830} INFO - Processing file /opt/airflow/dags/kaldata_dag.py for tasks to queue
[2026-05-25T14:39:13.805+0000] {logging_mixin.py:188} INFO - [2026-05-25T14:39:13.804+0000] {dagbag.py:540} INFO - Filling up the DagBag from /opt/airflow/dags/kaldata_dag.py
[2026-05-25T14:39:13.857+0000] {processor.py:840} INFO - DAG(s) 'kaldata_scraper' retrieved from /opt/airflow/dags/kaldata_dag.py
[2026-05-25T14:39:13.924+0000] {logging_mixin.py:188} INFO - [2026-05-25T14:39:13.924+0000] {dag.py:3047} INFO - Sync 1 DAGs
[2026-05-25T14:39:13.986+0000] {logging_mixin.py:188} INFO - [2026-05-25T14:39:13.986+0000] {dag.py:3834} INFO - Setting next_dagrun for kaldata_scraper to 2026-05-25 00:00:00+00:00, run_after=2026-05-26 00:00:00+00:00
[2026-05-25T14:39:14.101+0000] {processor.py:183} INFO - Processing /opt/airflow/dags/kaldata_dag.py took 0.311 seconds
[2026-05-25T14:39:44.816+0000] {processor.py:161} INFO - Started process (PID=1384) to work on /opt/airflow/dags/kaldata_dag.py
[2026-05-25T14:39:44.819+0000] {processor.py:830} INFO - Processing file /opt/airflow/dags/kaldata_dag.py for tasks to queue
[2026-05-25T14:39:44.824+0000] {logging_mixin.py:188} INFO - [2026-05-25T14:39:44.823+0000] {dagbag.py:540} INFO - Filling up the DagBag from /opt/airflow/dags/kaldata_dag.py
[2026-05-25T14:39:44.884+0000] {processor.py:840} INFO - DAG(s) 'kaldata_scraper' retrieved from /opt/airflow/dags/kaldata_dag.py
[2026-05-25T14:39:44.950+0000] {logging_mixin.py:188} INFO - [2026-05-25T14:39:44.950+0000] {dag.py:3047} INFO - Sync 1 DAGs
[2026-05-25T14:39:45.014+0000] {logging_mixin.py:188} INFO - [2026-05-25T14:39:45.013+0000] {dag.py:3834} INFO - Setting next_dagrun for kaldata_scraper to 2026-05-25 00:00:00+00:00, run_after=2026-05-26 00:00:00+00:00
[2026-05-25T14:39:45.070+0000] {processor.py:183} INFO - Processing /opt/airflow/dags/kaldata_dag.py took 0.263 seconds
[2026-05-25T14:40:15.819+0000] {processor.py:161} INFO - Started process (PID=1414) to work on /opt/airflow/dags/kaldata_dag.py
[2026-05-25T14:40:15.823+0000] {processor.py:830} INFO - Processing file /opt/airflow/dags/kaldata_dag.py for tasks to queue
[2026-05-25T14:40:15.825+0000] {logging_mixin.py:188} INFO - [2026-05-25T14:40:15.825+0000] {dagbag.py:540} INFO - Filling up the DagBag from /opt/airflow/dags/kaldata_dag.py
[2026-05-25T14:40:15.878+0000] {processor.py:840} INFO - DAG(s) 'kaldata_scraper' retrieved from /opt/airflow/dags/kaldata_dag.py
[2026-05-25T14:40:15.939+0000] {logging_mixin.py:188} INFO - [2026-05-25T14:40:15.939+0000] {dag.py:3047} INFO - Sync 1 DAGs
[2026-05-25T14:40:16.000+0000] {logging_mixin.py:188} INFO - [2026-05-25T14:40:16.000+0000] {dag.py:3834} INFO - Setting next_dagrun for kaldata_scraper to 2026-05-25 00:00:00+00:00, run_after=2026-05-26 00:00:00+00:00
[2026-05-25T14:40:16.059+0000] {processor.py:183} INFO - Processing /opt/airflow/dags/kaldata_dag.py took 0.251 seconds
[2026-05-25T14:40:53.171+0000] {processor.py:161} INFO - Started process (PID=1444) to work on /opt/airflow/dags/kaldata_dag.py
[2026-05-25T14:40:53.192+0000] {processor.py:830} INFO - Processing file /opt/airflow/dags/kaldata_dag.py for tasks to queue
[2026-05-25T14:40:53.198+0000] {logging_mixin.py:188} INFO - [2026-05-25T14:40:53.197+0000] {dagbag.py:540} INFO - Filling up the DagBag from /opt/airflow/dags/kaldata_dag.py
[2026-05-25T14:40:53.450+0000] {processor.py:840} INFO - DAG(s) 'kaldata_scraper' retrieved from /opt/airflow/dags/kaldata_dag.py
[2026-05-25T14:40:53.708+0000] {logging_mixin.py:188} INFO - [2026-05-25T14:40:53.707+0000] {dag.py:3047} INFO - Sync 1 DAGs
[2026-05-25T14:40:53.922+0000] {logging_mixin.py:188} INFO - [2026-05-25T14:40:53.921+0000] {dag.py:3834} INFO - Setting next_dagrun for kaldata_scraper to 2026-05-25 00:00:00+00:00, run_after=2026-05-26 00:00:00+00:00
[2026-05-25T14:40:54.055+0000] {processor.py:183} INFO - Processing /opt/airflow/dags/kaldata_dag.py took 0.887 seconds
[2026-05-25T14:41:24.514+0000] {processor.py:161} INFO - Started process (PID=1474) to work on /opt/airflow/dags/kaldata_dag.py
[2026-05-25T14:41:24.518+0000] {processor.py:830} INFO - Processing file /opt/airflow/dags/kaldata_dag.py for tasks to queue
[2026-05-25T14:41:24.521+0000] {logging_mixin.py:188} INFO - [2026-05-25T14:41:24.520+0000] {dagbag.py:540} INFO - Filling up the DagBag from /opt/airflow/dags/kaldata_dag.py
[2026-05-25T14:41:24.586+0000] {processor.py:840} INFO - DAG(s) 'kaldata_scraper' retrieved from /opt/airflow/dags/kaldata_dag.py
[2026-05-25T14:41:24.657+0000] {logging_mixin.py:188} INFO - [2026-05-25T14:41:24.656+0000] {dag.py:3047} INFO - Sync 1 DAGs
[2026-05-25T14:41:24.724+0000] {logging_mixin.py:188} INFO - [2026-05-25T14:41:24.723+0000] {dag.py:3834} INFO - Setting next_dagrun for kaldata_scraper to 2026-05-25 00:00:00+00:00, run_after=2026-05-26 00:00:00+00:00
[2026-05-25T14:41:24.786+0000] {processor.py:183} INFO - Processing /opt/airflow/dags/kaldata_dag.py took 0.284 seconds
[2026-05-25T14:41:55.387+0000] {processor.py:161} INFO - Started process (PID=1504) to work on /opt/airflow/dags/kaldata_dag.py
[2026-05-25T14:41:55.391+0000] {processor.py:830} INFO - Processing file /opt/airflow/dags/kaldata_dag.py for tasks to queue
[2026-05-25T14:41:55.394+0000] {logging_mixin.py:188} INFO - [2026-05-25T14:41:55.393+0000] {dagbag.py:540} INFO - Filling up the DagBag from /opt/airflow/dags/kaldata_dag.py
[2026-05-25T14:41:55.447+0000] {processor.py:840} INFO - DAG(s) 'kaldata_scraper' retrieved from /opt/airflow/dags/kaldata_dag.py
[2026-05-25T14:41:55.536+0000] {logging_mixin.py:188} INFO - [2026-05-25T14:41:55.536+0000] {dag.py:3047} INFO - Sync 1 DAGs
[2026-05-25T14:41:55.605+0000] {logging_mixin.py:188} INFO - [2026-05-25T14:41:55.604+0000] {dag.py:3834} INFO - Setting next_dagrun for kaldata_scraper to 2026-05-25 00:00:00+00:00, run_after=2026-05-26 00:00:00+00:00
[2026-05-25T14:41:56.411+0000] {processor.py:183} INFO - Processing /opt/airflow/dags/kaldata_dag.py took 1.034 seconds
[2026-05-25T14:42:27.199+0000] {processor.py:161} INFO - Started process (PID=1534) to work on /opt/airflow/dags/kaldata_dag.py
[2026-05-25T14:42:27.202+0000] {processor.py:830} INFO - Processing file /opt/airflow/dags/kaldata_dag.py for tasks to queue
[2026-05-25T14:42:27.205+0000] {logging_mixin.py:188} INFO - [2026-05-25T14:42:27.204+0000] {dagbag.py:540} INFO - Filling up the DagBag from /opt/airflow/dags/kaldata_dag.py
[2026-05-25T14:42:27.260+0000] {processor.py:840} INFO - DAG(s) 'kaldata_scraper' retrieved from /opt/airflow/dags/kaldata_dag.py
[2026-05-25T14:42:27.381+0000] {logging_mixin.py:188} INFO - [2026-05-25T14:42:27.380+0000] {dag.py:3047} INFO - Sync 1 DAGs
[2026-05-25T14:42:27.545+0000] {logging_mixin.py:188} INFO - [2026-05-25T14:42:27.533+0000] {dag.py:3834} INFO - Setting next_dagrun for kaldata_scraper to 2026-05-25 00:00:00+00:00, run_after=2026-05-26 00:00:00+00:00
[2026-05-25T14:42:27.867+0000] {processor.py:183} INFO - Processing /opt/airflow/dags/kaldata_dag.py took 0.690 seconds
[2026-05-25T14:42:58.651+0000] {processor.py:161} INFO - Started process (PID=1564) to work on /opt/airflow/dags/kaldata_dag.py
[2026-05-25T14:42:58.675+0000] {processor.py:830} INFO - Processing file /opt/airflow/dags/kaldata_dag.py for tasks to queue
[2026-05-25T14:42:58.679+0000] {logging_mixin.py:188} INFO - [2026-05-25T14:42:58.678+0000] {dagbag.py:540} INFO - Filling up the DagBag from /opt/airflow/dags/kaldata_dag.py
[2026-05-25T14:42:59.232+0000] {processor.py:840} INFO - DAG(s) 'kaldata_scraper' retrieved from /opt/airflow/dags/kaldata_dag.py
[2026-05-25T14:42:59.637+0000] {logging_mixin.py:188} INFO - [2026-05-25T14:42:59.636+0000] {dag.py:3047} INFO - Sync 1 DAGs
[2026-05-25T14:42:59.932+0000] {logging_mixin.py:188} INFO - [2026-05-25T14:42:59.932+0000] {dag.py:3834} INFO - Setting next_dagrun for kaldata_scraper to 2026-05-25 00:00:00+00:00, run_after=2026-05-26 00:00:00+00:00
[2026-05-25T14:43:00.017+0000] {processor.py:183} INFO - Processing /opt/airflow/dags/kaldata_dag.py took 1.400 seconds
[2026-05-25T14:43:30.639+0000] {processor.py:161} INFO - Started process (PID=1594) to work on /opt/airflow/dags/kaldata_dag.py
[2026-05-25T14:43:30.643+0000] {processor.py:830} INFO - Processing file /opt/airflow/dags/kaldata_dag.py for tasks to queue
[2026-05-25T14:43:30.646+0000] {logging_mixin.py:188} INFO - [2026-05-25T14:43:30.645+0000] {dagbag.py:540} INFO - Filling up the DagBag from /opt/airflow/dags/kaldata_dag.py
[2026-05-25T14:43:30.718+0000] {processor.py:840} INFO - DAG(s) 'kaldata_scraper' retrieved from /opt/airflow/dags/kaldata_dag.py
[2026-05-25T14:43:30.788+0000] {logging_mixin.py:188} INFO - [2026-05-25T14:43:30.788+0000] {dag.py:3047} INFO - Sync 1 DAGs
[2026-05-25T14:43:30.857+0000] {logging_mixin.py:188} INFO - [2026-05-25T14:43:30.856+0000] {dag.py:3834} INFO - Setting next_dagrun for kaldata_scraper to 2026-05-25 00:00:00+00:00, run_after=2026-05-26 00:00:00+00:00
[2026-05-25T14:43:30.909+0000] {processor.py:183} INFO - Processing /opt/airflow/dags/kaldata_dag.py took 0.283 seconds
[2026-05-25T14:44:01.447+0000] {processor.py:161} INFO - Started process (PID=1624) to work on /opt/airflow/dags/kaldata_dag.py
[2026-05-25T14:44:01.450+0000] {processor.py:830} INFO - Processing file /opt/airflow/dags/kaldata_dag.py for tasks to queue
[2026-05-25T14:44:01.455+0000] {logging_mixin.py:188} INFO - [2026-05-25T14:44:01.454+0000] {dagbag.py:540} INFO - Filling up the DagBag from /opt/airflow/dags/kaldata_dag.py
[2026-05-25T14:44:01.561+0000] {processor.py:840} INFO - DAG(s) 'kaldata_scraper' retrieved from /opt/airflow/dags/kaldata_dag.py
[2026-05-25T14:44:01.640+0000] {logging_mixin.py:188} INFO - [2026-05-25T14:44:01.639+0000] {dag.py:3047} INFO - Sync 1 DAGs
[2026-05-25T14:44:01.714+0000] {logging_mixin.py:188} INFO - [2026-05-25T14:44:01.714+0000] {dag.py:3834} INFO - Setting next_dagrun for kaldata_scraper to 2026-05-25 00:00:00+00:00, run_after=2026-05-26 00:00:00+00:00
[2026-05-25T14:44:01.779+0000] {processor.py:183} INFO - Processing /opt/airflow/dags/kaldata_dag.py took 0.348 seconds
[2026-05-25T14:44:32.638+0000] {processor.py:161} INFO - Started process (PID=1654) to work on /opt/airflow/dags/kaldata_dag.py
[2026-05-25T14:44:32.642+0000] {processor.py:830} INFO - Processing file /opt/airflow/dags/kaldata_dag.py for tasks to queue
[2026-05-25T14:44:32.645+0000] {logging_mixin.py:188} INFO - [2026-05-25T14:44:32.644+0000] {dagbag.py:540} INFO - Filling up the DagBag from /opt/airflow/dags/kaldata_dag.py
[2026-05-25T14:44:32.705+0000] {processor.py:840} INFO - DAG(s) 'kaldata_scraper' retrieved from /opt/airflow/dags/kaldata_dag.py
[2026-05-25T14:44:32.780+0000] {logging_mixin.py:188} INFO - [2026-05-25T14:44:32.780+0000] {dag.py:3047} INFO - Sync 1 DAGs
[2026-05-25T14:44:32.854+0000] {logging_mixin.py:188} INFO - [2026-05-25T14:44:32.853+0000] {dag.py:3834} INFO - Setting next_dagrun for kaldata_scraper to 2026-05-25 00:00:00+00:00, run_after=2026-05-26 00:00:00+00:00
[2026-05-25T14:44:32.930+0000] {processor.py:183} INFO - Processing /opt/airflow/dags/kaldata_dag.py took 0.304 seconds
[2026-05-25T14:45:04.072+0000] {processor.py:161} INFO - Started process (PID=1684) to work on /opt/airflow/dags/kaldata_dag.py
[2026-05-25T14:45:04.080+0000] {processor.py:830} INFO - Processing file /opt/airflow/dags/kaldata_dag.py for tasks to queue
[2026-05-25T14:45:04.085+0000] {logging_mixin.py:188} INFO - [2026-05-25T14:45:04.084+0000] {dagbag.py:540} INFO - Filling up the DagBag from /opt/airflow/dags/kaldata_dag.py
[2026-05-25T14:45:04.224+0000] {processor.py:840} INFO - DAG(s) 'kaldata_scraper' retrieved from /opt/airflow/dags/kaldata_dag.py
[2026-05-25T14:45:04.353+0000] {logging_mixin.py:188} INFO - [2026-05-25T14:45:04.352+0000] {dag.py:3047} INFO - Sync 1 DAGs
[2026-05-25T14:45:04.540+0000] {logging_mixin.py:188} INFO - [2026-05-25T14:45:04.539+0000] {dag.py:3834} INFO - Setting next_dagrun for kaldata_scraper to 2026-05-25 00:00:00+00:00, run_after=2026-05-26 00:00:00+00:00
[2026-05-25T14:45:04.657+0000] {processor.py:183} INFO - Processing /opt/airflow/dags/kaldata_dag.py took 0.596 seconds
