[2026-05-25T14:13:19.693+0000] {processor.py:161} INFO - Started process (PID=61) to work on /opt/airflow/dags/telegraph_dag.py
[2026-05-25T14:13:19.696+0000] {processor.py:830} INFO - Processing file /opt/airflow/dags/telegraph_dag.py for tasks to queue
[2026-05-25T14:13:19.707+0000] {logging_mixin.py:188} INFO - [2026-05-25T14:13:19.706+0000] {dagbag.py:540} INFO - Filling up the DagBag from /opt/airflow/dags/telegraph_dag.py
[2026-05-25T14:13:19.984+0000] {processor.py:840} INFO - DAG(s) 'telegraph_scraper' retrieved from /opt/airflow/dags/telegraph_dag.py
[2026-05-25T14:13:21.775+0000] {logging_mixin.py:188} INFO - [2026-05-25T14:13:21.746+0000] {dag.py:3047} INFO - Sync 1 DAGs
[2026-05-25T14:13:22.058+0000] {logging_mixin.py:188} INFO - [2026-05-25T14:13:22.058+0000] {dag.py:3834} INFO - Setting next_dagrun for telegraph_scraper to 2026-05-25 00:00:00+00:00, run_after=2026-05-26 00:00:00+00:00
[2026-05-25T14:13:22.531+0000] {processor.py:183} INFO - Processing /opt/airflow/dags/telegraph_dag.py took 2.905 seconds
[2026-05-25T14:13:57.642+0000] {processor.py:161} INFO - Started process (PID=95) to work on /opt/airflow/dags/telegraph_dag.py
[2026-05-25T14:13:58.235+0000] {processor.py:830} INFO - Processing file /opt/airflow/dags/telegraph_dag.py for tasks to queue
[2026-05-25T14:13:58.266+0000] {logging_mixin.py:188} INFO - [2026-05-25T14:13:58.251+0000] {dagbag.py:540} INFO - Filling up the DagBag from /opt/airflow/dags/telegraph_dag.py
[2026-05-25T14:14:01.035+0000] {processor.py:840} INFO - DAG(s) 'telegraph_scraper' retrieved from /opt/airflow/dags/telegraph_dag.py
[2026-05-25T14:14:02.587+0000] {logging_mixin.py:188} INFO - [2026-05-25T14:14:02.587+0000] {dag.py:3047} INFO - Sync 1 DAGs
[2026-05-25T14:14:05.000+0000] {logging_mixin.py:188} INFO - [2026-05-25T14:14:05.000+0000] {dag.py:3834} INFO - Setting next_dagrun for telegraph_scraper to 2026-05-25 00:00:00+00:00, run_after=2026-05-26 00:00:00+00:00
[2026-05-25T14:14:06.190+0000] {processor.py:183} INFO - Processing /opt/airflow/dags/telegraph_dag.py took 9.103 seconds
[2026-05-25T14:14:38.621+0000] {processor.py:161} INFO - Started process (PID=125) to work on /opt/airflow/dags/telegraph_dag.py
[2026-05-25T14:14:38.666+0000] {processor.py:830} INFO - Processing file /opt/airflow/dags/telegraph_dag.py for tasks to queue
[2026-05-25T14:14:38.687+0000] {logging_mixin.py:188} INFO - [2026-05-25T14:14:38.684+0000] {dagbag.py:540} INFO - Filling up the DagBag from /opt/airflow/dags/telegraph_dag.py
[2026-05-25T14:14:40.489+0000] {processor.py:840} INFO - DAG(s) 'telegraph_scraper' retrieved from /opt/airflow/dags/telegraph_dag.py
[2026-05-25T14:14:41.891+0000] {logging_mixin.py:188} INFO - [2026-05-25T14:14:41.891+0000] {dag.py:3047} INFO - Sync 1 DAGs
[2026-05-25T14:14:42.238+0000] {logging_mixin.py:188} INFO - [2026-05-25T14:14:42.237+0000] {dag.py:3834} INFO - Setting next_dagrun for telegraph_scraper to 2026-05-25 00:00:00+00:00, run_after=2026-05-26 00:00:00+00:00
[2026-05-25T14:14:42.599+0000] {processor.py:183} INFO - Processing /opt/airflow/dags/telegraph_dag.py took 4.110 seconds
[2026-05-25T14:15:15.761+0000] {processor.py:161} INFO - Started process (PID=157) to work on /opt/airflow/dags/telegraph_dag.py
[2026-05-25T14:15:16.011+0000] {processor.py:830} INFO - Processing file /opt/airflow/dags/telegraph_dag.py for tasks to queue
[2026-05-25T14:15:16.063+0000] {logging_mixin.py:188} INFO - [2026-05-25T14:15:16.062+0000] {dagbag.py:540} INFO - Filling up the DagBag from /opt/airflow/dags/telegraph_dag.py
[2026-05-25T14:15:17.206+0000] {processor.py:840} INFO - DAG(s) 'telegraph_scraper' retrieved from /opt/airflow/dags/telegraph_dag.py
[2026-05-25T14:15:17.773+0000] {logging_mixin.py:188} INFO - [2026-05-25T14:15:17.772+0000] {dag.py:3047} INFO - Sync 1 DAGs
[2026-05-25T14:15:17.996+0000] {logging_mixin.py:188} INFO - [2026-05-25T14:15:17.995+0000] {dag.py:3834} INFO - Setting next_dagrun for telegraph_scraper to 2026-05-25 00:00:00+00:00, run_after=2026-05-26 00:00:00+00:00
[2026-05-25T14:15:18.144+0000] {processor.py:183} INFO - Processing /opt/airflow/dags/telegraph_dag.py took 2.631 seconds
[2026-05-25T14:15:54.844+0000] {processor.py:161} INFO - Started process (PID=187) to work on /opt/airflow/dags/telegraph_dag.py
[2026-05-25T14:15:54.920+0000] {processor.py:830} INFO - Processing file /opt/airflow/dags/telegraph_dag.py for tasks to queue
[2026-05-25T14:15:54.960+0000] {logging_mixin.py:188} INFO - [2026-05-25T14:15:54.924+0000] {dagbag.py:540} INFO - Filling up the DagBag from /opt/airflow/dags/telegraph_dag.py
[2026-05-25T14:15:56.556+0000] {processor.py:840} INFO - DAG(s) 'telegraph_scraper' retrieved from /opt/airflow/dags/telegraph_dag.py
[2026-05-25T14:15:56.923+0000] {logging_mixin.py:188} INFO - [2026-05-25T14:15:56.923+0000] {dag.py:3047} INFO - Sync 1 DAGs
[2026-05-25T14:15:57.956+0000] {logging_mixin.py:188} INFO - [2026-05-25T14:15:57.956+0000] {dag.py:3834} INFO - Setting next_dagrun for telegraph_scraper to 2026-05-25 00:00:00+00:00, run_after=2026-05-26 00:00:00+00:00
[2026-05-25T14:15:58.432+0000] {processor.py:183} INFO - Processing /opt/airflow/dags/telegraph_dag.py took 4.305 seconds
[2026-05-25T14:16:29.122+0000] {processor.py:161} INFO - Started process (PID=217) to work on /opt/airflow/dags/telegraph_dag.py
[2026-05-25T14:16:29.160+0000] {processor.py:830} INFO - Processing file /opt/airflow/dags/telegraph_dag.py for tasks to queue
[2026-05-25T14:16:29.169+0000] {logging_mixin.py:188} INFO - [2026-05-25T14:16:29.168+0000] {dagbag.py:540} INFO - Filling up the DagBag from /opt/airflow/dags/telegraph_dag.py
[2026-05-25T14:16:29.373+0000] {processor.py:840} INFO - DAG(s) 'telegraph_scraper' retrieved from /opt/airflow/dags/telegraph_dag.py
[2026-05-25T14:16:30.227+0000] {logging_mixin.py:188} INFO - [2026-05-25T14:16:30.226+0000] {dag.py:3047} INFO - Sync 1 DAGs
[2026-05-25T14:16:32.707+0000] {logging_mixin.py:188} INFO - [2026-05-25T14:16:32.689+0000] {dag.py:3834} INFO - Setting next_dagrun for telegraph_scraper to 2026-05-25 00:00:00+00:00, run_after=2026-05-26 00:00:00+00:00
[2026-05-25T14:16:33.215+0000] {processor.py:183} INFO - Processing /opt/airflow/dags/telegraph_dag.py took 4.200 seconds
[2026-05-25T14:17:08.899+0000] {processor.py:161} INFO - Started process (PID=247) to work on /opt/airflow/dags/telegraph_dag.py
[2026-05-25T14:17:08.913+0000] {processor.py:830} INFO - Processing file /opt/airflow/dags/telegraph_dag.py for tasks to queue
[2026-05-25T14:17:08.931+0000] {logging_mixin.py:188} INFO - [2026-05-25T14:17:08.930+0000] {dagbag.py:540} INFO - Filling up the DagBag from /opt/airflow/dags/telegraph_dag.py
[2026-05-25T14:17:09.911+0000] {processor.py:840} INFO - DAG(s) 'telegraph_scraper' retrieved from /opt/airflow/dags/telegraph_dag.py
[2026-05-25T14:17:10.117+0000] {logging_mixin.py:188} INFO - [2026-05-25T14:17:10.106+0000] {dag.py:3047} INFO - Sync 1 DAGs
[2026-05-25T14:17:10.609+0000] {logging_mixin.py:188} INFO - [2026-05-25T14:17:10.609+0000] {dag.py:3834} INFO - Setting next_dagrun for telegraph_scraper to 2026-05-25 00:00:00+00:00, run_after=2026-05-26 00:00:00+00:00
[2026-05-25T14:17:11.547+0000] {processor.py:183} INFO - Processing /opt/airflow/dags/telegraph_dag.py took 2.729 seconds
[2026-05-25T14:17:45.030+0000] {processor.py:161} INFO - Started process (PID=277) to work on /opt/airflow/dags/telegraph_dag.py
[2026-05-25T14:17:45.079+0000] {processor.py:830} INFO - Processing file /opt/airflow/dags/telegraph_dag.py for tasks to queue
[2026-05-25T14:17:45.263+0000] {logging_mixin.py:188} INFO - [2026-05-25T14:17:45.129+0000] {dagbag.py:540} INFO - Filling up the DagBag from /opt/airflow/dags/telegraph_dag.py
[2026-05-25T14:17:47.660+0000] {processor.py:840} INFO - DAG(s) 'telegraph_scraper' retrieved from /opt/airflow/dags/telegraph_dag.py
[2026-05-25T14:17:48.440+0000] {logging_mixin.py:188} INFO - [2026-05-25T14:17:48.440+0000] {dag.py:3047} INFO - Sync 1 DAGs
[2026-05-25T14:17:48.653+0000] {logging_mixin.py:188} INFO - [2026-05-25T14:17:48.652+0000] {dag.py:3834} INFO - Setting next_dagrun for telegraph_scraper to 2026-05-25 00:00:00+00:00, run_after=2026-05-26 00:00:00+00:00
[2026-05-25T14:17:48.898+0000] {processor.py:183} INFO - Processing /opt/airflow/dags/telegraph_dag.py took 4.128 seconds
[2026-05-25T14:18:21.381+0000] {processor.py:161} INFO - Started process (PID=307) to work on /opt/airflow/dags/telegraph_dag.py
[2026-05-25T14:18:21.542+0000] {processor.py:830} INFO - Processing file /opt/airflow/dags/telegraph_dag.py for tasks to queue
[2026-05-25T14:18:21.590+0000] {logging_mixin.py:188} INFO - [2026-05-25T14:18:21.575+0000] {dagbag.py:540} INFO - Filling up the DagBag from /opt/airflow/dags/telegraph_dag.py
[2026-05-25T14:18:27.138+0000] {processor.py:840} INFO - DAG(s) 'telegraph_scraper' retrieved from /opt/airflow/dags/telegraph_dag.py
[2026-05-25T14:18:29.584+0000] {logging_mixin.py:188} INFO - [2026-05-25T14:18:29.584+0000] {dag.py:3047} INFO - Sync 1 DAGs
[2026-05-25T14:18:31.874+0000] {logging_mixin.py:188} INFO - [2026-05-25T14:18:31.844+0000] {dag.py:3834} INFO - Setting next_dagrun for telegraph_scraper to 2026-05-25 00:00:00+00:00, run_after=2026-05-26 00:00:00+00:00
[2026-05-25T14:18:33.888+0000] {processor.py:183} INFO - Processing /opt/airflow/dags/telegraph_dag.py took 12.606 seconds
[2026-05-25T14:19:07.624+0000] {processor.py:161} INFO - Started process (PID=339) to work on /opt/airflow/dags/telegraph_dag.py
[2026-05-25T14:19:07.707+0000] {processor.py:830} INFO - Processing file /opt/airflow/dags/telegraph_dag.py for tasks to queue
[2026-05-25T14:19:07.785+0000] {logging_mixin.py:188} INFO - [2026-05-25T14:19:07.784+0000] {dagbag.py:540} INFO - Filling up the DagBag from /opt/airflow/dags/telegraph_dag.py
[2026-05-25T14:19:09.654+0000] {processor.py:840} INFO - DAG(s) 'telegraph_scraper' retrieved from /opt/airflow/dags/telegraph_dag.py
[2026-05-25T14:19:10.454+0000] {logging_mixin.py:188} INFO - [2026-05-25T14:19:10.453+0000] {dag.py:3047} INFO - Sync 1 DAGs
[2026-05-25T14:19:11.078+0000] {logging_mixin.py:188} INFO - [2026-05-25T14:19:11.077+0000] {dag.py:3834} INFO - Setting next_dagrun for telegraph_scraper to 2026-05-25 00:00:00+00:00, run_after=2026-05-26 00:00:00+00:00
[2026-05-25T14:19:11.742+0000] {processor.py:183} INFO - Processing /opt/airflow/dags/telegraph_dag.py took 4.245 seconds
[2026-05-25T14:19:43.886+0000] {processor.py:161} INFO - Started process (PID=371) to work on /opt/airflow/dags/telegraph_dag.py
[2026-05-25T14:19:43.898+0000] {processor.py:830} INFO - Processing file /opt/airflow/dags/telegraph_dag.py for tasks to queue
[2026-05-25T14:19:43.913+0000] {logging_mixin.py:188} INFO - [2026-05-25T14:19:43.912+0000] {dagbag.py:540} INFO - Filling up the DagBag from /opt/airflow/dags/telegraph_dag.py
[2026-05-25T14:19:44.098+0000] {processor.py:840} INFO - DAG(s) 'telegraph_scraper' retrieved from /opt/airflow/dags/telegraph_dag.py
[2026-05-25T14:19:44.259+0000] {logging_mixin.py:188} INFO - [2026-05-25T14:19:44.259+0000] {dag.py:3047} INFO - Sync 1 DAGs
[2026-05-25T14:19:44.481+0000] {logging_mixin.py:188} INFO - [2026-05-25T14:19:44.481+0000] {dag.py:3834} INFO - Setting next_dagrun for telegraph_scraper to 2026-05-25 00:00:00+00:00, run_after=2026-05-26 00:00:00+00:00
[2026-05-25T14:19:45.496+0000] {processor.py:183} INFO - Processing /opt/airflow/dags/telegraph_dag.py took 1.658 seconds
[2026-05-25T14:20:18.814+0000] {processor.py:161} INFO - Started process (PID=403) to work on /opt/airflow/dags/telegraph_dag.py
[2026-05-25T14:20:18.972+0000] {processor.py:830} INFO - Processing file /opt/airflow/dags/telegraph_dag.py for tasks to queue
[2026-05-25T14:20:18.990+0000] {logging_mixin.py:188} INFO - [2026-05-25T14:20:18.989+0000] {dagbag.py:540} INFO - Filling up the DagBag from /opt/airflow/dags/telegraph_dag.py
[2026-05-25T14:20:21.198+0000] {processor.py:840} INFO - DAG(s) 'telegraph_scraper' retrieved from /opt/airflow/dags/telegraph_dag.py
[2026-05-25T14:20:22.345+0000] {logging_mixin.py:188} INFO - [2026-05-25T14:20:22.331+0000] {dag.py:3047} INFO - Sync 1 DAGs
[2026-05-25T14:20:25.018+0000] {logging_mixin.py:188} INFO - [2026-05-25T14:20:24.903+0000] {dag.py:3834} INFO - Setting next_dagrun for telegraph_scraper to 2026-05-25 00:00:00+00:00, run_after=2026-05-26 00:00:00+00:00
[2026-05-25T14:20:26.377+0000] {processor.py:183} INFO - Processing /opt/airflow/dags/telegraph_dag.py took 7.679 seconds
[2026-05-25T14:21:05.284+0000] {processor.py:161} INFO - Started process (PID=433) to work on /opt/airflow/dags/telegraph_dag.py
[2026-05-25T14:21:05.317+0000] {processor.py:830} INFO - Processing file /opt/airflow/dags/telegraph_dag.py for tasks to queue
[2026-05-25T14:21:05.428+0000] {logging_mixin.py:188} INFO - [2026-05-25T14:21:05.426+0000] {dagbag.py:540} INFO - Filling up the DagBag from /opt/airflow/dags/telegraph_dag.py
[2026-05-25T14:21:08.280+0000] {processor.py:840} INFO - DAG(s) 'telegraph_scraper' retrieved from /opt/airflow/dags/telegraph_dag.py
[2026-05-25T14:21:09.957+0000] {logging_mixin.py:188} INFO - [2026-05-25T14:21:09.849+0000] {dag.py:3047} INFO - Sync 1 DAGs
[2026-05-25T14:21:10.871+0000] {logging_mixin.py:188} INFO - [2026-05-25T14:21:10.870+0000] {dag.py:3834} INFO - Setting next_dagrun for telegraph_scraper to 2026-05-25 00:00:00+00:00, run_after=2026-05-26 00:00:00+00:00
[2026-05-25T14:21:11.655+0000] {processor.py:183} INFO - Processing /opt/airflow/dags/telegraph_dag.py took 6.596 seconds
[2026-05-25T14:21:43.427+0000] {processor.py:161} INFO - Started process (PID=467) to work on /opt/airflow/dags/telegraph_dag.py
[2026-05-25T14:21:43.467+0000] {processor.py:830} INFO - Processing file /opt/airflow/dags/telegraph_dag.py for tasks to queue
[2026-05-25T14:21:43.496+0000] {logging_mixin.py:188} INFO - [2026-05-25T14:21:43.490+0000] {dagbag.py:540} INFO - Filling up the DagBag from /opt/airflow/dags/telegraph_dag.py
[2026-05-25T14:21:43.920+0000] {processor.py:840} INFO - DAG(s) 'telegraph_scraper' retrieved from /opt/airflow/dags/telegraph_dag.py
[2026-05-25T14:21:44.138+0000] {logging_mixin.py:188} INFO - [2026-05-25T14:21:44.138+0000] {dag.py:3047} INFO - Sync 1 DAGs
[2026-05-25T14:21:44.426+0000] {logging_mixin.py:188} INFO - [2026-05-25T14:21:44.413+0000] {dag.py:3834} INFO - Setting next_dagrun for telegraph_scraper to 2026-05-25 00:00:00+00:00, run_after=2026-05-26 00:00:00+00:00
[2026-05-25T14:21:45.183+0000] {processor.py:183} INFO - Processing /opt/airflow/dags/telegraph_dag.py took 1.863 seconds
[2026-05-25T14:22:16.195+0000] {processor.py:161} INFO - Started process (PID=497) to work on /opt/airflow/dags/telegraph_dag.py
[2026-05-25T14:22:16.208+0000] {processor.py:830} INFO - Processing file /opt/airflow/dags/telegraph_dag.py for tasks to queue
[2026-05-25T14:22:16.215+0000] {logging_mixin.py:188} INFO - [2026-05-25T14:22:16.214+0000] {dagbag.py:540} INFO - Filling up the DagBag from /opt/airflow/dags/telegraph_dag.py
[2026-05-25T14:22:16.469+0000] {processor.py:840} INFO - DAG(s) 'telegraph_scraper' retrieved from /opt/airflow/dags/telegraph_dag.py
[2026-05-25T14:22:16.924+0000] {logging_mixin.py:188} INFO - [2026-05-25T14:22:16.923+0000] {dag.py:3047} INFO - Sync 1 DAGs
[2026-05-25T14:22:17.558+0000] {logging_mixin.py:188} INFO - [2026-05-25T14:22:17.536+0000] {dag.py:3834} INFO - Setting next_dagrun for telegraph_scraper to 2026-05-25 00:00:00+00:00, run_after=2026-05-26 00:00:00+00:00
[2026-05-25T14:22:17.953+0000] {processor.py:183} INFO - Processing /opt/airflow/dags/telegraph_dag.py took 1.814 seconds
[2026-05-25T14:22:48.757+0000] {processor.py:161} INFO - Started process (PID=527) to work on /opt/airflow/dags/telegraph_dag.py
[2026-05-25T14:22:48.767+0000] {processor.py:830} INFO - Processing file /opt/airflow/dags/telegraph_dag.py for tasks to queue
[2026-05-25T14:22:48.772+0000] {logging_mixin.py:188} INFO - [2026-05-25T14:22:48.771+0000] {dagbag.py:540} INFO - Filling up the DagBag from /opt/airflow/dags/telegraph_dag.py
[2026-05-25T14:22:48.907+0000] {processor.py:840} INFO - DAG(s) 'telegraph_scraper' retrieved from /opt/airflow/dags/telegraph_dag.py
[2026-05-25T14:22:49.080+0000] {logging_mixin.py:188} INFO - [2026-05-25T14:22:49.079+0000] {dag.py:3047} INFO - Sync 1 DAGs
[2026-05-25T14:22:49.195+0000] {logging_mixin.py:188} INFO - [2026-05-25T14:22:49.194+0000] {dag.py:3834} INFO - Setting next_dagrun for telegraph_scraper to 2026-05-25 00:00:00+00:00, run_after=2026-05-26 00:00:00+00:00
[2026-05-25T14:22:49.367+0000] {processor.py:183} INFO - Processing /opt/airflow/dags/telegraph_dag.py took 0.629 seconds
[2026-05-25T14:23:20.261+0000] {processor.py:161} INFO - Started process (PID=559) to work on /opt/airflow/dags/telegraph_dag.py
[2026-05-25T14:23:20.279+0000] {processor.py:830} INFO - Processing file /opt/airflow/dags/telegraph_dag.py for tasks to queue
[2026-05-25T14:23:20.288+0000] {logging_mixin.py:188} INFO - [2026-05-25T14:23:20.283+0000] {dagbag.py:540} INFO - Filling up the DagBag from /opt/airflow/dags/telegraph_dag.py
[2026-05-25T14:23:20.514+0000] {processor.py:840} INFO - DAG(s) 'telegraph_scraper' retrieved from /opt/airflow/dags/telegraph_dag.py
[2026-05-25T14:23:20.774+0000] {logging_mixin.py:188} INFO - [2026-05-25T14:23:20.774+0000] {dag.py:3047} INFO - Sync 1 DAGs
[2026-05-25T14:23:21.462+0000] {logging_mixin.py:188} INFO - [2026-05-25T14:23:21.461+0000] {dag.py:3834} INFO - Setting next_dagrun for telegraph_scraper to 2026-05-25 00:00:00+00:00, run_after=2026-05-26 00:00:00+00:00
[2026-05-25T14:23:21.652+0000] {processor.py:183} INFO - Processing /opt/airflow/dags/telegraph_dag.py took 1.427 seconds
[2026-05-25T14:24:02.440+0000] {processor.py:161} INFO - Started process (PID=589) to work on /opt/airflow/dags/telegraph_dag.py
[2026-05-25T14:24:02.595+0000] {processor.py:830} INFO - Processing file /opt/airflow/dags/telegraph_dag.py for tasks to queue
[2026-05-25T14:24:02.657+0000] {logging_mixin.py:188} INFO - [2026-05-25T14:24:02.628+0000] {dagbag.py:540} INFO - Filling up the DagBag from /opt/airflow/dags/telegraph_dag.py
[2026-05-25T14:24:04.836+0000] {processor.py:840} INFO - DAG(s) 'telegraph_scraper' retrieved from /opt/airflow/dags/telegraph_dag.py
[2026-05-25T14:24:06.303+0000] {logging_mixin.py:188} INFO - [2026-05-25T14:24:06.302+0000] {dag.py:3047} INFO - Sync 1 DAGs
[2026-05-25T14:24:06.689+0000] {logging_mixin.py:188} INFO - [2026-05-25T14:24:06.688+0000] {dag.py:3834} INFO - Setting next_dagrun for telegraph_scraper to 2026-05-25 00:00:00+00:00, run_after=2026-05-26 00:00:00+00:00
[2026-05-25T14:24:07.089+0000] {processor.py:183} INFO - Processing /opt/airflow/dags/telegraph_dag.py took 4.673 seconds
[2026-05-25T14:24:39.818+0000] {processor.py:161} INFO - Started process (PID=619) to work on /opt/airflow/dags/telegraph_dag.py
[2026-05-25T14:24:39.911+0000] {processor.py:830} INFO - Processing file /opt/airflow/dags/telegraph_dag.py for tasks to queue
[2026-05-25T14:24:40.022+0000] {logging_mixin.py:188} INFO - [2026-05-25T14:24:39.945+0000] {dagbag.py:540} INFO - Filling up the DagBag from /opt/airflow/dags/telegraph_dag.py
[2026-05-25T14:24:42.292+0000] {processor.py:840} INFO - DAG(s) 'telegraph_scraper' retrieved from /opt/airflow/dags/telegraph_dag.py
[2026-05-25T14:24:42.816+0000] {logging_mixin.py:188} INFO - [2026-05-25T14:24:42.816+0000] {dag.py:3047} INFO - Sync 1 DAGs
[2026-05-25T14:24:43.783+0000] {logging_mixin.py:188} INFO - [2026-05-25T14:24:43.782+0000] {dag.py:3834} INFO - Setting next_dagrun for telegraph_scraper to 2026-05-25 00:00:00+00:00, run_after=2026-05-26 00:00:00+00:00
[2026-05-25T14:24:44.374+0000] {processor.py:183} INFO - Processing /opt/airflow/dags/telegraph_dag.py took 4.647 seconds
[2026-05-25T14:25:18.354+0000] {processor.py:161} INFO - Started process (PID=649) to work on /opt/airflow/dags/telegraph_dag.py
[2026-05-25T14:25:18.420+0000] {processor.py:830} INFO - Processing file /opt/airflow/dags/telegraph_dag.py for tasks to queue
[2026-05-25T14:25:18.472+0000] {logging_mixin.py:188} INFO - [2026-05-25T14:25:18.471+0000] {dagbag.py:540} INFO - Filling up the DagBag from /opt/airflow/dags/telegraph_dag.py
[2026-05-25T14:25:19.025+0000] {processor.py:840} INFO - DAG(s) 'telegraph_scraper' retrieved from /opt/airflow/dags/telegraph_dag.py
[2026-05-25T14:25:19.932+0000] {logging_mixin.py:188} INFO - [2026-05-25T14:25:19.917+0000] {dag.py:3047} INFO - Sync 1 DAGs
[2026-05-25T14:25:20.733+0000] {logging_mixin.py:188} INFO - [2026-05-25T14:25:20.732+0000] {dag.py:3834} INFO - Setting next_dagrun for telegraph_scraper to 2026-05-25 00:00:00+00:00, run_after=2026-05-26 00:00:00+00:00
[2026-05-25T14:25:21.749+0000] {processor.py:183} INFO - Processing /opt/airflow/dags/telegraph_dag.py took 3.578 seconds
[2026-05-25T14:25:52.745+0000] {processor.py:161} INFO - Started process (PID=681) to work on /opt/airflow/dags/telegraph_dag.py
[2026-05-25T14:25:52.756+0000] {processor.py:830} INFO - Processing file /opt/airflow/dags/telegraph_dag.py for tasks to queue
[2026-05-25T14:25:52.765+0000] {logging_mixin.py:188} INFO - [2026-05-25T14:25:52.761+0000] {dagbag.py:540} INFO - Filling up the DagBag from /opt/airflow/dags/telegraph_dag.py
[2026-05-25T14:25:52.878+0000] {processor.py:840} INFO - DAG(s) 'telegraph_scraper' retrieved from /opt/airflow/dags/telegraph_dag.py
[2026-05-25T14:25:53.074+0000] {logging_mixin.py:188} INFO - [2026-05-25T14:25:53.073+0000] {dag.py:3047} INFO - Sync 1 DAGs
[2026-05-25T14:25:53.569+0000] {logging_mixin.py:188} INFO - [2026-05-25T14:25:53.564+0000] {dag.py:3834} INFO - Setting next_dagrun for telegraph_scraper to 2026-05-25 00:00:00+00:00, run_after=2026-05-26 00:00:00+00:00
[2026-05-25T14:25:54.274+0000] {processor.py:183} INFO - Processing /opt/airflow/dags/telegraph_dag.py took 1.552 seconds
[2026-05-25T14:26:26.363+0000] {processor.py:161} INFO - Started process (PID=710) to work on /opt/airflow/dags/telegraph_dag.py
[2026-05-25T14:26:26.378+0000] {processor.py:830} INFO - Processing file /opt/airflow/dags/telegraph_dag.py for tasks to queue
[2026-05-25T14:26:26.390+0000] {logging_mixin.py:188} INFO - [2026-05-25T14:26:26.389+0000] {dagbag.py:540} INFO - Filling up the DagBag from /opt/airflow/dags/telegraph_dag.py
[2026-05-25T14:26:26.622+0000] {processor.py:840} INFO - DAG(s) 'telegraph_scraper' retrieved from /opt/airflow/dags/telegraph_dag.py
[2026-05-25T14:26:27.331+0000] {logging_mixin.py:188} INFO - [2026-05-25T14:26:27.330+0000] {dag.py:3047} INFO - Sync 1 DAGs
[2026-05-25T14:26:27.582+0000] {logging_mixin.py:188} INFO - [2026-05-25T14:26:27.580+0000] {dag.py:3834} INFO - Setting next_dagrun for telegraph_scraper to 2026-05-25 00:00:00+00:00, run_after=2026-05-26 00:00:00+00:00
[2026-05-25T14:26:27.838+0000] {processor.py:183} INFO - Processing /opt/airflow/dags/telegraph_dag.py took 1.520 seconds
[2026-05-25T14:26:59.523+0000] {processor.py:161} INFO - Started process (PID=739) to work on /opt/airflow/dags/telegraph_dag.py
[2026-05-25T14:26:59.582+0000] {processor.py:830} INFO - Processing file /opt/airflow/dags/telegraph_dag.py for tasks to queue
[2026-05-25T14:26:59.602+0000] {logging_mixin.py:188} INFO - [2026-05-25T14:26:59.601+0000] {dagbag.py:540} INFO - Filling up the DagBag from /opt/airflow/dags/telegraph_dag.py
[2026-05-25T14:27:00.776+0000] {processor.py:840} INFO - DAG(s) 'telegraph_scraper' retrieved from /opt/airflow/dags/telegraph_dag.py
[2026-05-25T14:27:01.675+0000] {logging_mixin.py:188} INFO - [2026-05-25T14:27:01.674+0000] {dag.py:3047} INFO - Sync 1 DAGs
[2026-05-25T14:27:02.130+0000] {logging_mixin.py:188} INFO - [2026-05-25T14:27:02.115+0000] {dag.py:3834} INFO - Setting next_dagrun for telegraph_scraper to 2026-05-25 00:00:00+00:00, run_after=2026-05-26 00:00:00+00:00
[2026-05-25T14:27:02.527+0000] {processor.py:183} INFO - Processing /opt/airflow/dags/telegraph_dag.py took 3.085 seconds
[2026-05-25T14:27:35.363+0000] {processor.py:161} INFO - Started process (PID=769) to work on /opt/airflow/dags/telegraph_dag.py
[2026-05-25T14:27:35.369+0000] {processor.py:830} INFO - Processing file /opt/airflow/dags/telegraph_dag.py for tasks to queue
[2026-05-25T14:27:35.387+0000] {logging_mixin.py:188} INFO - [2026-05-25T14:27:35.376+0000] {dagbag.py:540} INFO - Filling up the DagBag from /opt/airflow/dags/telegraph_dag.py
[2026-05-25T14:27:35.554+0000] {processor.py:840} INFO - DAG(s) 'telegraph_scraper' retrieved from /opt/airflow/dags/telegraph_dag.py
[2026-05-25T14:27:35.769+0000] {logging_mixin.py:188} INFO - [2026-05-25T14:27:35.769+0000] {dag.py:3047} INFO - Sync 1 DAGs
[2026-05-25T14:27:36.231+0000] {logging_mixin.py:188} INFO - [2026-05-25T14:27:36.231+0000] {dag.py:3834} INFO - Setting next_dagrun for telegraph_scraper to 2026-05-25 00:00:00+00:00, run_after=2026-05-26 00:00:00+00:00
[2026-05-25T14:27:36.983+0000] {processor.py:183} INFO - Processing /opt/airflow/dags/telegraph_dag.py took 1.682 seconds
[2026-05-25T14:28:07.704+0000] {processor.py:161} INFO - Started process (PID=799) to work on /opt/airflow/dags/telegraph_dag.py
[2026-05-25T14:28:07.708+0000] {processor.py:830} INFO - Processing file /opt/airflow/dags/telegraph_dag.py for tasks to queue
[2026-05-25T14:28:07.712+0000] {logging_mixin.py:188} INFO - [2026-05-25T14:28:07.711+0000] {dagbag.py:540} INFO - Filling up the DagBag from /opt/airflow/dags/telegraph_dag.py
[2026-05-25T14:28:07.806+0000] {processor.py:840} INFO - DAG(s) 'telegraph_scraper' retrieved from /opt/airflow/dags/telegraph_dag.py
[2026-05-25T14:28:07.923+0000] {logging_mixin.py:188} INFO - [2026-05-25T14:28:07.922+0000] {dag.py:3047} INFO - Sync 1 DAGs
[2026-05-25T14:28:08.099+0000] {logging_mixin.py:188} INFO - [2026-05-25T14:28:08.098+0000] {dag.py:3834} INFO - Setting next_dagrun for telegraph_scraper to 2026-05-25 00:00:00+00:00, run_after=2026-05-26 00:00:00+00:00
[2026-05-25T14:28:08.202+0000] {processor.py:183} INFO - Processing /opt/airflow/dags/telegraph_dag.py took 0.525 seconds
[2026-05-25T14:28:41.232+0000] {processor.py:161} INFO - Started process (PID=829) to work on /opt/airflow/dags/telegraph_dag.py
[2026-05-25T14:28:41.318+0000] {processor.py:830} INFO - Processing file /opt/airflow/dags/telegraph_dag.py for tasks to queue
[2026-05-25T14:28:41.439+0000] {logging_mixin.py:188} INFO - [2026-05-25T14:28:41.395+0000] {dagbag.py:540} INFO - Filling up the DagBag from /opt/airflow/dags/telegraph_dag.py
[2026-05-25T14:28:41.693+0000] {processor.py:840} INFO - DAG(s) 'telegraph_scraper' retrieved from /opt/airflow/dags/telegraph_dag.py
[2026-05-25T14:28:41.941+0000] {logging_mixin.py:188} INFO - [2026-05-25T14:28:41.941+0000] {dag.py:3047} INFO - Sync 1 DAGs
[2026-05-25T14:28:42.094+0000] {logging_mixin.py:188} INFO - [2026-05-25T14:28:42.093+0000] {dag.py:3834} INFO - Setting next_dagrun for telegraph_scraper to 2026-05-25 00:00:00+00:00, run_after=2026-05-26 00:00:00+00:00
[2026-05-25T14:28:42.244+0000] {processor.py:183} INFO - Processing /opt/airflow/dags/telegraph_dag.py took 1.498 seconds
[2026-05-25T14:29:14.973+0000] {processor.py:161} INFO - Started process (PID=859) to work on /opt/airflow/dags/telegraph_dag.py
[2026-05-25T14:29:14.986+0000] {processor.py:830} INFO - Processing file /opt/airflow/dags/telegraph_dag.py for tasks to queue
[2026-05-25T14:29:14.998+0000] {logging_mixin.py:188} INFO - [2026-05-25T14:29:14.996+0000] {dagbag.py:540} INFO - Filling up the DagBag from /opt/airflow/dags/telegraph_dag.py
[2026-05-25T14:29:15.267+0000] {processor.py:840} INFO - DAG(s) 'telegraph_scraper' retrieved from /opt/airflow/dags/telegraph_dag.py
[2026-05-25T14:29:15.664+0000] {logging_mixin.py:188} INFO - [2026-05-25T14:29:15.663+0000] {dag.py:3047} INFO - Sync 1 DAGs
[2026-05-25T14:29:16.288+0000] {logging_mixin.py:188} INFO - [2026-05-25T14:29:16.287+0000] {dag.py:3834} INFO - Setting next_dagrun for telegraph_scraper to 2026-05-25 00:00:00+00:00, run_after=2026-05-26 00:00:00+00:00
[2026-05-25T14:29:16.572+0000] {processor.py:183} INFO - Processing /opt/airflow/dags/telegraph_dag.py took 1.640 seconds
[2026-05-25T14:29:49.540+0000] {processor.py:161} INFO - Started process (PID=891) to work on /opt/airflow/dags/telegraph_dag.py
[2026-05-25T14:29:49.544+0000] {processor.py:830} INFO - Processing file /opt/airflow/dags/telegraph_dag.py for tasks to queue
[2026-05-25T14:29:49.548+0000] {logging_mixin.py:188} INFO - [2026-05-25T14:29:49.547+0000] {dagbag.py:540} INFO - Filling up the DagBag from /opt/airflow/dags/telegraph_dag.py
[2026-05-25T14:29:50.086+0000] {processor.py:840} INFO - DAG(s) 'telegraph_scraper' retrieved from /opt/airflow/dags/telegraph_dag.py
[2026-05-25T14:29:50.683+0000] {logging_mixin.py:188} INFO - [2026-05-25T14:29:50.683+0000] {dag.py:3047} INFO - Sync 1 DAGs
[2026-05-25T14:29:50.864+0000] {logging_mixin.py:188} INFO - [2026-05-25T14:29:50.862+0000] {dag.py:3834} INFO - Setting next_dagrun for telegraph_scraper to 2026-05-25 00:00:00+00:00, run_after=2026-05-26 00:00:00+00:00
[2026-05-25T14:29:50.994+0000] {processor.py:183} INFO - Processing /opt/airflow/dags/telegraph_dag.py took 1.470 seconds
[2026-05-25T14:30:22.102+0000] {processor.py:161} INFO - Started process (PID=923) to work on /opt/airflow/dags/telegraph_dag.py
[2026-05-25T14:30:22.119+0000] {processor.py:830} INFO - Processing file /opt/airflow/dags/telegraph_dag.py for tasks to queue
[2026-05-25T14:30:22.124+0000] {logging_mixin.py:188} INFO - [2026-05-25T14:30:22.123+0000] {dagbag.py:540} INFO - Filling up the DagBag from /opt/airflow/dags/telegraph_dag.py
[2026-05-25T14:30:22.281+0000] {processor.py:840} INFO - DAG(s) 'telegraph_scraper' retrieved from /opt/airflow/dags/telegraph_dag.py
[2026-05-25T14:30:22.521+0000] {logging_mixin.py:188} INFO - [2026-05-25T14:30:22.520+0000] {dag.py:3047} INFO - Sync 1 DAGs
[2026-05-25T14:30:22.815+0000] {logging_mixin.py:188} INFO - [2026-05-25T14:30:22.814+0000] {dag.py:3834} INFO - Setting next_dagrun for telegraph_scraper to 2026-05-25 00:00:00+00:00, run_after=2026-05-26 00:00:00+00:00
[2026-05-25T14:30:23.504+0000] {processor.py:183} INFO - Processing /opt/airflow/dags/telegraph_dag.py took 1.424 seconds
[2026-05-25T14:30:54.542+0000] {processor.py:161} INFO - Started process (PID=955) to work on /opt/airflow/dags/telegraph_dag.py
[2026-05-25T14:30:54.549+0000] {processor.py:830} INFO - Processing file /opt/airflow/dags/telegraph_dag.py for tasks to queue
[2026-05-25T14:30:54.568+0000] {logging_mixin.py:188} INFO - [2026-05-25T14:30:54.563+0000] {dagbag.py:540} INFO - Filling up the DagBag from /opt/airflow/dags/telegraph_dag.py
[2026-05-25T14:30:54.744+0000] {processor.py:840} INFO - DAG(s) 'telegraph_scraper' retrieved from /opt/airflow/dags/telegraph_dag.py
[2026-05-25T14:30:54.821+0000] {logging_mixin.py:188} INFO - [2026-05-25T14:30:54.820+0000] {dag.py:3047} INFO - Sync 1 DAGs
[2026-05-25T14:30:54.923+0000] {logging_mixin.py:188} INFO - [2026-05-25T14:30:54.922+0000] {dag.py:3834} INFO - Setting next_dagrun for telegraph_scraper to 2026-05-25 00:00:00+00:00, run_after=2026-05-26 00:00:00+00:00
[2026-05-25T14:30:55.015+0000] {processor.py:183} INFO - Processing /opt/airflow/dags/telegraph_dag.py took 0.488 seconds
[2026-05-25T14:31:25.530+0000] {processor.py:161} INFO - Started process (PID=987) to work on /opt/airflow/dags/telegraph_dag.py
[2026-05-25T14:31:25.534+0000] {processor.py:830} INFO - Processing file /opt/airflow/dags/telegraph_dag.py for tasks to queue
[2026-05-25T14:31:25.538+0000] {logging_mixin.py:188} INFO - [2026-05-25T14:31:25.537+0000] {dagbag.py:540} INFO - Filling up the DagBag from /opt/airflow/dags/telegraph_dag.py
[2026-05-25T14:31:25.631+0000] {processor.py:840} INFO - DAG(s) 'telegraph_scraper' retrieved from /opt/airflow/dags/telegraph_dag.py
[2026-05-25T14:31:25.749+0000] {logging_mixin.py:188} INFO - [2026-05-25T14:31:25.748+0000] {dag.py:3047} INFO - Sync 1 DAGs
[2026-05-25T14:31:25.859+0000] {logging_mixin.py:188} INFO - [2026-05-25T14:31:25.859+0000] {dag.py:3834} INFO - Setting next_dagrun for telegraph_scraper to 2026-05-25 00:00:00+00:00, run_after=2026-05-26 00:00:00+00:00
[2026-05-25T14:31:25.993+0000] {processor.py:183} INFO - Processing /opt/airflow/dags/telegraph_dag.py took 0.489 seconds
[2026-05-25T14:31:56.628+0000] {processor.py:161} INFO - Started process (PID=1017) to work on /opt/airflow/dags/telegraph_dag.py
[2026-05-25T14:31:56.632+0000] {processor.py:830} INFO - Processing file /opt/airflow/dags/telegraph_dag.py for tasks to queue
[2026-05-25T14:31:56.644+0000] {logging_mixin.py:188} INFO - [2026-05-25T14:31:56.643+0000] {dagbag.py:540} INFO - Filling up the DagBag from /opt/airflow/dags/telegraph_dag.py
[2026-05-25T14:31:56.749+0000] {processor.py:840} INFO - DAG(s) 'telegraph_scraper' retrieved from /opt/airflow/dags/telegraph_dag.py
[2026-05-25T14:31:56.870+0000] {logging_mixin.py:188} INFO - [2026-05-25T14:31:56.869+0000] {dag.py:3047} INFO - Sync 1 DAGs
[2026-05-25T14:31:57.081+0000] {logging_mixin.py:188} INFO - [2026-05-25T14:31:57.080+0000] {dag.py:3834} INFO - Setting next_dagrun for telegraph_scraper to 2026-05-25 00:00:00+00:00, run_after=2026-05-26 00:00:00+00:00
[2026-05-25T14:31:57.275+0000] {processor.py:183} INFO - Processing /opt/airflow/dags/telegraph_dag.py took 0.676 seconds
[2026-05-25T14:32:27.669+0000] {processor.py:161} INFO - Started process (PID=1047) to work on /opt/airflow/dags/telegraph_dag.py
[2026-05-25T14:32:27.676+0000] {processor.py:830} INFO - Processing file /opt/airflow/dags/telegraph_dag.py for tasks to queue
[2026-05-25T14:32:27.679+0000] {logging_mixin.py:188} INFO - [2026-05-25T14:32:27.678+0000] {dagbag.py:540} INFO - Filling up the DagBag from /opt/airflow/dags/telegraph_dag.py
[2026-05-25T14:32:27.779+0000] {processor.py:840} INFO - DAG(s) 'telegraph_scraper' retrieved from /opt/airflow/dags/telegraph_dag.py
[2026-05-25T14:32:27.852+0000] {logging_mixin.py:188} INFO - [2026-05-25T14:32:27.851+0000] {dag.py:3047} INFO - Sync 1 DAGs
[2026-05-25T14:32:27.919+0000] {logging_mixin.py:188} INFO - [2026-05-25T14:32:27.919+0000] {dag.py:3834} INFO - Setting next_dagrun for telegraph_scraper to 2026-05-25 00:00:00+00:00, run_after=2026-05-26 00:00:00+00:00
[2026-05-25T14:32:28.009+0000] {processor.py:183} INFO - Processing /opt/airflow/dags/telegraph_dag.py took 0.365 seconds
[2026-05-25T14:33:16.019+0000] {processor.py:161} INFO - Started process (PID=1079) to work on /opt/airflow/dags/telegraph_dag.py
[2026-05-25T14:33:16.022+0000] {processor.py:830} INFO - Processing file /opt/airflow/dags/telegraph_dag.py for tasks to queue
[2026-05-25T14:33:16.031+0000] {logging_mixin.py:188} INFO - [2026-05-25T14:33:16.027+0000] {dagbag.py:540} INFO - Filling up the DagBag from /opt/airflow/dags/telegraph_dag.py
[2026-05-25T14:33:16.090+0000] {processor.py:840} INFO - DAG(s) 'telegraph_scraper' retrieved from /opt/airflow/dags/telegraph_dag.py
[2026-05-25T14:33:16.154+0000] {logging_mixin.py:188} INFO - [2026-05-25T14:33:16.153+0000] {dag.py:3047} INFO - Sync 1 DAGs
[2026-05-25T14:33:16.225+0000] {logging_mixin.py:188} INFO - [2026-05-25T14:33:16.224+0000] {dag.py:3834} INFO - Setting next_dagrun for telegraph_scraper to 2026-05-25 00:00:00+00:00, run_after=2026-05-26 00:00:00+00:00
[2026-05-25T14:33:16.274+0000] {processor.py:183} INFO - Processing /opt/airflow/dags/telegraph_dag.py took 0.272 seconds
[2026-05-25T14:34:19.854+0000] {processor.py:161} INFO - Started process (PID=1097) to work on /opt/airflow/dags/telegraph_dag.py
[2026-05-25T14:34:19.994+0000] {processor.py:830} INFO - Processing file /opt/airflow/dags/telegraph_dag.py for tasks to queue
[2026-05-25T14:34:20.101+0000] {logging_mixin.py:188} INFO - [2026-05-25T14:34:20.099+0000] {dagbag.py:540} INFO - Filling up the DagBag from /opt/airflow/dags/telegraph_dag.py
[2026-05-25T14:34:25.317+0000] {processor.py:840} INFO - DAG(s) 'telegraph_scraper' retrieved from /opt/airflow/dags/telegraph_dag.py
[2026-05-25T14:34:25.533+0000] {logging_mixin.py:188} INFO - [2026-05-25T14:34:25.532+0000] {dag.py:3047} INFO - Sync 1 DAGs
[2026-05-25T14:34:25.996+0000] {logging_mixin.py:188} INFO - [2026-05-25T14:34:25.995+0000] {dag.py:3834} INFO - Setting next_dagrun for telegraph_scraper to 2026-05-25 00:00:00+00:00, run_after=2026-05-26 00:00:00+00:00
[2026-05-25T14:34:26.429+0000] {processor.py:183} INFO - Processing /opt/airflow/dags/telegraph_dag.py took 6.605 seconds
[2026-05-25T14:34:59.219+0000] {processor.py:161} INFO - Started process (PID=1127) to work on /opt/airflow/dags/telegraph_dag.py
[2026-05-25T14:34:59.311+0000] {processor.py:830} INFO - Processing file /opt/airflow/dags/telegraph_dag.py for tasks to queue
[2026-05-25T14:34:59.354+0000] {logging_mixin.py:188} INFO - [2026-05-25T14:34:59.352+0000] {dagbag.py:540} INFO - Filling up the DagBag from /opt/airflow/dags/telegraph_dag.py
[2026-05-25T14:34:59.512+0000] {processor.py:840} INFO - DAG(s) 'telegraph_scraper' retrieved from /opt/airflow/dags/telegraph_dag.py
[2026-05-25T14:34:59.735+0000] {logging_mixin.py:188} INFO - [2026-05-25T14:34:59.724+0000] {dag.py:3047} INFO - Sync 1 DAGs
[2026-05-25T14:35:00.105+0000] {logging_mixin.py:188} INFO - [2026-05-25T14:35:00.104+0000] {dag.py:3834} INFO - Setting next_dagrun for telegraph_scraper to 2026-05-25 00:00:00+00:00, run_after=2026-05-26 00:00:00+00:00
[2026-05-25T14:35:00.331+0000] {processor.py:183} INFO - Processing /opt/airflow/dags/telegraph_dag.py took 1.131 seconds
[2026-05-25T14:35:30.850+0000] {processor.py:161} INFO - Started process (PID=1159) to work on /opt/airflow/dags/telegraph_dag.py
[2026-05-25T14:35:30.854+0000] {processor.py:830} INFO - Processing file /opt/airflow/dags/telegraph_dag.py for tasks to queue
[2026-05-25T14:35:30.857+0000] {logging_mixin.py:188} INFO - [2026-05-25T14:35:30.856+0000] {dagbag.py:540} INFO - Filling up the DagBag from /opt/airflow/dags/telegraph_dag.py
[2026-05-25T14:35:30.946+0000] {processor.py:840} INFO - DAG(s) 'telegraph_scraper' retrieved from /opt/airflow/dags/telegraph_dag.py
[2026-05-25T14:35:31.014+0000] {logging_mixin.py:188} INFO - [2026-05-25T14:35:31.014+0000] {dag.py:3047} INFO - Sync 1 DAGs
[2026-05-25T14:35:31.076+0000] {logging_mixin.py:188} INFO - [2026-05-25T14:35:31.075+0000] {dag.py:3834} INFO - Setting next_dagrun for telegraph_scraper to 2026-05-25 00:00:00+00:00, run_after=2026-05-26 00:00:00+00:00
[2026-05-25T14:35:31.127+0000] {processor.py:183} INFO - Processing /opt/airflow/dags/telegraph_dag.py took 0.287 seconds
[2026-05-25T14:36:01.530+0000] {processor.py:161} INFO - Started process (PID=1189) to work on /opt/airflow/dags/telegraph_dag.py
[2026-05-25T14:36:01.533+0000] {processor.py:830} INFO - Processing file /opt/airflow/dags/telegraph_dag.py for tasks to queue
[2026-05-25T14:36:01.536+0000] {logging_mixin.py:188} INFO - [2026-05-25T14:36:01.536+0000] {dagbag.py:540} INFO - Filling up the DagBag from /opt/airflow/dags/telegraph_dag.py
[2026-05-25T14:36:01.629+0000] {processor.py:840} INFO - DAG(s) 'telegraph_scraper' retrieved from /opt/airflow/dags/telegraph_dag.py
[2026-05-25T14:36:01.700+0000] {logging_mixin.py:188} INFO - [2026-05-25T14:36:01.699+0000] {dag.py:3047} INFO - Sync 1 DAGs
[2026-05-25T14:36:01.781+0000] {logging_mixin.py:188} INFO - [2026-05-25T14:36:01.780+0000] {dag.py:3834} INFO - Setting next_dagrun for telegraph_scraper to 2026-05-25 00:00:00+00:00, run_after=2026-05-26 00:00:00+00:00
[2026-05-25T14:36:01.845+0000] {processor.py:183} INFO - Processing /opt/airflow/dags/telegraph_dag.py took 0.327 seconds
[2026-05-25T14:36:36.838+0000] {processor.py:161} INFO - Started process (PID=1212) to work on /opt/airflow/dags/telegraph_dag.py
[2026-05-25T14:36:36.864+0000] {processor.py:830} INFO - Processing file /opt/airflow/dags/telegraph_dag.py for tasks to queue
[2026-05-25T14:36:36.915+0000] {logging_mixin.py:188} INFO - [2026-05-25T14:36:36.914+0000] {dagbag.py:540} INFO - Filling up the DagBag from /opt/airflow/dags/telegraph_dag.py
[2026-05-25T14:36:40.348+0000] {processor.py:840} INFO - DAG(s) 'telegraph_scraper' retrieved from /opt/airflow/dags/telegraph_dag.py
[2026-05-25T14:36:40.550+0000] {logging_mixin.py:188} INFO - [2026-05-25T14:36:40.549+0000] {dag.py:3047} INFO - Sync 1 DAGs
[2026-05-25T14:36:40.749+0000] {logging_mixin.py:188} INFO - [2026-05-25T14:36:40.748+0000] {dag.py:3834} INFO - Setting next_dagrun for telegraph_scraper to 2026-05-25 00:00:00+00:00, run_after=2026-05-26 00:00:00+00:00
[2026-05-25T14:36:41.068+0000] {processor.py:183} INFO - Processing /opt/airflow/dags/telegraph_dag.py took 4.250 seconds
[2026-05-25T14:37:13.461+0000] {processor.py:161} INFO - Started process (PID=1242) to work on /opt/airflow/dags/telegraph_dag.py
[2026-05-25T14:37:13.517+0000] {processor.py:830} INFO - Processing file /opt/airflow/dags/telegraph_dag.py for tasks to queue
[2026-05-25T14:37:13.522+0000] {logging_mixin.py:188} INFO - [2026-05-25T14:37:13.520+0000] {dagbag.py:540} INFO - Filling up the DagBag from /opt/airflow/dags/telegraph_dag.py
[2026-05-25T14:37:14.745+0000] {processor.py:840} INFO - DAG(s) 'telegraph_scraper' retrieved from /opt/airflow/dags/telegraph_dag.py
[2026-05-25T14:37:14.921+0000] {logging_mixin.py:188} INFO - [2026-05-25T14:37:14.921+0000] {dag.py:3047} INFO - Sync 1 DAGs
[2026-05-25T14:37:15.098+0000] {logging_mixin.py:188} INFO - [2026-05-25T14:37:15.097+0000] {dag.py:3834} INFO - Setting next_dagrun for telegraph_scraper to 2026-05-25 00:00:00+00:00, run_after=2026-05-26 00:00:00+00:00
[2026-05-25T14:37:15.273+0000] {processor.py:183} INFO - Processing /opt/airflow/dags/telegraph_dag.py took 1.851 seconds
[2026-05-25T14:37:47.024+0000] {processor.py:161} INFO - Started process (PID=1272) to work on /opt/airflow/dags/telegraph_dag.py
[2026-05-25T14:37:47.042+0000] {processor.py:830} INFO - Processing file /opt/airflow/dags/telegraph_dag.py for tasks to queue
[2026-05-25T14:37:47.054+0000] {logging_mixin.py:188} INFO - [2026-05-25T14:37:47.053+0000] {dagbag.py:540} INFO - Filling up the DagBag from /opt/airflow/dags/telegraph_dag.py
[2026-05-25T14:37:47.265+0000] {processor.py:840} INFO - DAG(s) 'telegraph_scraper' retrieved from /opt/airflow/dags/telegraph_dag.py
[2026-05-25T14:37:47.556+0000] {logging_mixin.py:188} INFO - [2026-05-25T14:37:47.556+0000] {dag.py:3047} INFO - Sync 1 DAGs
[2026-05-25T14:37:47.898+0000] {logging_mixin.py:188} INFO - [2026-05-25T14:37:47.897+0000] {dag.py:3834} INFO - Setting next_dagrun for telegraph_scraper to 2026-05-25 00:00:00+00:00, run_after=2026-05-26 00:00:00+00:00
[2026-05-25T14:37:48.423+0000] {processor.py:183} INFO - Processing /opt/airflow/dags/telegraph_dag.py took 1.457 seconds
[2026-05-25T14:38:21.461+0000] {processor.py:161} INFO - Started process (PID=1302) to work on /opt/airflow/dags/telegraph_dag.py
[2026-05-25T14:38:21.473+0000] {processor.py:830} INFO - Processing file /opt/airflow/dags/telegraph_dag.py for tasks to queue
[2026-05-25T14:38:21.487+0000] {logging_mixin.py:188} INFO - [2026-05-25T14:38:21.486+0000] {dagbag.py:540} INFO - Filling up the DagBag from /opt/airflow/dags/telegraph_dag.py
[2026-05-25T14:38:21.701+0000] {processor.py:840} INFO - DAG(s) 'telegraph_scraper' retrieved from /opt/airflow/dags/telegraph_dag.py
[2026-05-25T14:38:21.853+0000] {logging_mixin.py:188} INFO - [2026-05-25T14:38:21.852+0000] {dag.py:3047} INFO - Sync 1 DAGs
[2026-05-25T14:38:22.015+0000] {logging_mixin.py:188} INFO - [2026-05-25T14:38:22.015+0000] {dag.py:3834} INFO - Setting next_dagrun for telegraph_scraper to 2026-05-25 00:00:00+00:00, run_after=2026-05-26 00:00:00+00:00
[2026-05-25T14:38:22.084+0000] {processor.py:183} INFO - Processing /opt/airflow/dags/telegraph_dag.py took 0.712 seconds
[2026-05-25T14:38:53.438+0000] {processor.py:161} INFO - Started process (PID=1332) to work on /opt/airflow/dags/telegraph_dag.py
[2026-05-25T14:38:53.465+0000] {processor.py:830} INFO - Processing file /opt/airflow/dags/telegraph_dag.py for tasks to queue
[2026-05-25T14:38:53.482+0000] {logging_mixin.py:188} INFO - [2026-05-25T14:38:53.481+0000] {dagbag.py:540} INFO - Filling up the DagBag from /opt/airflow/dags/telegraph_dag.py
[2026-05-25T14:38:53.696+0000] {processor.py:840} INFO - DAG(s) 'telegraph_scraper' retrieved from /opt/airflow/dags/telegraph_dag.py
[2026-05-25T14:38:53.928+0000] {logging_mixin.py:188} INFO - [2026-05-25T14:38:53.927+0000] {dag.py:3047} INFO - Sync 1 DAGs
[2026-05-25T14:38:54.005+0000] {logging_mixin.py:188} INFO - [2026-05-25T14:38:54.004+0000] {dag.py:3834} INFO - Setting next_dagrun for telegraph_scraper to 2026-05-25 00:00:00+00:00, run_after=2026-05-26 00:00:00+00:00
[2026-05-25T14:38:54.070+0000] {processor.py:183} INFO - Processing /opt/airflow/dags/telegraph_dag.py took 0.653 seconds
[2026-05-25T14:39:25.368+0000] {processor.py:161} INFO - Started process (PID=1362) to work on /opt/airflow/dags/telegraph_dag.py
[2026-05-25T14:39:25.371+0000] {processor.py:830} INFO - Processing file /opt/airflow/dags/telegraph_dag.py for tasks to queue
[2026-05-25T14:39:25.377+0000] {logging_mixin.py:188} INFO - [2026-05-25T14:39:25.376+0000] {dagbag.py:540} INFO - Filling up the DagBag from /opt/airflow/dags/telegraph_dag.py
[2026-05-25T14:39:25.456+0000] {processor.py:840} INFO - DAG(s) 'telegraph_scraper' retrieved from /opt/airflow/dags/telegraph_dag.py
[2026-05-25T14:39:25.529+0000] {logging_mixin.py:188} INFO - [2026-05-25T14:39:25.528+0000] {dag.py:3047} INFO - Sync 1 DAGs
[2026-05-25T14:39:25.601+0000] {logging_mixin.py:188} INFO - [2026-05-25T14:39:25.600+0000] {dag.py:3834} INFO - Setting next_dagrun for telegraph_scraper to 2026-05-25 00:00:00+00:00, run_after=2026-05-26 00:00:00+00:00
[2026-05-25T14:39:25.673+0000] {processor.py:183} INFO - Processing /opt/airflow/dags/telegraph_dag.py took 0.315 seconds
[2026-05-25T14:39:56.242+0000] {processor.py:161} INFO - Started process (PID=1392) to work on /opt/airflow/dags/telegraph_dag.py
[2026-05-25T14:39:56.247+0000] {processor.py:830} INFO - Processing file /opt/airflow/dags/telegraph_dag.py for tasks to queue
[2026-05-25T14:39:56.250+0000] {logging_mixin.py:188} INFO - [2026-05-25T14:39:56.249+0000] {dagbag.py:540} INFO - Filling up the DagBag from /opt/airflow/dags/telegraph_dag.py
[2026-05-25T14:39:56.311+0000] {processor.py:840} INFO - DAG(s) 'telegraph_scraper' retrieved from /opt/airflow/dags/telegraph_dag.py
[2026-05-25T14:39:56.393+0000] {logging_mixin.py:188} INFO - [2026-05-25T14:39:56.391+0000] {dag.py:3047} INFO - Sync 1 DAGs
[2026-05-25T14:39:56.536+0000] {logging_mixin.py:188} INFO - [2026-05-25T14:39:56.535+0000] {dag.py:3834} INFO - Setting next_dagrun for telegraph_scraper to 2026-05-25 00:00:00+00:00, run_after=2026-05-26 00:00:00+00:00
[2026-05-25T14:39:56.835+0000] {processor.py:183} INFO - Processing /opt/airflow/dags/telegraph_dag.py took 0.606 seconds
[2026-05-25T14:40:28.071+0000] {processor.py:161} INFO - Started process (PID=1422) to work on /opt/airflow/dags/telegraph_dag.py
[2026-05-25T14:40:28.084+0000] {processor.py:830} INFO - Processing file /opt/airflow/dags/telegraph_dag.py for tasks to queue
[2026-05-25T14:40:28.088+0000] {logging_mixin.py:188} INFO - [2026-05-25T14:40:28.087+0000] {dagbag.py:540} INFO - Filling up the DagBag from /opt/airflow/dags/telegraph_dag.py
[2026-05-25T14:40:28.150+0000] {processor.py:840} INFO - DAG(s) 'telegraph_scraper' retrieved from /opt/airflow/dags/telegraph_dag.py
[2026-05-25T14:40:28.215+0000] {logging_mixin.py:188} INFO - [2026-05-25T14:40:28.215+0000] {dag.py:3047} INFO - Sync 1 DAGs
[2026-05-25T14:40:28.278+0000] {logging_mixin.py:188} INFO - [2026-05-25T14:40:28.277+0000] {dag.py:3834} INFO - Setting next_dagrun for telegraph_scraper to 2026-05-25 00:00:00+00:00, run_after=2026-05-26 00:00:00+00:00
[2026-05-25T14:40:28.339+0000] {processor.py:183} INFO - Processing /opt/airflow/dags/telegraph_dag.py took 0.296 seconds
[2026-05-25T14:41:05.697+0000] {processor.py:161} INFO - Started process (PID=1452) to work on /opt/airflow/dags/telegraph_dag.py
[2026-05-25T14:41:05.712+0000] {processor.py:830} INFO - Processing file /opt/airflow/dags/telegraph_dag.py for tasks to queue
[2026-05-25T14:41:05.727+0000] {logging_mixin.py:188} INFO - [2026-05-25T14:41:05.722+0000] {dagbag.py:540} INFO - Filling up the DagBag from /opt/airflow/dags/telegraph_dag.py
[2026-05-25T14:41:05.904+0000] {processor.py:840} INFO - DAG(s) 'telegraph_scraper' retrieved from /opt/airflow/dags/telegraph_dag.py
[2026-05-25T14:41:06.174+0000] {logging_mixin.py:188} INFO - [2026-05-25T14:41:06.174+0000] {dag.py:3047} INFO - Sync 1 DAGs
[2026-05-25T14:41:06.428+0000] {logging_mixin.py:188} INFO - [2026-05-25T14:41:06.427+0000] {dag.py:3834} INFO - Setting next_dagrun for telegraph_scraper to 2026-05-25 00:00:00+00:00, run_after=2026-05-26 00:00:00+00:00
[2026-05-25T14:41:06.680+0000] {processor.py:183} INFO - Processing /opt/airflow/dags/telegraph_dag.py took 1.015 seconds
[2026-05-25T14:41:37.197+0000] {processor.py:161} INFO - Started process (PID=1484) to work on /opt/airflow/dags/telegraph_dag.py
[2026-05-25T14:41:37.201+0000] {processor.py:830} INFO - Processing file /opt/airflow/dags/telegraph_dag.py for tasks to queue
[2026-05-25T14:41:37.204+0000] {logging_mixin.py:188} INFO - [2026-05-25T14:41:37.203+0000] {dagbag.py:540} INFO - Filling up the DagBag from /opt/airflow/dags/telegraph_dag.py
[2026-05-25T14:41:37.298+0000] {processor.py:840} INFO - DAG(s) 'telegraph_scraper' retrieved from /opt/airflow/dags/telegraph_dag.py
[2026-05-25T14:41:37.425+0000] {logging_mixin.py:188} INFO - [2026-05-25T14:41:37.424+0000] {dag.py:3047} INFO - Sync 1 DAGs
[2026-05-25T14:41:37.718+0000] {logging_mixin.py:188} INFO - [2026-05-25T14:41:37.717+0000] {dag.py:3834} INFO - Setting next_dagrun for telegraph_scraper to 2026-05-25 00:00:00+00:00, run_after=2026-05-26 00:00:00+00:00
[2026-05-25T14:41:38.294+0000] {processor.py:183} INFO - Processing /opt/airflow/dags/telegraph_dag.py took 1.108 seconds
[2026-05-25T14:42:08.906+0000] {processor.py:161} INFO - Started process (PID=1514) to work on /opt/airflow/dags/telegraph_dag.py
[2026-05-25T14:42:08.910+0000] {processor.py:830} INFO - Processing file /opt/airflow/dags/telegraph_dag.py for tasks to queue
[2026-05-25T14:42:08.913+0000] {logging_mixin.py:188} INFO - [2026-05-25T14:42:08.912+0000] {dagbag.py:540} INFO - Filling up the DagBag from /opt/airflow/dags/telegraph_dag.py
[2026-05-25T14:42:08.971+0000] {processor.py:840} INFO - DAG(s) 'telegraph_scraper' retrieved from /opt/airflow/dags/telegraph_dag.py
[2026-05-25T14:42:09.071+0000] {logging_mixin.py:188} INFO - [2026-05-25T14:42:09.069+0000] {dag.py:3047} INFO - Sync 1 DAGs
[2026-05-25T14:42:09.138+0000] {logging_mixin.py:188} INFO - [2026-05-25T14:42:09.138+0000] {dag.py:3834} INFO - Setting next_dagrun for telegraph_scraper to 2026-05-25 00:00:00+00:00, run_after=2026-05-26 00:00:00+00:00
[2026-05-25T14:42:09.226+0000] {processor.py:183} INFO - Processing /opt/airflow/dags/telegraph_dag.py took 0.331 seconds
[2026-05-25T14:42:39.915+0000] {processor.py:161} INFO - Started process (PID=1542) to work on /opt/airflow/dags/telegraph_dag.py
[2026-05-25T14:42:39.919+0000] {processor.py:830} INFO - Processing file /opt/airflow/dags/telegraph_dag.py for tasks to queue
[2026-05-25T14:42:39.928+0000] {logging_mixin.py:188} INFO - [2026-05-25T14:42:39.921+0000] {dagbag.py:540} INFO - Filling up the DagBag from /opt/airflow/dags/telegraph_dag.py
[2026-05-25T14:42:40.002+0000] {processor.py:840} INFO - DAG(s) 'telegraph_scraper' retrieved from /opt/airflow/dags/telegraph_dag.py
[2026-05-25T14:42:40.074+0000] {logging_mixin.py:188} INFO - [2026-05-25T14:42:40.073+0000] {dag.py:3047} INFO - Sync 1 DAGs
[2026-05-25T14:42:40.146+0000] {logging_mixin.py:188} INFO - [2026-05-25T14:42:40.145+0000] {dag.py:3834} INFO - Setting next_dagrun for telegraph_scraper to 2026-05-25 00:00:00+00:00, run_after=2026-05-26 00:00:00+00:00
[2026-05-25T14:42:40.223+0000] {processor.py:183} INFO - Processing /opt/airflow/dags/telegraph_dag.py took 0.326 seconds
[2026-05-25T14:43:10.423+0000] {processor.py:161} INFO - Started process (PID=1572) to work on /opt/airflow/dags/telegraph_dag.py
[2026-05-25T14:43:10.428+0000] {processor.py:830} INFO - Processing file /opt/airflow/dags/telegraph_dag.py for tasks to queue
[2026-05-25T14:43:10.433+0000] {logging_mixin.py:188} INFO - [2026-05-25T14:43:10.431+0000] {dagbag.py:540} INFO - Filling up the DagBag from /opt/airflow/dags/telegraph_dag.py
[2026-05-25T14:43:10.495+0000] {processor.py:840} INFO - DAG(s) 'telegraph_scraper' retrieved from /opt/airflow/dags/telegraph_dag.py
[2026-05-25T14:43:10.571+0000] {logging_mixin.py:188} INFO - [2026-05-25T14:43:10.571+0000] {dag.py:3047} INFO - Sync 1 DAGs
[2026-05-25T14:43:10.651+0000] {logging_mixin.py:188} INFO - [2026-05-25T14:43:10.650+0000] {dag.py:3834} INFO - Setting next_dagrun for telegraph_scraper to 2026-05-25 00:00:00+00:00, run_after=2026-05-26 00:00:00+00:00
[2026-05-25T14:43:10.881+0000] {processor.py:183} INFO - Processing /opt/airflow/dags/telegraph_dag.py took 0.475 seconds
[2026-05-25T14:43:41.824+0000] {processor.py:161} INFO - Started process (PID=1602) to work on /opt/airflow/dags/telegraph_dag.py
[2026-05-25T14:43:41.827+0000] {processor.py:830} INFO - Processing file /opt/airflow/dags/telegraph_dag.py for tasks to queue
[2026-05-25T14:43:41.830+0000] {logging_mixin.py:188} INFO - [2026-05-25T14:43:41.829+0000] {dagbag.py:540} INFO - Filling up the DagBag from /opt/airflow/dags/telegraph_dag.py
[2026-05-25T14:43:41.954+0000] {processor.py:840} INFO - DAG(s) 'telegraph_scraper' retrieved from /opt/airflow/dags/telegraph_dag.py
[2026-05-25T14:43:42.113+0000] {logging_mixin.py:188} INFO - [2026-05-25T14:43:42.110+0000] {dag.py:3047} INFO - Sync 1 DAGs
[2026-05-25T14:43:42.236+0000] {logging_mixin.py:188} INFO - [2026-05-25T14:43:42.235+0000] {dag.py:3834} INFO - Setting next_dagrun for telegraph_scraper to 2026-05-25 00:00:00+00:00, run_after=2026-05-26 00:00:00+00:00
[2026-05-25T14:43:42.356+0000] {processor.py:183} INFO - Processing /opt/airflow/dags/telegraph_dag.py took 0.545 seconds
[2026-05-25T14:44:12.860+0000] {processor.py:161} INFO - Started process (PID=1632) to work on /opt/airflow/dags/telegraph_dag.py
[2026-05-25T14:44:12.864+0000] {processor.py:830} INFO - Processing file /opt/airflow/dags/telegraph_dag.py for tasks to queue
[2026-05-25T14:44:12.869+0000] {logging_mixin.py:188} INFO - [2026-05-25T14:44:12.867+0000] {dagbag.py:540} INFO - Filling up the DagBag from /opt/airflow/dags/telegraph_dag.py
[2026-05-25T14:44:12.931+0000] {processor.py:840} INFO - DAG(s) 'telegraph_scraper' retrieved from /opt/airflow/dags/telegraph_dag.py
[2026-05-25T14:44:13.018+0000] {logging_mixin.py:188} INFO - [2026-05-25T14:44:13.018+0000] {dag.py:3047} INFO - Sync 1 DAGs
[2026-05-25T14:44:13.087+0000] {logging_mixin.py:188} INFO - [2026-05-25T14:44:13.087+0000] {dag.py:3834} INFO - Setting next_dagrun for telegraph_scraper to 2026-05-25 00:00:00+00:00, run_after=2026-05-26 00:00:00+00:00
[2026-05-25T14:44:13.187+0000] {processor.py:183} INFO - Processing /opt/airflow/dags/telegraph_dag.py took 0.339 seconds
[2026-05-25T14:44:43.935+0000] {processor.py:161} INFO - Started process (PID=1662) to work on /opt/airflow/dags/telegraph_dag.py
[2026-05-25T14:44:43.939+0000] {processor.py:830} INFO - Processing file /opt/airflow/dags/telegraph_dag.py for tasks to queue
[2026-05-25T14:44:43.949+0000] {logging_mixin.py:188} INFO - [2026-05-25T14:44:43.948+0000] {dagbag.py:540} INFO - Filling up the DagBag from /opt/airflow/dags/telegraph_dag.py
[2026-05-25T14:44:44.016+0000] {processor.py:840} INFO - DAG(s) 'telegraph_scraper' retrieved from /opt/airflow/dags/telegraph_dag.py
[2026-05-25T14:44:44.089+0000] {logging_mixin.py:188} INFO - [2026-05-25T14:44:44.088+0000] {dag.py:3047} INFO - Sync 1 DAGs
[2026-05-25T14:44:44.165+0000] {logging_mixin.py:188} INFO - [2026-05-25T14:44:44.164+0000] {dag.py:3834} INFO - Setting next_dagrun for telegraph_scraper to 2026-05-25 00:00:00+00:00, run_after=2026-05-26 00:00:00+00:00
[2026-05-25T14:44:44.236+0000] {processor.py:183} INFO - Processing /opt/airflow/dags/telegraph_dag.py took 0.313 seconds
