[2026-05-14T07:01:37.240+0000] {taskinstance.py:1979} INFO - Dependencies all met for dep_context=non-requeueable deps ti=<TaskInstance: inegi_scraper.run_inegi_selenium_container scheduled__2026-05-13T00:00:00+00:00 [queued]>
[2026-05-14T07:01:37.498+0000] {taskinstance.py:1979} INFO - Dependencies all met for dep_context=requeueable deps ti=<TaskInstance: inegi_scraper.run_inegi_selenium_container scheduled__2026-05-13T00:00:00+00:00 [queued]>
[2026-05-14T07:01:37.549+0000] {taskinstance.py:2193} INFO - Starting attempt 1 of 1
[2026-05-14T07:01:38.052+0000] {taskinstance.py:2214} INFO - Executing <Task(DockerOperator): run_inegi_selenium_container> on 2026-05-13 00:00:00+00:00
[2026-05-14T07:01:38.116+0000] {standard_task_runner.py:60} INFO - Started process 63 to run task
[2026-05-14T07:01:38.182+0000] {standard_task_runner.py:87} INFO - Running: ['***', 'tasks', 'run', 'inegi_scraper', 'run_inegi_selenium_container', 'scheduled__2026-05-13T00:00:00+00:00', '--job-id', '27', '--raw', '--subdir', 'DAGS_FOLDER/inegi_scraper_dag.py', '--cfg-path', '/tmp/tmppvg8unw_']
[2026-05-14T07:01:38.246+0000] {standard_task_runner.py:88} INFO - Job 27: Subtask run_inegi_selenium_container
[2026-05-14T07:01:38.820+0000] {task_command.py:423} INFO - Running <TaskInstance: inegi_scraper.run_inegi_selenium_container scheduled__2026-05-13T00:00:00+00:00 [running]> on host ab149d976c2e
[2026-05-14T07:01:42.426+0000] {taskinstance.py:2510} INFO - Exporting env vars: AIRFLOW_CTX_DAG_OWNER='***' AIRFLOW_CTX_DAG_ID='inegi_scraper' AIRFLOW_CTX_TASK_ID='run_inegi_selenium_container' AIRFLOW_CTX_EXECUTION_DATE='2026-05-13T00:00:00+00:00' AIRFLOW_CTX_TRY_NUMBER='1' AIRFLOW_CTX_DAG_RUN_ID='scheduled__2026-05-13T00:00:00+00:00'
[2026-05-14T07:01:43.581+0000] {docker.py:359} INFO - Starting docker container from image inegi-scraper:v1
[2026-05-14T07:01:43.749+0000] {docker.py:367} WARNING - Using remote engine or docker-in-docker and mounting temporary volume from host is not supported. Falling back to `mount_tmp_dir=False` mode. You can set `mount_tmp_dir` parameter to False to disable mounting and remove the warning
[2026-05-14T07:17:23.514+0000] {taskinstance.py:1149} INFO - Marking task as SUCCESS. dag_id=inegi_scraper, task_id=run_inegi_selenium_container, execution_date=20260513T000000, start_date=20260514T070137, end_date=20260514T071723
[2026-05-14T07:17:23.974+0000] {local_task_job_runner.py:234} INFO - Task exited with return code 0
[2026-05-14T07:17:24.918+0000] {taskinstance.py:3309} INFO - 1 downstream tasks scheduled from follow-on schedule check
[2026-05-14T13:47:00.019+0000] {taskinstance.py:1979} INFO - Dependencies all met for dep_context=non-requeueable deps ti=<TaskInstance: inegi_scraper.run_inegi_selenium_container scheduled__2026-05-13T00:00:00+00:00 [queued]>
[2026-05-14T13:47:00.142+0000] {taskinstance.py:1979} INFO - Dependencies all met for dep_context=requeueable deps ti=<TaskInstance: inegi_scraper.run_inegi_selenium_container scheduled__2026-05-13T00:00:00+00:00 [queued]>
[2026-05-14T13:47:00.165+0000] {taskinstance.py:2193} INFO - Starting attempt 1 of 1
[2026-05-14T13:47:00.370+0000] {taskinstance.py:2214} INFO - Executing <Task(DockerOperator): run_inegi_selenium_container> on 2026-05-13 00:00:00+00:00
[2026-05-14T13:47:00.446+0000] {standard_task_runner.py:60} INFO - Started process 294 to run task
[2026-05-14T13:47:00.476+0000] {standard_task_runner.py:87} INFO - Running: ['***', 'tasks', 'run', 'inegi_scraper', 'run_inegi_selenium_container', 'scheduled__2026-05-13T00:00:00+00:00', '--job-id', '5', '--raw', '--subdir', 'DAGS_FOLDER/inegi_scraper_dag.py', '--cfg-path', '/tmp/tmpgjv8iveb']
[2026-05-14T13:47:00.488+0000] {standard_task_runner.py:88} INFO - Job 5: Subtask run_inegi_selenium_container
[2026-05-14T13:47:02.138+0000] {task_command.py:423} INFO - Running <TaskInstance: inegi_scraper.run_inegi_selenium_container scheduled__2026-05-13T00:00:00+00:00 [running]> on host 26acb5ca21e7
[2026-05-14T13:47:09.938+0000] {taskinstance.py:2510} INFO - Exporting env vars: AIRFLOW_CTX_DAG_OWNER='***' AIRFLOW_CTX_DAG_ID='inegi_scraper' AIRFLOW_CTX_TASK_ID='run_inegi_selenium_container' AIRFLOW_CTX_EXECUTION_DATE='2026-05-13T00:00:00+00:00' AIRFLOW_CTX_TRY_NUMBER='1' AIRFLOW_CTX_DAG_RUN_ID='scheduled__2026-05-13T00:00:00+00:00'
[2026-05-14T13:47:11.142+0000] {docker.py:359} INFO - Starting docker container from image inegi-scraper:v1
[2026-05-14T13:47:11.415+0000] {docker.py:367} WARNING - Using remote engine or docker-in-docker and mounting temporary volume from host is not supported. Falling back to `mount_tmp_dir=False` mode. You can set `mount_tmp_dir` parameter to False to disable mounting and remove the warning
[2026-05-14T14:06:37.310+0000] {taskinstance.py:1149} INFO - Marking task as SUCCESS. dag_id=inegi_scraper, task_id=run_inegi_selenium_container, execution_date=20260513T000000, start_date=20260514T134700, end_date=20260514T140637
[2026-05-14T14:06:39.147+0000] {local_task_job_runner.py:234} INFO - Task exited with return code 0
[2026-05-14T14:06:41.911+0000] {taskinstance.py:3309} INFO - 0 downstream tasks scheduled from follow-on schedule check
