[2026-06-11T12:41:22.768+0000] {taskinstance.py:1979} INFO - Dependencies all met for dep_context=non-requeueable deps ti=<TaskInstance: merge_all_scrapers.merge_all_outputs manual__2026-06-11T12:41:18.073056+00:00 [queued]>
[2026-06-11T12:41:22.790+0000] {taskinstance.py:1979} INFO - Dependencies all met for dep_context=requeueable deps ti=<TaskInstance: merge_all_scrapers.merge_all_outputs manual__2026-06-11T12:41:18.073056+00:00 [queued]>
[2026-06-11T12:41:22.792+0000] {taskinstance.py:2193} INFO - Starting attempt 1 of 1
[2026-06-11T12:41:22.842+0000] {taskinstance.py:2214} INFO - Executing <Task(PythonOperator): merge_all_outputs> on 2026-06-11 12:41:18.073056+00:00
[2026-06-11T12:41:22.854+0000] {standard_task_runner.py:60} INFO - Started process 540 to run task
[2026-06-11T12:41:22.870+0000] {standard_task_runner.py:87} INFO - Running: ['***', 'tasks', 'run', 'merge_all_scrapers', 'merge_all_outputs', 'manual__2026-06-11T12:41:18.073056+00:00', '--job-id', '468', '--raw', '--subdir', 'DAGS_FOLDER/merge_dag.py', '--cfg-path', '/tmp/tmppuxu17gw']
[2026-06-11T12:41:22.877+0000] {standard_task_runner.py:88} INFO - Job 468: Subtask merge_all_outputs
[2026-06-11T12:41:23.230+0000] {task_command.py:423} INFO - Running <TaskInstance: merge_all_scrapers.merge_all_outputs manual__2026-06-11T12:41:18.073056+00:00 [running]> on host f39b18a112ca
[2026-06-11T12:41:24.668+0000] {taskinstance.py:2510} INFO - Exporting env vars: AIRFLOW_CTX_DAG_OWNER='***' AIRFLOW_CTX_DAG_ID='merge_all_scrapers' AIRFLOW_CTX_TASK_ID='merge_all_outputs' AIRFLOW_CTX_EXECUTION_DATE='2026-06-11T12:41:18.073056+00:00' AIRFLOW_CTX_TRY_NUMBER='1' AIRFLOW_CTX_DAG_RUN_ID='manual__2026-06-11T12:41:18.073056+00:00'
[2026-06-11T12:41:24.686+0000] {logging_mixin.py:188} INFO - 📂 DATA PATH: /opt/***/data
[2026-06-11T12:41:24.692+0000] {logging_mixin.py:188} INFO - 
READING JSON: eu_fsf_sanctions.json
[2026-06-11T12:41:24.705+0000] {logging_mixin.py:188} INFO - 
READING JSON: inegi_playwright.json
[2026-06-11T12:41:24.725+0000] {logging_mixin.py:188} INFO - 
READING JSON: inegi_scraper.json
[2026-06-11T12:41:24.739+0000] {logging_mixin.py:188} INFO - 
READING DB: kaldata.db
[2026-06-11T12:41:31.183+0000] {logging_mixin.py:188} INFO - 
READING DB: telegraph.db
[2026-06-11T12:41:32.375+0000] {logging_mixin.py:188} INFO - 
TOTAL BEFORE DEDUP: 480
[2026-06-11T12:41:32.453+0000] {logging_mixin.py:188} INFO - AFTER DEDUP: 480
[2026-06-11T12:41:32.714+0000] {base.py:83} INFO - Using connection ID 'postgres_default' for task execution.
[2026-06-11T12:41:41.461+0000] {logging_mixin.py:188} INFO - JSON OUTPUT: /opt/***/data/final_output.json
[2026-06-11T12:41:41.478+0000] {logging_mixin.py:188} INFO - LOCK REMOVED
[2026-06-11T12:41:41.479+0000] {python.py:202} INFO - Done. Returned value was: None
[2026-06-11T12:41:41.525+0000] {taskinstance.py:1149} INFO - Marking task as SUCCESS. dag_id=merge_all_scrapers, task_id=merge_all_outputs, execution_date=20260611T124118, start_date=20260611T124122, end_date=20260611T124141
[2026-06-11T12:41:41.619+0000] {local_task_job_runner.py:234} INFO - Task exited with return code 0
[2026-06-11T12:41:41.802+0000] {taskinstance.py:3309} INFO - 0 downstream tasks scheduled from follow-on schedule check
