[2026-06-02T12:07:19.487+0000] {taskinstance.py:1979} INFO - Dependencies all met for dep_context=non-requeueable deps ti=<TaskInstance: merge_all_scrapers.merge_all_outputs manual__2026-06-02T12:06:38.797853+00:00 [queued]>
[2026-06-02T12:07:19.600+0000] {taskinstance.py:1979} INFO - Dependencies all met for dep_context=requeueable deps ti=<TaskInstance: merge_all_scrapers.merge_all_outputs manual__2026-06-02T12:06:38.797853+00:00 [queued]>
[2026-06-02T12:07:19.646+0000] {taskinstance.py:2193} INFO - Starting attempt 1 of 1
[2026-06-02T12:07:19.852+0000] {taskinstance.py:2214} INFO - Executing <Task(PythonOperator): merge_all_outputs> on 2026-06-02 12:06:38.797853+00:00
[2026-06-02T12:07:20.061+0000] {standard_task_runner.py:60} INFO - Started process 730 to run task
[2026-06-02T12:07:20.157+0000] {standard_task_runner.py:87} INFO - Running: ['***', 'tasks', 'run', 'merge_all_scrapers', 'merge_all_outputs', 'manual__2026-06-02T12:06:38.797853+00:00', '--job-id', '350', '--raw', '--subdir', 'DAGS_FOLDER/merge_dag.py', '--cfg-path', '/tmp/tmp0mlmgfuu']
[2026-06-02T12:07:20.300+0000] {standard_task_runner.py:88} INFO - Job 350: Subtask merge_all_outputs
[2026-06-02T12:07:22.711+0000] {task_command.py:423} INFO - Running <TaskInstance: merge_all_scrapers.merge_all_outputs manual__2026-06-02T12:06:38.797853+00:00 [running]> on host f39b18a112ca
[2026-06-02T12:07:26.916+0000] {taskinstance.py:2510} INFO - Exporting env vars: AIRFLOW_CTX_DAG_OWNER='***' AIRFLOW_CTX_DAG_ID='merge_all_scrapers' AIRFLOW_CTX_TASK_ID='merge_all_outputs' AIRFLOW_CTX_EXECUTION_DATE='2026-06-02T12:06:38.797853+00:00' AIRFLOW_CTX_TRY_NUMBER='1' AIRFLOW_CTX_DAG_RUN_ID='manual__2026-06-02T12:06:38.797853+00:00'
[2026-06-02T12:07:29.154+0000] {logging_mixin.py:188} INFO - 📂 DATA PATH: /opt/***/data
[2026-06-02T12:07:30.375+0000] {logging_mixin.py:188} INFO - 
📄 READING JSON: eu_fsf_sanctions.json
[2026-06-02T12:07:45.907+0000] {logging_mixin.py:188} INFO - 
📄 READING JSON: inegi_playwright.json
[2026-06-02T12:07:47.634+0000] {logging_mixin.py:188} INFO - 
📄 READING JSON: inegi_scraper.json
[2026-06-02T12:07:49.756+0000] {logging_mixin.py:188} INFO - 
🗄️ READING DB: kaldata.db
[2026-06-02T12:08:19.735+0000] {logging_mixin.py:188} INFO - 
🗄️ READING DB: telegraph.db
[2026-06-02T12:08:20.641+0000] {logging_mixin.py:188} INFO - 
📦 TOTAL BEFORE DEDUP: 6710
[2026-06-02T12:08:20.761+0000] {logging_mixin.py:188} INFO - 🧹 AFTER DEDUP: 6707
[2026-06-02T12:08:20.867+0000] {base.py:83} INFO - Using connection ID 'postgres_default' for task execution.
[2026-06-02T12:08:49.152+0000] {logging_mixin.py:188} INFO - 💾 JSON OUTPUT: /opt/***/data/final_output.json
[2026-06-02T12:08:49.166+0000] {logging_mixin.py:188} INFO - 🔓 LOCK REMOVED
[2026-06-02T12:08:49.172+0000] {python.py:202} INFO - Done. Returned value was: None
[2026-06-02T12:08:49.217+0000] {taskinstance.py:1149} INFO - Marking task as SUCCESS. dag_id=merge_all_scrapers, task_id=merge_all_outputs, execution_date=20260602T120638, start_date=20260602T120719, end_date=20260602T120849
[2026-06-02T12:08:49.382+0000] {local_task_job_runner.py:234} INFO - Task exited with return code 0
[2026-06-02T12:08:50.017+0000] {taskinstance.py:3309} INFO - 0 downstream tasks scheduled from follow-on schedule check
