[2026-06-02T12:20:53.191+0000] {taskinstance.py:1979} INFO - Dependencies all met for dep_context=non-requeueable deps ti=<TaskInstance: merge_all_scrapers.merge_all_outputs manual__2026-06-02T12:20:47.294376+00:00 [queued]>
[2026-06-02T12:20:53.359+0000] {taskinstance.py:1979} INFO - Dependencies all met for dep_context=requeueable deps ti=<TaskInstance: merge_all_scrapers.merge_all_outputs manual__2026-06-02T12:20:47.294376+00:00 [queued]>
[2026-06-02T12:20:53.367+0000] {taskinstance.py:2193} INFO - Starting attempt 1 of 1
[2026-06-02T12:20:53.970+0000] {taskinstance.py:2214} INFO - Executing <Task(PythonOperator): merge_all_outputs> on 2026-06-02 12:20:47.294376+00:00
[2026-06-02T12:20:54.038+0000] {standard_task_runner.py:60} INFO - Started process 1423 to run task
[2026-06-02T12:20:54.086+0000] {standard_task_runner.py:87} INFO - Running: ['***', 'tasks', 'run', 'merge_all_scrapers', 'merge_all_outputs', 'manual__2026-06-02T12:20:47.294376+00:00', '--job-id', '355', '--raw', '--subdir', 'DAGS_FOLDER/merge_dag.py', '--cfg-path', '/tmp/tmpi4ue9atq']
[2026-06-02T12:20:54.122+0000] {standard_task_runner.py:88} INFO - Job 355: Subtask merge_all_outputs
[2026-06-02T12:20:54.783+0000] {task_command.py:423} INFO - Running <TaskInstance: merge_all_scrapers.merge_all_outputs manual__2026-06-02T12:20:47.294376+00:00 [running]> on host f39b18a112ca
[2026-06-02T12:20:56.075+0000] {taskinstance.py:2510} INFO - Exporting env vars: AIRFLOW_CTX_DAG_OWNER='***' AIRFLOW_CTX_DAG_ID='merge_all_scrapers' AIRFLOW_CTX_TASK_ID='merge_all_outputs' AIRFLOW_CTX_EXECUTION_DATE='2026-06-02T12:20:47.294376+00:00' AIRFLOW_CTX_TRY_NUMBER='1' AIRFLOW_CTX_DAG_RUN_ID='manual__2026-06-02T12:20:47.294376+00:00'
[2026-06-02T12:20:56.265+0000] {logging_mixin.py:188} INFO - 📂 DATA PATH: /opt/***/data
[2026-06-02T12:20:56.314+0000] {logging_mixin.py:188} INFO - 
📄 READING JSON: eu_fsf_sanctions.json
[2026-06-02T12:20:57.290+0000] {logging_mixin.py:188} INFO - 
📄 READING JSON: inegi_playwright.json
[2026-06-02T12:20:57.310+0000] {logging_mixin.py:188} INFO - 
📄 READING JSON: inegi_scraper.json
[2026-06-02T12:20:57.331+0000] {logging_mixin.py:188} INFO - 
🗄️ READING DB: kaldata.db
[2026-06-02T12:21:12.132+0000] {logging_mixin.py:188} INFO - 
🗄️ READING DB: telegraph.db
[2026-06-02T12:21:13.177+0000] {logging_mixin.py:188} INFO - 
📦 TOTAL BEFORE DEDUP: 6785
[2026-06-02T12:21:13.309+0000] {logging_mixin.py:188} INFO - 🧹 AFTER DEDUP: 6782
[2026-06-02T12:21:13.423+0000] {base.py:83} INFO - Using connection ID 'postgres_default' for task execution.
[2026-06-02T12:21:39.424+0000] {logging_mixin.py:188} INFO - 💾 JSON OUTPUT: /opt/***/data/final_output.json
[2026-06-02T12:21:39.577+0000] {logging_mixin.py:188} INFO - 🔓 LOCK REMOVED
[2026-06-02T12:21:39.597+0000] {python.py:202} INFO - Done. Returned value was: None
[2026-06-02T12:21:39.670+0000] {taskinstance.py:1149} INFO - Marking task as SUCCESS. dag_id=merge_all_scrapers, task_id=merge_all_outputs, execution_date=20260602T122047, start_date=20260602T122053, end_date=20260602T122139
[2026-06-02T12:21:39.822+0000] {local_task_job_runner.py:234} INFO - Task exited with return code 0
[2026-06-02T12:21:39.938+0000] {taskinstance.py:3309} INFO - 0 downstream tasks scheduled from follow-on schedule check
