[2026-06-02T12:00:59.653+0000] {taskinstance.py:1979} INFO - Dependencies all met for dep_context=non-requeueable deps ti=<TaskInstance: merge_all_scrapers.merge_all_outputs manual__2026-06-02T11:59:47.647882+00:00 [queued]>
[2026-06-02T12:00:59.924+0000] {taskinstance.py:1979} INFO - Dependencies all met for dep_context=requeueable deps ti=<TaskInstance: merge_all_scrapers.merge_all_outputs manual__2026-06-02T11:59:47.647882+00:00 [queued]>
[2026-06-02T12:00:59.938+0000] {taskinstance.py:2193} INFO - Starting attempt 1 of 1
[2026-06-02T12:01:00.357+0000] {taskinstance.py:2214} INFO - Executing <Task(PythonOperator): merge_all_outputs> on 2026-06-02 11:59:47.647882+00:00
[2026-06-02T12:01:00.565+0000] {standard_task_runner.py:60} INFO - Started process 448 to run task
[2026-06-02T12:01:00.912+0000] {standard_task_runner.py:87} INFO - Running: ['***', 'tasks', 'run', 'merge_all_scrapers', 'merge_all_outputs', 'manual__2026-06-02T11:59:47.647882+00:00', '--job-id', '345', '--raw', '--subdir', 'DAGS_FOLDER/merge_dag.py', '--cfg-path', '/tmp/tmpot27z_gz']
[2026-06-02T12:01:01.039+0000] {standard_task_runner.py:88} INFO - Job 345: Subtask merge_all_outputs
[2026-06-02T12:01:04.564+0000] {task_command.py:423} INFO - Running <TaskInstance: merge_all_scrapers.merge_all_outputs manual__2026-06-02T11:59:47.647882+00:00 [running]> on host f39b18a112ca
[2026-06-02T12:01:06.328+0000] {taskinstance.py:2510} INFO - Exporting env vars: AIRFLOW_CTX_DAG_OWNER='***' AIRFLOW_CTX_DAG_ID='merge_all_scrapers' AIRFLOW_CTX_TASK_ID='merge_all_outputs' AIRFLOW_CTX_EXECUTION_DATE='2026-06-02T11:59:47.647882+00:00' AIRFLOW_CTX_TRY_NUMBER='1' AIRFLOW_CTX_DAG_RUN_ID='manual__2026-06-02T11:59:47.647882+00:00'
[2026-06-02T12:01:06.614+0000] {logging_mixin.py:188} INFO - 📂 DATA PATH: /opt/***/data
[2026-06-02T12:01:06.694+0000] {logging_mixin.py:188} INFO - 
📄 READING JSON: eu_fsf_sanctions.json
[2026-06-02T12:01:08.535+0000] {logging_mixin.py:188} INFO - 
📄 READING JSON: inegi_playwright.json
[2026-06-02T12:01:08.625+0000] {logging_mixin.py:188} INFO - 
📄 READING JSON: inegi_scraper.json
[2026-06-02T12:01:08.647+0000] {logging_mixin.py:188} INFO - 
🗄️ READING DB: kaldata.db
[2026-06-02T12:01:27.422+0000] {logging_mixin.py:188} INFO - 
🗄️ READING DB: telegraph.db
[2026-06-02T12:01:31.014+0000] {logging_mixin.py:188} INFO - 
📦 TOTAL BEFORE DEDUP: 6460
[2026-06-02T12:01:31.889+0000] {logging_mixin.py:188} INFO - 🧹 AFTER DEDUP: 6457
[2026-06-02T12:01:32.763+0000] {base.py:83} INFO - Using connection ID 'postgres_default' for task execution.
[2026-06-02T12:03:54.418+0000] {logging_mixin.py:188} INFO - 💾 JSON OUTPUT: /opt/***/data/final_output.json
[2026-06-02T12:03:54.460+0000] {logging_mixin.py:188} INFO - 🔓 LOCK REMOVED
[2026-06-02T12:03:54.469+0000] {python.py:202} INFO - Done. Returned value was: None
[2026-06-02T12:03:54.535+0000] {taskinstance.py:1149} INFO - Marking task as SUCCESS. dag_id=merge_all_scrapers, task_id=merge_all_outputs, execution_date=20260602T115947, start_date=20260602T120059, end_date=20260602T120354
[2026-06-02T12:03:54.790+0000] {local_task_job_runner.py:234} INFO - Task exited with return code 0
[2026-06-02T12:03:55.033+0000] {taskinstance.py:3309} INFO - 0 downstream tasks scheduled from follow-on schedule check
