[2026-06-01T14:55:46.638+0000] {taskinstance.py:1979} INFO - Dependencies all met for dep_context=non-requeueable deps ti=<TaskInstance: merge_all_scrapers.merge_all_outputs manual__2026-06-01T14:53:54.645041+00:00 [queued]>
[2026-06-01T14:55:46.752+0000] {taskinstance.py:1979} INFO - Dependencies all met for dep_context=requeueable deps ti=<TaskInstance: merge_all_scrapers.merge_all_outputs manual__2026-06-01T14:53:54.645041+00:00 [queued]>
[2026-06-01T14:55:46.762+0000] {taskinstance.py:2193} INFO - Starting attempt 1 of 1
[2026-06-01T14:55:47.453+0000] {taskinstance.py:2214} INFO - Executing <Task(PythonOperator): merge_all_outputs> on 2026-06-01 14:53:54.645041+00:00
[2026-06-01T14:55:47.629+0000] {standard_task_runner.py:60} INFO - Started process 466 to run task
[2026-06-01T14:55:47.774+0000] {standard_task_runner.py:87} INFO - Running: ['***', 'tasks', 'run', 'merge_all_scrapers', 'merge_all_outputs', 'manual__2026-06-01T14:53:54.645041+00:00', '--job-id', '328', '--raw', '--subdir', 'DAGS_FOLDER/merge_dag.py', '--cfg-path', '/tmp/tmpprk5xrqs']
[2026-06-01T14:55:47.947+0000] {standard_task_runner.py:88} INFO - Job 328: Subtask merge_all_outputs
[2026-06-01T14:55:48.397+0000] {task_command.py:423} INFO - Running <TaskInstance: merge_all_scrapers.merge_all_outputs manual__2026-06-01T14:53:54.645041+00:00 [running]> on host f39b18a112ca
[2026-06-01T14:55:48.760+0000] {taskinstance.py:2510} INFO - Exporting env vars: AIRFLOW_CTX_DAG_OWNER='***' AIRFLOW_CTX_DAG_ID='merge_all_scrapers' AIRFLOW_CTX_TASK_ID='merge_all_outputs' AIRFLOW_CTX_EXECUTION_DATE='2026-06-01T14:53:54.645041+00:00' AIRFLOW_CTX_TRY_NUMBER='1' AIRFLOW_CTX_DAG_RUN_ID='manual__2026-06-01T14:53:54.645041+00:00'
[2026-06-01T14:55:48.778+0000] {logging_mixin.py:188} INFO - 📂 DATA PATH: /opt/***/data
[2026-06-01T14:55:48.782+0000] {logging_mixin.py:188} INFO - 
📄 READING JSON: eu_fsf_sanctions.json
[2026-06-01T14:55:49.040+0000] {logging_mixin.py:188} INFO - 
📄 READING JSON: inegi_playwright.json
[2026-06-01T14:55:49.202+0000] {logging_mixin.py:188} INFO - 
📄 READING JSON: inegi_scraper.json
[2026-06-01T14:55:49.505+0000] {logging_mixin.py:188} INFO - 
🗄️ READING DB: kaldata.db
[2026-06-01T14:55:58.487+0000] {logging_mixin.py:188} INFO - 
🗄️ READING DB: telegraph.db
[2026-06-01T14:55:59.537+0000] {logging_mixin.py:188} INFO - 
📦 TOTAL BEFORE DEDUP: 6524
[2026-06-01T14:55:59.993+0000] {logging_mixin.py:188} INFO - 🧹 AFTER DEDUP: 6520
[2026-06-01T14:56:00.211+0000] {base.py:83} INFO - Using connection ID 'postgres_default' for task execution.
[2026-06-01T14:56:30.951+0000] {logging_mixin.py:188} INFO - 💾 JSON OUTPUT: /opt/***/data/final_output.json
[2026-06-01T14:56:31.237+0000] {logging_mixin.py:188} INFO - 🔓 LOCK REMOVED
[2026-06-01T14:56:31.378+0000] {python.py:202} INFO - Done. Returned value was: None
[2026-06-01T14:56:31.901+0000] {taskinstance.py:1149} INFO - Marking task as SUCCESS. dag_id=merge_all_scrapers, task_id=merge_all_outputs, execution_date=20260601T145354, start_date=20260601T145546, end_date=20260601T145631
[2026-06-01T14:56:32.510+0000] {local_task_job_runner.py:234} INFO - Task exited with return code 0
[2026-06-01T14:56:33.048+0000] {taskinstance.py:3309} INFO - 0 downstream tasks scheduled from follow-on schedule check
