[2026-05-13T13:52:19.711+0000] {taskinstance.py:1979} INFO - Dependencies all met for dep_context=non-requeueable deps ti=<TaskInstance: kaldata_scraper.run_kaldata_scraper scheduled__2026-05-12T00:00:00+00:00 [queued]>
[2026-05-13T13:52:19.832+0000] {taskinstance.py:1979} INFO - Dependencies all met for dep_context=requeueable deps ti=<TaskInstance: kaldata_scraper.run_kaldata_scraper scheduled__2026-05-12T00:00:00+00:00 [queued]>
[2026-05-13T13:52:19.835+0000] {taskinstance.py:2193} INFO - Starting attempt 1 of 1
[2026-05-13T13:52:20.237+0000] {taskinstance.py:2214} INFO - Executing <Task(DockerOperator): run_kaldata_scraper> on 2026-05-12 00:00:00+00:00
[2026-05-13T13:52:20.353+0000] {standard_task_runner.py:60} INFO - Started process 1123 to run task
[2026-05-13T13:52:20.488+0000] {standard_task_runner.py:87} INFO - Running: ['***', 'tasks', 'run', 'kaldata_scraper', 'run_kaldata_scraper', 'scheduled__2026-05-12T00:00:00+00:00', '--job-id', '6', '--raw', '--subdir', 'DAGS_FOLDER/kaldata_dag.py', '--cfg-path', '/tmp/tmpt_hhqry4']
[2026-05-13T13:52:20.619+0000] {standard_task_runner.py:88} INFO - Job 6: Subtask run_kaldata_scraper
[2026-05-13T13:52:22.125+0000] {task_command.py:423} INFO - Running <TaskInstance: kaldata_scraper.run_kaldata_scraper scheduled__2026-05-12T00:00:00+00:00 [running]> on host e85744e68698
[2026-05-13T13:52:26.602+0000] {taskinstance.py:2510} INFO - Exporting env vars: AIRFLOW_CTX_DAG_OWNER='***' AIRFLOW_CTX_DAG_ID='kaldata_scraper' AIRFLOW_CTX_TASK_ID='run_kaldata_scraper' AIRFLOW_CTX_EXECUTION_DATE='2026-05-12T00:00:00+00:00' AIRFLOW_CTX_TRY_NUMBER='1' AIRFLOW_CTX_DAG_RUN_ID='scheduled__2026-05-12T00:00:00+00:00'
[2026-05-13T13:52:28.916+0000] {docker.py:359} INFO - Starting docker container from image kaldata-scrapy:v1
[2026-05-13T13:52:29.233+0000] {docker.py:367} WARNING - Using remote engine or docker-in-docker and mounting temporary volume from host is not supported. Falling back to `mount_tmp_dir=False` mode. You can set `mount_tmp_dir` parameter to False to disable mounting and remove the warning
[2026-05-13T14:08:32.156+0000] {taskinstance.py:1149} INFO - Marking task as SUCCESS. dag_id=kaldata_scraper, task_id=run_kaldata_scraper, execution_date=20260512T000000, start_date=20260513T135219, end_date=20260513T140832
[2026-05-13T14:08:33.839+0000] {local_task_job_runner.py:234} INFO - Task exited with return code 0
[2026-05-13T14:08:39.050+0000] {taskinstance.py:3309} INFO - 1 downstream tasks scheduled from follow-on schedule check
[2026-05-13T14:46:26.240+0000] {taskinstance.py:1979} INFO - Dependencies all met for dep_context=non-requeueable deps ti=<TaskInstance: kaldata_scraper.run_kaldata_scraper scheduled__2026-05-12T00:00:00+00:00 [queued]>
[2026-05-13T14:46:26.277+0000] {taskinstance.py:1979} INFO - Dependencies all met for dep_context=requeueable deps ti=<TaskInstance: kaldata_scraper.run_kaldata_scraper scheduled__2026-05-12T00:00:00+00:00 [queued]>
[2026-05-13T14:46:26.282+0000] {taskinstance.py:2193} INFO - Starting attempt 1 of 1
[2026-05-13T14:46:26.470+0000] {taskinstance.py:2214} INFO - Executing <Task(DockerOperator): run_kaldata_scraper> on 2026-05-12 00:00:00+00:00
[2026-05-13T14:46:26.789+0000] {standard_task_runner.py:60} INFO - Started process 641 to run task
[2026-05-13T14:46:26.982+0000] {standard_task_runner.py:87} INFO - Running: ['***', 'tasks', 'run', 'kaldata_scraper', 'run_kaldata_scraper', 'scheduled__2026-05-12T00:00:00+00:00', '--job-id', '4', '--raw', '--subdir', 'DAGS_FOLDER/kaldata_dag.py', '--cfg-path', '/tmp/tmpie1iew1h']
[2026-05-13T14:46:27.001+0000] {standard_task_runner.py:88} INFO - Job 4: Subtask run_kaldata_scraper
[2026-05-13T14:46:30.016+0000] {task_command.py:423} INFO - Running <TaskInstance: kaldata_scraper.run_kaldata_scraper scheduled__2026-05-12T00:00:00+00:00 [running]> on host ab149d976c2e
[2026-05-13T14:46:36.029+0000] {taskinstance.py:2510} INFO - Exporting env vars: AIRFLOW_CTX_DAG_OWNER='***' AIRFLOW_CTX_DAG_ID='kaldata_scraper' AIRFLOW_CTX_TASK_ID='run_kaldata_scraper' AIRFLOW_CTX_EXECUTION_DATE='2026-05-12T00:00:00+00:00' AIRFLOW_CTX_TRY_NUMBER='1' AIRFLOW_CTX_DAG_RUN_ID='scheduled__2026-05-12T00:00:00+00:00'
[2026-05-13T14:46:37.654+0000] {docker.py:359} INFO - Starting docker container from image kaldata-scrapy:v1
[2026-05-13T14:46:37.872+0000] {docker.py:367} WARNING - Using remote engine or docker-in-docker and mounting temporary volume from host is not supported. Falling back to `mount_tmp_dir=False` mode. You can set `mount_tmp_dir` parameter to False to disable mounting and remove the warning
[2026-05-13T15:16:31.295+0000] {taskinstance.py:1149} INFO - Marking task as SUCCESS. dag_id=kaldata_scraper, task_id=run_kaldata_scraper, execution_date=20260512T000000, start_date=20260513T144626, end_date=20260513T151631
[2026-05-13T15:17:03.090+0000] {local_task_job_runner.py:302} WARNING - State of this instance has been externally set to success. Terminating instance.
[2026-05-13T15:17:21.306+0000] {process_utils.py:131} INFO - Sending 15 to group 641. PIDs of all processes in the group: [641]
[2026-05-13T15:17:21.603+0000] {process_utils.py:86} INFO - Sending the signal 15 to group 641
[2026-05-13T15:17:24.832+0000] {process_utils.py:79} INFO - Process psutil.Process(pid=641, status='terminated', exitcode=0, started='14:46:26') (641) terminated with exit code 0
