[2026-06-11T12:45:51.873+0000] {taskinstance.py:1979} INFO - Dependencies all met for dep_context=non-requeueable deps ti=<TaskInstance: inegi_playwright.run_inegi_playwright manual__2026-06-11T12:45:38.496121+00:00 [queued]>
[2026-06-11T12:45:52.177+0000] {taskinstance.py:1979} INFO - Dependencies all met for dep_context=requeueable deps ti=<TaskInstance: inegi_playwright.run_inegi_playwright manual__2026-06-11T12:45:38.496121+00:00 [queued]>
[2026-06-11T12:45:52.241+0000] {taskinstance.py:2193} INFO - Starting attempt 1 of 1
[2026-06-11T12:45:54.169+0000] {taskinstance.py:2214} INFO - Executing <Task(DockerOperator): run_inegi_playwright> on 2026-06-11 12:45:38.496121+00:00
[2026-06-11T12:45:54.555+0000] {standard_task_runner.py:60} INFO - Started process 794 to run task
[2026-06-11T12:45:54.715+0000] {standard_task_runner.py:87} INFO - Running: ['***', 'tasks', 'run', 'inegi_playwright', 'run_inegi_playwright', 'manual__2026-06-11T12:45:38.496121+00:00', '--job-id', '472', '--raw', '--subdir', 'DAGS_FOLDER/inegi_playwright_dag.py', '--cfg-path', '/tmp/tmpp0t0pm6o']
[2026-06-11T12:45:54.975+0000] {standard_task_runner.py:88} INFO - Job 472: Subtask run_inegi_playwright
[2026-06-11T12:45:58.208+0000] {task_command.py:423} INFO - Running <TaskInstance: inegi_playwright.run_inegi_playwright manual__2026-06-11T12:45:38.496121+00:00 [running]> on host f39b18a112ca
[2026-06-11T12:45:59.824+0000] {taskinstance.py:2510} INFO - Exporting env vars: AIRFLOW_CTX_DAG_OWNER='***' AIRFLOW_CTX_DAG_ID='inegi_playwright' AIRFLOW_CTX_TASK_ID='run_inegi_playwright' AIRFLOW_CTX_EXECUTION_DATE='2026-06-11T12:45:38.496121+00:00' AIRFLOW_CTX_TRY_NUMBER='1' AIRFLOW_CTX_DAG_RUN_ID='manual__2026-06-11T12:45:38.496121+00:00'
[2026-06-11T12:46:01.533+0000] {docker.py:359} INFO - Starting docker container from image inegi-playwright:v1
[2026-06-11T12:46:51.621+0000] {docker.py:429} INFO - The page is opening...
[2026-06-11T12:47:14.660+0000] {docker.py:429} INFO - iframe found: https://www3.inegi.org.mx/sistemas/ci/relps/
[2026-06-11T12:47:25.381+0000] {docker.py:429} INFO - Total rows: 133
[2026-06-11T12:47:25.638+0000] {docker.py:429} INFO - Row 0: no column, skipping
[2026-06-11T12:47:25.898+0000] {docker.py:429} INFO - Row 1: link found, clicking…
[2026-06-11T12:48:02.841+0000] {docker.py:429} INFO - Row 2: link found, clicking…
[2026-06-11T12:49:16.519+0000] {docker.py:429} INFO - Row 3: link found, clicking…
[2026-06-11T12:49:47.562+0000] {docker.py:429} INFO - Row 4: link found, clicking…
[2026-06-11T12:49:58.155+0000] {docker.py:429} INFO - Row 5: link found, clicking…
[2026-06-11T12:50:13.658+0000] {docker.py:429} INFO - Row 6: link found, clicking…
[2026-06-11T12:50:28.637+0000] {docker.py:429} INFO - Row 7: link found, clicking…
[2026-06-11T12:50:39.948+0000] {docker.py:429} INFO - Row 8: link found, clicking…
[2026-06-11T12:50:54.859+0000] {docker.py:429} INFO - Row 9: link found, clicking…
[2026-06-11T12:51:12.689+0000] {docker.py:429} INFO - Row 10: link found, clicking…
[2026-06-11T12:51:35.820+0000] {docker.py:429} INFO - Row 11: link found, clicking…
[2026-06-11T12:51:45.933+0000] {docker.py:429} INFO - Row 12: link found, clicking…
[2026-06-11T12:51:54.726+0000] {docker.py:429} INFO - Row 13: link found, clicking…
[2026-06-11T12:52:02.089+0000] {docker.py:429} INFO - Row 14: link found, clicking…
[2026-06-11T12:52:25.249+0000] {docker.py:429} INFO - Row 15: link found, clicking…
[2026-06-11T12:52:37.228+0000] {docker.py:429} INFO - Row 16: link found, clicking…
[2026-06-11T12:52:46.733+0000] {docker.py:429} INFO - Row 17: link found, clicking…
[2026-06-11T12:52:54.605+0000] {docker.py:429} INFO - Row 18: link found, clicking…
[2026-06-11T12:53:09.040+0000] {docker.py:429} INFO - Row 19: link found, clicking…
[2026-06-11T12:53:19.734+0000] {docker.py:429} INFO - Row 20: link found, clicking…
[2026-06-11T12:53:30.980+0000] {docker.py:429} INFO - Row 21: link found, clicking…
[2026-06-11T12:53:37.592+0000] {docker.py:429} INFO - Row 22: link found, clicking…
[2026-06-11T12:53:44.045+0000] {docker.py:429} INFO - Row 23: link found, clicking…
[2026-06-11T12:53:53.726+0000] {docker.py:429} INFO - Row 24: link found, clicking…
[2026-06-11T12:53:58.521+0000] {docker.py:429} INFO - Row 25: link found, clicking…
[2026-06-11T12:54:01.864+0000] {docker.py:429} INFO - Row 26: link found, clicking…
[2026-06-11T12:54:05.913+0000] {docker.py:429} INFO - Row 27: link found, clicking…
[2026-06-11T12:54:10.738+0000] {docker.py:429} INFO - Row 28: link found, clicking…
[2026-06-11T12:54:15.089+0000] {docker.py:429} INFO - Row 29: link found, clicking…
[2026-06-11T12:54:20.389+0000] {docker.py:429} INFO - Row 30: link found, clicking…
[2026-06-11T12:54:27.185+0000] {docker.py:429} INFO - Row 31: link found, clicking…
[2026-06-11T12:54:32.074+0000] {docker.py:429} INFO - Row 32: link found, clicking…
[2026-06-11T12:54:37.463+0000] {docker.py:429} INFO - Row 33: link found, clicking…
[2026-06-11T12:54:43.520+0000] {docker.py:429} INFO - Row 34: link found, clicking…
[2026-06-11T12:54:48.174+0000] {docker.py:429} INFO - Row 35: link found, clicking…
[2026-06-11T12:54:52.729+0000] {docker.py:429} INFO - Row 36: link found, clicking…
[2026-06-11T12:54:55.744+0000] {docker.py:429} INFO - Row 37: link found, clicking…
[2026-06-11T12:55:01.134+0000] {docker.py:429} INFO - Row 38: link found, clicking…
[2026-06-11T12:55:04.294+0000] {docker.py:429} INFO - Row 39: link found, clicking…
[2026-06-11T12:55:08.229+0000] {docker.py:429} INFO - Row 40: link found, clicking…
[2026-06-11T12:55:10.632+0000] {docker.py:429} INFO - Row 41: link found, clicking…
[2026-06-11T12:55:13.848+0000] {docker.py:429} INFO - Row 42: link found, clicking…
[2026-06-11T12:55:17.535+0000] {docker.py:429} INFO - Row 43: link found, clicking…
[2026-06-11T12:55:22.006+0000] {docker.py:429} INFO - Row 44: link found, clicking…
[2026-06-11T12:55:27.702+0000] {docker.py:429} INFO - Row 45: link found, clicking…
[2026-06-11T12:55:30.640+0000] {docker.py:429} INFO - Row 46: link found, clicking…
[2026-06-11T12:55:34.714+0000] {docker.py:429} INFO - Row 47: link found, clicking…
[2026-06-11T12:55:37.654+0000] {docker.py:429} INFO - Row 48: link found, clicking…
[2026-06-11T12:55:40.830+0000] {docker.py:429} INFO - Row 49: link found, clicking…
[2026-06-11T12:55:44.514+0000] {docker.py:429} INFO - Row 50: link found, clicking…
[2026-06-11T12:55:48.669+0000] {docker.py:429} INFO - Row 51: link found, clicking…
[2026-06-11T12:55:52.481+0000] {docker.py:429} INFO - Row 52: link found, clicking…
[2026-06-11T12:56:01.145+0000] {docker.py:429} INFO - Row 53: link found, clicking…
[2026-06-11T12:56:12.456+0000] {docker.py:429} INFO - Row 54: link found, clicking…
[2026-06-11T12:56:18.261+0000] {docker.py:429} INFO - Row 55: link found, clicking…
[2026-06-11T12:56:23.859+0000] {docker.py:429} INFO - Row 56: link found, clicking…
[2026-06-11T12:56:30.918+0000] {docker.py:429} INFO - Row 57: link found, clicking…
[2026-06-11T12:56:38.711+0000] {docker.py:429} INFO - Row 58: link found, clicking…
[2026-06-11T12:56:48.215+0000] {docker.py:429} INFO - Row 59: link found, clicking…
[2026-06-11T12:56:58.597+0000] {docker.py:429} INFO - Row 60: link found, clicking…
[2026-06-11T12:57:05.399+0000] {docker.py:429} INFO - Row 61: link found, clicking…
[2026-06-11T12:57:13.787+0000] {docker.py:429} INFO - Row 62: link found, clicking…
[2026-06-11T12:57:21.022+0000] {docker.py:429} INFO - Row 63: link found, clicking…
[2026-06-11T12:57:27.866+0000] {docker.py:429} INFO - Row 64: link found, clicking…
[2026-06-11T12:57:34.763+0000] {docker.py:429} INFO - Row 65: link found, clicking…
[2026-06-11T12:57:43.380+0000] {docker.py:429} INFO - Row 66: link found, clicking…
[2026-06-11T12:57:52.775+0000] {docker.py:429} INFO - Row 67: link found, clicking…
[2026-06-11T12:58:00.340+0000] {docker.py:429} INFO - Row 68: link found, clicking…
[2026-06-11T12:58:09.068+0000] {docker.py:429} INFO - Row 69: link found, clicking…
[2026-06-11T12:58:18.723+0000] {docker.py:429} INFO - Row 70: link found, clicking…
[2026-06-11T12:58:29.452+0000] {docker.py:429} INFO - Row 71: link found, clicking…
[2026-06-11T12:58:35.514+0000] {docker.py:429} INFO - Row 72: link found, clicking…
[2026-06-11T12:58:42.194+0000] {docker.py:429} INFO - Row 73: link found, clicking…
[2026-06-11T12:58:49.456+0000] {docker.py:429} INFO - Row 74: link found, clicking…
[2026-06-11T12:58:55.137+0000] {docker.py:429} INFO - Row 75: link found, clicking…
[2026-06-11T12:59:01.676+0000] {docker.py:429} INFO - Row 76: link found, clicking…
[2026-06-11T12:59:08.015+0000] {docker.py:429} INFO - Row 77: link found, clicking…
[2026-06-11T12:59:17.816+0000] {docker.py:429} INFO - Row 78: link found, clicking…
[2026-06-11T12:59:27.721+0000] {docker.py:429} INFO - Row 79: link found, clicking…
[2026-06-11T12:59:35.668+0000] {docker.py:429} INFO - Row 80: link found, clicking…
[2026-06-11T12:59:45.878+0000] {docker.py:429} INFO - Row 81: link found, clicking…
[2026-06-11T12:59:52.195+0000] {docker.py:429} INFO - Row 82: link found, clicking…
[2026-06-11T13:00:03.744+0000] {docker.py:429} INFO - Row 83: link found, clicking…
[2026-06-11T13:00:12.948+0000] {docker.py:429} INFO - Row 84: link found, clicking…
[2026-06-11T13:00:22.946+0000] {docker.py:429} INFO - Row 85: link found, clicking…
[2026-06-11T13:00:29.672+0000] {docker.py:429} INFO - Row 86: link found, clicking…
[2026-06-11T13:00:36.583+0000] {docker.py:429} INFO - Row 87: link found, clicking…
[2026-06-11T13:00:42.860+0000] {docker.py:429} INFO - Row 88: link found, clicking…
[2026-06-11T13:00:48.693+0000] {docker.py:429} INFO - Row 89: link found, clicking…
[2026-06-11T13:00:55.367+0000] {docker.py:429} INFO - Row 90: link found, clicking…
[2026-06-11T13:00:59.658+0000] {docker.py:429} INFO - Row 91: link found, clicking…
[2026-06-11T13:01:04.344+0000] {docker.py:429} INFO - Row 92: link found, clicking…
[2026-06-11T13:01:18.121+0000] {docker.py:429} INFO - Row 93: link found, clicking…
[2026-06-11T13:01:23.477+0000] {docker.py:429} INFO - Row 94: link found, clicking…
[2026-06-11T13:01:31.657+0000] {docker.py:429} INFO - Row 95: link found, clicking…
[2026-06-11T13:01:36.549+0000] {docker.py:429} INFO - Row 96: link found, clicking…
[2026-06-11T13:01:41.829+0000] {docker.py:429} INFO - Row 97: link found, clicking…
[2026-06-11T13:01:48.830+0000] {docker.py:429} INFO - Row 98: link found, clicking…
[2026-06-11T13:01:59.332+0000] {docker.py:429} INFO - Row 99: link found, clicking…
[2026-06-11T13:02:12.874+0000] {docker.py:429} INFO - Row 100: link found, clicking…
[2026-06-11T13:02:16.561+0000] {docker.py:429} INFO - Row 101: link found, clicking…
[2026-06-11T13:02:21.680+0000] {docker.py:429} INFO - Row 102: link found, clicking…
[2026-06-11T13:02:31.861+0000] {docker.py:429} INFO - Row 103: link found, clicking…
[2026-06-11T13:02:53.268+0000] {docker.py:429} INFO - Row 104: link found, clicking…
[2026-06-11T13:03:02.897+0000] {docker.py:429} INFO - Row 105: link found, clicking…
[2026-06-11T13:03:09.774+0000] {docker.py:429} INFO - Row 106: link found, clicking…
[2026-06-11T13:03:14.281+0000] {docker.py:429} INFO - Row 107: link found, clicking…
[2026-06-11T13:03:20.482+0000] {docker.py:429} INFO - Row 108: link found, clicking…
[2026-06-11T13:03:23.015+0000] {docker.py:429} INFO - Row 109: link found, clicking…
[2026-06-11T13:03:28.534+0000] {docker.py:429} INFO - Row 110: link found, clicking…
[2026-06-11T13:03:34.073+0000] {docker.py:429} INFO - Row 111: link found, clicking…
[2026-06-11T13:03:38.101+0000] {docker.py:429} INFO - Row 112: link found, clicking…
[2026-06-11T13:03:42.659+0000] {docker.py:429} INFO - Row 113: link found, clicking…
[2026-06-11T13:03:45.713+0000] {docker.py:429} INFO - Row 114: link found, clicking…
[2026-06-11T13:03:49.722+0000] {docker.py:429} INFO - Row 115: link found, clicking…
[2026-06-11T13:03:57.324+0000] {docker.py:429} INFO - Row 116: link found, clicking…
[2026-06-11T13:04:02.564+0000] {docker.py:429} INFO - Row 117: link found, clicking…
[2026-06-11T13:04:09.087+0000] {docker.py:429} INFO - Row 118: link found, clicking…
[2026-06-11T13:04:13.232+0000] {docker.py:429} INFO - Row 119: link found, clicking…
[2026-06-11T13:04:16.906+0000] {docker.py:429} INFO - Row 120: link found, clicking…
[2026-06-11T13:04:23.639+0000] {docker.py:429} INFO - Row 121: link found, clicking…
[2026-06-11T13:04:33.231+0000] {docker.py:429} INFO - Row 122: link found, clicking…
[2026-06-11T13:04:42.955+0000] {docker.py:429} INFO - Row 123: link found, clicking…
[2026-06-11T13:04:50.617+0000] {docker.py:429} INFO - Row 124: link found, clicking…
[2026-06-11T13:04:54.329+0000] {docker.py:429} INFO - Row 125: link found, clicking…
[2026-06-11T13:04:58.493+0000] {docker.py:429} INFO - Row 126: link found, clicking…
[2026-06-11T13:05:05.206+0000] {docker.py:429} INFO - Row 127: link found, clicking…
[2026-06-11T13:05:13.473+0000] {docker.py:429} INFO - Row 128: link found, clicking…
[2026-06-11T13:05:22.740+0000] {docker.py:429} INFO - Row 129: link found, clicking…
[2026-06-11T13:05:30.527+0000] {docker.py:429} INFO - Row 130: link found, clicking…
[2026-06-11T13:05:39.688+0000] {docker.py:429} INFO - Row 131: link found, clicking…
[2026-06-11T13:05:45.252+0000] {docker.py:429} INFO - Row 132: link found, clicking…
[2026-06-11T13:05:52.180+0000] {docker.py:429} INFO - Final unique records: 76
[2026-06-11T13:05:53.251+0000] {docker.py:429} INFO - Saved → /app/data/inegi_playwright.json
ERROR: Event loop is closed! Is Playwright already stopped?
[2026-06-11T13:05:58.170+0000] {taskinstance.py:1149} INFO - Marking task as SUCCESS. dag_id=inegi_playwright, task_id=run_inegi_playwright, execution_date=20260611T124538, start_date=20260611T124551, end_date=20260611T130558
[2026-06-11T13:05:59.500+0000] {local_task_job_runner.py:234} INFO - Task exited with return code 0
[2026-06-11T13:05:59.873+0000] {taskinstance.py:3309} INFO - 1 downstream tasks scheduled from follow-on schedule check
