[2026-05-20T06:44:08.724+0000] {taskinstance.py:1979} INFO - Dependencies all met for dep_context=non-requeueable deps ti=<TaskInstance: merge_all_scrapers.merge_all_outputs manual__2026-05-20T06:43:55.222765+00:00 [queued]>
[2026-05-20T06:44:08.797+0000] {taskinstance.py:1979} INFO - Dependencies all met for dep_context=requeueable deps ti=<TaskInstance: merge_all_scrapers.merge_all_outputs manual__2026-05-20T06:43:55.222765+00:00 [queued]>
[2026-05-20T06:44:09.094+0000] {taskinstance.py:2193} INFO - Starting attempt 1 of 1
[2026-05-20T06:44:09.405+0000] {taskinstance.py:2214} INFO - Executing <Task(PythonOperator): merge_all_outputs> on 2026-05-20 06:43:55.222765+00:00
[2026-05-20T06:44:09.670+0000] {standard_task_runner.py:60} INFO - Started process 408 to run task
[2026-05-20T06:44:09.701+0000] {standard_task_runner.py:87} INFO - Running: ['***', 'tasks', 'run', 'merge_all_scrapers', 'merge_all_outputs', 'manual__2026-05-20T06:43:55.222765+00:00', '--job-id', '86', '--raw', '--subdir', 'DAGS_FOLDER/merge_dag.py', '--cfg-path', '/tmp/tmpvy3j211v']
[2026-05-20T06:44:10.164+0000] {standard_task_runner.py:88} INFO - Job 86: Subtask merge_all_outputs
[2026-05-20T06:44:11.243+0000] {task_command.py:423} INFO - Running <TaskInstance: merge_all_scrapers.merge_all_outputs manual__2026-05-20T06:43:55.222765+00:00 [running]> on host f39b18a112ca
[2026-05-20T06:44:14.280+0000] {taskinstance.py:2510} INFO - Exporting env vars: AIRFLOW_CTX_DAG_OWNER='***' AIRFLOW_CTX_DAG_ID='merge_all_scrapers' AIRFLOW_CTX_TASK_ID='merge_all_outputs' AIRFLOW_CTX_EXECUTION_DATE='2026-05-20T06:43:55.222765+00:00' AIRFLOW_CTX_TRY_NUMBER='1' AIRFLOW_CTX_DAG_RUN_ID='manual__2026-05-20T06:43:55.222765+00:00'
[2026-05-20T06:44:14.667+0000] {logging_mixin.py:188} INFO - 📂 DATA PATH: /opt/***/data
[2026-05-20T06:44:14.695+0000] {logging_mixin.py:188} INFO - 
📄 READING JSON: eu_fsf_sanctions.json
[2026-05-20T06:44:16.376+0000] {logging_mixin.py:188} INFO - 
📄 READING JSON: inegi_playwright.json
[2026-05-20T06:44:16.985+0000] {logging_mixin.py:188} INFO - 
📄 READING JSON: inegi_scraper.json
[2026-05-20T06:44:17.344+0000] {logging_mixin.py:188} INFO - 
🗄️ READING DB: kaldata.db
[2026-05-20T06:44:21.092+0000] {logging_mixin.py:188} INFO - 
🗄️ READING DB: telegraph.db
[2026-05-20T06:44:21.207+0000] {logging_mixin.py:188} INFO - 
📦 TOTAL BEFORE DEDUP: 6360
[2026-05-20T06:44:21.258+0000] {logging_mixin.py:188} INFO - 🧹 AFTER DEDUP: 6356
[2026-05-20T06:44:21.367+0000] {base.py:83} INFO - Using connection ID 'postgres_default' for task execution.
[2026-05-20T06:44:47.893+0000] {logging_mixin.py:188} INFO - 💾 JSON OUTPUT: /opt/***/data/final_output.json
[2026-05-20T06:44:47.899+0000] {logging_mixin.py:188} INFO - 🔓 LOCK REMOVED
[2026-05-20T06:44:47.904+0000] {python.py:202} INFO - Done. Returned value was: None
[2026-05-20T06:44:47.938+0000] {taskinstance.py:1149} INFO - Marking task as SUCCESS. dag_id=merge_all_scrapers, task_id=merge_all_outputs, execution_date=20260520T064355, start_date=20260520T064408, end_date=20260520T064447
[2026-05-20T06:44:51.380+0000] {local_task_job_runner.py:234} INFO - Task exited with return code 0
[2026-05-20T06:44:51.549+0000] {taskinstance.py:3309} INFO - 0 downstream tasks scheduled from follow-on schedule check
