[2026-06-11T12:52:05.117+0000] {taskinstance.py:1979} INFO - Dependencies all met for dep_context=non-requeueable deps ti=<TaskInstance: merge_all_scrapers.merge_all_outputs manual__2026-06-11T12:49:05.407655+00:00 [queued]>
[2026-06-11T12:52:05.327+0000] {taskinstance.py:1979} INFO - Dependencies all met for dep_context=requeueable deps ti=<TaskInstance: merge_all_scrapers.merge_all_outputs manual__2026-06-11T12:49:05.407655+00:00 [queued]>
[2026-06-11T12:52:05.356+0000] {taskinstance.py:2193} INFO - Starting attempt 1 of 1
[2026-06-11T12:52:05.628+0000] {taskinstance.py:2214} INFO - Executing <Task(PythonOperator): merge_all_outputs> on 2026-06-11 12:49:05.407655+00:00
[2026-06-11T12:52:05.710+0000] {standard_task_runner.py:60} INFO - Started process 968 to run task
[2026-06-11T12:52:05.773+0000] {standard_task_runner.py:87} INFO - Running: ['***', 'tasks', 'run', 'merge_all_scrapers', 'merge_all_outputs', 'manual__2026-06-11T12:49:05.407655+00:00', '--job-id', '479', '--raw', '--subdir', 'DAGS_FOLDER/merge_dag.py', '--cfg-path', '/tmp/tmpc9bbi1to']
[2026-06-11T12:52:05.819+0000] {standard_task_runner.py:88} INFO - Job 479: Subtask merge_all_outputs
[2026-06-11T12:52:07.858+0000] {task_command.py:423} INFO - Running <TaskInstance: merge_all_scrapers.merge_all_outputs manual__2026-06-11T12:49:05.407655+00:00 [running]> on host f39b18a112ca
[2026-06-11T12:52:29.604+0000] {taskinstance.py:2510} INFO - Exporting env vars: AIRFLOW_CTX_DAG_OWNER='***' AIRFLOW_CTX_DAG_ID='merge_all_scrapers' AIRFLOW_CTX_TASK_ID='merge_all_outputs' AIRFLOW_CTX_EXECUTION_DATE='2026-06-11T12:49:05.407655+00:00' AIRFLOW_CTX_TRY_NUMBER='1' AIRFLOW_CTX_DAG_RUN_ID='manual__2026-06-11T12:49:05.407655+00:00'
[2026-06-11T12:52:30.156+0000] {logging_mixin.py:188} INFO - 📂 DATA PATH: /opt/***/data
[2026-06-11T12:52:30.462+0000] {logging_mixin.py:188} INFO - 
READING JSON: eu_fsf_sanctions.json
[2026-06-11T12:52:31.199+0000] {logging_mixin.py:188} INFO - 
READING JSON: inegi_playwright.json
[2026-06-11T12:52:32.046+0000] {logging_mixin.py:188} INFO - 
READING JSON: inegi_scraper.json
[2026-06-11T12:52:32.749+0000] {logging_mixin.py:188} INFO - 
READING DB: kaldata.db
[2026-06-11T12:52:45.987+0000] {logging_mixin.py:188} INFO - 
READING DB: telegraph.db
[2026-06-11T12:53:09.375+0000] {logging_mixin.py:188} INFO - 
TOTAL BEFORE DEDUP: 254
[2026-06-11T12:53:09.506+0000] {logging_mixin.py:188} INFO - AFTER DEDUP: 254
[2026-06-11T12:53:09.999+0000] {base.py:83} INFO - Using connection ID 'postgres_default' for task execution.
[2026-06-11T12:53:22.794+0000] {logging_mixin.py:188} INFO - JSON OUTPUT: /opt/***/data/final_output.json
[2026-06-11T12:53:23.333+0000] {logging_mixin.py:188} INFO - LOCK REMOVED
[2026-06-11T12:53:23.355+0000] {python.py:202} INFO - Done. Returned value was: None
[2026-06-11T12:53:24.316+0000] {taskinstance.py:1149} INFO - Marking task as SUCCESS. dag_id=merge_all_scrapers, task_id=merge_all_outputs, execution_date=20260611T124905, start_date=20260611T125205, end_date=20260611T125324
[2026-06-11T12:53:24.989+0000] {local_task_job_runner.py:234} INFO - Task exited with return code 0
[2026-06-11T12:53:25.413+0000] {taskinstance.py:3309} INFO - 0 downstream tasks scheduled from follow-on schedule check
