[2026-05-22T07:57:59.918+0000] {taskinstance.py:1979} INFO - Dependencies all met for dep_context=non-requeueable deps ti=<TaskInstance: telegraph_scraper.run_telegraph_container scheduled__2026-05-21T00:00:00+00:00 [queued]>
[2026-05-22T07:58:00.117+0000] {taskinstance.py:1979} INFO - Dependencies all met for dep_context=requeueable deps ti=<TaskInstance: telegraph_scraper.run_telegraph_container scheduled__2026-05-21T00:00:00+00:00 [queued]>
[2026-05-22T07:58:00.154+0000] {taskinstance.py:2193} INFO - Starting attempt 1 of 1
[2026-05-22T07:58:00.399+0000] {taskinstance.py:2214} INFO - Executing <Task(DockerOperator): run_telegraph_container> on 2026-05-21 00:00:00+00:00
[2026-05-22T07:58:00.528+0000] {standard_task_runner.py:60} INFO - Started process 139 to run task
[2026-05-22T07:58:00.579+0000] {standard_task_runner.py:87} INFO - Running: ['***', 'tasks', 'run', 'telegraph_scraper', 'run_telegraph_container', 'scheduled__2026-05-21T00:00:00+00:00', '--job-id', '181', '--raw', '--subdir', 'DAGS_FOLDER/telegraph_dag.py', '--cfg-path', '/tmp/tmpf5rbtsiw']
[2026-05-22T07:58:00.654+0000] {standard_task_runner.py:88} INFO - Job 181: Subtask run_telegraph_container
[2026-05-22T07:58:02.295+0000] {task_command.py:423} INFO - Running <TaskInstance: telegraph_scraper.run_telegraph_container scheduled__2026-05-21T00:00:00+00:00 [running]> on host f39b18a112ca
[2026-05-22T07:58:05.688+0000] {taskinstance.py:2510} INFO - Exporting env vars: AIRFLOW_CTX_DAG_OWNER='***' AIRFLOW_CTX_DAG_ID='telegraph_scraper' AIRFLOW_CTX_TASK_ID='run_telegraph_container' AIRFLOW_CTX_EXECUTION_DATE='2026-05-21T00:00:00+00:00' AIRFLOW_CTX_TRY_NUMBER='1' AIRFLOW_CTX_DAG_RUN_ID='scheduled__2026-05-21T00:00:00+00:00'
[2026-05-22T07:58:07.081+0000] {docker.py:359} INFO - Starting docker container from image telegraph-scraper:v1
[2026-05-22T07:58:07.696+0000] {docker.py:367} WARNING - Using remote engine or docker-in-docker and mounting temporary volume from host is not supported. Falling back to `mount_tmp_dir=False` mode. You can set `mount_tmp_dir` parameter to False to disable mounting and remove the warning
[2026-05-22T07:58:33.873+0000] {docker.py:429} INFO - [+] Saved: СКАНДАЛНО! Хванаха пиян шофьор на път за ученическа екскурзия
[2026-05-22T07:58:35.633+0000] {docker.py:429} INFO - [+] Saved: СТАНИСЛАВ ГЕНЧЕВ СЕ ВРЪЩА В БОТЕВ ПД!
[2026-05-22T07:58:37.421+0000] {docker.py:429} INFO - [+] Saved: Радко Калайджиев: Берое е голяма хапка за Банато!
[2026-05-22T07:58:39.095+0000] {docker.py:429} INFO - [+] Saved: „Пътна полиция“ с извънредни мерки за 24 май и абитуриентските балове
[2026-05-22T07:58:40.847+0000] {docker.py:429} INFO - [+] Saved: Интерес от Италия и Франция към Хулио Веласкес
[2026-05-22T07:58:42.779+0000] {docker.py:429} INFO - [+] Saved: Здравко от Ритон: Лапоухов показа, че един вратар е половин отбор
[2026-05-22T07:58:45.021+0000] {docker.py:429} INFO - [+] Saved: Правят пари на гърба на Дара!
[2026-05-22T07:58:46.650+0000] {docker.py:429} INFO - [+] Saved: Може ли Майкон да отиде в Англия?
[2026-05-22T07:58:49.003+0000] {docker.py:429} INFO - [+] Saved: Веласкес не пуска никой в почивка
[2026-05-22T07:58:51.999+0000] {docker.py:429} INFO - [+] Saved: Кристиано Роналдо качи Ал-Насър на трона в Саудитска Арабия
[2026-05-22T07:58:54.681+0000] {docker.py:429} INFO - [+] Saved: Пенсионираха Стивън Колбърт
[2026-05-22T07:58:58.438+0000] {docker.py:429} INFO - [+] Saved: Достойните за слава не се преклониха
[2026-05-22T07:59:00.209+0000] {docker.py:429} INFO - [+] Saved: СТРАШНА ИЗЛАГАЦИЯ: Майки се сбиха на абитуриентски бал! (ВИДЕО)
[2026-05-22T07:59:01.864+0000] {docker.py:429} INFO - [+] Saved: На рождения му ден в Лондон: Награждават лорд Евгени Минчев за благотворителност
[2026-05-22T07:59:04.975+0000] {docker.py:429} INFO - [+] Saved: Израелски удари покосиха болница в Ливан
[2026-05-22T07:59:07.361+0000] {docker.py:429} INFO - [+] Saved: Тъжен край на един тъжен сезон за Славия
[2026-05-22T07:59:09.738+0000] {docker.py:429} INFO - [+] Saved: Вилфредо Леон с четвърто от полякиня
[2026-05-22T07:59:11.995+0000] {docker.py:429} INFO - [+] Saved: Тръмп изпраща 5000 войници в Полша!
[2026-05-22T07:59:14.866+0000] {docker.py:429} INFO - [+] Saved: Обявяват резултатите от първо класиране за прием в детски градини и ясли в София
[2026-05-22T07:59:16.904+0000] {docker.py:429} INFO - [+] Saved: В Септември са убедени в победата и оцеляването
[2026-05-22T07:59:19.093+0000] {docker.py:429} INFO - [+] Saved: ТРАГЕДИЯ: Извадиха тялото на български гражданин изпод срутената в Германия сграда!
[2026-05-22T07:59:20.886+0000] {docker.py:429} INFO - [+] Saved: Финалът за купата ни даде повече въпроси, отколкото отговори
[2026-05-22T07:59:23.081+0000] {docker.py:429} INFO - [+] Saved: Румен Радев на първи парламентарен контрол!
[2026-05-22T07:59:26.342+0000] {docker.py:429} INFO - [+] Saved: ВРЕМЕТО СТАВА ВСЕ ПО-ЛОШО: Очакват се интензивни валежи в 20 области!
[2026-05-22T07:59:30.351+0000] {docker.py:429} INFO - [+] Saved: Учениците се явяват на втора матура по профилиращ предмет!
[2026-05-22T07:59:32.176+0000] {docker.py:429} INFO - [+] Saved: Гледайте полуфинала на Везенков в Евролигата
[2026-05-22T07:59:34.701+0000] {docker.py:429} INFO - [+] Saved: Eйса глези Гришо в ранчо за $4 млн.
[2026-05-22T07:59:37.470+0000] {docker.py:429} INFO - [+] Saved: И Лайла пленява от Лазурния бряг
[2026-05-22T07:59:39.862+0000] {docker.py:429} INFO - [+] Saved: Фенка на Лийдс плува с акули
[2026-05-22T07:59:41.915+0000] {docker.py:429} INFO - [+] Saved: Астрологът Мира Кунева: Юпитер ни даде ключа за Евровизията
[2026-05-22T07:59:45.349+0000] {docker.py:429} INFO - [+] Saved: Хари Магуайър пропуска Мондиал 2026?
[2026-05-22T07:59:47.383+0000] {docker.py:429} INFO - [+] Saved: Стенли с покана за парти от принц Уилям
[2026-05-22T07:59:49.201+0000] {docker.py:429} INFO - [+] Saved: ПОД ПРИКРИТИЕ: Тръмп прави бункер и цяла военна база в мазето на балната си зала!
[2026-05-22T07:59:50.951+0000] {docker.py:429} INFO - [+] Saved: Шефът на МВР: Съкращения без анализ няма да се правят, но ще има оптимизация
[2026-05-22T07:59:52.755+0000] {docker.py:429} INFO - [+] Saved: Три финала за България в първия ден на квалификациите на СК по спортна гимнастика в Ташкент
[2026-05-22T07:59:55.609+0000] {docker.py:429} INFO - [+] Saved: Звезда на Байерн остана без книжка
[2026-05-22T07:59:57.097+0000] {docker.py:429} INFO - [+] Saved: Нестеров отпадна на четвъртфиналите на сингъл на "Чалънджър" в Италия
[2026-05-22T07:59:59.746+0000] {docker.py:429} INFO - [+] Saved: В Норвегия пуснаха пиячката за световното
[2026-05-22T08:00:02.105+0000] {docker.py:429} INFO - [+] Saved: Масово режат за € 20 гориво!
[2026-05-22T08:00:05.501+0000] {docker.py:429} INFO - [+] Saved: Ученици заподозряха AI в матурата по БЕЛ
[2026-05-22T08:00:08.281+0000] {docker.py:429} INFO - [+] Saved: Собствениците на Ливърпул са решили да уволнят Слот в края на сезона
[2026-05-22T08:00:10.121+0000] {docker.py:429} INFO - [+] Saved: Тръмп: Ще вземем иранския уран, но не го искаме и ще го унищожим
[2026-05-22T08:00:12.158+0000] {docker.py:429} INFO - [+] Saved: Мики Мейс се снима с гвардейците
[2026-05-22T08:00:15.693+0000] {docker.py:429} INFO - [+] Saved: Любо Пенев с много емоционални думи за успеха на ЦСКА
[2026-05-22T08:00:17.692+0000] {docker.py:429} INFO - [+] Saved: Пожар прекрати купона на ЦСКА
[2026-05-22T08:00:19.661+0000] {docker.py:429} INFO - [+] Saved: НЕОПИСУЕМА ТРАГЕДИЯ: Дете почина, след като бе забравено в кола
[2026-05-22T08:00:21.637+0000] {docker.py:429} INFO - [+] Saved: Двама украинци са задържани за стрелбата във Варна, при която пострада случайна жена
[2026-05-22T08:00:23.665+0000] {docker.py:429} INFO - [+] Saved: Харчим повече за почивки и развлечения
[2026-05-22T08:00:26.108+0000] {docker.py:429} INFO - [+] Saved: Роналдо ще живее в най-скъпия имот
[2026-05-22T08:00:27.795+0000] {docker.py:429} INFO - [+] Saved: Рафа Надал с шокиращи разкрития
[2026-05-22T08:00:29.606+0000] {docker.py:429} INFO - [+] Saved: Доц. д-р Любослав Костов, главен икономист в КНСБ: Справедливата цена зависи от морала на търговците!
[2026-05-22T08:00:31.316+0000] {docker.py:429} INFO - [+] Saved: Путин: Използването на ядрено оръжие е крайна мярка
[2026-05-22T08:00:33.013+0000] {docker.py:429} INFO - [+] Saved: Страхотна новина за родния тенис
[2026-05-22T08:00:35.960+0000] {docker.py:429} INFO - [+] Saved: Със заповед на министър-председателя Румен Радев: Нови назначения на заместник-министри в ключови ведомства
[2026-05-22T08:00:38.314+0000] {docker.py:429} INFO - [+] Saved: Берое спря хегемонията на Витоша Бистрица и вдигна титлата при ветераните
[2026-05-22T08:00:40.659+0000] {docker.py:429} INFO - [+] Saved: СКРЪБНА ВЕСТ! Отиде си оперетната прима Теодора Георгиева
[2026-05-22T08:00:42.664+0000] {docker.py:429} INFO - [+] Saved: Легендата Христо Бонев подкрепи Димитър Илиев след пропуснатата дузпа
[2026-05-22T08:00:45.245+0000] {docker.py:429} INFO - [+] Saved: Ето кога Левски излага шампионската титла за феновете на Герена
[2026-05-22T08:00:47.019+0000] {docker.py:429} INFO - [+] Saved: ВНЕЗАПНА ПРОВЕРКА В БДЖ: Транспортният министър се качи на влак (ВИДЕО)
[2026-05-22T08:00:49.405+0000] {docker.py:429} INFO - [+] Saved: В петък във вестник "Мач Телеграф"
[2026-05-22T08:00:51.276+0000] {docker.py:429} INFO - [+] Saved: Артета с емоционални думи след титлата
[2026-05-22T08:00:53.174+0000] {docker.py:429} INFO - [+] Saved: Браншовик разкри защо черешите  за компот са по-сладки от „манекенките“ за ядене
[2026-05-22T08:00:56.107+0000] {docker.py:429} INFO - [+] Saved: България натиска за безвизов режим със САЩ: Петрова постави въпроса пред Държавния департамент
[2026-05-22T08:01:00.161+0000] {docker.py:429} INFO - [+] Saved: Валтер Папазки проговори за ЦСКА!
[2026-05-22T08:01:02.279+0000] {docker.py:429} INFO - [+] Saved: Илияна Йотова:  Няма как да се борим кризата и с инфлацията, ако България няма производство и бизнес икономика
[2026-05-22T08:01:05.046+0000] {docker.py:429} INFO - [+] Saved: Забраниха на Дуран да тренира с Колумбия
[2026-05-22T08:01:10.602+0000] {docker.py:429} INFO - [+] Saved: В Рим за 24 май: Доцова обсъди с Лоренцо Монтана по-тясно сътрудничество (СНИМКИ)
[2026-05-22T08:01:13.133+0000] {docker.py:429} INFO - [+] Saved: Юлия Стаматова достигна до четвъртфиналите на турнир по тенис в Сърбия
[2026-05-22T08:01:15.811+0000] {docker.py:429} INFO - [+] Saved: РОКАДА: Владислава Казакова оглави Държавен фонд „Земеделие“
[2026-05-22T08:01:23.637+0000] {taskinstance.py:1149} INFO - Marking task as SUCCESS. dag_id=telegraph_scraper, task_id=run_telegraph_container, execution_date=20260521T000000, start_date=20260522T075759, end_date=20260522T080123
[2026-05-22T08:01:26.701+0000] {local_task_job_runner.py:234} INFO - Task exited with return code 0
[2026-05-22T08:01:28.327+0000] {taskinstance.py:3309} INFO - 1 downstream tasks scheduled from follow-on schedule check
