[2026-06-11T08:46:30.736+0000] {taskinstance.py:1979} INFO - Dependencies all met for dep_context=non-requeueable deps ti=<TaskInstance: merge_all_scrapers.merge_all_outputs manual__2026-06-11T08:46:01.452141+00:00 [queued]>
[2026-06-11T08:46:31.479+0000] {taskinstance.py:1979} INFO - Dependencies all met for dep_context=requeueable deps ti=<TaskInstance: merge_all_scrapers.merge_all_outputs manual__2026-06-11T08:46:01.452141+00:00 [queued]>
[2026-06-11T08:46:31.614+0000] {taskinstance.py:2193} INFO - Starting attempt 1 of 1
[2026-06-11T08:46:34.068+0000] {taskinstance.py:2214} INFO - Executing <Task(PythonOperator): merge_all_outputs> on 2026-06-11 08:46:01.452141+00:00
[2026-06-11T08:46:34.209+0000] {standard_task_runner.py:60} INFO - Started process 341 to run task
[2026-06-11T08:46:36.590+0000] {standard_task_runner.py:87} INFO - Running: ['***', 'tasks', 'run', 'merge_all_scrapers', 'merge_all_outputs', 'manual__2026-06-11T08:46:01.452141+00:00', '--job-id', '439', '--raw', '--subdir', 'DAGS_FOLDER/merge_dag.py', '--cfg-path', '/tmp/tmpdli5qd46']
[2026-06-11T08:46:37.099+0000] {standard_task_runner.py:88} INFO - Job 439: Subtask merge_all_outputs
[2026-06-11T08:46:40.631+0000] {task_command.py:423} INFO - Running <TaskInstance: merge_all_scrapers.merge_all_outputs manual__2026-06-11T08:46:01.452141+00:00 [running]> on host f39b18a112ca
[2026-06-11T08:46:43.009+0000] {taskinstance.py:2510} INFO - Exporting env vars: AIRFLOW_CTX_DAG_OWNER='***' AIRFLOW_CTX_DAG_ID='merge_all_scrapers' AIRFLOW_CTX_TASK_ID='merge_all_outputs' AIRFLOW_CTX_EXECUTION_DATE='2026-06-11T08:46:01.452141+00:00' AIRFLOW_CTX_TRY_NUMBER='1' AIRFLOW_CTX_DAG_RUN_ID='manual__2026-06-11T08:46:01.452141+00:00'
[2026-06-11T08:46:43.354+0000] {logging_mixin.py:188} INFO - 📂 DATA PATH: /opt/***/data
[2026-06-11T08:46:43.484+0000] {logging_mixin.py:188} INFO - 
READING JSON: eu_fsf_sanctions.json
[2026-06-11T08:46:44.614+0000] {logging_mixin.py:188} INFO - 
READING JSON: inegi_playwright.json
[2026-06-11T08:46:44.723+0000] {logging_mixin.py:188} INFO - 
READING JSON: inegi_scraper.json
[2026-06-11T08:46:44.775+0000] {logging_mixin.py:188} INFO - 
READING DB: kaldata.db
[2026-06-11T08:46:46.847+0000] {logging_mixin.py:188} INFO - 
READING DB: telegraph.db
[2026-06-11T08:46:46.975+0000] {logging_mixin.py:188} INFO - 
TOTAL BEFORE DEDUP: 6298
[2026-06-11T08:46:47.091+0000] {logging_mixin.py:188} INFO - AFTER DEDUP: 6295
[2026-06-11T08:46:47.669+0000] {base.py:83} INFO - Using connection ID 'postgres_default' for task execution.
[2026-06-11T08:48:38.069+0000] {logging_mixin.py:188} INFO - JSON OUTPUT: /opt/***/data/final_output.json
[2026-06-11T08:48:38.439+0000] {logging_mixin.py:188} INFO - LOCK REMOVED
[2026-06-11T08:48:38.522+0000] {python.py:202} INFO - Done. Returned value was: None
[2026-06-11T08:48:38.790+0000] {taskinstance.py:1149} INFO - Marking task as SUCCESS. dag_id=merge_all_scrapers, task_id=merge_all_outputs, execution_date=20260611T084601, start_date=20260611T084630, end_date=20260611T084838
[2026-06-11T08:48:39.097+0000] {local_task_job_runner.py:234} INFO - Task exited with return code 0
[2026-06-11T08:48:39.208+0000] {taskinstance.py:3309} INFO - 0 downstream tasks scheduled from follow-on schedule check
