[2026-05-14T07:17:17.695+0000] {taskinstance.py:1979} INFO - Dependencies all met for dep_context=non-requeueable deps ti=<TaskInstance: merge_all_scrapers.merge_all_outputs manual__2026-05-14T07:16:55.676890+00:00 [queued]>
[2026-05-14T07:17:17.886+0000] {taskinstance.py:1979} INFO - Dependencies all met for dep_context=requeueable deps ti=<TaskInstance: merge_all_scrapers.merge_all_outputs manual__2026-05-14T07:16:55.676890+00:00 [queued]>
[2026-05-14T07:17:17.942+0000] {taskinstance.py:2193} INFO - Starting attempt 1 of 1
[2026-05-14T07:17:18.382+0000] {taskinstance.py:2214} INFO - Executing <Task(PythonOperator): merge_all_outputs> on 2026-05-14 07:16:55.676890+00:00
[2026-05-14T07:17:18.587+0000] {standard_task_runner.py:60} INFO - Started process 848 to run task
[2026-05-14T07:17:18.636+0000] {standard_task_runner.py:87} INFO - Running: ['***', 'tasks', 'run', 'merge_all_scrapers', 'merge_all_outputs', 'manual__2026-05-14T07:16:55.676890+00:00', '--job-id', '39', '--raw', '--subdir', 'DAGS_FOLDER/merge_dag.py', '--cfg-path', '/tmp/tmp3pm6vxfh']
[2026-05-14T07:17:18.761+0000] {standard_task_runner.py:88} INFO - Job 39: Subtask merge_all_outputs
[2026-05-14T07:17:21.987+0000] {task_command.py:423} INFO - Running <TaskInstance: merge_all_scrapers.merge_all_outputs manual__2026-05-14T07:16:55.676890+00:00 [running]> on host ab149d976c2e
[2026-05-14T07:17:22.784+0000] {taskinstance.py:2510} INFO - Exporting env vars: AIRFLOW_CTX_DAG_OWNER='***' AIRFLOW_CTX_DAG_ID='merge_all_scrapers' AIRFLOW_CTX_TASK_ID='merge_all_outputs' AIRFLOW_CTX_EXECUTION_DATE='2026-05-14T07:16:55.676890+00:00' AIRFLOW_CTX_TRY_NUMBER='1' AIRFLOW_CTX_DAG_RUN_ID='manual__2026-05-14T07:16:55.676890+00:00'
[2026-05-14T07:17:23.127+0000] {logging_mixin.py:188} INFO - 📂 DATA PATH: /opt/***/data
[2026-05-14T07:17:23.327+0000] {logging_mixin.py:188} INFO - 
📄 READING JSON: eu_fsf_sanctions.json
[2026-05-14T07:17:25.944+0000] {logging_mixin.py:188} INFO - 
📄 READING JSON: inegi_playwright.json
[2026-05-14T07:17:26.078+0000] {logging_mixin.py:188} INFO - 
📄 READING JSON: inegi_scraper.json
[2026-05-14T07:17:26.157+0000] {logging_mixin.py:188} INFO - 
🗄️ READING DB: kaldata.db
[2026-05-14T07:18:01.898+0000] {logging_mixin.py:188} INFO - 
🗄️ READING DB: telegraph.db
[2026-05-14T07:18:01.961+0000] {logging_mixin.py:188} INFO - 
📦 TOTAL BEFORE DEDUP: 6722
[2026-05-14T07:18:02.098+0000] {logging_mixin.py:188} INFO - 🧹 AFTER DEDUP: 6718
[2026-05-14T07:18:02.198+0000] {logging_mixin.py:188} INFO - ❌ MERGE ERROR: The conn_id `postgres_data` isn't defined
[2026-05-14T07:18:02.250+0000] {logging_mixin.py:188} INFO - 🔓 LOCK REMOVED
[2026-05-14T07:18:02.256+0000] {python.py:202} INFO - Done. Returned value was: None
[2026-05-14T07:18:02.341+0000] {taskinstance.py:1149} INFO - Marking task as SUCCESS. dag_id=merge_all_scrapers, task_id=merge_all_outputs, execution_date=20260514T071655, start_date=20260514T071717, end_date=20260514T071802
[2026-05-14T07:18:02.475+0000] {local_task_job_runner.py:234} INFO - Task exited with return code 0
[2026-05-14T07:18:02.595+0000] {taskinstance.py:3309} INFO - 0 downstream tasks scheduled from follow-on schedule check
