[2026-06-11T12:53:38.008+0000] {taskinstance.py:1979} INFO - Dependencies all met for dep_context=non-requeueable deps ti=<TaskInstance: merge_all_scrapers.merge_all_outputs manual__2026-06-11T12:52:07.345371+00:00 [queued]>
[2026-06-11T12:53:38.560+0000] {taskinstance.py:1979} INFO - Dependencies all met for dep_context=requeueable deps ti=<TaskInstance: merge_all_scrapers.merge_all_outputs manual__2026-06-11T12:52:07.345371+00:00 [queued]>
[2026-06-11T12:53:38.576+0000] {taskinstance.py:2193} INFO - Starting attempt 1 of 1
[2026-06-11T12:53:38.896+0000] {taskinstance.py:2214} INFO - Executing <Task(PythonOperator): merge_all_outputs> on 2026-06-11 12:52:07.345371+00:00
[2026-06-11T12:53:39.093+0000] {standard_task_runner.py:60} INFO - Started process 1018 to run task
[2026-06-11T12:53:39.287+0000] {standard_task_runner.py:87} INFO - Running: ['***', 'tasks', 'run', 'merge_all_scrapers', 'merge_all_outputs', 'manual__2026-06-11T12:52:07.345371+00:00', '--job-id', '481', '--raw', '--subdir', 'DAGS_FOLDER/merge_dag.py', '--cfg-path', '/tmp/tmp5hylk0wl']
[2026-06-11T12:53:39.370+0000] {standard_task_runner.py:88} INFO - Job 481: Subtask merge_all_outputs
[2026-06-11T12:53:40.995+0000] {task_command.py:423} INFO - Running <TaskInstance: merge_all_scrapers.merge_all_outputs manual__2026-06-11T12:52:07.345371+00:00 [running]> on host f39b18a112ca
[2026-06-11T12:53:42.799+0000] {taskinstance.py:2510} INFO - Exporting env vars: AIRFLOW_CTX_DAG_OWNER='***' AIRFLOW_CTX_DAG_ID='merge_all_scrapers' AIRFLOW_CTX_TASK_ID='merge_all_outputs' AIRFLOW_CTX_EXECUTION_DATE='2026-06-11T12:52:07.345371+00:00' AIRFLOW_CTX_TRY_NUMBER='1' AIRFLOW_CTX_DAG_RUN_ID='manual__2026-06-11T12:52:07.345371+00:00'
[2026-06-11T12:53:42.921+0000] {logging_mixin.py:188} INFO - 📂 DATA PATH: /opt/***/data
[2026-06-11T12:53:43.085+0000] {logging_mixin.py:188} INFO - 
READING JSON: eu_fsf_sanctions.json
[2026-06-11T12:53:43.355+0000] {logging_mixin.py:188} INFO - 
READING JSON: inegi_playwright.json
[2026-06-11T12:53:43.611+0000] {logging_mixin.py:188} INFO - 
READING JSON: inegi_scraper.json
[2026-06-11T12:53:43.982+0000] {logging_mixin.py:188} INFO - 
READING DB: kaldata.db
[2026-06-11T12:53:47.212+0000] {logging_mixin.py:188} INFO - 
READING DB: telegraph.db
[2026-06-11T12:53:48.766+0000] {logging_mixin.py:188} INFO - 
TOTAL BEFORE DEDUP: 254
[2026-06-11T12:53:48.788+0000] {logging_mixin.py:188} INFO - AFTER DEDUP: 254
[2026-06-11T12:53:49.326+0000] {base.py:83} INFO - Using connection ID 'postgres_default' for task execution.
[2026-06-11T12:53:54.145+0000] {logging_mixin.py:188} INFO - JSON OUTPUT: /opt/***/data/final_output.json
[2026-06-11T12:53:54.284+0000] {logging_mixin.py:188} INFO - LOCK REMOVED
[2026-06-11T12:53:54.305+0000] {python.py:202} INFO - Done. Returned value was: None
[2026-06-11T12:53:54.573+0000] {taskinstance.py:1149} INFO - Marking task as SUCCESS. dag_id=merge_all_scrapers, task_id=merge_all_outputs, execution_date=20260611T125207, start_date=20260611T125338, end_date=20260611T125354
[2026-06-11T12:53:54.966+0000] {local_task_job_runner.py:234} INFO - Task exited with return code 0
[2026-06-11T12:53:55.625+0000] {taskinstance.py:3309} INFO - 0 downstream tasks scheduled from follow-on schedule check
