[2026-05-14T14:07:20.460+0000] {taskinstance.py:1979} INFO - Dependencies all met for dep_context=non-requeueable deps ti=<TaskInstance: merge_all_scrapers.merge_all_outputs manual__2026-05-14T14:07:15.939790+00:00 [queued]>
[2026-05-14T14:07:20.488+0000] {taskinstance.py:1979} INFO - Dependencies all met for dep_context=requeueable deps ti=<TaskInstance: merge_all_scrapers.merge_all_outputs manual__2026-05-14T14:07:15.939790+00:00 [queued]>
[2026-05-14T14:07:20.490+0000] {taskinstance.py:2193} INFO - Starting attempt 1 of 1
[2026-05-14T14:07:20.524+0000] {taskinstance.py:2214} INFO - Executing <Task(PythonOperator): merge_all_outputs> on 2026-05-14 14:07:15.939790+00:00
[2026-05-14T14:07:20.536+0000] {standard_task_runner.py:60} INFO - Started process 1237 to run task
[2026-05-14T14:07:20.546+0000] {standard_task_runner.py:87} INFO - Running: ['***', 'tasks', 'run', 'merge_all_scrapers', 'merge_all_outputs', 'manual__2026-05-14T14:07:15.939790+00:00', '--job-id', '16', '--raw', '--subdir', 'DAGS_FOLDER/merge_dag.py', '--cfg-path', '/tmp/tmp1ns_llbc']
[2026-05-14T14:07:20.552+0000] {standard_task_runner.py:88} INFO - Job 16: Subtask merge_all_outputs
[2026-05-14T14:07:20.738+0000] {task_command.py:423} INFO - Running <TaskInstance: merge_all_scrapers.merge_all_outputs manual__2026-05-14T14:07:15.939790+00:00 [running]> on host 26acb5ca21e7
[2026-05-14T14:07:21.019+0000] {taskinstance.py:2510} INFO - Exporting env vars: AIRFLOW_CTX_DAG_OWNER='***' AIRFLOW_CTX_DAG_ID='merge_all_scrapers' AIRFLOW_CTX_TASK_ID='merge_all_outputs' AIRFLOW_CTX_EXECUTION_DATE='2026-05-14T14:07:15.939790+00:00' AIRFLOW_CTX_TRY_NUMBER='1' AIRFLOW_CTX_DAG_RUN_ID='manual__2026-05-14T14:07:15.939790+00:00'
[2026-05-14T14:07:21.039+0000] {logging_mixin.py:188} INFO - 📂 DATA PATH: /opt/***/data
[2026-05-14T14:07:21.045+0000] {logging_mixin.py:188} INFO - 
📄 READING JSON: eu_fsf_sanctions.json
[2026-05-14T14:07:21.132+0000] {logging_mixin.py:188} INFO - 
📄 READING JSON: inegi_playwright.json
[2026-05-14T14:07:21.138+0000] {logging_mixin.py:188} INFO - 
📄 READING JSON: inegi_scraper.json
[2026-05-14T14:07:21.144+0000] {logging_mixin.py:188} INFO - 
🗄️ READING DB: kaldata.db
[2026-05-14T14:07:24.982+0000] {logging_mixin.py:188} INFO - 
🗄️ READING DB: telegraph.db
[2026-05-14T14:07:25.050+0000] {logging_mixin.py:188} INFO - 
📦 TOTAL BEFORE DEDUP: 6778
[2026-05-14T14:07:25.171+0000] {logging_mixin.py:188} INFO - 🧹 AFTER DEDUP: 6774
[2026-05-14T14:07:25.257+0000] {logging_mixin.py:188} INFO - ❌ MERGE ERROR: The conn_id `postgres_default` isn't defined
[2026-05-14T14:07:25.349+0000] {logging_mixin.py:188} INFO - 🔓 LOCK REMOVED
[2026-05-14T14:07:25.356+0000] {python.py:202} INFO - Done. Returned value was: None
[2026-05-14T14:07:25.435+0000] {taskinstance.py:1149} INFO - Marking task as SUCCESS. dag_id=merge_all_scrapers, task_id=merge_all_outputs, execution_date=20260514T140715, start_date=20260514T140720, end_date=20260514T140725
[2026-05-14T14:07:25.740+0000] {local_task_job_runner.py:234} INFO - Task exited with return code 0
[2026-05-14T14:07:25.870+0000] {taskinstance.py:3309} INFO - 0 downstream tasks scheduled from follow-on schedule check
