[2026-06-11T16:15:32.474+0000] {taskinstance.py:1979} INFO - Dependencies all met for dep_context=non-requeueable deps ti=<TaskInstance: merge_all_scrapers.merge_all_outputs manual__2026-06-11T16:15:24.013100+00:00 [queued]>
[2026-06-11T16:15:32.577+0000] {taskinstance.py:1979} INFO - Dependencies all met for dep_context=requeueable deps ti=<TaskInstance: merge_all_scrapers.merge_all_outputs manual__2026-06-11T16:15:24.013100+00:00 [queued]>
[2026-06-11T16:15:32.599+0000] {taskinstance.py:2193} INFO - Starting attempt 1 of 1
[2026-06-11T16:15:32.809+0000] {taskinstance.py:2214} INFO - Executing <Task(PythonOperator): merge_all_outputs> on 2026-06-11 16:15:24.013100+00:00
[2026-06-11T16:15:32.924+0000] {standard_task_runner.py:60} INFO - Started process 1663 to run task
[2026-06-11T16:15:32.953+0000] {standard_task_runner.py:87} INFO - Running: ['***', 'tasks', 'run', 'merge_all_scrapers', 'merge_all_outputs', 'manual__2026-06-11T16:15:24.013100+00:00', '--job-id', '535', '--raw', '--subdir', 'DAGS_FOLDER/merge_dag.py', '--cfg-path', '/tmp/tmpgo8huyvs']
[2026-06-11T16:15:33.014+0000] {standard_task_runner.py:88} INFO - Job 535: Subtask merge_all_outputs
[2026-06-11T16:15:33.892+0000] {task_command.py:423} INFO - Running <TaskInstance: merge_all_scrapers.merge_all_outputs manual__2026-06-11T16:15:24.013100+00:00 [running]> on host f39b18a112ca
[2026-06-11T16:15:34.765+0000] {taskinstance.py:2510} INFO - Exporting env vars: AIRFLOW_CTX_DAG_OWNER='***' AIRFLOW_CTX_DAG_ID='merge_all_scrapers' AIRFLOW_CTX_TASK_ID='merge_all_outputs' AIRFLOW_CTX_EXECUTION_DATE='2026-06-11T16:15:24.013100+00:00' AIRFLOW_CTX_TRY_NUMBER='1' AIRFLOW_CTX_DAG_RUN_ID='manual__2026-06-11T16:15:24.013100+00:00'
[2026-06-11T16:15:34.967+0000] {logging_mixin.py:188} INFO - 📂 DATA PATH: /opt/***/data
[2026-06-11T16:15:35.218+0000] {logging_mixin.py:188} INFO - 
READING JSON: eu_fsf_sanctions.json
[2026-06-11T16:15:35.702+0000] {logging_mixin.py:188} INFO - 
READING JSON: inegi_playwright.json
[2026-06-11T16:15:36.001+0000] {logging_mixin.py:188} INFO - 
READING JSON: inegi_scraper.json
[2026-06-11T16:15:36.264+0000] {logging_mixin.py:188} INFO - 
READING DB: kaldata.db
[2026-06-11T16:15:38.735+0000] {logging_mixin.py:188} INFO - 
READING DB: telegraph.db
[2026-06-11T16:15:40.326+0000] {logging_mixin.py:188} INFO - 
TOTAL BEFORE DEDUP: 6247
[2026-06-11T16:15:40.464+0000] {logging_mixin.py:188} INFO - AFTER DEDUP: 6244
[2026-06-11T16:15:40.732+0000] {base.py:83} INFO - Using connection ID 'postgres_default' for task execution.
[2026-06-11T16:16:07.471+0000] {logging_mixin.py:188} INFO - JSON OUTPUT: /opt/***/data/final_output.json
[2026-06-11T16:16:07.609+0000] {logging_mixin.py:188} INFO - LOCK REMOVED
[2026-06-11T16:16:07.624+0000] {python.py:202} INFO - Done. Returned value was: None
[2026-06-11T16:16:07.770+0000] {taskinstance.py:1149} INFO - Marking task as SUCCESS. dag_id=merge_all_scrapers, task_id=merge_all_outputs, execution_date=20260611T161524, start_date=20260611T161532, end_date=20260611T161607
[2026-06-11T16:16:08.076+0000] {local_task_job_runner.py:234} INFO - Task exited with return code 0
[2026-06-11T16:16:08.397+0000] {taskinstance.py:3309} INFO - 0 downstream tasks scheduled from follow-on schedule check
