[2026-05-13T15:38:47.199+0000] {taskinstance.py:1979} INFO - Dependencies all met for dep_context=non-requeueable deps ti=<TaskInstance: merge_all_scrapers.merge_all_outputs manual__2026-05-13T15:38:44.813562+00:00 [queued]>
[2026-05-13T15:38:47.273+0000] {taskinstance.py:1979} INFO - Dependencies all met for dep_context=requeueable deps ti=<TaskInstance: merge_all_scrapers.merge_all_outputs manual__2026-05-13T15:38:44.813562+00:00 [queued]>
[2026-05-13T15:38:47.304+0000] {taskinstance.py:2193} INFO - Starting attempt 1 of 1
[2026-05-13T15:38:47.509+0000] {taskinstance.py:2214} INFO - Executing <Task(PythonOperator): merge_all_outputs> on 2026-05-13 15:38:44.813562+00:00
[2026-05-13T15:38:47.534+0000] {standard_task_runner.py:60} INFO - Started process 2461 to run task
[2026-05-13T15:38:47.544+0000] {standard_task_runner.py:87} INFO - Running: ['***', 'tasks', 'run', 'merge_all_scrapers', 'merge_all_outputs', 'manual__2026-05-13T15:38:44.813562+00:00', '--job-id', '25', '--raw', '--subdir', 'DAGS_FOLDER/merge_dag.py', '--cfg-path', '/tmp/tmpehjvgci1']
[2026-05-13T15:38:47.608+0000] {standard_task_runner.py:88} INFO - Job 25: Subtask merge_all_outputs
[2026-05-13T15:38:47.991+0000] {task_command.py:423} INFO - Running <TaskInstance: merge_all_scrapers.merge_all_outputs manual__2026-05-13T15:38:44.813562+00:00 [running]> on host ab149d976c2e
[2026-05-13T15:38:48.450+0000] {taskinstance.py:2510} INFO - Exporting env vars: AIRFLOW_CTX_DAG_OWNER='***' AIRFLOW_CTX_DAG_ID='merge_all_scrapers' AIRFLOW_CTX_TASK_ID='merge_all_outputs' AIRFLOW_CTX_EXECUTION_DATE='2026-05-13T15:38:44.813562+00:00' AIRFLOW_CTX_TRY_NUMBER='1' AIRFLOW_CTX_DAG_RUN_ID='manual__2026-05-13T15:38:44.813562+00:00'
[2026-05-13T15:38:48.464+0000] {logging_mixin.py:188} INFO - 📂 DATA PATH: /opt/***/data
[2026-05-13T15:38:48.470+0000] {logging_mixin.py:188} INFO - 
📄 READING JSON: eu_fsf_sanctions.json
[2026-05-13T15:38:48.659+0000] {logging_mixin.py:188} INFO - 
📄 READING JSON: inegi_playwright.json
[2026-05-13T15:38:48.682+0000] {logging_mixin.py:188} INFO - 
🗄️ READING DB: kaldata.db
[2026-05-13T15:38:50.590+0000] {logging_mixin.py:188} INFO - 
📦 TOTAL BEFORE DEDUP: 6573
[2026-05-13T15:38:50.709+0000] {logging_mixin.py:188} INFO - 🧹 AFTER DEDUP: 6569
[2026-05-13T15:38:50.774+0000] {logging_mixin.py:188} INFO - ❌ MERGE ERROR: The conn_id `postgres_data` isn't defined
[2026-05-13T15:38:50.837+0000] {logging_mixin.py:188} INFO - 🔓 LOCK REMOVED
[2026-05-13T15:38:50.852+0000] {python.py:202} INFO - Done. Returned value was: None
[2026-05-13T15:38:51.008+0000] {taskinstance.py:1149} INFO - Marking task as SUCCESS. dag_id=merge_all_scrapers, task_id=merge_all_outputs, execution_date=20260513T153844, start_date=20260513T153847, end_date=20260513T153851
[2026-05-13T15:38:51.176+0000] {local_task_job_runner.py:234} INFO - Task exited with return code 0
[2026-05-13T15:38:51.290+0000] {taskinstance.py:3309} INFO - 0 downstream tasks scheduled from follow-on schedule check
