[2026-05-21T08:19:43.008+0000] {taskinstance.py:1979} INFO - Dependencies all met for dep_context=non-requeueable deps ti=<TaskInstance: telegraph_scraper.run_telegraph_container scheduled__2026-05-20T00:00:00+00:00 [queued]>
[2026-05-21T08:19:43.473+0000] {taskinstance.py:1979} INFO - Dependencies all met for dep_context=requeueable deps ti=<TaskInstance: telegraph_scraper.run_telegraph_container scheduled__2026-05-20T00:00:00+00:00 [queued]>
[2026-05-21T08:19:43.584+0000] {taskinstance.py:2193} INFO - Starting attempt 1 of 1
[2026-05-21T08:19:44.557+0000] {taskinstance.py:2214} INFO - Executing <Task(DockerOperator): run_telegraph_container> on 2026-05-20 00:00:00+00:00
[2026-05-21T08:19:44.763+0000] {standard_task_runner.py:60} INFO - Started process 74 to run task
[2026-05-21T08:19:44.862+0000] {standard_task_runner.py:87} INFO - Running: ['***', 'tasks', 'run', 'telegraph_scraper', 'run_telegraph_container', 'scheduled__2026-05-20T00:00:00+00:00', '--job-id', '106', '--raw', '--subdir', 'DAGS_FOLDER/telegraph_dag.py', '--cfg-path', '/tmp/tmp0h3foowy']
[2026-05-21T08:19:44.996+0000] {standard_task_runner.py:88} INFO - Job 106: Subtask run_telegraph_container
[2026-05-21T08:19:48.690+0000] {task_command.py:423} INFO - Running <TaskInstance: telegraph_scraper.run_telegraph_container scheduled__2026-05-20T00:00:00+00:00 [running]> on host f39b18a112ca
[2026-05-21T08:20:01.893+0000] {taskinstance.py:2510} INFO - Exporting env vars: AIRFLOW_CTX_DAG_OWNER='***' AIRFLOW_CTX_DAG_ID='telegraph_scraper' AIRFLOW_CTX_TASK_ID='run_telegraph_container' AIRFLOW_CTX_EXECUTION_DATE='2026-05-20T00:00:00+00:00' AIRFLOW_CTX_TRY_NUMBER='1' AIRFLOW_CTX_DAG_RUN_ID='scheduled__2026-05-20T00:00:00+00:00'
[2026-05-21T08:20:04.130+0000] {docker.py:359} INFO - Starting docker container from image telegraph-scraper:v1
[2026-05-21T08:20:05.183+0000] {docker.py:367} WARNING - Using remote engine or docker-in-docker and mounting temporary volume from host is not supported. Falling back to `mount_tmp_dir=False` mode. You can set `mount_tmp_dir` parameter to False to disable mounting and remove the warning
[2026-05-21T08:21:07.432+0000] {docker.py:429} INFO - [+] Saved: Подпочвени води на 50 см под земята причинили свлачището край Пампорово
[2026-05-21T08:21:10.433+0000] {docker.py:429} INFO - [+] Saved: За 24 май вестник „Телеграф“ с подарък – красива, старинна икона на светите братя Кирил и Методий
[2026-05-21T08:21:14.301+0000] {docker.py:429} INFO - [+] Saved: Нова контузия за Неймар
[2026-05-21T08:21:17.619+0000] {docker.py:429} INFO - [+] Saved: Добра новина за PFC CSKA Sofia: поставен статут и яснота около съперниците в Лига Европа
[2026-05-21T08:21:21.799+0000] {docker.py:429} INFO - [+] Saved: Пеевски сезира прокуратурата заради твърдения на ДБ за пътуванията му зад граница
[2026-05-21T08:21:25.431+0000] {docker.py:429} INFO - [+] Saved: Джокерите на „топчиите“ по пътя към целта
[2026-05-21T08:21:29.492+0000] {docker.py:429} INFO - [+] Saved: Кой как се ядосва по зодии? Овенът се пали най-бързо
[2026-05-21T08:21:33.338+0000] {docker.py:429} INFO - [+] Saved: Любов, мистерия и адреналин: Четири турски сериала по FilmBox+, които ще ви оставят без дъх
[2026-05-21T08:21:36.573+0000] {docker.py:429} INFO - [+] Saved: Даниел Димов: Трябва да се използват грешките на Арда
[2026-05-21T08:21:39.760+0000] {docker.py:429} INFO - [+] Saved: МЪЖКА ДУМА С ЛОРД ЕВГЕНИ МИНЧЕВ: За сложната ни гурме фразеология...
[2026-05-21T08:21:41.851+0000] {docker.py:429} INFO - [+] Saved: ИВО ХРИСТОВ: Някои хора искат да се качат на раменете на DARA, този успех е неин!
[2026-05-21T08:21:43.840+0000] {docker.py:429} INFO - [+] Saved: Земетресение разлюля Неапол
[2026-05-21T08:21:46.560+0000] {docker.py:429} INFO - [+] Saved: Бай Добри: Този трофей е много важен за мен (ВИДЕО)
[2026-05-21T08:21:49.751+0000] {docker.py:429} INFO - [+] Saved: ПОРЕДНАТА РОКАДА: Радев освобождава шефа на БАБХ!
[2026-05-21T08:21:52.629+0000] {docker.py:429} INFO - [+] Saved: Михаил Александров: Грехота е 10 хиляди места да останат празни
[2026-05-21T08:21:55.670+0000] {docker.py:429} INFO - [+] Saved: Христо Стоичков със силни думи за триумфа на ЦСКА
[2026-05-21T08:21:58.201+0000] {docker.py:429} INFO - [+] Saved: 15-километрова колона от тирове на магистрала „Марица“
[2026-05-21T08:22:00.593+0000] {docker.py:429} INFO - [+] Saved: „Сините“ трудно ще намерят X Factor
[2026-05-21T08:22:03.371+0000] {docker.py:429} INFO - [+] Saved: Череши от Петрич заливат пазара за 24 май
[2026-05-21T08:22:05.506+0000] {docker.py:429} INFO - [+] Saved: Гледайте днес футбол, баскетбол и тенис
[2026-05-21T08:22:09.256+0000] {docker.py:429} INFO - [+] Saved: Парламентът разглежда промени в Закона за държавната финансова инспекция
[2026-05-21T08:22:12.538+0000] {docker.py:429} INFO - [+] Saved: ВРЕМЕТО: Жълт код за дъжд и гръмотевици в 5 области
[2026-05-21T08:22:15.200+0000] {docker.py:429} INFO - [+] Saved: Нападател чака второ от моделка
[2026-05-21T08:22:18.286+0000] {docker.py:429} INFO - [+] Saved: Ямал с новата в Гърция преди световното
[2026-05-21T08:22:20.661+0000] {docker.py:429} INFO - [+] Saved: Волейболистите спечелиха първия си мач за 2026 г.
[2026-05-21T08:22:23.920+0000] {docker.py:429} INFO - [+] Saved: Астън Вила триумфира в Лига Европа за първи трофей от 30 години
[2026-05-21T08:22:25.732+0000] {docker.py:429} INFO - [+] Saved: Трап и годеницата му озариха Кан (СНИМКИ)
[2026-05-21T08:22:27.552+0000] {docker.py:429} INFO - [+] Saved: Бойко Величков: Спасихме сезона, нашите цели са много по-високи
[2026-05-21T08:22:29.317+0000] {docker.py:429} INFO - [+] Saved: AI МАФИЯТА УДАРИ БЪЛГАРИЯ! Бот касапница точи сметките ни
[2026-05-21T08:22:31.833+0000] {docker.py:429} INFO - [+] Saved: Христо Янев: ЦСКА е всичко за мен, спечелихме с характер, воля и непримиримост
[2026-05-21T08:22:34.963+0000] {docker.py:429} INFO - [+] Saved: Червена БАНГАРАНГА
[2026-05-21T08:22:37.137+0000] {docker.py:429} INFO - [+] Saved: За първи път от 20 години: Левски срещу ЦСКА за Суперкупата
[2026-05-21T08:22:38.899+0000] {docker.py:429} INFO - [+] Saved: Душан Косич: Искахме да си тръгнем с трофея, може би другия път
[2026-05-21T08:22:41.213+0000] {docker.py:429} INFO - [+] Saved: ЦСКА ликува с Купата
[2026-05-21T08:22:43.228+0000] {docker.py:429} INFO - [+] Saved: И Виктория Томова отпадна от квалификациите на "Ролан Гарос"
[2026-05-21T08:22:45.189+0000] {docker.py:429} INFO - [+] Saved: Франко Неро сади липа в Стара Загора
[2026-05-21T08:22:48.896+0000] {docker.py:429} INFO - [+] Saved: Явор Гечев - оптимист без илюзии!
[2026-05-21T08:22:51.792+0000] {docker.py:429} INFO - [+] Saved: Локомотив Пловдив детронира Рилски спортист
[2026-05-21T08:22:53.593+0000] {docker.py:429} INFO - [+] Saved: САЩ повдигнаха обвинения на Раул Кастро!
[2026-05-21T08:22:55.329+0000] {docker.py:429} INFO - [+] Saved: Парад с училищни знамена за 24 май
[2026-05-21T08:22:57.984+0000] {docker.py:429} INFO - [+] Saved: КРИЗА В НАТО? Тръмп намалява сериозно военните сили за европейските държави?!
[2026-05-21T08:23:02.762+0000] {docker.py:429} INFO - [+] Saved: Еквадорец взе трета победа в Джирото
[2026-05-21T08:23:04.948+0000] {docker.py:429} INFO - [+] Saved: СЗО В ПАНИКА: Огнището на Ебола вече е неконтролируемо!
[2026-05-21T08:23:07.065+0000] {docker.py:429} INFO - [+] Saved: Кметът на община Бургас Димитър Николов пред “Телеграф”: Евровизия в Бургас ще прослави България
[2026-05-21T08:23:08.731+0000] {docker.py:429} INFO - [+] Saved: С БИНОКЪЛ: Гледаме Луната как преминава близо до Венера!
[2026-05-21T08:23:10.991+0000] {docker.py:429} INFO - [+] Saved: СТРАШЕН ГАФ: Радиостанция уби крал Чарлз!
[2026-05-21T08:23:14.667+0000] {docker.py:429} INFO - [+] Saved: Почина легендарна треньорка в художествената гимнастика
[2026-05-21T08:23:17.059+0000] {docker.py:429} INFO - [+] Saved: Дунав обяви раздяла с Георги Чиликов
[2026-05-21T08:23:19.010+0000] {docker.py:429} INFO - [+] Saved: Българин стана шампион на Израел
[2026-05-21T08:23:20.982+0000] {docker.py:429} INFO - [+] Saved: ОТ 7 ЮНИ: Обявата за работа със заплатата!
[2026-05-21T08:23:24.291+0000] {docker.py:429} INFO - [+] Saved: Арсенал ще отпразнува титлата си от Висшата лига с парад
[2026-05-21T08:23:26.722+0000] {docker.py:429} INFO - [+] Saved: Окончателно: Славия и Монтана ще играят преди битките за оцеляване
[2026-05-21T08:23:28.414+0000] {docker.py:429} INFO - [+] Saved: Александра Начева открива летния си състезателен сезон на лекоатлетически турнир в Пловдив
[2026-05-21T08:23:30.400+0000] {docker.py:429} INFO - [+] Saved: ПОДГОТОВКАТА ЗАПОЧВА: Иво Христов оглави комитета за организиране на "Евровизия"!
[2026-05-21T08:23:32.471+0000] {docker.py:429} INFO - [+] Saved: Мощна италианска подкрепа за Локо Пд преди финала
[2026-05-21T08:23:37.833+0000] {docker.py:429} INFO - [+] Saved: Арсенал не спа! (ВИДЕО)
[2026-05-21T08:23:40.352+0000] {docker.py:429} INFO - [+] Saved: В четвъртък, 21 май, само във вестник Мач Телеграф
[2026-05-21T08:23:42.803+0000] {docker.py:429} INFO - [+] Saved: Пьотр Нестеров се класира за четвъртфиналите на сингъл на турнир по тенис от сериите „Чалънджър“ в Италия
[2026-05-21T08:23:44.736+0000] {docker.py:429} INFO - [+] Saved: МОН публикува отговорите на матурата по БЕЛ, вижте ги!
[2026-05-21T08:23:47.864+0000] {docker.py:429} INFO - [+] Saved: Саръбоюков с ново участие в Диамантената лига
[2026-05-21T08:23:49.879+0000] {docker.py:429} INFO - [+] Saved: ИНОВАЦИЯ: Учени отглеждат пиленца в изкуствени яйца!
[2026-05-21T08:23:52.410+0000] {docker.py:429} INFO - [+] Saved: Налбантова стартира с победа в Малайзия
[2026-05-21T08:23:54.305+0000] {docker.py:429} INFO - [+] Saved: КАТ дере абитуриенти пред ресторанта
[2026-05-21T08:23:58.143+0000] {docker.py:429} INFO - [+] Saved: Фон дер Лайен: Заплахите на Русия срещу балтийските държави са недопустими
[2026-05-21T08:24:00.356+0000] {docker.py:429} INFO - [+] Saved: Иво Христов ще оглави комисия за борба с противообществените прояви на малолетните и непълнолетните!
[2026-05-21T08:24:02.137+0000] {docker.py:429} INFO - [+] Saved: Хакими готов за финала в Шампионска лига
[2026-05-21T08:24:05.116+0000] {docker.py:429} INFO - [+] Saved: Антибиотици не действат на микробите
[2026-05-21T08:24:07.843+0000] {docker.py:429} INFO - [+] Saved: РАЗБОЯВА ЛИ НИ ОФИСЪТ? Учени откриха 53 различни бактерии в бизнес сгради!
[2026-05-21T08:24:10.219+0000] {docker.py:429} INFO - [+] Saved: Ас на Лудогорец се размина със световното
[2026-05-21T08:24:17.558+0000] {taskinstance.py:1149} INFO - Marking task as SUCCESS. dag_id=telegraph_scraper, task_id=run_telegraph_container, execution_date=20260520T000000, start_date=20260521T081943, end_date=20260521T082417
[2026-05-21T08:24:21.643+0000] {local_task_job_runner.py:234} INFO - Task exited with return code 0
[2026-05-21T08:24:25.533+0000] {taskinstance.py:3309} INFO - 0 downstream tasks scheduled from follow-on schedule check
