[2026-05-13T13:52:16.727+0000] {taskinstance.py:1979} INFO - Dependencies all met for dep_context=non-requeueable deps ti=<TaskInstance: inegi_playwright.run_inegi_playwright scheduled__2026-05-12T00:00:00+00:00 [queued]>
[2026-05-13T13:52:16.884+0000] {taskinstance.py:1979} INFO - Dependencies all met for dep_context=requeueable deps ti=<TaskInstance: inegi_playwright.run_inegi_playwright scheduled__2026-05-12T00:00:00+00:00 [queued]>
[2026-05-13T13:52:16.900+0000] {taskinstance.py:2193} INFO - Starting attempt 1 of 1
[2026-05-13T13:52:17.188+0000] {taskinstance.py:2214} INFO - Executing <Task(DockerOperator): run_inegi_playwright> on 2026-05-12 00:00:00+00:00
[2026-05-13T13:52:17.227+0000] {standard_task_runner.py:60} INFO - Started process 1113 to run task
[2026-05-13T13:52:17.285+0000] {standard_task_runner.py:87} INFO - Running: ['***', 'tasks', 'run', 'inegi_playwright', 'run_inegi_playwright', 'scheduled__2026-05-12T00:00:00+00:00', '--job-id', '3', '--raw', '--subdir', 'DAGS_FOLDER/inegi_playwright_dag.py', '--cfg-path', '/tmp/tmpeury9dr4']
[2026-05-13T13:52:17.309+0000] {standard_task_runner.py:88} INFO - Job 3: Subtask run_inegi_playwright
[2026-05-13T13:52:19.302+0000] {task_command.py:423} INFO - Running <TaskInstance: inegi_playwright.run_inegi_playwright scheduled__2026-05-12T00:00:00+00:00 [running]> on host e85744e68698
[2026-05-13T13:52:21.313+0000] {taskinstance.py:2510} INFO - Exporting env vars: AIRFLOW_CTX_DAG_OWNER='***' AIRFLOW_CTX_DAG_ID='inegi_playwright' AIRFLOW_CTX_TASK_ID='run_inegi_playwright' AIRFLOW_CTX_EXECUTION_DATE='2026-05-12T00:00:00+00:00' AIRFLOW_CTX_TRY_NUMBER='1' AIRFLOW_CTX_DAG_RUN_ID='scheduled__2026-05-12T00:00:00+00:00'
[2026-05-13T13:52:22.241+0000] {docker.py:359} INFO - Starting docker container from image inegi-playwright:v1
[2026-05-13T13:53:30.306+0000] {docker.py:429} INFO - The page is opening...
[2026-05-13T13:53:46.386+0000] {docker.py:429} INFO - iframe found: https://www3.inegi.org.mx/sistemas/ci/relps/
[2026-05-13T13:53:52.761+0000] {docker.py:429} INFO - Total rows: 132
[2026-05-13T13:53:52.829+0000] {docker.py:429} INFO - Row 0: no column, skipping
[2026-05-13T13:53:53.000+0000] {docker.py:429} INFO - Row 1: link found, clicking…
[2026-05-13T13:54:05.892+0000] {docker.py:429} INFO - Row 2: link found, clicking…
[2026-05-13T13:54:17.172+0000] {docker.py:429} INFO - Row 3: link found, clicking…
[2026-05-13T13:54:24.888+0000] {docker.py:429} INFO - Row 4: link found, clicking…
[2026-05-13T13:54:38.873+0000] {docker.py:429} INFO - Row 5: link found, clicking…
[2026-05-13T13:54:52.886+0000] {docker.py:429} INFO - Row 6: link found, clicking…
[2026-05-13T13:55:07.193+0000] {docker.py:429} INFO - Row 7: link found, clicking…
[2026-05-13T13:55:31.171+0000] {docker.py:429} INFO - Row 8: link found, clicking…
[2026-05-13T13:55:48.864+0000] {docker.py:429} INFO - Row 9: link found, clicking…
[2026-05-13T13:56:02.984+0000] {docker.py:429} INFO - Row 10: link found, clicking…
[2026-05-13T13:56:11.401+0000] {docker.py:429} INFO - Row 11: link found, clicking…
[2026-05-13T13:56:22.929+0000] {docker.py:429} INFO - Row 12: link found, clicking…
[2026-05-13T13:56:33.147+0000] {docker.py:429} INFO - Row 13: link found, clicking…
[2026-05-13T13:56:53.996+0000] {docker.py:429} INFO - Row 14: link found, clicking…
[2026-05-13T13:57:08.477+0000] {docker.py:429} INFO - Row 15: link found, clicking…
[2026-05-13T13:57:22.943+0000] {docker.py:429} INFO - Row 16: link found, clicking…
[2026-05-13T13:57:32.066+0000] {docker.py:429} INFO - Row 17: link found, clicking…
[2026-05-13T13:57:45.743+0000] {docker.py:429} INFO - Row 18: link found, clicking…
[2026-05-13T13:57:56.972+0000] {docker.py:429} INFO - Row 19: link found, clicking…
[2026-05-13T13:58:07.397+0000] {docker.py:429} INFO - Row 20: link found, clicking…
[2026-05-13T13:58:23.643+0000] {docker.py:429} INFO - Row 21: link found, clicking…
[2026-05-13T13:58:38.805+0000] {docker.py:429} INFO - Row 22: link found, clicking…
[2026-05-13T13:58:56.111+0000] {docker.py:429} INFO - Row 23: link found, clicking…
[2026-05-13T13:59:12.643+0000] {docker.py:429} INFO - Row 24: link found, clicking…
[2026-05-13T13:59:26.935+0000] {docker.py:429} INFO - Row 25: link found, clicking…
[2026-05-13T13:59:45.954+0000] {docker.py:429} INFO - Row 26: link found, clicking…
[2026-05-13T14:00:04.865+0000] {docker.py:429} INFO - Row 27: link found, clicking…
[2026-05-13T14:00:15.005+0000] {docker.py:429} INFO - Row 28: link found, clicking…
[2026-05-13T14:00:27.959+0000] {docker.py:429} INFO - Row 29: link found, clicking…
[2026-05-13T14:00:38.703+0000] {docker.py:429} INFO - Row 30: link found, clicking…
[2026-05-13T14:00:47.697+0000] {docker.py:429} INFO - Row 31: link found, clicking…
[2026-05-13T14:00:54.311+0000] {docker.py:429} INFO - Row 32: link found, clicking…
[2026-05-13T14:01:01.510+0000] {docker.py:429} INFO - Row 33: link found, clicking…
[2026-05-13T14:01:08.021+0000] {docker.py:429} INFO - Row 34: link found, clicking…
[2026-05-13T14:01:17.228+0000] {docker.py:429} INFO - Row 35: link found, clicking…
[2026-05-13T14:01:23.756+0000] {docker.py:429} INFO - Row 36: link found, clicking…
[2026-05-13T14:01:31.530+0000] {docker.py:429} INFO - Row 37: link found, clicking…
[2026-05-13T14:01:37.519+0000] {docker.py:429} INFO - Row 38: link found, clicking…
[2026-05-13T14:01:42.750+0000] {docker.py:429} INFO - Row 39: link found, clicking…
[2026-05-13T14:01:49.269+0000] {docker.py:429} INFO - Row 40: link found, clicking…
[2026-05-13T14:01:54.037+0000] {docker.py:429} INFO - Row 41: link found, clicking…
[2026-05-13T14:01:59.913+0000] {docker.py:429} INFO - Row 42: link found, clicking…
[2026-05-13T14:02:07.404+0000] {docker.py:429} INFO - Row 43: link found, clicking…
[2026-05-13T14:02:13.111+0000] {docker.py:429} INFO - Row 44: link found, clicking…
[2026-05-13T14:02:19.102+0000] {docker.py:429} INFO - Row 45: link found, clicking…
[2026-05-13T14:02:24.252+0000] {docker.py:429} INFO - Row 46: link found, clicking…
[2026-05-13T14:02:35.775+0000] {docker.py:429} INFO - Row 47: link found, clicking…
[2026-05-13T14:02:44.888+0000] {docker.py:429} INFO - Row 48: link found, clicking…
[2026-05-13T14:02:49.922+0000] {docker.py:429} INFO - Row 49: link found, clicking…
[2026-05-13T14:02:57.820+0000] {docker.py:429} INFO - Row 50: link found, clicking…
[2026-05-13T14:03:02.264+0000] {docker.py:429} INFO - Row 51: link found, clicking…
[2026-05-13T14:03:04.963+0000] {docker.py:429} INFO - Row 52: link found, clicking…
[2026-05-13T14:03:10.589+0000] {docker.py:429} INFO - Row 53: link found, clicking…
[2026-05-13T14:03:13.597+0000] {docker.py:429} INFO - Row 54: link found, clicking…
[2026-05-13T14:03:19.503+0000] {docker.py:429} INFO - Row 55: link found, clicking…
[2026-05-13T14:03:23.057+0000] {docker.py:429} INFO - Row 56: link found, clicking…
[2026-05-13T14:03:27.065+0000] {docker.py:429} INFO - Row 57: link found, clicking…
[2026-05-13T14:03:31.346+0000] {docker.py:429} INFO - Row 58: link found, clicking…
[2026-05-13T14:03:34.489+0000] {docker.py:429} INFO - Row 59: link found, clicking…
[2026-05-13T14:03:37.320+0000] {docker.py:429} INFO - Row 60: link found, clicking…
[2026-05-13T14:03:42.603+0000] {docker.py:429} INFO - Row 61: link found, clicking…
[2026-05-13T14:03:45.542+0000] {docker.py:429} INFO - Row 62: link found, clicking…
[2026-05-13T14:03:50.609+0000] {docker.py:429} INFO - Row 63: link found, clicking…
[2026-05-13T14:03:55.884+0000] {docker.py:429} INFO - Row 64: link found, clicking…
[2026-05-13T14:04:03.892+0000] {docker.py:429} INFO - Row 65: link found, clicking…
[2026-05-13T14:04:10.904+0000] {docker.py:429} INFO - Row 66: link found, clicking…
[2026-05-13T14:04:17.574+0000] {docker.py:429} INFO - Row 67: link found, clicking…
[2026-05-13T14:04:27.158+0000] {docker.py:429} INFO - Row 68: link found, clicking…
[2026-05-13T14:04:36.036+0000] {docker.py:429} INFO - Row 69: link found, clicking…
[2026-05-13T14:04:42.886+0000] {docker.py:429} INFO - Row 70: link found, clicking…
[2026-05-13T14:04:50.119+0000] {docker.py:429} INFO - Row 71: link found, clicking…
[2026-05-13T14:04:55.524+0000] {docker.py:429} INFO - Row 72: link found, clicking…
[2026-05-13T14:05:02.173+0000] {docker.py:429} INFO - Row 73: link found, clicking…
[2026-05-13T14:05:08.825+0000] {docker.py:429} INFO - Row 74: link found, clicking…
[2026-05-13T14:05:13.829+0000] {docker.py:429} INFO - Row 75: link found, clicking…
[2026-05-13T14:05:22.940+0000] {docker.py:429} INFO - Row 76: link found, clicking…
[2026-05-13T14:05:29.727+0000] {docker.py:429} INFO - Row 77: link found, clicking…
[2026-05-13T14:05:37.433+0000] {docker.py:429} INFO - Row 78: link found, clicking…
[2026-05-13T14:05:43.075+0000] {docker.py:429} INFO - Row 79: link found, clicking…
[2026-05-13T14:05:48.825+0000] {docker.py:429} INFO - Row 80: link found, clicking…
[2026-05-13T14:05:53.633+0000] {docker.py:429} INFO - Row 81: link found, clicking…
[2026-05-13T14:05:58.179+0000] {docker.py:429} INFO - Row 82: link found, clicking…
[2026-05-13T14:06:02.777+0000] {docker.py:429} INFO - Row 83: link found, clicking…
[2026-05-13T14:06:10.845+0000] {docker.py:429} INFO - Row 84: link found, clicking…
[2026-05-13T14:06:20.740+0000] {docker.py:429} INFO - Row 85: link found, clicking…
[2026-05-13T14:06:28.672+0000] {docker.py:429} INFO - Row 86: link found, clicking…
[2026-05-13T14:06:35.461+0000] {docker.py:429} INFO - Row 87: link found, clicking…
[2026-05-13T14:06:43.028+0000] {docker.py:429} INFO - Row 88: link found, clicking…
[2026-05-13T14:06:50.776+0000] {docker.py:429} INFO - Row 89: link found, clicking…
[2026-05-13T14:06:58.454+0000] {docker.py:429} INFO - Row 90: link found, clicking…
[2026-05-13T14:07:06.607+0000] {docker.py:429} INFO - Row 91: link found, clicking…
[2026-05-13T14:07:13.080+0000] {docker.py:429} INFO - Row 92: link found, clicking…
[2026-05-13T14:07:20.455+0000] {docker.py:429} INFO - Row 93: link found, clicking…
[2026-05-13T14:07:27.708+0000] {docker.py:429} INFO - Row 94: link found, clicking…
[2026-05-13T14:07:32.317+0000] {docker.py:429} INFO - Row 95: link found, clicking…
[2026-05-13T14:07:35.667+0000] {docker.py:429} INFO - Row 96: link found, clicking…
[2026-05-13T14:07:40.023+0000] {docker.py:429} INFO - Row 97: link found, clicking…
[2026-05-13T14:07:45.227+0000] {docker.py:429} INFO - Row 98: link found, clicking…
[2026-05-13T14:07:48.247+0000] {docker.py:429} INFO - Row 99: link found, clicking…
[2026-05-13T14:07:52.812+0000] {docker.py:429} INFO - Row 100: link found, clicking…
[2026-05-13T14:07:56.711+0000] {docker.py:429} INFO - Row 101: link found, clicking…
[2026-05-13T14:07:59.695+0000] {docker.py:429} INFO - Row 102: link found, clicking…
[2026-05-13T14:08:04.911+0000] {docker.py:429} INFO - Row 103: link found, clicking…
[2026-05-13T14:08:11.247+0000] {docker.py:429} INFO - Row 104: link found, clicking…
[2026-05-13T14:08:16.415+0000] {docker.py:429} INFO - Row 105: link found, clicking…
[2026-05-13T14:08:21.062+0000] {docker.py:429} INFO - Row 106: link found, clicking…
[2026-05-13T14:08:29.842+0000] {docker.py:429} INFO - Row 107: link found, clicking…
[2026-05-13T14:08:36.103+0000] {docker.py:429} INFO - Row 108: link found, clicking…
[2026-05-13T14:08:41.683+0000] {docker.py:429} INFO - Row 109: link found, clicking…
[2026-05-13T14:08:45.640+0000] {docker.py:429} INFO - Row 110: link found, clicking…
[2026-05-13T14:08:49.951+0000] {docker.py:429} INFO - Row 111: link found, clicking…
[2026-05-13T14:08:53.923+0000] {docker.py:429} INFO - Row 112: link found, clicking…
[2026-05-13T14:08:58.950+0000] {docker.py:429} INFO - Row 113: link found, clicking…
[2026-05-13T14:09:03.484+0000] {docker.py:429} INFO - Row 114: link found, clicking…
[2026-05-13T14:09:05.711+0000] {docker.py:429} INFO - Row 115: link found, clicking…
[2026-05-13T14:09:07.751+0000] {docker.py:429} INFO - Row 116: link found, clicking…
[2026-05-13T14:09:11.951+0000] {docker.py:429} INFO - Row 117: link found, clicking…
[2026-05-13T14:09:17.165+0000] {docker.py:429} INFO - Row 118: link found, clicking…
[2026-05-13T14:09:19.383+0000] {docker.py:429} INFO - Row 119: link found, clicking…
[2026-05-13T14:09:23.611+0000] {docker.py:429} INFO - Row 120: link found, clicking…
[2026-05-13T14:09:32.087+0000] {docker.py:429} INFO - Row 121: link found, clicking…
[2026-05-13T14:09:36.208+0000] {docker.py:429} INFO - Row 122: link found, clicking…
[2026-05-13T14:09:39.378+0000] {docker.py:429} INFO - Row 123: link found, clicking…
[2026-05-13T14:09:46.316+0000] {docker.py:429} INFO - Row 124: link found, clicking…
[2026-05-13T14:09:51.215+0000] {docker.py:429} INFO - Row 125: link found, clicking…
[2026-05-13T14:09:53.944+0000] {docker.py:429} INFO - Row 126: link found, clicking…
[2026-05-13T14:09:56.884+0000] {docker.py:429} INFO - Row 127: link found, clicking…
[2026-05-13T14:09:59.683+0000] {docker.py:429} INFO - Row 128: link found, clicking…
[2026-05-13T14:10:02.383+0000] {docker.py:429} INFO - Row 129: link found, clicking…
[2026-05-13T14:10:06.405+0000] {docker.py:429} INFO - Row 130: link found, clicking…
[2026-05-13T14:10:10.799+0000] {docker.py:429} INFO - Row 131: link found, clicking…
[2026-05-13T14:10:13.804+0000] {docker.py:429} INFO - Final unique records: 75
[2026-05-13T14:10:20.401+0000] {docker.py:429} INFO - Saved → /app/data/inegi_playwright.json
[2026-05-13T14:10:20.428+0000] {docker.py:429} INFO - ERROR: Event loop is closed! Is Playwright already stopped?
[2026-05-13T14:10:28.894+0000] {taskinstance.py:1149} INFO - Marking task as SUCCESS. dag_id=inegi_playwright, task_id=run_inegi_playwright, execution_date=20260512T000000, start_date=20260513T135216, end_date=20260513T141028
[2026-05-13T14:10:30.058+0000] {local_task_job_runner.py:234} INFO - Task exited with return code 0
[2026-05-13T14:10:32.484+0000] {taskinstance.py:3309} INFO - 0 downstream tasks scheduled from follow-on schedule check
[2026-05-13T14:46:26.351+0000] {taskinstance.py:1979} INFO - Dependencies all met for dep_context=non-requeueable deps ti=<TaskInstance: inegi_playwright.run_inegi_playwright scheduled__2026-05-12T00:00:00+00:00 [queued]>
[2026-05-13T14:46:26.406+0000] {taskinstance.py:1979} INFO - Dependencies all met for dep_context=requeueable deps ti=<TaskInstance: inegi_playwright.run_inegi_playwright scheduled__2026-05-12T00:00:00+00:00 [queued]>
[2026-05-13T14:46:26.425+0000] {taskinstance.py:2193} INFO - Starting attempt 1 of 1
[2026-05-13T14:46:26.756+0000] {taskinstance.py:2214} INFO - Executing <Task(DockerOperator): run_inegi_playwright> on 2026-05-12 00:00:00+00:00
[2026-05-13T14:46:26.929+0000] {standard_task_runner.py:60} INFO - Started process 643 to run task
[2026-05-13T14:46:27.064+0000] {standard_task_runner.py:87} INFO - Running: ['***', 'tasks', 'run', 'inegi_playwright', 'run_inegi_playwright', 'scheduled__2026-05-12T00:00:00+00:00', '--job-id', '3', '--raw', '--subdir', 'DAGS_FOLDER/inegi_playwright_dag.py', '--cfg-path', '/tmp/tmpry77ly14']
[2026-05-13T14:46:27.164+0000] {standard_task_runner.py:88} INFO - Job 3: Subtask run_inegi_playwright
[2026-05-13T14:46:30.008+0000] {task_command.py:423} INFO - Running <TaskInstance: inegi_playwright.run_inegi_playwright scheduled__2026-05-12T00:00:00+00:00 [running]> on host ab149d976c2e
[2026-05-13T14:46:36.578+0000] {taskinstance.py:2510} INFO - Exporting env vars: AIRFLOW_CTX_DAG_OWNER='***' AIRFLOW_CTX_DAG_ID='inegi_playwright' AIRFLOW_CTX_TASK_ID='run_inegi_playwright' AIRFLOW_CTX_EXECUTION_DATE='2026-05-12T00:00:00+00:00' AIRFLOW_CTX_TRY_NUMBER='1' AIRFLOW_CTX_DAG_RUN_ID='scheduled__2026-05-12T00:00:00+00:00'
[2026-05-13T14:46:37.903+0000] {docker.py:359} INFO - Starting docker container from image inegi-playwright:v1
[2026-05-13T14:50:39.277+0000] {docker.py:429} INFO - The page is opening...
[2026-05-13T14:51:17.405+0000] {docker.py:429} INFO - ERROR: Page.goto: Timeout 30000ms exceeded.
Call log:
  - navigating to "https://www3.inegi.org.mx/sistemas/ci/relps/", waiting until "load"
[2026-05-13T14:51:52.438+0000] {taskinstance.py:1149} INFO - Marking task as SUCCESS. dag_id=inegi_playwright, task_id=run_inegi_playwright, execution_date=20260512T000000, start_date=20260513T144626, end_date=20260513T145149
[2026-05-13T14:52:17.892+0000] {local_task_job_runner.py:234} INFO - Task exited with return code 0
[2026-05-13T14:52:31.200+0000] {taskinstance.py:3309} INFO - 0 downstream tasks scheduled from follow-on schedule check
