[2026-06-02T11:53:59.143+0000] {taskinstance.py:1979} INFO - Dependencies all met for dep_context=non-requeueable deps ti=<TaskInstance: telegraph_scraper.run_telegraph_container scheduled__2026-06-01T00:00:00+00:00 [queued]>
[2026-06-02T11:53:59.210+0000] {taskinstance.py:1979} INFO - Dependencies all met for dep_context=requeueable deps ti=<TaskInstance: telegraph_scraper.run_telegraph_container scheduled__2026-06-01T00:00:00+00:00 [queued]>
[2026-06-02T11:53:59.212+0000] {taskinstance.py:2193} INFO - Starting attempt 1 of 1
[2026-06-02T11:53:59.326+0000] {taskinstance.py:2214} INFO - Executing <Task(DockerOperator): run_telegraph_container> on 2026-06-01 00:00:00+00:00
[2026-06-02T11:53:59.362+0000] {standard_task_runner.py:60} INFO - Started process 151 to run task
[2026-06-02T11:53:59.375+0000] {standard_task_runner.py:87} INFO - Running: ['***', 'tasks', 'run', 'telegraph_scraper', 'run_telegraph_container', 'scheduled__2026-06-01T00:00:00+00:00', '--job-id', '342', '--raw', '--subdir', 'DAGS_FOLDER/telegraph_dag.py', '--cfg-path', '/tmp/tmpaqxd0xw0']
[2026-06-02T11:53:59.488+0000] {standard_task_runner.py:88} INFO - Job 342: Subtask run_telegraph_container
[2026-06-02T11:54:01.530+0000] {task_command.py:423} INFO - Running <TaskInstance: telegraph_scraper.run_telegraph_container scheduled__2026-06-01T00:00:00+00:00 [running]> on host f39b18a112ca
[2026-06-02T11:54:09.390+0000] {taskinstance.py:2510} INFO - Exporting env vars: AIRFLOW_CTX_DAG_OWNER='***' AIRFLOW_CTX_DAG_ID='telegraph_scraper' AIRFLOW_CTX_TASK_ID='run_telegraph_container' AIRFLOW_CTX_EXECUTION_DATE='2026-06-01T00:00:00+00:00' AIRFLOW_CTX_TRY_NUMBER='1' AIRFLOW_CTX_DAG_RUN_ID='scheduled__2026-06-01T00:00:00+00:00'
[2026-06-02T11:54:10.853+0000] {docker.py:359} INFO - Starting docker container from image telegraph-scraper:v1
[2026-06-02T11:54:12.394+0000] {docker.py:367} WARNING - Using remote engine or docker-in-docker and mounting temporary volume from host is not supported. Falling back to `mount_tmp_dir=False` mode. You can set `mount_tmp_dir` parameter to False to disable mounting and remove the warning
[2026-06-02T11:55:13.165+0000] {docker.py:429} INFO - [+] Saved: ПАНИКА В ЦЯЛАТА СТРАНА: Над 70 са сигналите за бомби в училища и детски градини
[2026-06-02T11:55:17.265+0000] {docker.py:429} INFO - [+] Saved: ЗАРАДИ ЛЮБОВНА МЪКА: Самоубиец блокира магристрала „Тракия“! (ВИДЕО)
[2026-06-02T11:55:23.972+0000] {docker.py:429} INFO - [+] Saved: Водата с две цени!
[2026-06-02T11:55:27.884+0000] {docker.py:429} INFO - [+] Saved: Англичани искат треньора на Ланс
[2026-06-02T11:55:32.200+0000] {docker.py:429} INFO - [+] Saved: Божидар Саръбоюков с нов старт в Диамантената лига
[2026-06-02T11:55:34.719+0000] {docker.py:429} INFO - [+] Saved: ДЕН ПРЕДИ КРАЙНИЯ СРОК: Почти половината партии и коалиции не са подали отчетите си за изборите пред Сметната палата!
[2026-06-02T11:55:39.531+0000] {docker.py:429} INFO - [+] Saved: НЕ СИ ГУБИ ВРЕМЕТО! Прокурорският син с три нарушения в затвора
[2026-06-02T11:55:42.699+0000] {docker.py:429} INFO - [+] Saved: ЕВРОСТАТ: Инфлацията в еврозоната достигна най-високо ниво от 32 месеца насам!
[2026-06-02T11:55:45.050+0000] {docker.py:429} INFO - [+] Saved: Алфонсо Дейвис се включи в лагера на Канада.
[2026-06-02T11:55:47.277+0000] {docker.py:429} INFO - [+] Saved: Любо Киров записа дует с Мона (ВИДЕО)
[2026-06-02T11:55:50.158+0000] {docker.py:429} INFO - [+] Saved: Играта загрубя! Опитали да убият Флорентино Перес!
[2026-06-02T11:55:52.188+0000] {docker.py:429} INFO - [+] Saved: ТРЪМП ИЗБРА: Републиканец от Флорида поема посолството в София!
[2026-06-02T11:56:01.189+0000] {docker.py:429} INFO - [+] Saved: Локомотив Пловдив стартира подготовка на 22 юни
[2026-06-02T11:56:12.977+0000] {docker.py:429} INFO - [+] Saved: Бомбени заплахи и в детски градини в Кърджали!
[2026-06-02T11:56:16.760+0000] {docker.py:429} INFO - [+] Saved: СЛЕДИТЕ ВОДЯТ КЪМ БЕЛГИЯ: Обирът на века в Лувъра с шокиращ обрат
[2026-06-02T11:56:18.940+0000] {docker.py:429} INFO - [+] Saved: “Бангаранга” срещу караоке: Алекс Раева и Весела Бабинова в блиц сблъсък
[2026-06-02T11:56:21.534+0000] {docker.py:429} INFO - [+] Saved: Армейският „неукротим лъв“
[2026-06-02T11:56:23.300+0000] {docker.py:429} INFO - [+] Saved: ЗВЕРСТВО! Мъж преби със сопа сина си и роднини на бившата
[2026-06-02T11:56:26.606+0000] {docker.py:429} INFO - [+] Saved: Логопедът Александър Кърджев пред "Телеграф": Децата със синдрома на Дара могат да са успешни!
[2026-06-02T11:56:29.246+0000] {docker.py:429} INFO - [+] Saved: ТелеГаф: Данчето - много точки, без удивителни!
[2026-06-02T11:56:31.754+0000] {docker.py:429} INFO - [+] Saved: Представи ги на Панаира на книгата: Зуека нарисува стиховете на Къци
[2026-06-02T11:56:33.468+0000] {docker.py:429} INFO - [+] Saved: Вингегор влезе в клуба на легендите
[2026-06-02T11:56:35.381+0000] {docker.py:429} INFO - [+] Saved: Напусна ни Любен Дилов-син!
[2026-06-02T11:56:39.197+0000] {docker.py:429} INFO - [+] Saved: ЕВАКУАЦИЯ! Сигнал за мина в училище в Разград
[2026-06-02T11:56:45.469+0000] {docker.py:429} INFO - [+] Saved: Апоел Беер Шева отряза Левски за Вентура
[2026-06-02T11:56:48.354+0000] {docker.py:429} INFO - [+] Saved: Работник пострада при инцидент в ТЕЦ „Бобов дол“
[2026-06-02T11:56:51.207+0000] {docker.py:429} INFO - [+] Saved: Изборната битка в Реал Мадрид се нажежава след нов ход на Енрике Рикелме
[2026-06-02T11:56:53.757+0000] {docker.py:429} INFO - [+] Saved: 3 евро за снимка с Дара
[2026-06-02T11:56:55.861+0000] {docker.py:429} INFO - [+] Saved: Как един отбор стана шампион на три държави за една година
[2026-06-02T11:57:01.328+0000] {docker.py:429} INFO - [+] Saved: Атанас Запрянов: Бюджетът за отбрана е ключов
[2026-06-02T11:57:04.538+0000] {docker.py:429} INFO - [+] Saved: НАШЕСТВИЕ НА ХИЩНИЦИ: Шофьор се удари с мечка на магистрала!
[2026-06-02T11:57:07.373+0000] {docker.py:429} INFO - [+] Saved: АДСКА НОЩ: Русия попиля Киев от бомбардировки! (ВИДЕО+СНИМКИ)
[2026-06-02T11:57:09.267+0000] {docker.py:429} INFO - [+] Saved: Станислав Тодоров остава шеф на съдиите
[2026-06-02T11:57:12.315+0000] {docker.py:429} INFO - [+] Saved: Мигновен отказ за Левски от Израел
[2026-06-02T11:57:15.959+0000] {docker.py:429} INFO - [+] Saved: ТРЪМП КЪМ НЕТАНЯХУ: Всички те мразят, без мен щеше да си в затвора!
[2026-06-02T11:57:18.596+0000] {docker.py:429} INFO - [+] Saved: Вратарят на Мароко заби звезда от Боливуд (СНИМКИ)
[2026-06-02T11:57:20.762+0000] {docker.py:429} INFO - [+] Saved: НАПАДНАТИЯТ ОТ МЕЧКА БЪЛГАРИН: Опита с лапи да ме извади навън! (ВИДЕО)
[2026-06-02T11:57:24.571+0000] {docker.py:429} INFO - [+] Saved: 10 от шампионите с оферти за нови договори
[2026-06-02T11:57:30.264+0000] {docker.py:429} INFO - [+] Saved: Забраниха паркирането върху дюните край Крапец
[2026-06-02T11:57:33.399+0000] {docker.py:429} INFO - [+] Saved: НЯМА ТЪРПЕНИЕ ДА Е КРАЛ: Уилям притиска Чарлз да абдикира!
[2026-06-02T11:57:36.496+0000] {docker.py:429} INFO - [+] Saved: Жертви при военновъздушно учение в Тайван
[2026-06-02T11:57:40.920+0000] {docker.py:429} INFO - [+] Saved: На „Анфийлд“ вярват в чудото „Ираола“
[2026-06-02T11:57:46.780+0000] {docker.py:429} INFO - [+] Saved: ВЪНШНИЯТ МИНИСТЪР НА РСМ: Трябват ни гаранции че България няма да отправя нови искания!
[2026-06-02T11:57:50.284+0000] {docker.py:429} INFO - [+] Saved: Международна измама остави БГ семейство без кола
[2026-06-02T11:57:54.012+0000] {docker.py:429} INFO - [+] Saved: Мората пак се събра с жена си (СНИМКА)
[2026-06-02T11:57:56.517+0000] {docker.py:429} INFO - [+] Saved: КЪРВАВА ДРАМА: Мъж уби шестима в Айова
[2026-06-02T11:58:01.820+0000] {docker.py:429} INFO - [+] Saved: България отбелязва Деня на Ботев и загиналите за свободата и независимостта
[2026-06-02T11:58:04.060+0000] {docker.py:429} INFO - [+] Saved: АЗ Алкмаар слага на масата 7 милиона за Петър Станич
[2026-06-02T11:58:05.809+0000] {docker.py:429} INFO - [+] Saved: Тестват системата BG-ALERT
[2026-06-02T11:58:07.945+0000] {docker.py:429} INFO - [+] Saved: ВНИМАНИЕ: Големи количества дъжд и опасност от градушки!
[2026-06-02T11:58:09.924+0000] {docker.py:429} INFO - [+] Saved: Гледайте контролата между Хърватия и Белгия
[2026-06-02T11:58:13.592+0000] {docker.py:429} INFO - [+] Saved: Футболно маце се втали за 21 дни (СНИМКИ)
[2026-06-02T11:58:15.840+0000] {docker.py:429} INFO - [+] Saved: Чешки национал се сгоди преди световното (СНИМКИ)
[2026-06-02T11:58:17.736+0000] {docker.py:429} INFO - [+] Saved: Шумахер вдигна сватба в Сен Тропе
[2026-06-02T11:58:19.673+0000] {docker.py:429} INFO - [+] Saved: Мутри запалили бара на Мишо Шамара
[2026-06-02T11:58:23.634+0000] {docker.py:429} INFO - [+] Saved: Йотова взриви Враца с думи за Ботев
[2026-06-02T11:58:27.054+0000] {docker.py:429} INFO - [+] Saved: МОЩЕН ВЗРИВ: Експлозия във фабрика разтърси цяла Малта
[2026-06-02T11:58:29.282+0000] {docker.py:429} INFO - [+] Saved: СКАНДАЛ! Слаткаристика на мушката заради България
[2026-06-02T11:58:32.240+0000] {docker.py:429} INFO - [+] Saved: Владимир Николов: Надиграхме Черна гора
[2026-06-02T11:58:40.716+0000] {docker.py:429} INFO - [+] Saved: Александър Димитров обясни причините за загубата
[2026-06-02T11:58:45.856+0000] {docker.py:429} INFO - [+] Saved: Тръмп не е чувал за прекратени преговори с Иран
[2026-06-02T11:58:51.109+0000] {docker.py:429} INFO - [+] Saved: Панайотов: Дебютният мач е по-специален
[2026-06-02T11:58:53.961+0000] {docker.py:429} INFO - [+] Saved: Тръмп: Нетаняху се съгласи да не изпраща войски в Бейрут
[2026-06-02T11:58:56.628+0000] {docker.py:429} INFO - [+] Saved: България падна от Черна гора в контрола
[2026-06-02T11:59:00.621+0000] {docker.py:429} INFO - [+] Saved: Александър Донски се класира за основната схема на сингъл
[2026-06-02T11:59:03.906+0000] {docker.py:429} INFO - [+] Saved: СКАНДАЛ В СЪДА: КОНПИ скочи срещу съдии заради милионите на Брендо
[2026-06-02T11:59:08.624+0000] {docker.py:429} INFO - [+] Saved: Мануел Нойер поднови тренировки след контузия в прасеца
[2026-06-02T11:59:11.262+0000] {docker.py:429} INFO - [+] Saved: Серина Уилямс ще играе на турнира по тенис за жени в Берлин
[2026-06-02T11:59:13.313+0000] {docker.py:429} INFO - [+] Saved: Враца отбелязва 150 години от подвига на Христо Ботев и четата му
[2026-06-02T11:59:19.686+0000] {taskinstance.py:1149} INFO - Marking task as SUCCESS. dag_id=telegraph_scraper, task_id=run_telegraph_container, execution_date=20260601T000000, start_date=20260602T115359, end_date=20260602T115919
[2026-06-02T11:59:24.175+0000] {local_task_job_runner.py:234} INFO - Task exited with return code 0
[2026-06-02T11:59:25.771+0000] {taskinstance.py:3309} INFO - 1 downstream tasks scheduled from follow-on schedule check
