[2026-05-13T14:01:26.188+0000] {taskinstance.py:1979} INFO - Dependencies all met for dep_context=non-requeueable deps ti=<TaskInstance: inegi_scraper.trigger_merge scheduled__2026-05-12T00:00:00+00:00 [queued]>
[2026-05-13T14:01:26.230+0000] {taskinstance.py:1979} INFO - Dependencies all met for dep_context=requeueable deps ti=<TaskInstance: inegi_scraper.trigger_merge scheduled__2026-05-12T00:00:00+00:00 [queued]>
[2026-05-13T14:01:26.231+0000] {taskinstance.py:2193} INFO - Starting attempt 1 of 3
[2026-05-13T14:01:26.282+0000] {taskinstance.py:2214} INFO - Executing <Task(TriggerDagRunOperator): trigger_merge> on 2026-05-12 00:00:00+00:00
[2026-05-13T14:01:26.406+0000] {standard_task_runner.py:60} INFO - Started process 1434 to run task
[2026-05-13T14:01:26.380+0000] {standard_task_runner.py:87} INFO - Running: ['***', 'tasks', 'run', 'inegi_scraper', 'trigger_merge', 'scheduled__2026-05-12T00:00:00+00:00', '--job-id', '9', '--raw', '--subdir', 'DAGS_FOLDER/inegi_scraper_dag.py', '--cfg-path', '/tmp/tmp5fdmqes1']
[2026-05-13T14:01:26.539+0000] {standard_task_runner.py:88} INFO - Job 9: Subtask trigger_merge
[2026-05-13T14:01:28.813+0000] {task_command.py:423} INFO - Running <TaskInstance: inegi_scraper.trigger_merge scheduled__2026-05-12T00:00:00+00:00 [running]> on host e85744e68698
[2026-05-13T14:01:31.077+0000] {taskinstance.py:2510} INFO - Exporting env vars: AIRFLOW_CTX_DAG_OWNER='***' AIRFLOW_CTX_DAG_ID='inegi_scraper' AIRFLOW_CTX_TASK_ID='trigger_merge' AIRFLOW_CTX_EXECUTION_DATE='2026-05-12T00:00:00+00:00' AIRFLOW_CTX_TRY_NUMBER='1' AIRFLOW_CTX_DAG_RUN_ID='scheduled__2026-05-12T00:00:00+00:00'
[2026-05-13T14:01:33.424+0000] {taskinstance.py:1149} INFO - Marking task as SUCCESS. dag_id=inegi_scraper, task_id=trigger_merge, execution_date=20260512T000000, start_date=20260513T140126, end_date=20260513T140133
[2026-05-13T14:01:33.688+0000] {local_task_job_runner.py:234} INFO - Task exited with return code 0
[2026-05-13T14:01:33.931+0000] {taskinstance.py:3309} INFO - 0 downstream tasks scheduled from follow-on schedule check
[2026-05-13T14:50:42.396+0000] {taskinstance.py:1979} INFO - Dependencies all met for dep_context=non-requeueable deps ti=<TaskInstance: inegi_scraper.trigger_merge scheduled__2026-05-12T00:00:00+00:00 [queued]>
[2026-05-13T14:50:42.529+0000] {taskinstance.py:1979} INFO - Dependencies all met for dep_context=requeueable deps ti=<TaskInstance: inegi_scraper.trigger_merge scheduled__2026-05-12T00:00:00+00:00 [queued]>
[2026-05-13T14:50:42.599+0000] {taskinstance.py:2193} INFO - Starting attempt 1 of 3
[2026-05-13T14:50:42.834+0000] {taskinstance.py:2214} INFO - Executing <Task(TriggerDagRunOperator): trigger_merge> on 2026-05-12 00:00:00+00:00
[2026-05-13T14:50:43.204+0000] {standard_task_runner.py:60} INFO - Started process 786 to run task
[2026-05-13T14:50:43.063+0000] {standard_task_runner.py:87} INFO - Running: ['***', 'tasks', 'run', 'inegi_scraper', 'trigger_merge', 'scheduled__2026-05-12T00:00:00+00:00', '--job-id', '8', '--raw', '--subdir', 'DAGS_FOLDER/inegi_scraper_dag.py', '--cfg-path', '/tmp/tmpwnzx3z1r']
[2026-05-13T14:50:43.422+0000] {standard_task_runner.py:88} INFO - Job 8: Subtask trigger_merge
[2026-05-13T14:50:45.785+0000] {task_command.py:423} INFO - Running <TaskInstance: inegi_scraper.trigger_merge scheduled__2026-05-12T00:00:00+00:00 [running]> on host ab149d976c2e
[2026-05-13T14:50:47.960+0000] {taskinstance.py:2510} INFO - Exporting env vars: AIRFLOW_CTX_DAG_OWNER='***' AIRFLOW_CTX_DAG_ID='inegi_scraper' AIRFLOW_CTX_TASK_ID='trigger_merge' AIRFLOW_CTX_EXECUTION_DATE='2026-05-12T00:00:00+00:00' AIRFLOW_CTX_TRY_NUMBER='1' AIRFLOW_CTX_DAG_RUN_ID='scheduled__2026-05-12T00:00:00+00:00'
[2026-05-13T14:50:50.215+0000] {taskinstance.py:1149} INFO - Marking task as SUCCESS. dag_id=inegi_scraper, task_id=trigger_merge, execution_date=20260512T000000, start_date=20260513T145042, end_date=20260513T145050
[2026-05-13T14:50:51.077+0000] {local_task_job_runner.py:234} INFO - Task exited with return code 0
[2026-05-13T14:50:57.664+0000] {taskinstance.py:3309} INFO - 0 downstream tasks scheduled from follow-on schedule check
