[2026-05-18T14:17:30.255+0000] {taskinstance.py:1979} INFO - Dependencies all met for dep_context=non-requeueable deps ti=<TaskInstance: merge_all_scrapers.merge_all_outputs manual__2026-05-18T14:16:34.311532+00:00 [queued]>
[2026-05-18T14:17:30.307+0000] {taskinstance.py:1979} INFO - Dependencies all met for dep_context=requeueable deps ti=<TaskInstance: merge_all_scrapers.merge_all_outputs manual__2026-05-18T14:16:34.311532+00:00 [queued]>
[2026-05-18T14:17:30.311+0000] {taskinstance.py:2193} INFO - Starting attempt 1 of 1
[2026-05-18T14:17:30.570+0000] {taskinstance.py:2214} INFO - Executing <Task(PythonOperator): merge_all_outputs> on 2026-05-18 14:16:34.311532+00:00
[2026-05-18T14:17:30.706+0000] {standard_task_runner.py:60} INFO - Started process 337 to run task
[2026-05-18T14:17:30.914+0000] {standard_task_runner.py:87} INFO - Running: ['***', 'tasks', 'run', 'merge_all_scrapers', 'merge_all_outputs', 'manual__2026-05-18T14:16:34.311532+00:00', '--job-id', '55', '--raw', '--subdir', 'DAGS_FOLDER/merge_dag.py', '--cfg-path', '/tmp/tmpt02qneif']
[2026-05-18T14:17:30.950+0000] {standard_task_runner.py:88} INFO - Job 55: Subtask merge_all_outputs
[2026-05-18T14:17:31.556+0000] {task_command.py:423} INFO - Running <TaskInstance: merge_all_scrapers.merge_all_outputs manual__2026-05-18T14:16:34.311532+00:00 [running]> on host f39b18a112ca
[2026-05-18T14:17:31.921+0000] {taskinstance.py:2510} INFO - Exporting env vars: AIRFLOW_CTX_DAG_OWNER='***' AIRFLOW_CTX_DAG_ID='merge_all_scrapers' AIRFLOW_CTX_TASK_ID='merge_all_outputs' AIRFLOW_CTX_EXECUTION_DATE='2026-05-18T14:16:34.311532+00:00' AIRFLOW_CTX_TRY_NUMBER='1' AIRFLOW_CTX_DAG_RUN_ID='manual__2026-05-18T14:16:34.311532+00:00'
[2026-05-18T14:17:31.965+0000] {logging_mixin.py:188} INFO - 📂 DATA PATH: /opt/***/data
[2026-05-18T14:17:31.976+0000] {logging_mixin.py:188} INFO - 
📄 READING JSON: eu_fsf_sanctions.json
[2026-05-18T14:17:32.701+0000] {logging_mixin.py:188} INFO - 
📄 READING JSON: inegi_playwright.json
[2026-05-18T14:17:32.757+0000] {logging_mixin.py:188} INFO - 
📄 READING JSON: inegi_scraper.json
[2026-05-18T14:17:32.866+0000] {logging_mixin.py:188} INFO - 
🗄️ READING DB: kaldata.db
[2026-05-18T14:17:34.908+0000] {logging_mixin.py:188} INFO - 
🗄️ READING DB: telegraph.db
[2026-05-18T14:17:34.986+0000] {logging_mixin.py:188} INFO - 
📦 TOTAL BEFORE DEDUP: 6231
[2026-05-18T14:17:35.044+0000] {logging_mixin.py:188} INFO - 🧹 AFTER DEDUP: 6227
[2026-05-18T14:17:35.125+0000] {base.py:83} INFO - Using connection ID 'postgres_default' for task execution.
[2026-05-18T14:17:47.009+0000] {logging_mixin.py:188} INFO - 💾 JSON OUTPUT: /opt/***/data/final_output.json
[2026-05-18T14:17:47.079+0000] {logging_mixin.py:188} INFO - 🔓 LOCK REMOVED
[2026-05-18T14:17:47.085+0000] {python.py:202} INFO - Done. Returned value was: None
[2026-05-18T14:17:47.342+0000] {taskinstance.py:1149} INFO - Marking task as SUCCESS. dag_id=merge_all_scrapers, task_id=merge_all_outputs, execution_date=20260518T141634, start_date=20260518T141730, end_date=20260518T141747
[2026-05-18T14:17:47.674+0000] {local_task_job_runner.py:234} INFO - Task exited with return code 0
[2026-05-18T14:17:47.770+0000] {taskinstance.py:3309} INFO - 0 downstream tasks scheduled from follow-on schedule check
