[2026-05-21T13:04:06.441+0000] {taskinstance.py:1979} INFO - Dependencies all met for dep_context=non-requeueable deps ti=<TaskInstance: inegi_scraper.run_inegi_selenium_container manual__2026-05-21T13:03:59.098034+00:00 [queued]>
[2026-05-21T13:04:06.522+0000] {taskinstance.py:1979} INFO - Dependencies all met for dep_context=requeueable deps ti=<TaskInstance: inegi_scraper.run_inegi_selenium_container manual__2026-05-21T13:03:59.098034+00:00 [queued]>
[2026-05-21T13:04:06.550+0000] {taskinstance.py:2193} INFO - Starting attempt 1 of 1
[2026-05-21T13:04:06.710+0000] {taskinstance.py:2214} INFO - Executing <Task(DockerOperator): run_inegi_selenium_container> on 2026-05-21 13:03:59.098034+00:00
[2026-05-21T13:04:06.792+0000] {standard_task_runner.py:60} INFO - Started process 3115 to run task
[2026-05-21T13:04:06.838+0000] {standard_task_runner.py:87} INFO - Running: ['***', 'tasks', 'run', 'inegi_scraper', 'run_inegi_selenium_container', 'manual__2026-05-21T13:03:59.098034+00:00', '--job-id', '172', '--raw', '--subdir', 'DAGS_FOLDER/inegi_scraper_dag.py', '--cfg-path', '/tmp/tmpj_wso29v']
[2026-05-21T13:04:06.859+0000] {standard_task_runner.py:88} INFO - Job 172: Subtask run_inegi_selenium_container
[2026-05-21T13:04:07.834+0000] {task_command.py:423} INFO - Running <TaskInstance: inegi_scraper.run_inegi_selenium_container manual__2026-05-21T13:03:59.098034+00:00 [running]> on host f39b18a112ca
[2026-05-21T13:04:08.907+0000] {taskinstance.py:2510} INFO - Exporting env vars: AIRFLOW_CTX_DAG_OWNER='***' AIRFLOW_CTX_DAG_ID='inegi_scraper' AIRFLOW_CTX_TASK_ID='run_inegi_selenium_container' AIRFLOW_CTX_EXECUTION_DATE='2026-05-21T13:03:59.098034+00:00' AIRFLOW_CTX_TRY_NUMBER='1' AIRFLOW_CTX_DAG_RUN_ID='manual__2026-05-21T13:03:59.098034+00:00'
[2026-05-21T13:04:10.026+0000] {docker.py:359} INFO - Starting docker container from image inegi-scraper:v1
[2026-05-21T13:04:10.305+0000] {docker.py:367} WARNING - Using remote engine or docker-in-docker and mounting temporary volume from host is not supported. Falling back to `mount_tmp_dir=False` mode. You can set `mount_tmp_dir` parameter to False to disable mounting and remove the warning
[2026-05-21T13:06:02.593+0000] {docker.py:429} INFO - Unhandled error in Deferred:
2026-05-21 13:06:02 [twisted] CRITICAL: Unhandled error in Deferred:
[2026-05-21T13:06:03.057+0000] {docker.py:429} INFO - Traceback (most recent call last):
  File "/usr/local/lib/python3.11/site-packages/twisted/internet/defer.py", line 1853, in _inlineCallbacks
    result = context.run(
  File "/usr/local/lib/python3.11/site-packages/twisted/python/failure.py", line 467, in throwExceptionIntoGenerator
    return g.throw(self.value.with_traceback(self.tb))
  File "/usr/local/lib/python3.11/site-packages/scrapy/crawler.py", line 464, in _crawl
    yield d
  File "/usr/local/lib/python3.11/site-packages/twisted/internet/defer.py", line 1857, in _inlineCallbacks
    result = context.run(gen.send, result)
  File "/usr/local/lib/python3.11/site-packages/scrapy/crawler.py", line 187, in crawl
    self.spider = self._create_spider(*args, **kwargs)
  File "/usr/local/lib/python3.11/site-packages/scrapy/crawler.py", line 230, in _create_spider
    return self.spidercls.from_crawler(self, *args, **kwargs)
  File "/usr/local/lib/python3.11/site-packages/scrapy/spiders/__init__.py", line 75, in from_crawler
    spider = cls(*args, **kwargs)
  File "/app/inegi/spiders/inegi_spider.py", line 49, in __init__
    self.driver = webdriver.Chrome(service=service, options=options)
  File "/usr/local/lib/python3.11/site-packages/selenium/webdriver/chrome/webdriver.py", line 45, in __init__
    super().__init__(
  File "/usr/local/lib/python3.11/site-packages/selenium/webdriver/chromium/webdriver.py", line 66, in __init__
    super().__init__(command_executor=executor, options=self.options)
  File "/usr/local/lib/python3.11/site-packages/selenium/webdriver/common/webdriver.py", line 25, in __init__
    super().__init__(*args, **kwargs)
  File "/usr/local/lib/python3.11/site-packages/selenium/webdriver/remote/webdriver.py", line 274, in __init__
    self.start_session(capabilities)
  File "/usr/local/lib/python3.11/site-packages/selenium/webdriver/remote/webdriver.py", line 370, in start_session
    response = self.execute(Command.NEW_SESSION, caps)["value"]
  File "/usr/local/lib/python3.11/site-packages/selenium/webdriver/remote/webdriver.py", line 450, in execute
    self.error_handler.check_response(response)
  File "/usr/local/lib/python3.11/site-packages/selenium/webdriver/remote/errorhandler.py", line 232, in check_response
    raise exception_class(message, screen, stacktrace)
selenium.common.exceptions.SessionNotCreatedException: Message: session not created: DevToolsActivePort file doesn't exist; For documentation on this error, please visit: https://www.selenium.dev/documentation/webdriver/troubleshooting/errors#sessionnotcreatedexception
Stacktrace:
#0 0x62d841f245b2 <unknown>
#1 0x62d8418bccb8 <unknown>
#2 0x62d8418ff551 <unknown>
#3 0x62d8418fb421 <unknown>
#4 0x62d8418f5772 <unknown>
#5 0x62d84194a823 <unknown>
#6 0x62d841949f6d <unknown>
#7 0x62d84193a547 <unknown>
#8 0x62d841903fde <unknown>
#9 0x62d841904e75 <unknown>
#10 0x62d841ee5dc4 <unknown>
#11 0x62d841ee9225 <unknown>
#12 0x62d841ee8c5e <unknown>
#13 0x62d841ee9689 <unknown>
#14 0x62d841ed51b8 <unknown>
#15 0x62d841ee9a0a <unknown>
#16 0x62d841ebd889 <unknown>
#17 0x62d841f109e9 <unknown>
#18 0x62d841f10bfe <unknown>
#19 0x62d841f22e9e <unknown>
#20 0x7b7e279fdb7b <unknown>


2026-05-21 13:06:02 [twisted] CRITICAL: 
Traceback (most recent call last):
  File "/usr/local/lib/python3.11/site-packages/twisted/internet/defer.py", line 1853, in _inlineCallbacks
    result = context.run(
             ^^^^^^^^^^^^
  File "/usr/local/lib/python3.11/site-packages/twisted/python/failure.py", line 467, in throwExceptionIntoGenerator
    return g.throw(self.value.with_traceback(self.tb))
           ^^^^^^^^^^^^^^^^^^^^^^^^^^^^^^^^^^^^^^^^^^^
  File "/usr/local/lib/python3.11/site-packages/scrapy/crawler.py", line 464, in _crawl
    yield d
  File "/usr/local/lib/python3.11/site-packages/twisted/internet/defer.py", line 1857, in _inlineCallbacks
    result = context.run(gen.send, result)
             ^^^^^^^^^^^^^^^^^^^^^^^^^^^^^
  File "/usr/local/lib/python3.11/site-packages/scrapy/crawler.py", line 187, in crawl
    self.spider
[2026-05-21T13:06:03.089+0000] {docker.py:429} INFO - = self._create_spider(*args, **kwargs)
                  ^^^^^^^^^^^^^^^^^^^^^^^^^^^^^^^^^^^^
  File "/usr/local/lib/python3.11/site-packages/scrapy/crawler.py", line 230, in _create_spider
    return self.spidercls.from_crawler(self, *args, **kwargs)
           ^^^^^^^^^^^^^^^^^^^^^^^^^^^^^^^^^^^^^^^^^^^^^^^^^^
  File "/usr/local/lib/python3.11/site-packages/scrapy/spiders/__init__.py", line 75, in from_crawler
    spider = cls(*args, **kwargs)
             ^^^^^^^^^^^^^^^^^^^^
  File "/app/inegi/spiders/inegi_spider.py", line 49, in __init__
    self.driver = webdriver.Chrome(service=service, options=options)
                  ^^^^^^^^^^^^^^^^^^^^^^^^^^^^^^^^^^^^^^^^^^^^^^^^^^
  File "/usr/local/lib/python3.11/site-packages/selenium/webdriver/chrome/webdriver.py", line 45, in __init__
    super().__init__(
  File "/usr/local/lib/python3.11/site-packages/selenium/webdriver/chromium/webdriver.py", line 66, in __init__
    super().__init__(command_executor=executor, options=self.options)
  File "/usr/local/lib/python3.11/site-packages/selenium/webdriver/common/webdriver.py", line 25, in __init__
    super().__init__(*args, **kwargs)
  File "/usr/local/lib/python3.11/site-packages/selenium/webdriver/remote/webdriver.py", line 274, in __init__
    self.start_session(capabilities)
  File "/usr/local/lib/python3.11/site-packages/selenium/webdriver/remote/webdriver.py", line 370, in start_session
    response = self.execute(Command.NEW_SESSION, caps)["value"]
               ^^^^^^^^^^^^^^^^^^^^^^^^^^^^^^^^^^^^^^^
  File "/usr/local/lib/python3.11/site-packages/selenium/webdriver/remote/webdriver.py", line 450, in execute
    self.error_handler.check_response(response)
  File "/usr/local/lib/python3.11/site-packages/selenium/webdriver/remote/errorhandler.py", line 232, in check_response
    raise exception_class(message, screen, stacktrace)
selenium.common.exceptions.SessionNotCreatedException: Message: session not created: DevToolsActivePort file doesn't exist; For documentation on this error, please visit: https://www.selenium.dev/documentation/webdriver/troubleshooting/errors#sessionnotcreatedexception
Stacktrace:
#0 0x62d841f245b2 <unknown>
#1 0x62d8418bccb8 <unknown>
#2 0x62d8418ff551 <unknown>
#3 0x62d8418fb421 <unknown>
#4 0x62d8418f5772 <unknown>
#5 0x62d84194a823 <unknown>
#6 0x62d841949f6d <unknown>
#7 0x62d84193a547 <unknown>
#8 0x62d841903fde <unknown>
#9 0x62d841904e75 <unknown>
#10 0x62d841ee5dc4 <unknown>
#11 0x62d841ee9225 <unknown>
#12 0x62d841ee8c5e <unknown>
#13 0x62d841ee9689 <unknown>
#14 0x62d841ed51b8 <unknown>
#15 0x62d841ee9a0a <unknown>
#16 0x62d841ebd889 <unknown>
#17 0x62d841f109e9 <unknown>
#18 0x62d841f10bfe <unknown>
#19 0x62d841f22e9e <unknown>
#20 0x7b7e279fdb7b <unknown>
[2026-05-21T13:06:05.233+0000] {taskinstance.py:1149} INFO - Marking task as SUCCESS. dag_id=inegi_scraper, task_id=run_inegi_selenium_container, execution_date=20260521T130359, start_date=20260521T130406, end_date=20260521T130605
[2026-05-21T13:06:05.557+0000] {local_task_job_runner.py:234} INFO - Task exited with return code 0
[2026-05-21T13:06:06.561+0000] {taskinstance.py:3309} INFO - 1 downstream tasks scheduled from follow-on schedule check
