[2026-06-11T14:02:51.362+0000] {taskinstance.py:1979} INFO - Dependencies all met for dep_context=non-requeueable deps ti=<TaskInstance: merge_all_scrapers.merge_all_outputs manual__2026-06-11T14:02:46.580477+00:00 [queued]>
[2026-06-11T14:02:51.404+0000] {taskinstance.py:1979} INFO - Dependencies all met for dep_context=requeueable deps ti=<TaskInstance: merge_all_scrapers.merge_all_outputs manual__2026-06-11T14:02:46.580477+00:00 [queued]>
[2026-06-11T14:02:51.406+0000] {taskinstance.py:2193} INFO - Starting attempt 1 of 1
[2026-06-11T14:02:51.474+0000] {taskinstance.py:2214} INFO - Executing <Task(PythonOperator): merge_all_outputs> on 2026-06-11 14:02:46.580477+00:00
[2026-06-11T14:02:51.496+0000] {standard_task_runner.py:60} INFO - Started process 2374 to run task
[2026-06-11T14:02:51.519+0000] {standard_task_runner.py:87} INFO - Running: ['***', 'tasks', 'run', 'merge_all_scrapers', 'merge_all_outputs', 'manual__2026-06-11T14:02:46.580477+00:00', '--job-id', '490', '--raw', '--subdir', 'DAGS_FOLDER/merge_dag.py', '--cfg-path', '/tmp/tmpbhehwuwt']
[2026-06-11T14:02:51.530+0000] {standard_task_runner.py:88} INFO - Job 490: Subtask merge_all_outputs
[2026-06-11T14:02:52.053+0000] {task_command.py:423} INFO - Running <TaskInstance: merge_all_scrapers.merge_all_outputs manual__2026-06-11T14:02:46.580477+00:00 [running]> on host f39b18a112ca
[2026-06-11T14:02:53.292+0000] {taskinstance.py:2510} INFO - Exporting env vars: AIRFLOW_CTX_DAG_OWNER='***' AIRFLOW_CTX_DAG_ID='merge_all_scrapers' AIRFLOW_CTX_TASK_ID='merge_all_outputs' AIRFLOW_CTX_EXECUTION_DATE='2026-06-11T14:02:46.580477+00:00' AIRFLOW_CTX_TRY_NUMBER='1' AIRFLOW_CTX_DAG_RUN_ID='manual__2026-06-11T14:02:46.580477+00:00'
[2026-06-11T14:02:53.413+0000] {logging_mixin.py:188} INFO - 📂 DATA PATH: /opt/***/data
[2026-06-11T14:02:53.440+0000] {logging_mixin.py:188} INFO - 
READING JSON: eu_fsf_sanctions.json
[2026-06-11T14:02:53.629+0000] {logging_mixin.py:188} INFO - 
READING JSON: inegi_playwright.json
[2026-06-11T14:02:53.637+0000] {logging_mixin.py:188} INFO - 
READING JSON: inegi_scraper.json
[2026-06-11T14:02:53.644+0000] {logging_mixin.py:188} INFO - 
READING DB: kaldata.db
[2026-06-11T14:02:55.773+0000] {logging_mixin.py:188} INFO - 
READING DB: telegraph.db
[2026-06-11T14:02:56.277+0000] {logging_mixin.py:188} INFO - 
TOTAL BEFORE DEDUP: 6148
[2026-06-11T14:02:56.435+0000] {logging_mixin.py:188} INFO - AFTER DEDUP: 6145
[2026-06-11T14:02:56.766+0000] {base.py:83} INFO - Using connection ID 'postgres_default' for task execution.
[2026-06-11T14:03:17.952+0000] {logging_mixin.py:188} INFO - JSON OUTPUT: /opt/***/data/final_output.json
[2026-06-11T14:03:17.962+0000] {logging_mixin.py:188} INFO - LOCK REMOVED
[2026-06-11T14:03:17.971+0000] {python.py:202} INFO - Done. Returned value was: None
[2026-06-11T14:03:18.012+0000] {taskinstance.py:1149} INFO - Marking task as SUCCESS. dag_id=merge_all_scrapers, task_id=merge_all_outputs, execution_date=20260611T140246, start_date=20260611T140251, end_date=20260611T140318
[2026-06-11T14:03:18.088+0000] {local_task_job_runner.py:234} INFO - Task exited with return code 0
[2026-06-11T14:03:18.143+0000] {taskinstance.py:3309} INFO - 0 downstream tasks scheduled from follow-on schedule check
