[2026-05-27T09:33:10.043+0000] {taskinstance.py:1979} INFO - Dependencies all met for dep_context=non-requeueable deps ti=<TaskInstance: merge_all_scrapers.merge_all_outputs manual__2026-05-27T09:33:03.285553+00:00 [queued]>
[2026-05-27T09:33:10.218+0000] {taskinstance.py:1979} INFO - Dependencies all met for dep_context=requeueable deps ti=<TaskInstance: merge_all_scrapers.merge_all_outputs manual__2026-05-27T09:33:03.285553+00:00 [queued]>
[2026-05-27T09:33:10.233+0000] {taskinstance.py:2193} INFO - Starting attempt 1 of 1
[2026-05-27T09:33:10.405+0000] {taskinstance.py:2214} INFO - Executing <Task(PythonOperator): merge_all_outputs> on 2026-05-27 09:33:03.285553+00:00
[2026-05-27T09:33:10.458+0000] {standard_task_runner.py:60} INFO - Started process 633 to run task
[2026-05-27T09:33:10.598+0000] {standard_task_runner.py:87} INFO - Running: ['***', 'tasks', 'run', 'merge_all_scrapers', 'merge_all_outputs', 'manual__2026-05-27T09:33:03.285553+00:00', '--job-id', '280', '--raw', '--subdir', 'DAGS_FOLDER/merge_dag.py', '--cfg-path', '/tmp/tmprlsqseie']
[2026-05-27T09:33:10.655+0000] {standard_task_runner.py:88} INFO - Job 280: Subtask merge_all_outputs
[2026-05-27T09:33:12.560+0000] {task_command.py:423} INFO - Running <TaskInstance: merge_all_scrapers.merge_all_outputs manual__2026-05-27T09:33:03.285553+00:00 [running]> on host f39b18a112ca
[2026-05-27T09:33:13.088+0000] {taskinstance.py:2510} INFO - Exporting env vars: AIRFLOW_CTX_DAG_OWNER='***' AIRFLOW_CTX_DAG_ID='merge_all_scrapers' AIRFLOW_CTX_TASK_ID='merge_all_outputs' AIRFLOW_CTX_EXECUTION_DATE='2026-05-27T09:33:03.285553+00:00' AIRFLOW_CTX_TRY_NUMBER='1' AIRFLOW_CTX_DAG_RUN_ID='manual__2026-05-27T09:33:03.285553+00:00'
[2026-05-27T09:33:13.104+0000] {logging_mixin.py:188} INFO - 📂 DATA PATH: /opt/***/data
[2026-05-27T09:33:13.109+0000] {logging_mixin.py:188} INFO - 
📄 READING JSON: eu_fsf_sanctions.json
[2026-05-27T09:33:13.859+0000] {logging_mixin.py:188} INFO - 
📄 READING JSON: inegi_playwright.json
[2026-05-27T09:33:14.108+0000] {logging_mixin.py:188} INFO - 
📄 READING JSON: inegi_scraper.json
[2026-05-27T09:33:14.142+0000] {logging_mixin.py:188} INFO - 
🗄️ READING DB: kaldata.db
[2026-05-27T09:33:42.624+0000] {logging_mixin.py:188} INFO - 
🗄️ READING DB: telegraph.db
[2026-05-27T09:33:43.893+0000] {logging_mixin.py:188} INFO - 
📦 TOTAL BEFORE DEDUP: 6638
[2026-05-27T09:33:44.427+0000] {logging_mixin.py:188} INFO - 🧹 AFTER DEDUP: 6634
[2026-05-27T09:33:44.654+0000] {base.py:83} INFO - Using connection ID 'postgres_default' for task execution.
[2026-05-27T09:34:22.970+0000] {logging_mixin.py:188} INFO - 💾 JSON OUTPUT: /opt/***/data/final_output.json
[2026-05-27T09:34:22.994+0000] {logging_mixin.py:188} INFO - 🔓 LOCK REMOVED
[2026-05-27T09:34:23.004+0000] {python.py:202} INFO - Done. Returned value was: None
[2026-05-27T09:34:23.069+0000] {taskinstance.py:1149} INFO - Marking task as SUCCESS. dag_id=merge_all_scrapers, task_id=merge_all_outputs, execution_date=20260527T093303, start_date=20260527T093310, end_date=20260527T093423
[2026-05-27T09:34:23.257+0000] {local_task_job_runner.py:234} INFO - Task exited with return code 0
[2026-05-27T09:34:23.376+0000] {taskinstance.py:3309} INFO - 0 downstream tasks scheduled from follow-on schedule check
