[2026-05-20T08:40:41.738+0000] {taskinstance.py:1979} INFO - Dependencies all met for dep_context=non-requeueable deps ti=<TaskInstance: inegi_playwright.run_inegi_playwright manual__2026-05-20T08:40:27.129910+00:00 [queued]>
[2026-05-20T08:40:41.871+0000] {taskinstance.py:1979} INFO - Dependencies all met for dep_context=requeueable deps ti=<TaskInstance: inegi_playwright.run_inegi_playwright manual__2026-05-20T08:40:27.129910+00:00 [queued]>
[2026-05-20T08:40:41.914+0000] {taskinstance.py:2193} INFO - Starting attempt 1 of 1
[2026-05-20T08:40:42.401+0000] {taskinstance.py:2214} INFO - Executing <Task(DockerOperator): run_inegi_playwright> on 2026-05-20 08:40:27.129910+00:00
[2026-05-20T08:40:42.448+0000] {standard_task_runner.py:60} INFO - Started process 6657 to run task
[2026-05-20T08:40:42.508+0000] {standard_task_runner.py:87} INFO - Running: ['***', 'tasks', 'run', 'inegi_playwright', 'run_inegi_playwright', 'manual__2026-05-20T08:40:27.129910+00:00', '--job-id', '100', '--raw', '--subdir', 'DAGS_FOLDER/inegi_playwright_dag.py', '--cfg-path', '/tmp/tmp5cvcifd5']
[2026-05-20T08:40:42.545+0000] {standard_task_runner.py:88} INFO - Job 100: Subtask run_inegi_playwright
[2026-05-20T08:40:44.061+0000] {task_command.py:423} INFO - Running <TaskInstance: inegi_playwright.run_inegi_playwright manual__2026-05-20T08:40:27.129910+00:00 [running]> on host f39b18a112ca
[2026-05-20T08:40:46.208+0000] {taskinstance.py:2510} INFO - Exporting env vars: AIRFLOW_CTX_DAG_OWNER='***' AIRFLOW_CTX_DAG_ID='inegi_playwright' AIRFLOW_CTX_TASK_ID='run_inegi_playwright' AIRFLOW_CTX_EXECUTION_DATE='2026-05-20T08:40:27.129910+00:00' AIRFLOW_CTX_TRY_NUMBER='1' AIRFLOW_CTX_DAG_RUN_ID='manual__2026-05-20T08:40:27.129910+00:00'
[2026-05-20T08:40:47.185+0000] {docker.py:359} INFO - Starting docker container from image inegi-playwright:v1
[2026-05-20T08:41:30.697+0000] {docker.py:429} INFO - The page is opening...
[2026-05-20T08:41:42.945+0000] {docker.py:429} INFO - iframe found: https://www3.inegi.org.mx/sistemas/ci/relps/
[2026-05-20T08:41:45.412+0000] {docker.py:429} INFO - Total rows: 132
[2026-05-20T08:41:45.420+0000] {docker.py:429} INFO - Row 0: no column, skipping
[2026-05-20T08:41:45.481+0000] {docker.py:429} INFO - Row 1: link found, clicking…
[2026-05-20T08:41:52.071+0000] {docker.py:429} INFO - Row 2: link found, clicking…
[2026-05-20T08:41:56.766+0000] {docker.py:429} INFO - Row 3: link found, clicking…
[2026-05-20T08:42:01.194+0000] {docker.py:429} INFO - Row 4: link found, clicking…
[2026-05-20T08:42:04.327+0000] {docker.py:429} INFO - Row 5: link found, clicking…
[2026-05-20T08:42:07.079+0000] {docker.py:429} INFO - Row 6: link found, clicking…
[2026-05-20T08:42:10.720+0000] {docker.py:429} INFO - Row 7: link found, clicking…
[2026-05-20T08:42:15.109+0000] {docker.py:429} INFO - Row 8: link found, clicking…
[2026-05-20T08:42:18.134+0000] {docker.py:429} INFO - Row 9: link found, clicking…
[2026-05-20T08:42:21.257+0000] {docker.py:429} INFO - Row 10: link found, clicking…
[2026-05-20T08:42:24.547+0000] {docker.py:429} INFO - Row 11: link found, clicking…
[2026-05-20T08:42:27.039+0000] {docker.py:429} INFO - Row 12: link found, clicking…
[2026-05-20T08:42:33.714+0000] {docker.py:429} INFO - Row 13: link found, clicking…
[2026-05-20T08:42:37.009+0000] {docker.py:429} INFO - Row 14: link found, clicking…
[2026-05-20T08:42:39.831+0000] {docker.py:429} INFO - Row 15: link found, clicking…
[2026-05-20T08:42:43.132+0000] {docker.py:429} INFO - Row 16: link found, clicking…
[2026-05-20T08:42:46.711+0000] {docker.py:429} INFO - Row 17: link found, clicking…
[2026-05-20T08:42:54.326+0000] {docker.py:429} INFO - Row 18: link found, clicking…
[2026-05-20T08:42:56.501+0000] {docker.py:429} INFO - Row 19: link found, clicking…
[2026-05-20T08:42:59.000+0000] {docker.py:429} INFO - Row 20: link found, clicking…
[2026-05-20T08:43:01.997+0000] {docker.py:429} INFO - Row 21: link found, clicking…
[2026-05-20T08:43:05.759+0000] {docker.py:429} INFO - Row 22: link found, clicking…
[2026-05-20T08:43:09.595+0000] {docker.py:429} INFO - Row 23: link found, clicking…
[2026-05-20T08:43:12.106+0000] {docker.py:429} INFO - Row 24: link found, clicking…
[2026-05-20T08:43:15.446+0000] {docker.py:429} INFO - Row 25: link found, clicking…
[2026-05-20T08:43:18.767+0000] {docker.py:429} INFO - Row 26: link found, clicking…
[2026-05-20T08:43:22.201+0000] {docker.py:429} INFO - Row 27: link found, clicking…
[2026-05-20T08:43:29.551+0000] {docker.py:429} INFO - Row 28: link found, clicking…
[2026-05-20T08:43:34.151+0000] {docker.py:429} INFO - Row 29: link found, clicking…
[2026-05-20T08:43:37.048+0000] {docker.py:429} INFO - Row 30: link found, clicking…
[2026-05-20T08:43:42.404+0000] {docker.py:429} INFO - Row 31: link found, clicking…
[2026-05-20T08:43:45.947+0000] {docker.py:429} INFO - Row 32: link found, clicking…
[2026-05-20T08:43:51.352+0000] {docker.py:429} INFO - Row 33: link found, clicking…
[2026-05-20T08:43:54.577+0000] {docker.py:429} INFO - Row 34: link found, clicking…
[2026-05-20T08:43:57.747+0000] {docker.py:429} INFO - Row 35: link found, clicking…
[2026-05-20T08:44:03.835+0000] {docker.py:429} INFO - Row 36: link found, clicking…
[2026-05-20T08:44:06.950+0000] {docker.py:429} INFO - Row 37: link found, clicking…
[2026-05-20T08:44:09.502+0000] {docker.py:429} INFO - Row 38: link found, clicking…
[2026-05-20T08:44:12.567+0000] {docker.py:429} INFO - Row 39: link found, clicking…
[2026-05-20T08:44:15.900+0000] {docker.py:429} INFO - Row 40: link found, clicking…
[2026-05-20T08:44:18.613+0000] {docker.py:429} INFO - Row 41: link found, clicking…
[2026-05-20T08:44:20.528+0000] {docker.py:429} INFO - Row 42: link found, clicking…
[2026-05-20T08:44:22.496+0000] {docker.py:429} INFO - Row 43: link found, clicking…
[2026-05-20T08:44:26.110+0000] {docker.py:429} INFO - Row 44: link found, clicking…
[2026-05-20T08:44:28.377+0000] {docker.py:429} INFO - Row 45: link found, clicking…
[2026-05-20T08:44:31.888+0000] {docker.py:429} INFO - Row 46: link found, clicking…
[2026-05-20T08:44:38.858+0000] {docker.py:429} INFO - Row 47: link found, clicking…
[2026-05-20T08:44:45.031+0000] {docker.py:429} INFO - Row 48: link found, clicking…
[2026-05-20T08:44:51.005+0000] {docker.py:429} INFO - Row 49: link found, clicking…
[2026-05-20T08:44:53.767+0000] {docker.py:429} INFO - Row 50: link found, clicking…
[2026-05-20T08:44:57.335+0000] {docker.py:429} INFO - Row 51: link found, clicking…
[2026-05-20T08:44:59.591+0000] {docker.py:429} INFO - Row 52: link found, clicking…
[2026-05-20T08:45:02.339+0000] {docker.py:429} INFO - Row 53: link found, clicking…
[2026-05-20T08:45:07.404+0000] {docker.py:429} INFO - Row 54: link found, clicking…
[2026-05-20T08:45:10.300+0000] {docker.py:429} INFO - Row 55: link found, clicking…
[2026-05-20T08:45:15.691+0000] {docker.py:429} INFO - Row 56: link found, clicking…
[2026-05-20T08:45:21.149+0000] {docker.py:429} INFO - Row 57: link found, clicking…
[2026-05-20T08:45:23.712+0000] {docker.py:429} INFO - Row 58: link found, clicking…
[2026-05-20T08:45:27.147+0000] {docker.py:429} INFO - Row 59: link found, clicking…
[2026-05-20T08:45:29.433+0000] {docker.py:429} INFO - Row 60: link found, clicking…
[2026-05-20T08:45:32.854+0000] {docker.py:429} INFO - Row 61: link found, clicking…
[2026-05-20T08:45:35.866+0000] {docker.py:429} INFO - Row 62: link found, clicking…
[2026-05-20T08:45:38.510+0000] {docker.py:429} INFO - Row 63: link found, clicking…
[2026-05-20T08:45:40.641+0000] {docker.py:429} INFO - Row 64: link found, clicking…
[2026-05-20T08:45:43.551+0000] {docker.py:429} INFO - Row 65: link found, clicking…
[2026-05-20T08:45:47.421+0000] {docker.py:429} INFO - Row 66: link found, clicking…
[2026-05-20T08:45:51.817+0000] {docker.py:429} INFO - Row 67: link found, clicking…
[2026-05-20T08:45:55.949+0000] {docker.py:429} INFO - Row 68: link found, clicking…
[2026-05-20T08:45:58.053+0000] {docker.py:429} INFO - Row 69: link found, clicking…
[2026-05-20T08:46:00.683+0000] {docker.py:429} INFO - Row 70: link found, clicking…
[2026-05-20T08:46:03.039+0000] {docker.py:429} INFO - Row 71: link found, clicking…
[2026-05-20T08:46:07.361+0000] {docker.py:429} INFO - Row 72: link found, clicking…
[2026-05-20T08:46:10.186+0000] {docker.py:429} INFO - Row 73: link found, clicking…
[2026-05-20T08:46:13.292+0000] {docker.py:429} INFO - Row 74: link found, clicking…
[2026-05-20T08:46:15.372+0000] {docker.py:429} INFO - Row 75: link found, clicking…
[2026-05-20T08:46:17.648+0000] {docker.py:429} INFO - Row 76: link found, clicking…
[2026-05-20T08:46:20.620+0000] {docker.py:429} INFO - Row 77: link found, clicking…
[2026-05-20T08:46:23.659+0000] {docker.py:429} INFO - Row 78: link found, clicking…
[2026-05-20T08:46:26.545+0000] {docker.py:429} INFO - Row 79: link found, clicking…
[2026-05-20T08:46:28.543+0000] {docker.py:429} INFO - Row 80: link found, clicking…
[2026-05-20T08:46:33.017+0000] {docker.py:429} INFO - Row 81: link found, clicking…
[2026-05-20T08:46:35.080+0000] {docker.py:429} INFO - Row 82: link found, clicking…
[2026-05-20T08:46:38.136+0000] {docker.py:429} INFO - Row 83: link found, clicking…
[2026-05-20T08:46:40.837+0000] {docker.py:429} INFO - Row 84: link found, clicking…
[2026-05-20T08:46:43.837+0000] {docker.py:429} INFO - Row 85: link found, clicking…
[2026-05-20T08:46:47.993+0000] {docker.py:429} INFO - Row 86: link found, clicking…
[2026-05-20T08:46:52.903+0000] {docker.py:429} INFO - Row 87: link found, clicking…
[2026-05-20T08:46:56.973+0000] {docker.py:429} INFO - Row 88: link found, clicking…
[2026-05-20T08:47:01.001+0000] {docker.py:429} INFO - Row 89: link found, clicking…
[2026-05-20T08:47:04.222+0000] {docker.py:429} INFO - Row 90: link found, clicking…
[2026-05-20T08:47:06.901+0000] {docker.py:429} INFO - Row 91: link found, clicking…
[2026-05-20T08:47:09.776+0000] {docker.py:429} INFO - Row 92: link found, clicking…
[2026-05-20T08:47:13.673+0000] {docker.py:429} INFO - Row 93: link found, clicking…
[2026-05-20T08:47:16.125+0000] {docker.py:429} INFO - Row 94: link found, clicking…
[2026-05-20T08:47:18.477+0000] {docker.py:429} INFO - Row 95: link found, clicking…
[2026-05-20T08:47:21.274+0000] {docker.py:429} INFO - Row 96: link found, clicking…
[2026-05-20T08:47:24.485+0000] {docker.py:429} INFO - Row 97: link found, clicking…
[2026-05-20T08:47:29.409+0000] {docker.py:429} INFO - Row 98: link found, clicking…
[2026-05-20T08:47:37.777+0000] {docker.py:429} INFO - Row 99: link found, clicking…
[2026-05-20T08:47:41.996+0000] {docker.py:429} INFO - Row 100: link found, clicking…
[2026-05-20T08:47:45.976+0000] {docker.py:429} INFO - Row 101: link found, clicking…
[2026-05-20T08:47:51.904+0000] {docker.py:429} INFO - Row 102: link found, clicking…
[2026-05-20T08:47:55.539+0000] {docker.py:429} INFO - Row 103: link found, clicking…
[2026-05-20T08:47:58.430+0000] {docker.py:429} INFO - Row 104: link found, clicking…
[2026-05-20T08:48:04.396+0000] {docker.py:429} INFO - Row 105: link found, clicking…
[2026-05-20T08:48:09.203+0000] {docker.py:429} INFO - Row 106: link found, clicking…
[2026-05-20T08:48:12.749+0000] {docker.py:429} INFO - Row 107: link found, clicking…
[2026-05-20T08:48:18.237+0000] {docker.py:429} INFO - Row 108: link found, clicking…
[2026-05-20T08:48:20.978+0000] {docker.py:429} INFO - Row 109: link found, clicking…
[2026-05-20T08:48:23.792+0000] {docker.py:429} INFO - Row 110: link found, clicking…
[2026-05-20T08:48:25.749+0000] {docker.py:429} INFO - Row 111: link found, clicking…
[2026-05-20T08:48:27.763+0000] {docker.py:429} INFO - Row 112: link found, clicking…
[2026-05-20T08:48:31.355+0000] {docker.py:429} INFO - Row 113: link found, clicking…
[2026-05-20T08:48:36.745+0000] {docker.py:429} INFO - Row 114: link found, clicking…
[2026-05-20T08:48:38.879+0000] {docker.py:429} INFO - Row 115: link found, clicking…
[2026-05-20T08:48:42.127+0000] {docker.py:429} INFO - Row 116: link found, clicking…
[2026-05-20T08:48:44.206+0000] {docker.py:429} INFO - Row 117: link found, clicking…
[2026-05-20T08:48:50.384+0000] {docker.py:429} INFO - Row 118: link found, clicking…
[2026-05-20T08:48:53.738+0000] {docker.py:429} INFO - Row 119: link found, clicking…
[2026-05-20T08:48:56.689+0000] {docker.py:429} INFO - Row 120: link found, clicking…
[2026-05-20T08:49:00.853+0000] {docker.py:429} INFO - Row 121: link found, clicking…
[2026-05-20T08:49:04.160+0000] {docker.py:429} INFO - Row 122: link found, clicking…
[2026-05-20T08:49:07.656+0000] {docker.py:429} INFO - Row 123: link found, clicking…
[2026-05-20T08:49:10.914+0000] {docker.py:429} INFO - Row 124: link found, clicking…
[2026-05-20T08:49:13.436+0000] {docker.py:429} INFO - Row 125: link found, clicking…
[2026-05-20T08:49:17.797+0000] {docker.py:429} INFO - Row 126: link found, clicking…
[2026-05-20T08:49:20.563+0000] {docker.py:429} INFO - Row 127: link found, clicking…
[2026-05-20T08:49:23.567+0000] {docker.py:429} INFO - Row 128: link found, clicking…
[2026-05-20T08:49:27.153+0000] {docker.py:429} INFO - Row 129: link found, clicking…
[2026-05-20T08:49:29.656+0000] {docker.py:429} INFO - Row 130: link found, clicking…
[2026-05-20T08:49:35.162+0000] {docker.py:429} INFO - Row 131: link found, clicking…
[2026-05-20T08:49:39.676+0000] {docker.py:429} INFO - Final unique records: 75
[2026-05-20T08:49:40.594+0000] {docker.py:429} INFO - Saved → /app/data/inegi_playwright.json
ERROR: Event loop is closed! Is Playwright already stopped?
[2026-05-20T08:49:47.067+0000] {taskinstance.py:1149} INFO - Marking task as SUCCESS. dag_id=inegi_playwright, task_id=run_inegi_playwright, execution_date=20260520T084027, start_date=20260520T084041, end_date=20260520T084947
[2026-05-20T08:49:47.839+0000] {local_task_job_runner.py:234} INFO - Task exited with return code 0
[2026-05-20T08:49:48.104+0000] {taskinstance.py:3309} INFO - 1 downstream tasks scheduled from follow-on schedule check
