[2026-05-18T15:35:29.885+0000] {taskinstance.py:1979} INFO - Dependencies all met for dep_context=non-requeueable deps ti=<TaskInstance: inegi_playwright.run_inegi_playwright manual__2026-05-18T15:35:18.461474+00:00 [queued]>
[2026-05-18T15:35:29.907+0000] {taskinstance.py:1979} INFO - Dependencies all met for dep_context=requeueable deps ti=<TaskInstance: inegi_playwright.run_inegi_playwright manual__2026-05-18T15:35:18.461474+00:00 [queued]>
[2026-05-18T15:35:29.909+0000] {taskinstance.py:2193} INFO - Starting attempt 1 of 1
[2026-05-18T15:35:29.943+0000] {taskinstance.py:2214} INFO - Executing <Task(DockerOperator): run_inegi_playwright> on 2026-05-18 15:35:18.461474+00:00
[2026-05-18T15:35:29.955+0000] {standard_task_runner.py:60} INFO - Started process 724 to run task
[2026-05-18T15:35:29.977+0000] {standard_task_runner.py:87} INFO - Running: ['***', 'tasks', 'run', 'inegi_playwright', 'run_inegi_playwright', 'manual__2026-05-18T15:35:18.461474+00:00', '--job-id', '69', '--raw', '--subdir', 'DAGS_FOLDER/inegi_playwright_dag.py', '--cfg-path', '/tmp/tmpjo73dcbs']
[2026-05-18T15:35:29.984+0000] {standard_task_runner.py:88} INFO - Job 69: Subtask run_inegi_playwright
[2026-05-18T15:35:30.198+0000] {task_command.py:423} INFO - Running <TaskInstance: inegi_playwright.run_inegi_playwright manual__2026-05-18T15:35:18.461474+00:00 [running]> on host f39b18a112ca
[2026-05-18T15:35:30.670+0000] {taskinstance.py:2510} INFO - Exporting env vars: AIRFLOW_CTX_DAG_OWNER='***' AIRFLOW_CTX_DAG_ID='inegi_playwright' AIRFLOW_CTX_TASK_ID='run_inegi_playwright' AIRFLOW_CTX_EXECUTION_DATE='2026-05-18T15:35:18.461474+00:00' AIRFLOW_CTX_TRY_NUMBER='1' AIRFLOW_CTX_DAG_RUN_ID='manual__2026-05-18T15:35:18.461474+00:00'
[2026-05-18T15:35:31.564+0000] {docker.py:359} INFO - Starting docker container from image inegi-playwright:v1
[2026-05-18T15:36:04.892+0000] {docker.py:429} INFO - The page is opening...
[2026-05-18T15:36:15.374+0000] {docker.py:429} INFO - iframe found: https://www3.inegi.org.mx/sistemas/ci/relps/
[2026-05-18T15:36:25.124+0000] {docker.py:429} INFO - Total rows: 132
[2026-05-18T15:36:25.160+0000] {docker.py:429} INFO - Row 0: no column, skipping
[2026-05-18T15:36:25.390+0000] {docker.py:429} INFO - Row 1: link found, clicking…
[2026-05-18T15:36:53.680+0000] {docker.py:429} INFO - Row 2: link found, clicking…
[2026-05-18T15:36:56.630+0000] {docker.py:429} INFO - Row 3: link found, clicking…
[2026-05-18T15:37:01.292+0000] {docker.py:429} INFO - Row 4: link found, clicking…
[2026-05-18T15:37:03.919+0000] {docker.py:429} INFO - Row 5: link found, clicking…
[2026-05-18T15:37:06.596+0000] {docker.py:429} INFO - Row 6: link found, clicking…
[2026-05-18T15:37:09.552+0000] {docker.py:429} INFO - Row 7: link found, clicking…
[2026-05-18T15:37:12.179+0000] {docker.py:429} INFO - Row 8: link found, clicking…
[2026-05-18T15:37:14.064+0000] {docker.py:429} INFO - Row 9: link found, clicking…
[2026-05-18T15:37:17.524+0000] {docker.py:429} INFO - Row 10: link found, clicking…
[2026-05-18T15:37:23.122+0000] {docker.py:429} INFO - Row 11: link found, clicking…
[2026-05-18T15:37:25.412+0000] {docker.py:429} INFO - Row 12: link found, clicking…
[2026-05-18T15:37:30.360+0000] {docker.py:429} INFO - Row 13: link found, clicking…
[2026-05-18T15:37:34.722+0000] {docker.py:429} INFO - Row 14: link found, clicking…
[2026-05-18T15:37:37.309+0000] {docker.py:429} INFO - Row 15: link found, clicking…
[2026-05-18T15:37:40.569+0000] {docker.py:429} INFO - Row 16: link found, clicking…
[2026-05-18T15:37:42.938+0000] {docker.py:429} INFO - Row 17: link found, clicking…
[2026-05-18T15:37:45.628+0000] {docker.py:429} INFO - Row 18: link found, clicking…
[2026-05-18T15:37:48.025+0000] {docker.py:429} INFO - Row 19: link found, clicking…
[2026-05-18T15:37:51.996+0000] {docker.py:429} INFO - Row 20: link found, clicking…
[2026-05-18T15:37:54.724+0000] {docker.py:429} INFO - Row 21: link found, clicking…
[2026-05-18T15:37:57.142+0000] {docker.py:429} INFO - Row 22: link found, clicking…
[2026-05-18T15:38:00.740+0000] {docker.py:429} INFO - Row 23: link found, clicking…
[2026-05-18T15:38:03.857+0000] {docker.py:429} INFO - Row 24: link found, clicking…
[2026-05-18T15:38:07.039+0000] {docker.py:429} INFO - Row 25: link found, clicking…
[2026-05-18T15:38:10.567+0000] {docker.py:429} INFO - Row 26: link found, clicking…
[2026-05-18T15:38:12.680+0000] {docker.py:429} INFO - Row 27: link found, clicking…
[2026-05-18T15:38:15.638+0000] {docker.py:429} INFO - Row 28: link found, clicking…
[2026-05-18T15:38:18.246+0000] {docker.py:429} INFO - Row 29: link found, clicking…
[2026-05-18T15:38:22.698+0000] {docker.py:429} INFO - Row 30: link found, clicking…
[2026-05-18T15:38:25.580+0000] {docker.py:429} INFO - Row 31: link found, clicking…
[2026-05-18T15:38:28.502+0000] {docker.py:429} INFO - Row 32: link found, clicking…
[2026-05-18T15:38:31.386+0000] {docker.py:429} INFO - Row 33: link found, clicking…
[2026-05-18T15:38:35.163+0000] {docker.py:429} INFO - Row 34: link found, clicking…
[2026-05-18T15:38:40.336+0000] {docker.py:429} INFO - Row 35: link found, clicking…
[2026-05-18T15:38:43.572+0000] {docker.py:429} INFO - Row 36: link found, clicking…
[2026-05-18T15:38:45.930+0000] {docker.py:429} INFO - Row 37: link found, clicking…
[2026-05-18T15:38:49.451+0000] {docker.py:429} INFO - Row 38: link found, clicking…
[2026-05-18T15:39:01.010+0000] {docker.py:429} INFO - Row 39: link found, clicking…
[2026-05-18T15:39:19.654+0000] {docker.py:429} INFO - Row 40: link found, clicking…
[2026-05-18T15:39:34.349+0000] {docker.py:429} INFO - Row 41: link found, clicking…
[2026-05-18T15:39:43.363+0000] {docker.py:429} INFO - Row 42: link found, clicking…
[2026-05-18T15:39:50.968+0000] {docker.py:429} INFO - Row 43: link found, clicking…
[2026-05-18T15:39:56.129+0000] {docker.py:429} INFO - Row 44: link found, clicking…
[2026-05-18T15:40:00.927+0000] {docker.py:429} INFO - Row 45: link found, clicking…
[2026-05-18T15:40:04.591+0000] {docker.py:429} INFO - Row 46: link found, clicking…
[2026-05-18T15:40:08.329+0000] {docker.py:429} INFO - Row 47: link found, clicking…
[2026-05-18T15:40:12.452+0000] {docker.py:429} INFO - Row 48: link found, clicking…
[2026-05-18T15:40:17.451+0000] {docker.py:429} INFO - Row 49: link found, clicking…
[2026-05-18T15:40:22.786+0000] {docker.py:429} INFO - Row 50: link found, clicking…
[2026-05-18T15:40:26.080+0000] {docker.py:429} INFO - Row 51: link found, clicking…
[2026-05-18T15:40:30.902+0000] {docker.py:429} INFO - Row 52: link found, clicking…
[2026-05-18T15:40:34.916+0000] {docker.py:429} INFO - Row 53: link found, clicking…
[2026-05-18T15:40:38.490+0000] {docker.py:429} INFO - Row 54: link found, clicking…
[2026-05-18T15:40:42.144+0000] {docker.py:429} INFO - Row 55: link found, clicking…
[2026-05-18T15:40:46.114+0000] {docker.py:429} INFO - Row 56: link found, clicking…
[2026-05-18T15:40:50.422+0000] {docker.py:429} INFO - Row 57: link found, clicking…
[2026-05-18T15:40:54.147+0000] {docker.py:429} INFO - Row 58: link found, clicking…
[2026-05-18T15:41:00.533+0000] {docker.py:429} INFO - Row 59: link found, clicking…
[2026-05-18T15:41:03.779+0000] {docker.py:429} INFO - Row 60: link found, clicking…
[2026-05-18T15:41:07.132+0000] {docker.py:429} INFO - Row 61: link found, clicking…
[2026-05-18T15:41:11.675+0000] {docker.py:429} INFO - Row 62: link found, clicking…
[2026-05-18T15:41:16.562+0000] {docker.py:429} INFO - Row 63: link found, clicking…
[2026-05-18T15:41:21.811+0000] {docker.py:429} INFO - Row 64: link found, clicking…
[2026-05-18T15:41:25.440+0000] {docker.py:429} INFO - Row 65: link found, clicking…
[2026-05-18T15:41:29.338+0000] {docker.py:429} INFO - Row 66: link found, clicking…
[2026-05-18T15:41:32.998+0000] {docker.py:429} INFO - Row 67: link found, clicking…
[2026-05-18T15:41:35.995+0000] {docker.py:429} INFO - Row 68: link found, clicking…
[2026-05-18T15:41:41.332+0000] {docker.py:429} INFO - Row 69: link found, clicking…
[2026-05-18T15:41:44.854+0000] {docker.py:429} INFO - Row 70: link found, clicking…
[2026-05-18T15:41:49.357+0000] {docker.py:429} INFO - Row 71: link found, clicking…
[2026-05-18T15:41:53.355+0000] {docker.py:429} INFO - Row 72: link found, clicking…
[2026-05-18T15:41:56.474+0000] {docker.py:429} INFO - Row 73: link found, clicking…
[2026-05-18T15:42:01.806+0000] {docker.py:429} INFO - Row 74: link found, clicking…
[2026-05-18T15:42:05.474+0000] {docker.py:429} INFO - Row 75: link found, clicking…
[2026-05-18T15:42:08.704+0000] {docker.py:429} INFO - Row 76: link found, clicking…
[2026-05-18T15:42:12.819+0000] {docker.py:429} INFO - Row 77: link found, clicking…
[2026-05-18T15:42:16.649+0000] {docker.py:429} INFO - Row 78: link found, clicking…
[2026-05-18T15:42:22.808+0000] {docker.py:429} INFO - Row 79: link found, clicking…
[2026-05-18T15:42:25.884+0000] {docker.py:429} INFO - Row 80: link found, clicking…
[2026-05-18T15:42:29.763+0000] {docker.py:429} INFO - Row 81: link found, clicking…
[2026-05-18T15:42:34.443+0000] {docker.py:429} INFO - Row 82: link found, clicking…
[2026-05-18T15:42:37.612+0000] {docker.py:429} INFO - Row 83: link found, clicking…
[2026-05-18T15:42:42.181+0000] {docker.py:429} INFO - Row 84: link found, clicking…
[2026-05-18T15:42:45.676+0000] {docker.py:429} INFO - Row 85: link found, clicking…
[2026-05-18T15:42:50.785+0000] {docker.py:429} INFO - Row 86: link found, clicking…
[2026-05-18T15:42:54.941+0000] {docker.py:429} INFO - Row 87: link found, clicking…
[2026-05-18T15:42:58.605+0000] {docker.py:429} INFO - Row 88: link found, clicking…
[2026-05-18T15:43:03.553+0000] {docker.py:429} INFO - Row 89: link found, clicking…
[2026-05-18T15:43:08.850+0000] {docker.py:429} INFO - Row 90: link found, clicking…
[2026-05-18T15:43:13.511+0000] {docker.py:429} INFO - Row 91: link found, clicking…
[2026-05-18T15:43:17.166+0000] {docker.py:429} INFO - Row 92: link found, clicking…
[2026-05-18T15:43:23.197+0000] {docker.py:429} INFO - Row 93: link found, clicking…
[2026-05-18T15:43:26.531+0000] {docker.py:429} INFO - Row 94: link found, clicking…
[2026-05-18T15:43:30.755+0000] {docker.py:429} INFO - Row 95: link found, clicking…
[2026-05-18T15:43:34.405+0000] {docker.py:429} INFO - Row 96: link found, clicking…
[2026-05-18T15:43:37.380+0000] {docker.py:429} INFO - Row 97: link found, clicking…
[2026-05-18T15:43:41.729+0000] {docker.py:429} INFO - Row 98: link found, clicking…
[2026-05-18T15:43:44.852+0000] {docker.py:429} INFO - Row 99: link found, clicking…
[2026-05-18T15:43:48.408+0000] {docker.py:429} INFO - Row 100: link found, clicking…
[2026-05-18T15:43:52.259+0000] {docker.py:429} INFO - Row 101: link found, clicking…
[2026-05-18T15:43:55.819+0000] {docker.py:429} INFO - Row 102: link found, clicking…
[2026-05-18T15:44:00.685+0000] {docker.py:429} INFO - Row 103: link found, clicking…
[2026-05-18T15:44:04.894+0000] {docker.py:429} INFO - Row 104: link found, clicking…
[2026-05-18T15:44:07.842+0000] {docker.py:429} INFO - Row 105: link found, clicking…
[2026-05-18T15:44:12.365+0000] {docker.py:429} INFO - Row 106: link found, clicking…
[2026-05-18T15:44:16.293+0000] {docker.py:429} INFO - Row 107: link found, clicking…
[2026-05-18T15:44:20.088+0000] {docker.py:429} INFO - Row 108: link found, clicking…
[2026-05-18T15:44:25.289+0000] {docker.py:429} INFO - Row 109: link found, clicking…
[2026-05-18T15:44:30.915+0000] {docker.py:429} INFO - Row 110: link found, clicking…
[2026-05-18T15:44:34.298+0000] {docker.py:429} INFO - Row 111: link found, clicking…
[2026-05-18T15:44:36.804+0000] {docker.py:429} INFO - Row 112: link found, clicking…
[2026-05-18T15:44:40.420+0000] {docker.py:429} INFO - Row 113: link found, clicking…
[2026-05-18T15:44:42.788+0000] {docker.py:429} INFO - Row 114: link found, clicking…
[2026-05-18T15:44:45.226+0000] {docker.py:429} INFO - Row 115: link found, clicking…
[2026-05-18T15:44:47.697+0000] {docker.py:429} INFO - Row 116: link found, clicking…
[2026-05-18T15:44:50.676+0000] {docker.py:429} INFO - Row 117: link found, clicking…
[2026-05-18T15:44:53.510+0000] {docker.py:429} INFO - Row 118: link found, clicking…
[2026-05-18T15:44:56.272+0000] {docker.py:429} INFO - Row 119: link found, clicking…
[2026-05-18T15:45:00.544+0000] {docker.py:429} INFO - Row 120: link found, clicking…
[2026-05-18T15:45:03.303+0000] {docker.py:429} INFO - Row 121: link found, clicking…
[2026-05-18T15:45:05.479+0000] {docker.py:429} INFO - Row 122: link found, clicking…
[2026-05-18T15:45:08.793+0000] {docker.py:429} INFO - Row 123: link found, clicking…
[2026-05-18T15:45:13.632+0000] {docker.py:429} INFO - Row 124: link found, clicking…
[2026-05-18T15:45:16.697+0000] {docker.py:429} INFO - Row 125: link found, clicking…
[2026-05-18T15:45:19.102+0000] {docker.py:429} INFO - Row 126: link found, clicking…
[2026-05-18T15:45:23.063+0000] {docker.py:429} INFO - Row 127: link found, clicking…
[2026-05-18T15:45:25.175+0000] {docker.py:429} INFO - Row 128: link found, clicking…
[2026-05-18T15:45:30.169+0000] {docker.py:429} INFO - Row 129: link found, clicking…
[2026-05-18T15:45:34.756+0000] {docker.py:429} INFO - Row 130: link found, clicking…
[2026-05-18T15:45:36.853+0000] {docker.py:429} INFO - Row 131: link found, clicking…
[2026-05-18T15:45:39.239+0000] {docker.py:429} INFO - Final unique records: 75
[2026-05-18T15:45:40.288+0000] {docker.py:429} INFO - Saved → /app/data/inegi_playwright.json
ERROR: Event loop is closed! Is Playwright already stopped?
[2026-05-18T15:45:41.063+0000] {taskinstance.py:1149} INFO - Marking task as SUCCESS. dag_id=inegi_playwright, task_id=run_inegi_playwright, execution_date=20260518T153518, start_date=20260518T153529, end_date=20260518T154541
[2026-05-18T15:45:41.327+0000] {local_task_job_runner.py:234} INFO - Task exited with return code 0
[2026-05-18T15:45:42.131+0000] {taskinstance.py:3309} INFO - 0 downstream tasks scheduled from follow-on schedule check
