[2026-05-18T14:26:15.771+0000] {taskinstance.py:1979} INFO - Dependencies all met for dep_context=non-requeueable deps ti=<TaskInstance: inegi_playwright.run_inegi_playwright manual__2026-05-18T14:26:01.538887+00:00 [queued]>
[2026-05-18T14:26:15.999+0000] {taskinstance.py:1979} INFO - Dependencies all met for dep_context=requeueable deps ti=<TaskInstance: inegi_playwright.run_inegi_playwright manual__2026-05-18T14:26:01.538887+00:00 [queued]>
[2026-05-18T14:26:16.033+0000] {taskinstance.py:2193} INFO - Starting attempt 1 of 1
[2026-05-18T14:26:19.787+0000] {taskinstance.py:2214} INFO - Executing <Task(DockerOperator): run_inegi_playwright> on 2026-05-18 14:26:01.538887+00:00
[2026-05-18T14:26:20.170+0000] {standard_task_runner.py:60} INFO - Started process 803 to run task
[2026-05-18T14:26:20.189+0000] {standard_task_runner.py:87} INFO - Running: ['***', 'tasks', 'run', 'inegi_playwright', 'run_inegi_playwright', 'manual__2026-05-18T14:26:01.538887+00:00', '--job-id', '62', '--raw', '--subdir', 'DAGS_FOLDER/inegi_playwright_dag.py', '--cfg-path', '/tmp/tmpfdwithyz']
[2026-05-18T14:26:20.201+0000] {standard_task_runner.py:88} INFO - Job 62: Subtask run_inegi_playwright
[2026-05-18T14:26:22.143+0000] {task_command.py:423} INFO - Running <TaskInstance: inegi_playwright.run_inegi_playwright manual__2026-05-18T14:26:01.538887+00:00 [running]> on host f39b18a112ca
[2026-05-18T14:26:22.558+0000] {taskinstance.py:2510} INFO - Exporting env vars: AIRFLOW_CTX_DAG_OWNER='***' AIRFLOW_CTX_DAG_ID='inegi_playwright' AIRFLOW_CTX_TASK_ID='run_inegi_playwright' AIRFLOW_CTX_EXECUTION_DATE='2026-05-18T14:26:01.538887+00:00' AIRFLOW_CTX_TRY_NUMBER='1' AIRFLOW_CTX_DAG_RUN_ID='manual__2026-05-18T14:26:01.538887+00:00'
[2026-05-18T14:26:22.767+0000] {docker.py:359} INFO - Starting docker container from image inegi-playwright:v1
[2026-05-18T14:26:41.694+0000] {docker.py:429} INFO - The page is opening...
[2026-05-18T14:26:47.964+0000] {docker.py:429} INFO - iframe found: https://www3.inegi.org.mx/sistemas/ci/relps/
[2026-05-18T14:26:52.465+0000] {docker.py:429} INFO - Total rows: 132
[2026-05-18T14:26:52.511+0000] {docker.py:429} INFO - Row 0: no column, skipping
[2026-05-18T14:26:52.583+0000] {docker.py:429} INFO - Row 1: link found, clicking…
[2026-05-18T14:27:12.757+0000] {docker.py:429} INFO - Row 2: link found, clicking…
[2026-05-18T14:27:29.844+0000] {docker.py:429} INFO - Row 3: link found, clicking…
[2026-05-18T14:27:34.860+0000] {docker.py:429} INFO - Row 4: link found, clicking…
[2026-05-18T14:27:39.007+0000] {docker.py:429} INFO - Row 5: link found, clicking…
[2026-05-18T14:27:44.693+0000] {docker.py:429} INFO - Row 6: link found, clicking…
[2026-05-18T14:27:52.083+0000] {docker.py:429} INFO - Row 7: link found, clicking…
[2026-05-18T14:27:59.034+0000] {docker.py:429} INFO - Row 8: link found, clicking…
[2026-05-18T14:28:09.348+0000] {docker.py:429} INFO - Row 9: link found, clicking…
[2026-05-18T14:28:18.770+0000] {docker.py:429} INFO - Row 10: link found, clicking…
[2026-05-18T14:28:30.100+0000] {docker.py:429} INFO - Row 11: link found, clicking…
[2026-05-18T14:29:13.508+0000] {docker.py:429} INFO - ERROR: Locator.click: Timeout 30000ms exceeded.
Call log:
  - waiting for locator("//*[contains(@id,'btnRegresar')]")
    - locator resolved to <input type="submit" value="Cancelar" id="cphContenido_btnRegresar" name="ctl00$cphContenido$btnRegresar"/>
  - attempting click action
    - waiting for element to be visible, enabled and stable
    - element is visible, enabled and stable
    - scrolling into view if needed
    - done scrolling
    - performing click action
    - click action done
    - waiting for scheduled navigations to finish
[2026-05-18T14:29:16.409+0000] {taskinstance.py:1149} INFO - Marking task as SUCCESS. dag_id=inegi_playwright, task_id=run_inegi_playwright, execution_date=20260518T142601, start_date=20260518T142615, end_date=20260518T142916
[2026-05-18T14:29:16.899+0000] {local_task_job_runner.py:234} INFO - Task exited with return code 0
[2026-05-18T14:29:17.388+0000] {taskinstance.py:3309} INFO - 1 downstream tasks scheduled from follow-on schedule check
