[2026-05-22T08:12:45.659+0000] {taskinstance.py:1979} INFO - Dependencies all met for dep_context=non-requeueable deps ti=<TaskInstance: merge_all_scrapers.merge_all_outputs manual__2026-05-22T08:12:38.227826+00:00 [queued]>
[2026-05-22T08:12:45.711+0000] {taskinstance.py:1979} INFO - Dependencies all met for dep_context=requeueable deps ti=<TaskInstance: merge_all_scrapers.merge_all_outputs manual__2026-05-22T08:12:38.227826+00:00 [queued]>
[2026-05-22T08:12:45.737+0000] {taskinstance.py:2193} INFO - Starting attempt 1 of 1
[2026-05-22T08:12:45.846+0000] {taskinstance.py:2214} INFO - Executing <Task(PythonOperator): merge_all_outputs> on 2026-05-22 08:12:38.227826+00:00
[2026-05-22T08:12:45.883+0000] {standard_task_runner.py:60} INFO - Started process 881 to run task
[2026-05-22T08:12:45.912+0000] {standard_task_runner.py:87} INFO - Running: ['***', 'tasks', 'run', 'merge_all_scrapers', 'merge_all_outputs', 'manual__2026-05-22T08:12:38.227826+00:00', '--job-id', '191', '--raw', '--subdir', 'DAGS_FOLDER/merge_dag.py', '--cfg-path', '/tmp/tmprywfjm5i']
[2026-05-22T08:12:45.956+0000] {standard_task_runner.py:88} INFO - Job 191: Subtask merge_all_outputs
[2026-05-22T08:12:46.832+0000] {task_command.py:423} INFO - Running <TaskInstance: merge_all_scrapers.merge_all_outputs manual__2026-05-22T08:12:38.227826+00:00 [running]> on host f39b18a112ca
[2026-05-22T08:12:47.581+0000] {taskinstance.py:2510} INFO - Exporting env vars: AIRFLOW_CTX_DAG_OWNER='***' AIRFLOW_CTX_DAG_ID='merge_all_scrapers' AIRFLOW_CTX_TASK_ID='merge_all_outputs' AIRFLOW_CTX_EXECUTION_DATE='2026-05-22T08:12:38.227826+00:00' AIRFLOW_CTX_TRY_NUMBER='1' AIRFLOW_CTX_DAG_RUN_ID='manual__2026-05-22T08:12:38.227826+00:00'
[2026-05-22T08:12:47.898+0000] {logging_mixin.py:188} INFO - 📂 DATA PATH: /opt/***/data
[2026-05-22T08:12:48.071+0000] {logging_mixin.py:188} INFO - 
📄 READING JSON: eu_fsf_sanctions.json
[2026-05-22T08:12:49.247+0000] {logging_mixin.py:188} INFO - 
📄 READING JSON: inegi_playwright.json
[2026-05-22T08:12:50.564+0000] {logging_mixin.py:188} INFO - 
📄 READING JSON: inegi_scraper.json
[2026-05-22T08:12:50.668+0000] {logging_mixin.py:188} INFO - 
🗄️ READING DB: kaldata.db
[2026-05-22T08:13:05.889+0000] {logging_mixin.py:188} INFO - 
🗄️ READING DB: telegraph.db
[2026-05-22T08:13:17.021+0000] {logging_mixin.py:188} INFO - 
📦 TOTAL BEFORE DEDUP: 6278
[2026-05-22T08:13:17.281+0000] {logging_mixin.py:188} INFO - 🧹 AFTER DEDUP: 6274
[2026-05-22T08:13:17.469+0000] {base.py:83} INFO - Using connection ID 'postgres_default' for task execution.
[2026-05-22T08:13:34.540+0000] {logging_mixin.py:188} INFO - 💾 JSON OUTPUT: /opt/***/data/final_output.json
[2026-05-22T08:13:34.579+0000] {logging_mixin.py:188} INFO - 🔓 LOCK REMOVED
[2026-05-22T08:13:34.595+0000] {python.py:202} INFO - Done. Returned value was: None
[2026-05-22T08:13:34.782+0000] {taskinstance.py:1149} INFO - Marking task as SUCCESS. dag_id=merge_all_scrapers, task_id=merge_all_outputs, execution_date=20260522T081238, start_date=20260522T081245, end_date=20260522T081334
[2026-05-22T08:13:34.997+0000] {local_task_job_runner.py:234} INFO - Task exited with return code 0
[2026-05-22T08:13:35.378+0000] {taskinstance.py:3309} INFO - 0 downstream tasks scheduled from follow-on schedule check
