[2026-05-20T06:41:33.840+0000] {taskinstance.py:1979} INFO - Dependencies all met for dep_context=non-requeueable deps ti=<TaskInstance: merge_all_scrapers.merge_all_outputs manual__2026-05-20T06:40:29.426059+00:00 [queued]>
[2026-05-20T06:41:33.910+0000] {taskinstance.py:1979} INFO - Dependencies all met for dep_context=requeueable deps ti=<TaskInstance: merge_all_scrapers.merge_all_outputs manual__2026-05-20T06:40:29.426059+00:00 [queued]>
[2026-05-20T06:41:33.911+0000] {taskinstance.py:2193} INFO - Starting attempt 1 of 1
[2026-05-20T06:41:34.161+0000] {taskinstance.py:2214} INFO - Executing <Task(PythonOperator): merge_all_outputs> on 2026-05-20 06:40:29.426059+00:00
[2026-05-20T06:41:34.191+0000] {standard_task_runner.py:60} INFO - Started process 279 to run task
[2026-05-20T06:41:34.215+0000] {standard_task_runner.py:87} INFO - Running: ['***', 'tasks', 'run', 'merge_all_scrapers', 'merge_all_outputs', 'manual__2026-05-20T06:40:29.426059+00:00', '--job-id', '84', '--raw', '--subdir', 'DAGS_FOLDER/merge_dag.py', '--cfg-path', '/tmp/tmpgndcojw3']
[2026-05-20T06:41:34.224+0000] {standard_task_runner.py:88} INFO - Job 84: Subtask merge_all_outputs
[2026-05-20T06:41:34.740+0000] {task_command.py:423} INFO - Running <TaskInstance: merge_all_scrapers.merge_all_outputs manual__2026-05-20T06:40:29.426059+00:00 [running]> on host f39b18a112ca
[2026-05-20T06:41:36.223+0000] {taskinstance.py:2510} INFO - Exporting env vars: AIRFLOW_CTX_DAG_OWNER='***' AIRFLOW_CTX_DAG_ID='merge_all_scrapers' AIRFLOW_CTX_TASK_ID='merge_all_outputs' AIRFLOW_CTX_EXECUTION_DATE='2026-05-20T06:40:29.426059+00:00' AIRFLOW_CTX_TRY_NUMBER='1' AIRFLOW_CTX_DAG_RUN_ID='manual__2026-05-20T06:40:29.426059+00:00'
[2026-05-20T06:41:36.524+0000] {logging_mixin.py:188} INFO - 📂 DATA PATH: /opt/***/data
[2026-05-20T06:41:36.569+0000] {logging_mixin.py:188} INFO - 
📄 READING JSON: eu_fsf_sanctions.json
[2026-05-20T06:41:37.381+0000] {logging_mixin.py:188} INFO - 
📄 READING JSON: inegi_playwright.json
[2026-05-20T06:41:37.659+0000] {logging_mixin.py:188} INFO - 
📄 READING JSON: inegi_scraper.json
[2026-05-20T06:41:37.787+0000] {logging_mixin.py:188} INFO - 
🗄️ READING DB: kaldata.db
[2026-05-20T06:41:38.286+0000] {logging_mixin.py:188} INFO - 
🗄️ READING DB: telegraph.db
[2026-05-20T06:41:38.716+0000] {logging_mixin.py:188} INFO - 
📦 TOTAL BEFORE DEDUP: 6156
[2026-05-20T06:41:38.966+0000] {logging_mixin.py:188} INFO - 🧹 AFTER DEDUP: 6152
[2026-05-20T06:41:39.379+0000] {base.py:83} INFO - Using connection ID 'postgres_default' for task execution.
[2026-05-20T06:42:19.112+0000] {logging_mixin.py:188} INFO - 💾 JSON OUTPUT: /opt/***/data/final_output.json
[2026-05-20T06:42:19.132+0000] {logging_mixin.py:188} INFO - 🔓 LOCK REMOVED
[2026-05-20T06:42:19.138+0000] {python.py:202} INFO - Done. Returned value was: None
[2026-05-20T06:42:19.242+0000] {taskinstance.py:1149} INFO - Marking task as SUCCESS. dag_id=merge_all_scrapers, task_id=merge_all_outputs, execution_date=20260520T064029, start_date=20260520T064133, end_date=20260520T064219
[2026-05-20T06:42:19.404+0000] {local_task_job_runner.py:234} INFO - Task exited with return code 0
[2026-05-20T06:42:19.581+0000] {taskinstance.py:3309} INFO - 0 downstream tasks scheduled from follow-on schedule check
