[2026-05-13T14:08:45.890+0000] {taskinstance.py:1979} INFO - Dependencies all met for dep_context=non-requeueable deps ti=<TaskInstance: kaldata_scraper.trigger_merge scheduled__2026-05-12T00:00:00+00:00 [queued]>
[2026-05-13T14:08:46.216+0000] {taskinstance.py:1979} INFO - Dependencies all met for dep_context=requeueable deps ti=<TaskInstance: kaldata_scraper.trigger_merge scheduled__2026-05-12T00:00:00+00:00 [queued]>
[2026-05-13T14:08:46.241+0000] {taskinstance.py:2193} INFO - Starting attempt 1 of 2
[2026-05-13T14:08:46.717+0000] {taskinstance.py:2214} INFO - Executing <Task(TriggerDagRunOperator): trigger_merge> on 2026-05-12 00:00:00+00:00
[2026-05-13T14:08:46.821+0000] {standard_task_runner.py:60} INFO - Started process 1779 to run task
[2026-05-13T14:08:47.009+0000] {standard_task_runner.py:87} INFO - Running: ['***', 'tasks', 'run', 'kaldata_scraper', 'trigger_merge', 'scheduled__2026-05-12T00:00:00+00:00', '--job-id', '14', '--raw', '--subdir', 'DAGS_FOLDER/kaldata_dag.py', '--cfg-path', '/tmp/tmpkaukjojr']
[2026-05-13T14:08:47.117+0000] {standard_task_runner.py:88} INFO - Job 14: Subtask trigger_merge
[2026-05-13T14:08:47.821+0000] {task_command.py:423} INFO - Running <TaskInstance: kaldata_scraper.trigger_merge scheduled__2026-05-12T00:00:00+00:00 [running]> on host e85744e68698
[2026-05-13T14:08:48.821+0000] {taskinstance.py:2510} INFO - Exporting env vars: AIRFLOW_CTX_DAG_OWNER='***' AIRFLOW_CTX_DAG_ID='kaldata_scraper' AIRFLOW_CTX_TASK_ID='trigger_merge' AIRFLOW_CTX_EXECUTION_DATE='2026-05-12T00:00:00+00:00' AIRFLOW_CTX_TRY_NUMBER='1' AIRFLOW_CTX_DAG_RUN_ID='scheduled__2026-05-12T00:00:00+00:00'
[2026-05-13T14:08:50.248+0000] {taskinstance.py:1149} INFO - Marking task as SUCCESS. dag_id=kaldata_scraper, task_id=trigger_merge, execution_date=20260512T000000, start_date=20260513T140845, end_date=20260513T140850
[2026-05-13T14:08:50.418+0000] {local_task_job_runner.py:234} INFO - Task exited with return code 0
[2026-05-13T14:08:50.589+0000] {taskinstance.py:3309} INFO - 0 downstream tasks scheduled from follow-on schedule check
[2026-05-13T15:17:57.676+0000] {taskinstance.py:1979} INFO - Dependencies all met for dep_context=non-requeueable deps ti=<TaskInstance: kaldata_scraper.trigger_merge scheduled__2026-05-12T00:00:00+00:00 [queued]>
[2026-05-13T15:17:57.843+0000] {taskinstance.py:1979} INFO - Dependencies all met for dep_context=requeueable deps ti=<TaskInstance: kaldata_scraper.trigger_merge scheduled__2026-05-12T00:00:00+00:00 [queued]>
[2026-05-13T15:17:57.889+0000] {taskinstance.py:2193} INFO - Starting attempt 1 of 2
[2026-05-13T15:17:58.102+0000] {taskinstance.py:2214} INFO - Executing <Task(TriggerDagRunOperator): trigger_merge> on 2026-05-12 00:00:00+00:00
[2026-05-13T15:17:58.247+0000] {standard_task_runner.py:60} INFO - Started process 1679 to run task
[2026-05-13T15:17:58.531+0000] {standard_task_runner.py:87} INFO - Running: ['***', 'tasks', 'run', 'kaldata_scraper', 'trigger_merge', 'scheduled__2026-05-12T00:00:00+00:00', '--job-id', '15', '--raw', '--subdir', 'DAGS_FOLDER/kaldata_dag.py', '--cfg-path', '/tmp/tmp3_m7ys9l']
[2026-05-13T15:17:58.634+0000] {standard_task_runner.py:88} INFO - Job 15: Subtask trigger_merge
[2026-05-13T15:18:02.201+0000] {task_command.py:423} INFO - Running <TaskInstance: kaldata_scraper.trigger_merge scheduled__2026-05-12T00:00:00+00:00 [running]> on host ab149d976c2e
[2026-05-13T15:18:04.689+0000] {taskinstance.py:2510} INFO - Exporting env vars: AIRFLOW_CTX_DAG_OWNER='***' AIRFLOW_CTX_DAG_ID='kaldata_scraper' AIRFLOW_CTX_TASK_ID='trigger_merge' AIRFLOW_CTX_EXECUTION_DATE='2026-05-12T00:00:00+00:00' AIRFLOW_CTX_TRY_NUMBER='1' AIRFLOW_CTX_DAG_RUN_ID='scheduled__2026-05-12T00:00:00+00:00'
[2026-05-13T15:18:05.888+0000] {taskinstance.py:1149} INFO - Marking task as SUCCESS. dag_id=kaldata_scraper, task_id=trigger_merge, execution_date=20260512T000000, start_date=20260513T151757, end_date=20260513T151805
[2026-05-13T15:18:06.173+0000] {local_task_job_runner.py:234} INFO - Task exited with return code 0
[2026-05-13T15:18:06.953+0000] {taskinstance.py:3309} INFO - 0 downstream tasks scheduled from follow-on schedule check
