[2026-06-01T14:49:22.625+0000] {taskinstance.py:1979} INFO - Dependencies all met for dep_context=non-requeueable deps ti=<TaskInstance: telegraph_scraper.run_telegraph_container scheduled__2026-05-31T00:00:00+00:00 [queued]>
[2026-06-01T14:49:22.685+0000] {taskinstance.py:1979} INFO - Dependencies all met for dep_context=requeueable deps ti=<TaskInstance: telegraph_scraper.run_telegraph_container scheduled__2026-05-31T00:00:00+00:00 [queued]>
[2026-06-01T14:49:22.694+0000] {taskinstance.py:2193} INFO - Starting attempt 1 of 1
[2026-06-01T14:49:22.781+0000] {taskinstance.py:2214} INFO - Executing <Task(DockerOperator): run_telegraph_container> on 2026-05-31 00:00:00+00:00
[2026-06-01T14:49:22.813+0000] {standard_task_runner.py:60} INFO - Started process 153 to run task
[2026-06-01T14:49:22.850+0000] {standard_task_runner.py:87} INFO - Running: ['***', 'tasks', 'run', 'telegraph_scraper', 'run_telegraph_container', 'scheduled__2026-05-31T00:00:00+00:00', '--job-id', '323', '--raw', '--subdir', 'DAGS_FOLDER/telegraph_dag.py', '--cfg-path', '/tmp/tmpxmy4tzqv']
[2026-06-01T14:49:22.869+0000] {standard_task_runner.py:88} INFO - Job 323: Subtask run_telegraph_container
[2026-06-01T14:49:24.220+0000] {task_command.py:423} INFO - Running <TaskInstance: telegraph_scraper.run_telegraph_container scheduled__2026-05-31T00:00:00+00:00 [running]> on host f39b18a112ca
[2026-06-01T14:49:25.890+0000] {taskinstance.py:2510} INFO - Exporting env vars: AIRFLOW_CTX_DAG_OWNER='***' AIRFLOW_CTX_DAG_ID='telegraph_scraper' AIRFLOW_CTX_TASK_ID='run_telegraph_container' AIRFLOW_CTX_EXECUTION_DATE='2026-05-31T00:00:00+00:00' AIRFLOW_CTX_TRY_NUMBER='1' AIRFLOW_CTX_DAG_RUN_ID='scheduled__2026-05-31T00:00:00+00:00'
[2026-06-01T14:49:26.232+0000] {docker.py:359} INFO - Starting docker container from image telegraph-scraper:v1
[2026-06-01T14:49:26.276+0000] {docker.py:367} WARNING - Using remote engine or docker-in-docker and mounting temporary volume from host is not supported. Falling back to `mount_tmp_dir=False` mode. You can set `mount_tmp_dir` parameter to False to disable mounting and remove the warning
[2026-06-01T14:49:54.441+0000] {docker.py:429} INFO - [+] Saved: Бившият социален министър Христина Христова пред “Телеграф”: 5 години порочно правим бюджет отзад напред
[2026-06-01T14:49:56.545+0000] {docker.py:429} INFO - [+] Saved: Иран прекратява преговорите със САЩ!
[2026-06-01T14:50:00.312+0000] {docker.py:429} INFO - [+] Saved: SPORT DEPOT стартира специална кампания: Шампионските фланелки на Левски с -30% намаление + допълнителна отстъпка при покупка на 2 броя
[2026-06-01T14:50:02.486+0000] {docker.py:429} INFO - [+] Saved: Прочутите пайове на госпожа Надя от ливанския сериал "1001 нощ" - всички ги обичат!
[2026-06-01T14:50:05.153+0000] {docker.py:429} INFO - [+] Saved: Нидерландци се дърпат за желан от Левски
[2026-06-01T14:50:10.178+0000] {docker.py:429} INFO - [+] Saved: Ужасна новина за Кевин Кийгън
[2026-06-01T14:50:20.224+0000] {docker.py:429} INFO - [+] Saved: Божидар Саръбоюков с отличие от “Академия бъдещето на България“
[2026-06-01T14:50:25.267+0000] {docker.py:429} INFO - [+] Saved: Бизнес център в София: защо локацията е ключова за растежа на една компания?
[2026-06-01T14:50:27.726+0000] {docker.py:429} INFO - [+] Saved: САМО ЗА МЕСЕЦ: Русия изстреля рекордните 8150 дрона срещу Украйна
[2026-06-01T14:50:30.587+0000] {docker.py:429} INFO - [+] Saved: Лудогорец се оплака от грозна атака
[2026-06-01T14:50:33.185+0000] {docker.py:429} INFO - [+] Saved: Радев към областните управители: ДА НЕ ГАСИМ САМО НАСЛЕДЕНИ ПОЖАРИ!
[2026-06-01T14:50:35.085+0000] {docker.py:429} INFO - [+] Saved: Nvidia взриви пазара на компютри с нов суперчип
[2026-06-01T14:50:36.879+0000] {docker.py:429} INFO - [+] Saved: БЕЗ ПАНИКА! Утре ще се проведе национален тест на системата BG-ALERT
[2026-06-01T14:50:40.504+0000] {docker.py:429} INFO - [+] Saved: Лео Меси ще почива преди световното първенство
[2026-06-01T14:50:42.873+0000] {docker.py:429} INFO - [+] Saved: Вандали блокират школския двор
[2026-06-01T14:50:45.105+0000] {docker.py:429} INFO - [+] Saved: МЕГАИНВЕСТИЦИЯ ОТ АФРИКА: Дронове и самолети ще се сглобяват в Сопот!
[2026-06-01T14:50:47.075+0000] {docker.py:429} INFO - [+] Saved: Турци измъкват цел на Левски под носа им
[2026-06-01T14:50:48.984+0000] {docker.py:429} INFO - [+] Saved: Стена на Франция и Арсенал пропуска Мондиал 2026?
[2026-06-01T14:50:50.826+0000] {docker.py:429} INFO - [+] Saved: Откриха изчезналото дете!
[2026-06-01T14:50:53.941+0000] {docker.py:429} INFO - [+] Saved: Анчелоти е новият треньор на Лил
[2026-06-01T14:50:57.671+0000] {docker.py:429} INFO - [+] Saved: Властта обмисля съкращаване на майчинството!
[2026-06-01T14:51:00.320+0000] {docker.py:429} INFO - [+] Saved: Тийнейджър халоса с лопата селски кмет
[2026-06-01T14:51:03.474+0000] {docker.py:429} INFO - [+] Saved: Едва няколко милиметра: Невидима гъба расте в София!
[2026-06-01T14:51:05.734+0000] {docker.py:429} INFO - [+] Saved: САЩ одобриха продажбата на ракети за българските F-16
[2026-06-01T14:51:07.902+0000] {docker.py:429} INFO - [+] Saved: Арне Слот се изненадал от уволнението
[2026-06-01T14:51:11.602+0000] {docker.py:429} INFO - [+] Saved: Момче с тротинетка отнесе баба в София
[2026-06-01T14:51:14.157+0000] {docker.py:429} INFO - [+] Saved: Георги Миланов може да се върне в България
[2026-06-01T14:51:17.237+0000] {docker.py:429} INFO - [+] Saved: Стартира фен регистрацията на ЦСКА (ВИДЕО)
[2026-06-01T14:51:20.305+0000] {docker.py:429} INFO - [+] Saved: СПЕШНО: 7-годишно дете изчезна в София, издирват го
[2026-06-01T14:51:23.543+0000] {docker.py:429} INFO - [+] Saved: Атанас Бостанджиев отклони среща с "Левски на левскарите"
[2026-06-01T14:51:25.358+0000] {docker.py:429} INFO - [+] Saved: Лекари спасиха бебе с рядка вродена аномалия
[2026-06-01T14:51:27.917+0000] {docker.py:429} INFO - [+] Saved: ПСЖ вече мисли за подсилване
[2026-06-01T14:51:31.465+0000] {docker.py:429} INFO - [+] Saved: ФИФА обяви официално всички промени за Мондиала
[2026-06-01T14:51:34.939+0000] {docker.py:429} INFO - [+] Saved: Как ПСЖ създаде династия
[2026-06-01T14:51:36.771+0000] {docker.py:429} INFO - [+] Saved: Трагедия в Пловдив: 25-годишна жена почина след падане от осмия етаж на блок
[2026-06-01T14:51:38.759+0000] {docker.py:429} INFO - [+] Saved: КЪРВАВ СЛУЧАЙ В БОБОВ ДОЛ: Намериха мъж, надупчен с нож, в безпомощно състояние
[2026-06-01T14:51:41.009+0000] {docker.py:429} INFO - [+] Saved: КАДРОВИ ПРОМЕНИ: Освободиха шефа на РИОСВ-Варна
[2026-06-01T14:51:43.723+0000] {docker.py:429} INFO - [+] Saved: Локомотив Пловдив отбелязва 100-годишнината си с грандиозен концерт
[2026-06-01T14:51:46.244+0000] {docker.py:429} INFO - [+] Saved: Министърът на земеделието призова кмета на Варна да събори "незаконния град"
[2026-06-01T14:51:48.943+0000] {docker.py:429} INFO - [+] Saved: Арсенал ще развърже кесията през лятото
[2026-06-01T14:51:51.149+0000] {docker.py:429} INFO - [+] Saved: Мъж нападна екип на Спешна помощ-Варна, заби юмрук в лицето на шофьора
[2026-06-01T14:51:55.460+0000] {docker.py:429} INFO - [+] Saved: 743 таланти в плуването взеха участие в осмия турнир "Златоперки", Петър Стойчев награди призьорите
[2026-06-01T14:51:57.479+0000] {docker.py:429} INFO - [+] Saved: В Беларус: Лапоухов направи огромна крачка напред
[2026-06-01T14:51:59.850+0000] {docker.py:429} INFO - [+] Saved: Вижте подробната програма за Мондиал 2026!
[2026-06-01T14:52:02.127+0000] {docker.py:429} INFO - [+] Saved: Вижте графика на Левски за старта на лятната подготовка
[2026-06-01T14:52:05.502+0000] {docker.py:429} INFO - [+] Saved: Иззеха марихуана за над 2 млн. евро при спецакция в Бургаско и Ямболско
[2026-06-01T14:52:07.874+0000] {docker.py:429} INFO - [+] Saved: Разбра се кой ще води Дунав в Първа лига
[2026-06-01T14:52:10.082+0000] {docker.py:429} INFO - [+] Saved: Политиците честитиха 1 юни с послания за здраве и щастливо детство
[2026-06-01T14:52:12.832+0000] {docker.py:429} INFO - [+] Saved: Лудогорец настигна Ловеч по участия в Европа
[2026-06-01T14:52:15.614+0000] {docker.py:429} INFO - [+] Saved: Венци Венц плакне очи в Петра
[2026-06-01T14:52:17.882+0000] {docker.py:429} INFO - [+] Saved: РАЗЛЮЛЯ НИ! Земетресение край град Първомай
[2026-06-01T14:52:19.854+0000] {docker.py:429} INFO - [+] Saved: Живко Желев е сериозен претендент за нов треньор на Берое
[2026-06-01T14:52:22.094+0000] {docker.py:429} INFO - [+] Saved: СЕНЗАЦИОННИ КАДРИ! Заснеха единствената бяла панда в света в дивата природа (ВИДЕО)
[2026-06-01T14:52:26.395+0000] {docker.py:429} INFO - [+] Saved: Напрежение между Албания и Гърция
[2026-06-01T14:52:29.112+0000] {docker.py:429} INFO - [+] Saved: Левски се хвърля в атака за Севи Идриз
[2026-06-01T14:52:32.906+0000] {docker.py:429} INFO - [+] Saved: Нашенец предизвика тежка катастрофа в Австрия
[2026-06-01T14:52:35.893+0000] {docker.py:429} INFO - [+] Saved: Стефан Ботев оглави нова федерация по щанги
[2026-06-01T14:52:38.205+0000] {docker.py:429} INFO - [+] Saved: Повече от спонсор: Как Pаlms Bеt и Мило Борисов се превърнаха в част от възраждането на „Левски“
[2026-06-01T14:52:40.305+0000] {docker.py:429} INFO - [+] Saved: Пет жертви при експлозия във фабрика в Южна Корея
[2026-06-01T14:52:42.598+0000] {docker.py:429} INFO - [+] Saved: СКАНДАЛЪТ С "НЕЗАКОННИЯ ГРАД"! Шефът на строителния контрол във Варна: Кметът излъга, не съм уволнен
[2026-06-01T14:52:44.274+0000] {docker.py:429} INFO - [+] Saved: Зеленски: Прозорецът за мирни преговори с Русия остава отворен до зимата
[2026-06-01T14:52:46.668+0000] {docker.py:429} INFO - [+] Saved: В Турция тръбят: Бешикташ пак гледа към Майкон
[2026-06-01T14:52:50.281+0000] {docker.py:429} INFO - [+] Saved: Морето взе първата си жертва за сезона: Жена се удави край Несебър
[2026-06-01T14:52:52.693+0000] {docker.py:429} INFO - [+] Saved: Фонсека с нов впечатляващ успех на „Ролан Гарос“
[2026-06-01T14:52:54.718+0000] {docker.py:429} INFO - [+] Saved: Изгнило дърво рухна на метри от деца и родители в Пловдив
[2026-06-01T14:52:56.671+0000] {docker.py:429} INFO - [+] Saved: Бразилия загря с шестица за световното
[2026-06-01T14:53:00.308+0000] {docker.py:429} INFO - [+] Saved: Поляци се целят в Йоанис Питас
[2026-06-01T14:53:02.384+0000] {docker.py:429} INFO - [+] Saved: ОТВЕТЕН УДАР: Свален американски MQ-1 предизвика нова размяна на удари между САЩ и Иран
[2026-06-01T14:53:05.136+0000] {docker.py:429} INFO - [+] Saved: Рубио предлага план за поетапна деескалация между Израел и Ливан
[2026-06-01T14:53:12.888+0000] {taskinstance.py:1149} INFO - Marking task as SUCCESS. dag_id=telegraph_scraper, task_id=run_telegraph_container, execution_date=20260531T000000, start_date=20260601T144922, end_date=20260601T145312
[2026-06-01T14:53:15.939+0000] {local_task_job_runner.py:234} INFO - Task exited with return code 0
[2026-06-01T14:53:18.286+0000] {taskinstance.py:3309} INFO - 1 downstream tasks scheduled from follow-on schedule check
