[2026-05-28T07:12:43.381+0000] {taskinstance.py:1979} INFO - Dependencies all met for dep_context=non-requeueable deps ti=<TaskInstance: telegraph_scraper.run_telegraph_container scheduled__2026-05-27T00:00:00+00:00 [queued]>
[2026-05-28T07:12:43.485+0000] {taskinstance.py:1979} INFO - Dependencies all met for dep_context=requeueable deps ti=<TaskInstance: telegraph_scraper.run_telegraph_container scheduled__2026-05-27T00:00:00+00:00 [queued]>
[2026-05-28T07:12:43.487+0000] {taskinstance.py:2193} INFO - Starting attempt 1 of 1
[2026-05-28T07:12:43.699+0000] {taskinstance.py:2214} INFO - Executing <Task(DockerOperator): run_telegraph_container> on 2026-05-27 00:00:00+00:00
[2026-05-28T07:12:43.744+0000] {standard_task_runner.py:60} INFO - Started process 72 to run task
[2026-05-28T07:12:43.783+0000] {standard_task_runner.py:87} INFO - Running: ['***', 'tasks', 'run', 'telegraph_scraper', 'run_telegraph_container', 'scheduled__2026-05-27T00:00:00+00:00', '--job-id', '288', '--raw', '--subdir', 'DAGS_FOLDER/telegraph_dag.py', '--cfg-path', '/tmp/tmp59rfsip2']
[2026-05-28T07:12:43.855+0000] {standard_task_runner.py:88} INFO - Job 288: Subtask run_telegraph_container
[2026-05-28T07:12:45.853+0000] {task_command.py:423} INFO - Running <TaskInstance: telegraph_scraper.run_telegraph_container scheduled__2026-05-27T00:00:00+00:00 [running]> on host f39b18a112ca
[2026-05-28T07:12:49.382+0000] {taskinstance.py:2510} INFO - Exporting env vars: AIRFLOW_CTX_DAG_OWNER='***' AIRFLOW_CTX_DAG_ID='telegraph_scraper' AIRFLOW_CTX_TASK_ID='run_telegraph_container' AIRFLOW_CTX_EXECUTION_DATE='2026-05-27T00:00:00+00:00' AIRFLOW_CTX_TRY_NUMBER='1' AIRFLOW_CTX_DAG_RUN_ID='scheduled__2026-05-27T00:00:00+00:00'
[2026-05-28T07:12:49.826+0000] {docker.py:359} INFO - Starting docker container from image telegraph-scraper:v1
[2026-05-28T07:12:49.921+0000] {docker.py:367} WARNING - Using remote engine or docker-in-docker and mounting temporary volume from host is not supported. Falling back to `mount_tmp_dir=False` mode. You can set `mount_tmp_dir` parameter to False to disable mounting and remove the warning
[2026-05-28T07:13:30.388+0000] {docker.py:429} INFO - [+] Saved: ПРАВОСЪДНИЯТ МИНИСТЪР: Сарафов трябва да напусне съдебната система!
[2026-05-28T07:13:32.741+0000] {docker.py:429} INFO - [+] Saved: ИЗПЕЧЕН МОШЕНИК: Хванаха бивш агент на ЦРУ със златни кюлчета за 40 милиона!
[2026-05-28T07:13:34.600+0000] {docker.py:429} INFO - [+] Saved: Емануел Луканов преди баража: Всяка ситуация може да реши този мач
[2026-05-28T07:13:36.807+0000] {docker.py:429} INFO - [+] Saved: Цените на петрола пак скочиха
[2026-05-28T07:13:38.913+0000] {docker.py:429} INFO - [+] Saved: Никола Цолов: Не могат да ни спрат
[2026-05-28T07:13:40.549+0000] {docker.py:429} INFO - [+] Saved: СДЕЛКА НЯМА: Иран не се отказва от обогатяването на уран и Ормузкия проток!
[2026-05-28T07:13:42.174+0000] {docker.py:429} INFO - [+] Saved: Крушарски на финални преговори за Локо Пд
[2026-05-28T07:13:43.955+0000] {docker.py:429} INFO - [+] Saved: МЪЖКА ДУМА С ЛОРД ЕВГЕНИ МИНЧЕВ: Аман от Бангаранга, аман и от Олимпия!
[2026-05-28T07:13:47.964+0000] {docker.py:429} INFO - [+] Saved: Градушка проби покрива на болницата в Трявна
[2026-05-28T07:13:51.486+0000] {docker.py:429} INFO - [+] Saved: Лумбард Делова е с фрактура на стъпалото
[2026-05-28T07:13:55.937+0000] {docker.py:429} INFO - [+] Saved: МИНИСТЪР АБРОВСКИ: Незаконният комплекс във Варна е създаден върху гора за дърводобив!
[2026-05-28T07:13:57.844+0000] {docker.py:429} INFO - [+] Saved: ООН БИЕ ТРЕВОГА: Тепърва се очакват рекордни температури на Земята!
[2026-05-28T07:14:01.427+0000] {docker.py:429} INFO - [+] Saved: Левски хареса и таран от Шавеш
[2026-05-28T07:14:05.018+0000] {docker.py:429} INFO - [+] Saved: КРИЗАТА С ЕБОЛА: Уганда затвори границата си с Конго!
[2026-05-28T07:14:08.172+0000] {docker.py:429} INFO - [+] Saved: Радев се среща с фон дер Лайен и Рюте!
[2026-05-28T07:14:11.815+0000] {docker.py:429} INFO - [+] Saved: Вижте кой измежду Септември и Янтра ще играе в Първа лига
[2026-05-28T07:14:14.912+0000] {docker.py:429} INFO - [+] Saved: ВНИМАНИЕ: Жълт код е обявен за гръмотевични бури!
[2026-05-28T07:14:17.593+0000] {docker.py:429} INFO - [+] Saved: Пике реши: Иска дете от Клара Чия
[2026-05-28T07:14:19.828+0000] {docker.py:429} INFO - [+] Saved: Баскетболистка втора по красота в Хърватия
[2026-05-28T07:14:23.211+0000] {docker.py:429} INFO - [+] Saved: Алберт приветства Меяр в клуба на татковците
[2026-05-28T07:14:25.467+0000] {docker.py:429} INFO - [+] Saved: Кристъл Палас ликува с европейски трофей
[2026-05-28T07:14:27.918+0000] {docker.py:429} INFO - [+] Saved: СЛЕД "ЕВРОВИЗИЯ": Елица и Стунджи се разделиха,  арестуваха Краси Аврамов
[2026-05-28T07:14:30.590+0000] {docker.py:429} INFO - [+] Saved: Барселона се разбра с Нюкасъл за Антъни Гордън, плаща 80 млн. евро
[2026-05-28T07:14:33.164+0000] {docker.py:429} INFO - [+] Saved: Балкан се доближи на победа от титлата след драма с продължение
[2026-05-28T07:14:36.351+0000] {docker.py:429} INFO - [+] Saved: €10 бакшиш за печено прасе и Миле Китич!
[2026-05-28T07:14:39.906+0000] {docker.py:429} INFO - [+] Saved: СЛЕД АКЦИЯ НА ГДБОП: Задържаха "Дилърите на "Дружба"!
[2026-05-28T07:14:42.469+0000] {docker.py:429} INFO - [+] Saved: СТРАШЕН УДАР В УКРАЙНА: Заловиха поп насочвал руски ракети към Одеса! (СНИМКА)
[2026-05-28T07:14:45.505+0000] {docker.py:429} INFO - [+] Saved: Капитанът обяви, че напуска Черно море
[2026-05-28T07:14:47.754+0000] {docker.py:429} INFO - [+] Saved: НА ПРАГА НА ПАНДЕМИЯ? Експерти алармират – хантавирусът може да доведе до локдаун!
[2026-05-28T07:14:49.725+0000] {docker.py:429} INFO - [+] Saved: Сензация на „Ролан Гарос“ – световната №2 е аут още във втория кръг
[2026-05-28T07:14:52.097+0000] {docker.py:429} INFO - [+] Saved: Историческа титла за България на старта на европейското във Варна
[2026-05-28T07:14:54.206+0000] {docker.py:429} INFO - [+] Saved: Илиан Илиев сe сбогува с ЦСКА
[2026-05-28T07:14:56.477+0000] {docker.py:429} INFO - [+] Saved: Павлин Надворни се завърна след самостоятелна околосветска обиколка с яхта (СНИМКИ)
[2026-05-28T07:14:58.319+0000] {docker.py:429} INFO - [+] Saved: €500 млрд. е богатството на българина
[2026-05-28T07:15:00.182+0000] {docker.py:429} INFO - [+] Saved: Патрик-Габриел Галчев: Щом става въпрос за националния, винаги има енергия
[2026-05-28T07:15:03.806+0000] {docker.py:429} INFO - [+] Saved: Лукас Петков: Надявам се да започнем победна серия с националния отбор
[2026-05-28T07:15:05.833+0000] {docker.py:429} INFO - [+] Saved: Датски ветеран взе 17-ия етап от Джирото
[2026-05-28T07:15:09.444+0000] {docker.py:429} INFO - [+] Saved: ШИШКОВ ЗА СТРОИТЕЛСТВОТО КРАЙ ВАРНА: Сигнали са подавани още през 2023 г.! (СНИМКИ)
[2026-05-28T07:15:12.134+0000] {docker.py:429} INFO - [+] Saved: МАКРОН КЪМ РАДЕВ: Работим заедно за по-суверенна и по-единна Европа! (ВИДЕО)
[2026-05-28T07:15:14.110+0000] {docker.py:429} INFO - [+] Saved: В четвъртък във вестник „Мач Телеграф“
[2026-05-28T07:15:16.122+0000] {docker.py:429} INFO - [+] Saved: Манчестър Юнайтед близо до първо попълнение за новия сезон
[2026-05-28T07:15:17.947+0000] {docker.py:429} INFO - [+] Saved: Сестри Стоеви не дадоха шанс на тайванки на силен турнир в Сингапур
[2026-05-28T07:15:19.833+0000] {docker.py:429} INFO - [+] Saved: Волейболен национал ще играе във водещ отбор в Италия
[2026-05-28T07:15:27.132+0000] {docker.py:429} INFO - [+] Saved: ДАДЕ ПРИМЕР: Мадяр намали заплатата си наполовина!
[2026-05-28T07:15:31.197+0000] {docker.py:429} INFO - [+] Saved: ТРАГЕДИЯТА В БЛАГОЕВГРАД: Бащата твърди, че дъщеря му била манипулирана и използвана
[2026-05-28T07:15:34.490+0000] {docker.py:429} INFO - [+] Saved: Йотова: Оставката на Сарафов е само началото
[2026-05-28T07:15:39.390+0000] {docker.py:429} INFO - [+] Saved: КАКВО СЕ ВЪРТИ В ГЛАВАТА МУ: Разкриха следващите четири хода на Доналд Тръмп!
[2026-05-28T07:15:41.303+0000] {docker.py:429} INFO - [+] Saved: Бронз за Мирослава Минчева в Световната купа по стрелба в Мюнхен
[2026-05-28T07:15:43.110+0000] {docker.py:429} INFO - [+] Saved: СМЪРТОНОСНА ИНЖЕКЦИЯ: Личният асистент на Матю Пери отива на съд
[2026-05-28T07:15:44.911+0000] {docker.py:429} INFO - [+] Saved: Бахаров корумпирано ченге
[2026-05-28T07:15:46.846+0000] {docker.py:429} INFO - [+] Saved: Маестро Георги Атанасов издъхва в ръцете на италианка!
[2026-05-28T07:15:48.687+0000] {docker.py:429} INFO - [+] Saved: 15 устойчиви проекта ще се борят за инвеститори в „Арена на дамския бизнес“
[2026-05-28T07:15:53.214+0000] {docker.py:429} INFO - [+] Saved: Генералният секретар на БФ по Борба Белчо Горанов даде старта на проекта Be Fair
[2026-05-28T07:15:55.030+0000] {docker.py:429} INFO - [+] Saved: СВЕТОВЕН УСПЕХ: DARA влезе в класацията на Billboard!
[2026-05-28T07:16:00.187+0000] {docker.py:429} INFO - [+] Saved: Официално: Станислав Генчев е новият треньор на Ботев Пловдив
[2026-05-28T07:16:08.561+0000] {docker.py:429} INFO - [+] Saved: ТАЕН МЕМОРАНДУМ: САЩ и Иран договориха рамка за край на войната
[2026-05-28T07:16:12.600+0000] {docker.py:429} INFO - [+] Saved: Феновете на ЦСКА се обявиха против Христо Янев
[2026-05-28T07:16:14.549+0000] {docker.py:429} INFO - [+] Saved: БЕЗ ПОЩАДА: Китай екзекутира мъж убил шефа си!
[2026-05-28T07:16:18.012+0000] {docker.py:429} INFO - [+] Saved: Вестник „Мач Телеграф“ със специален, огромен плакат на ЦСКА – носител на Купата на България
[2026-05-28T07:16:20.117+0000] {docker.py:429} INFO - [+] Saved: ЗВЕРСТВО В МУСАЧЕВО: Шофьор брутално прегази котета на улицата! (ВИДЕО)
[2026-05-28T07:16:22.739+0000] {docker.py:429} INFO - [+] Saved: Освободиха от ареста обвинения за трагедията в Благоевград
[2026-05-28T07:16:26.063+0000] {docker.py:429} INFO - [+] Saved: Лампард изпревари Артета за Мениджър на годината в Англия
[2026-05-28T07:16:28.022+0000] {docker.py:429} INFO - [+] Saved: КРЪВ СЕ ЛЕЕ... Стотици в болница заради клане на животни за Курбан байрам
[2026-05-28T07:16:31.147+0000] {docker.py:429} INFO - [+] Saved: Александър Василев започна с категорична победа в Сърбия
[2026-05-28T07:16:33.473+0000] {docker.py:429} INFO - [+] Saved: Лятна форма със SilaBG: Как да поддържаме високи нива на енергия през топлите месеци
[2026-05-28T07:16:35.456+0000] {docker.py:429} INFO - [+] Saved: СКАНДАЛ! Радев захапа ДАНС за незаконния град във Варна
[2026-05-28T07:16:39.285+0000] {docker.py:429} INFO - [+] Saved: КЗК отчете тежък дисбаланс в сектора на храните
[2026-05-28T07:16:41.836+0000] {docker.py:429} INFO - [+] Saved: Волейболна националка подписа с гранд, представиха я с "Бангаранга"
[2026-05-28T07:16:44.892+0000] {docker.py:429} INFO - [+] Saved: Случаите на морбили у нас надхвърлиха 320
[2026-05-28T07:16:50.217+0000] {taskinstance.py:1149} INFO - Marking task as SUCCESS. dag_id=telegraph_scraper, task_id=run_telegraph_container, execution_date=20260527T000000, start_date=20260528T071243, end_date=20260528T071650
[2026-05-28T07:16:52.856+0000] {local_task_job_runner.py:234} INFO - Task exited with return code 0
[2026-05-28T07:16:55.223+0000] {taskinstance.py:3309} INFO - 1 downstream tasks scheduled from follow-on schedule check
