[2026-05-29T11:27:11.399+0000] {taskinstance.py:1979} INFO - Dependencies all met for dep_context=non-requeueable deps ti=<TaskInstance: merge_all_scrapers.merge_all_outputs manual__2026-05-29T11:26:05.805425+00:00 [queued]>
[2026-05-29T11:27:12.006+0000] {taskinstance.py:1979} INFO - Dependencies all met for dep_context=requeueable deps ti=<TaskInstance: merge_all_scrapers.merge_all_outputs manual__2026-05-29T11:26:05.805425+00:00 [queued]>
[2026-05-29T11:27:12.070+0000] {taskinstance.py:2193} INFO - Starting attempt 1 of 1
[2026-05-29T11:27:13.507+0000] {taskinstance.py:2214} INFO - Executing <Task(PythonOperator): merge_all_outputs> on 2026-05-29 11:26:05.805425+00:00
[2026-05-29T11:27:13.713+0000] {standard_task_runner.py:60} INFO - Started process 425 to run task
[2026-05-29T11:27:14.336+0000] {standard_task_runner.py:87} INFO - Running: ['***', 'tasks', 'run', 'merge_all_scrapers', 'merge_all_outputs', 'manual__2026-05-29T11:26:05.805425+00:00', '--job-id', '310', '--raw', '--subdir', 'DAGS_FOLDER/merge_dag.py', '--cfg-path', '/tmp/tmp03abp6qt']
[2026-05-29T11:27:14.483+0000] {standard_task_runner.py:88} INFO - Job 310: Subtask merge_all_outputs
[2026-05-29T11:27:17.431+0000] {task_command.py:423} INFO - Running <TaskInstance: merge_all_scrapers.merge_all_outputs manual__2026-05-29T11:26:05.805425+00:00 [running]> on host f39b18a112ca
[2026-05-29T11:27:20.829+0000] {taskinstance.py:2510} INFO - Exporting env vars: AIRFLOW_CTX_DAG_OWNER='***' AIRFLOW_CTX_DAG_ID='merge_all_scrapers' AIRFLOW_CTX_TASK_ID='merge_all_outputs' AIRFLOW_CTX_EXECUTION_DATE='2026-05-29T11:26:05.805425+00:00' AIRFLOW_CTX_TRY_NUMBER='1' AIRFLOW_CTX_DAG_RUN_ID='manual__2026-05-29T11:26:05.805425+00:00'
[2026-05-29T11:27:21.240+0000] {logging_mixin.py:188} INFO - 📂 DATA PATH: /opt/***/data
[2026-05-29T11:27:21.627+0000] {logging_mixin.py:188} INFO - 
📄 READING JSON: eu_fsf_sanctions.json
[2026-05-29T11:27:25.471+0000] {logging_mixin.py:188} INFO - 
📄 READING JSON: inegi_playwright.json
[2026-05-29T11:27:25.890+0000] {logging_mixin.py:188} INFO - 
📄 READING JSON: inegi_scraper.json
[2026-05-29T11:27:26.434+0000] {logging_mixin.py:188} INFO - 
🗄️ READING DB: kaldata.db
[2026-05-29T11:28:32.451+0000] {logging_mixin.py:188} INFO - 
🗄️ READING DB: telegraph.db
[2026-05-29T11:28:32.736+0000] {logging_mixin.py:188} INFO - 
📦 TOTAL BEFORE DEDUP: 6414
[2026-05-29T11:28:32.921+0000] {logging_mixin.py:188} INFO - 🧹 AFTER DEDUP: 6410
[2026-05-29T11:28:33.090+0000] {base.py:83} INFO - Using connection ID 'postgres_default' for task execution.
[2026-05-29T11:28:59.301+0000] {logging_mixin.py:188} INFO - 💾 JSON OUTPUT: /opt/***/data/final_output.json
[2026-05-29T11:28:59.392+0000] {logging_mixin.py:188} INFO - 🔓 LOCK REMOVED
[2026-05-29T11:28:59.411+0000] {python.py:202} INFO - Done. Returned value was: None
[2026-05-29T11:28:59.483+0000] {taskinstance.py:1149} INFO - Marking task as SUCCESS. dag_id=merge_all_scrapers, task_id=merge_all_outputs, execution_date=20260529T112605, start_date=20260529T112711, end_date=20260529T112859
[2026-05-29T11:28:59.685+0000] {local_task_job_runner.py:234} INFO - Task exited with return code 0
[2026-05-29T11:28:59.884+0000] {taskinstance.py:3309} INFO - 0 downstream tasks scheduled from follow-on schedule check
