[2026-05-18T14:29:33.245+0000] {taskinstance.py:1979} INFO - Dependencies all met for dep_context=non-requeueable deps ti=<TaskInstance: merge_all_scrapers.merge_all_outputs manual__2026-05-18T14:29:20.931942+00:00 [queued]>
[2026-05-18T14:29:33.494+0000] {taskinstance.py:1979} INFO - Dependencies all met for dep_context=requeueable deps ti=<TaskInstance: merge_all_scrapers.merge_all_outputs manual__2026-05-18T14:29:20.931942+00:00 [queued]>
[2026-05-18T14:29:33.507+0000] {taskinstance.py:2193} INFO - Starting attempt 1 of 1
[2026-05-18T14:29:33.657+0000] {taskinstance.py:2214} INFO - Executing <Task(PythonOperator): merge_all_outputs> on 2026-05-18 14:29:20.931942+00:00
[2026-05-18T14:29:33.727+0000] {standard_task_runner.py:60} INFO - Started process 967 to run task
[2026-05-18T14:29:33.749+0000] {standard_task_runner.py:87} INFO - Running: ['***', 'tasks', 'run', 'merge_all_scrapers', 'merge_all_outputs', 'manual__2026-05-18T14:29:20.931942+00:00', '--job-id', '65', '--raw', '--subdir', 'DAGS_FOLDER/merge_dag.py', '--cfg-path', '/tmp/tmp7heazzfw']
[2026-05-18T14:29:33.772+0000] {standard_task_runner.py:88} INFO - Job 65: Subtask merge_all_outputs
[2026-05-18T14:29:34.499+0000] {task_command.py:423} INFO - Running <TaskInstance: merge_all_scrapers.merge_all_outputs manual__2026-05-18T14:29:20.931942+00:00 [running]> on host f39b18a112ca
[2026-05-18T14:29:35.641+0000] {taskinstance.py:2510} INFO - Exporting env vars: AIRFLOW_CTX_DAG_OWNER='***' AIRFLOW_CTX_DAG_ID='merge_all_scrapers' AIRFLOW_CTX_TASK_ID='merge_all_outputs' AIRFLOW_CTX_EXECUTION_DATE='2026-05-18T14:29:20.931942+00:00' AIRFLOW_CTX_TRY_NUMBER='1' AIRFLOW_CTX_DAG_RUN_ID='manual__2026-05-18T14:29:20.931942+00:00'
[2026-05-18T14:29:35.848+0000] {logging_mixin.py:188} INFO - 📂 DATA PATH: /opt/***/data
[2026-05-18T14:29:36.007+0000] {logging_mixin.py:188} INFO - 
📄 READING JSON: eu_fsf_sanctions.json
[2026-05-18T14:29:39.669+0000] {logging_mixin.py:188} INFO - 
📄 READING JSON: inegi_playwright.json
[2026-05-18T14:29:39.878+0000] {logging_mixin.py:188} INFO - 
📄 READING JSON: inegi_scraper.json
[2026-05-18T14:29:40.067+0000] {logging_mixin.py:188} INFO - 
🗄️ READING DB: kaldata.db
[2026-05-18T14:29:48.081+0000] {logging_mixin.py:188} INFO - 
🗄️ READING DB: telegraph.db
[2026-05-18T14:29:48.173+0000] {logging_mixin.py:188} INFO - 
📦 TOTAL BEFORE DEDUP: 6666
[2026-05-18T14:29:48.276+0000] {logging_mixin.py:188} INFO - 🧹 AFTER DEDUP: 6662
[2026-05-18T14:29:48.902+0000] {base.py:83} INFO - Using connection ID 'postgres_default' for task execution.
[2026-05-18T14:30:10.951+0000] {logging_mixin.py:188} INFO - 💾 JSON OUTPUT: /opt/***/data/final_output.json
[2026-05-18T14:30:10.966+0000] {logging_mixin.py:188} INFO - 🔓 LOCK REMOVED
[2026-05-18T14:30:10.972+0000] {python.py:202} INFO - Done. Returned value was: None
[2026-05-18T14:30:11.038+0000] {taskinstance.py:1149} INFO - Marking task as SUCCESS. dag_id=merge_all_scrapers, task_id=merge_all_outputs, execution_date=20260518T142920, start_date=20260518T142933, end_date=20260518T143011
[2026-05-18T14:30:11.179+0000] {local_task_job_runner.py:234} INFO - Task exited with return code 0
[2026-05-18T14:30:11.382+0000] {taskinstance.py:3309} INFO - 0 downstream tasks scheduled from follow-on schedule check
