[2026-06-11T08:40:21.974+0000] {taskinstance.py:1979} INFO - Dependencies all met for dep_context=non-requeueable deps ti=<TaskInstance: telegraph_scraper.run_telegraph_container scheduled__2026-06-10T00:00:00+00:00 [queued]>
[2026-06-11T08:40:22.741+0000] {taskinstance.py:1979} INFO - Dependencies all met for dep_context=requeueable deps ti=<TaskInstance: telegraph_scraper.run_telegraph_container scheduled__2026-06-10T00:00:00+00:00 [queued]>
[2026-06-11T08:40:22.765+0000] {taskinstance.py:2193} INFO - Starting attempt 1 of 1
[2026-06-11T08:40:25.878+0000] {taskinstance.py:2214} INFO - Executing <Task(DockerOperator): run_telegraph_container> on 2026-06-10 00:00:00+00:00
[2026-06-11T08:40:26.404+0000] {standard_task_runner.py:60} INFO - Started process 87 to run task
[2026-06-11T08:40:26.951+0000] {standard_task_runner.py:87} INFO - Running: ['***', 'tasks', 'run', 'telegraph_scraper', 'run_telegraph_container', 'scheduled__2026-06-10T00:00:00+00:00', '--job-id', '437', '--raw', '--subdir', 'DAGS_FOLDER/telegraph_dag.py', '--cfg-path', '/tmp/tmplmwegref']
[2026-06-11T08:40:27.377+0000] {standard_task_runner.py:88} INFO - Job 437: Subtask run_telegraph_container
[2026-06-11T08:40:34.987+0000] {task_command.py:423} INFO - Running <TaskInstance: telegraph_scraper.run_telegraph_container scheduled__2026-06-10T00:00:00+00:00 [running]> on host f39b18a112ca
[2026-06-11T08:40:40.062+0000] {taskinstance.py:2510} INFO - Exporting env vars: AIRFLOW_CTX_DAG_OWNER='***' AIRFLOW_CTX_DAG_ID='telegraph_scraper' AIRFLOW_CTX_TASK_ID='run_telegraph_container' AIRFLOW_CTX_EXECUTION_DATE='2026-06-10T00:00:00+00:00' AIRFLOW_CTX_TRY_NUMBER='1' AIRFLOW_CTX_DAG_RUN_ID='scheduled__2026-06-10T00:00:00+00:00'
[2026-06-11T08:40:40.801+0000] {docker.py:359} INFO - Starting docker container from image telegraph-scraper:v1
[2026-06-11T08:40:40.940+0000] {docker.py:367} WARNING - Using remote engine or docker-in-docker and mounting temporary volume from host is not supported. Falling back to `mount_tmp_dir=False` mode. You can set `mount_tmp_dir` parameter to False to disable mounting and remove the warning
[2026-06-11T08:41:14.992+0000] {docker.py:429} INFO - [+] Saved: Взимат общинското жилище на Васко Тайсъна!
[2026-06-11T08:41:17.913+0000] {docker.py:429} INFO - [+] Saved: НАХЛУВАНЕ: Китайски кораби щурмуваха забранени води!
[2026-06-11T08:41:20.801+0000] {docker.py:429} INFO - [+] Saved: Проклятие тегне над Мексико
[2026-06-11T08:41:23.496+0000] {docker.py:429} INFO - [+] Saved: ЕКШЪН: Мъж се барикадира на терасата в жилище!
[2026-06-11T08:41:26.550+0000] {docker.py:429} INFO - [+] Saved: Мачът между Джошуа и Фюри може да се проведе в Лос Анджелис
[2026-06-11T08:41:30.592+0000] {docker.py:429} INFO - [+] Saved: ЗАРАДИ НАПАДЕНИЕ НАД ПОЛИЦАЙ: Поискаха имунитета на депутат от „Възраждане“!
[2026-06-11T08:41:33.804+0000] {docker.py:429} INFO - [+] Saved: Любо Пенев е 12-ият, водил и Локо Сф, и България
[2026-06-11T08:41:35.964+0000] {docker.py:429} INFO - [+] Saved: ПОРЕДНИЯТ: Над 20 жени обвиниха популярен актьор и певец в сексуален тормоз!
[2026-06-11T08:41:37.937+0000] {docker.py:429} INFO - [+] Saved: Ню Йорк Никс се доближи на победа от титлата в НБА
[2026-06-11T08:41:40.234+0000] {docker.py:429} INFO - [+] Saved: Шефовете на Левски искат промоция от втория отбор
[2026-06-11T08:41:43.498+0000] {docker.py:429} INFO - [+] Saved: МЕДИК ЗА ТРАГЕДИЯТА НА "ЧЕЛОПЕШКО ШОСЕ": Това е един от най-жестоките инциденти, на които сме били! (ВИДЕО)
[2026-06-11T08:41:45.981+0000] {docker.py:429} INFO - [+] Saved: Паро Никодимов: Ако ЦСКА иска титла, във всяка линия трябва някой да се откроява
[2026-06-11T08:41:48.644+0000] {docker.py:429} INFO - [+] Saved: Нели Корда стяга сватба,  докато печели US Open
[2026-06-11T08:41:58.098+0000] {docker.py:429} INFO - [+] Saved: ТОТАЛНА КРИЗА: Ормузкият проток отново е затворен за всички кораби!
[2026-06-11T08:42:08.186+0000] {docker.py:429} INFO - [+] Saved: Левски чака Райчев за подпис днес
[2026-06-11T08:42:11.153+0000] {docker.py:429} INFO - [+] Saved: Парламентът гледа на второ четене законопроекти срещу необоснованото повишаване на цените
[2026-06-11T08:42:13.020+0000] {docker.py:429} INFO - [+] Saved: ПАК СЕ ЗАПОЧВА: Жълт код за 16 области заради интензивни валежи и гръмотевици!
[2026-06-11T08:42:15.026+0000] {docker.py:429} INFO - [+] Saved: Световното започва: Гледайте днес два мача
[2026-06-11T08:42:18.062+0000] {docker.py:429} INFO - [+] Saved: МИРЪТ ОТНОВО Е БЛЯН: САЩ бомбардираха Иран за втори пореден ден!
[2026-06-11T08:42:22.049+0000] {docker.py:429} INFO - [+] Saved: Антонела брани Меси, нямал ботокс
[2026-06-11T08:42:25.097+0000] {docker.py:429} INFO - [+] Saved: ЗВЕЗДИТЕ МУ ГО ГОВОРЯТ: Живият Нострадамус разкри кой ще спечели Световното по футбол!
[2026-06-11T08:42:28.356+0000] {docker.py:429} INFO - [+] Saved: Везенков и Олимпиакос загубиха в драма с две продължения
[2026-06-11T08:42:30.522+0000] {docker.py:429} INFO - [+] Saved: Формула 1 се съгласи за промяна след критиките
[2026-06-11T08:42:33.153+0000] {docker.py:429} INFO - [+] Saved: МЕЖДУСЪСЕДСКИ ВОЙНИ: Мъж хвърли труп на сърна в двора на комшия
[2026-06-11T08:42:37.064+0000] {docker.py:429} INFO - [+] Saved: Бомби от Украйна гонят делфините!
[2026-06-11T08:42:39.313+0000] {docker.py:429} INFO - [+] Saved: Бленджини: Не бяхме готови да страдаме
[2026-06-11T08:42:41.420+0000] {docker.py:429} INFO - [+] Saved: ГЪЛЪБ ДОНЕВ: Държавата в момента е в състояние да изплаща пенсиите! (ВИДЕО)
[2026-06-11T08:42:44.624+0000] {docker.py:429} INFO - [+] Saved: Александър Василев отпадна във втория кръг в Католика
[2026-06-11T08:42:49.157+0000] {docker.py:429} INFO - [+] Saved: Фалстарт за България в Лигата на нациите
[2026-06-11T08:42:52.594+0000] {docker.py:429} INFO - [+] Saved: ДИВ ЕКШЪН: Накродилър блъсна две патрулки при гонка! (ВИДЕО)
[2026-06-11T08:42:55.645+0000] {docker.py:429} INFO - [+] Saved: Арда подписа с национал
[2026-06-11T08:42:58.949+0000] {docker.py:429} INFO - [+] Saved: ПРЕЗИДЕНТЪТ НА СЕВЕРНА МАКЕДОНИЯ: Не съм монарх, за да променям конституцията!
[2026-06-11T08:43:05.776+0000] {docker.py:429} INFO - [+] Saved: ВОЙНАТА СЕ ВЪЗОБНОВЯВА? Тръмп заплаши отново да нападне Иран!
[2026-06-11T08:43:09.846+0000] {docker.py:429} INFO - [+] Saved: Левски започна подготовка с двамата нови и петима юноши
[2026-06-11T08:43:12.337+0000] {docker.py:429} INFO - [+] Saved: Ботев Пловдив представи първи нов
[2026-06-11T08:43:15.444+0000] {docker.py:429} INFO - [+] Saved: Позволяват чалгата и цигарата на таксиджиите
[2026-06-11T08:43:18.880+0000] {docker.py:429} INFO - [+] Saved: Витиня и Жоао Невеш остават в ПСЖ
[2026-06-11T08:43:22.303+0000] {docker.py:429} INFO - [+] Saved: СТРАШНО МЕЛЕ: Два камиона, кола и трактор се удариха на основен път!
[2026-06-11T08:43:26.325+0000] {docker.py:429} INFO - [+] Saved: Балов подписва с Цървена звезда за 4+1 години
[2026-06-11T08:43:29.370+0000] {docker.py:429} INFO - [+] Saved: Славия представи петима нови, феновете с нов протест
[2026-06-11T08:43:33.643+0000] {docker.py:429} INFO - [+] Saved: Христо Янев: Основната цел на ЦСКА е титлата
[2026-06-11T08:43:36.345+0000] {docker.py:429} INFO - [+] Saved: ТРАГЕДИЯТА НА „ЧЕЛОПЕШКО ШОСЕ“: Полицията проверява данни за тормоз срещу пострадали!
[2026-06-11T08:43:39.470+0000] {docker.py:429} INFO - [+] Saved: US самолетите, отпътували от летището в София, ще се върнат след 12 юни
[2026-06-11T08:43:42.097+0000] {docker.py:429} INFO - [+] Saved: Николай Пелтеков ще поеме поста директор на СДВР!
[2026-06-11T08:43:45.575+0000] {docker.py:429} INFO - [+] Saved: ЗАРАДИ ПОЛИТИКАТА НА ТРЪМП: Европа вече не вижда САЩ като надежден съюзник!
[2026-06-11T08:43:48.892+0000] {docker.py:429} INFO - [+] Saved: България вдига военните разходи до 5% от БВП!
[2026-06-11T08:43:51.422+0000] {docker.py:429} INFO - [+] Saved: СЪМНЕНИЯ ЗА ЛЕКАРСКА ГРЕШКА: Родилка почина в частна болница!
[2026-06-11T08:43:54.199+0000] {docker.py:429} INFO - [+] Saved: Обявиха кога Левски и ЦСКА ще се срещнат за Суперкупата
[2026-06-11T08:43:57.399+0000] {docker.py:429} INFO - [+] Saved: Почина първият демократично избран кмет на София
[2026-06-11T08:44:00.700+0000] {docker.py:429} INFO - [+] Saved: Борис Михайлов е новият изпълнителен директор на НАП!
[2026-06-11T08:44:03.780+0000] {docker.py:429} INFO - [+] Saved: ВОЕННИЯТ МИНИСТЪР ЗА УКРАИНСКАТА ПОМОЩ: Ние няма повече какво да дадем
[2026-06-11T08:44:06.242+0000] {docker.py:429} INFO - [+] Saved: МВнР на Украйна: Не получаваме безплатна военна помощ от България
[2026-06-11T08:44:08.350+0000] {docker.py:429} INFO - [+] Saved: Левски си върна нападател
[2026-06-11T08:44:11.930+0000] {docker.py:429} INFO - [+] Saved: Бруно Фернандеш и Рой Кийн заровиха томахавката
[2026-06-11T08:44:15.001+0000] {docker.py:429} INFO - [+] Saved: България е напът да загуби Нургюл Салимова
[2026-06-11T08:44:18.434+0000] {docker.py:429} INFO - [+] Saved: Трима кандидати ще се борят за ректор на Софийския университет
[2026-06-11T08:44:21.377+0000] {docker.py:429} INFO - [+] Saved: БОМБА: Тайван изстреля ракети към Китай!
[2026-06-11T08:44:23.937+0000] {docker.py:429} INFO - [+] Saved: Граничари задържаха 14 мигранти в товарен автомобил
[2026-06-11T08:44:28.714+0000] {docker.py:429} INFO - [+] Saved: ВНИМАНИЕ: Секси бандитки атакуват Черноморието!
[2026-06-11T08:44:31.565+0000] {docker.py:429} INFO - [+] Saved: ЕЛЕКСИРЪТ НА МЛАДОСТТА: Тестват върху човек медикамент спиращ стареенето!
[2026-06-11T08:44:34.115+0000] {docker.py:429} INFO - [+] Saved: Веласкес: Щастлив съм в Левски, мисля само за новия сезон
[2026-06-11T08:44:36.762+0000] {docker.py:429} INFO - [+] Saved: Няма желаещи да седнат в стола на Сарафов
[2026-06-11T08:44:38.551+0000] {docker.py:429} INFO - [+] Saved: ДОНАЛД ТРЪМП: Иран закъсня с преговорите и ще плати цената
[2026-06-11T08:44:40.216+0000] {docker.py:429} INFO - [+] Saved: Камион за смет уби баба във Варненско
[2026-06-11T08:44:42.854+0000] {docker.py:429} INFO - [+] Saved: Весела Лечева: Банковите сметки на БОК са на нула
[2026-06-11T08:44:45.919+0000] {docker.py:429} INFO - [+] Saved: ЗАРАДИ НАПАДЕНИЯ: Таксиджийте искат паник бутони и камери!
[2026-06-11T08:44:49.400+0000] {docker.py:429} INFO - [+] Saved: ПО МЕТОДА НА ПАБЛО ЕСКОБАР:  Футболист зарежда с трева Турция!
[2026-06-11T08:44:56.394+0000] {docker.py:429} INFO - [+] Saved: Стилиян Петров за „Мача на надеждата“: Опитаха се да ни спънат до последно
[2026-06-11T08:45:01.333+0000] {docker.py:429} INFO - [+] Saved: Излязоха резултатите от матурите (ВИДЕО)
[2026-06-11T08:45:11.011+0000] {taskinstance.py:1149} INFO - Marking task as SUCCESS. dag_id=telegraph_scraper, task_id=run_telegraph_container, execution_date=20260610T000000, start_date=20260611T084022, end_date=20260611T084511
[2026-06-11T08:45:14.770+0000] {local_task_job_runner.py:234} INFO - Task exited with return code 0
[2026-06-11T08:45:16.101+0000] {taskinstance.py:3309} INFO - 0 downstream tasks scheduled from follow-on schedule check
