[2026-05-14T08:05:05.698+0000] {taskinstance.py:1979} INFO - Dependencies all met for dep_context=non-requeueable deps ti=<TaskInstance: merge_all_scrapers.merge_all_outputs manual__2026-05-14T08:04:57.240916+00:00 [queued]>
[2026-05-14T08:05:05.939+0000] {taskinstance.py:1979} INFO - Dependencies all met for dep_context=requeueable deps ti=<TaskInstance: merge_all_scrapers.merge_all_outputs manual__2026-05-14T08:04:57.240916+00:00 [queued]>
[2026-05-14T08:05:05.955+0000] {taskinstance.py:2193} INFO - Starting attempt 1 of 1
[2026-05-14T08:05:06.088+0000] {taskinstance.py:2214} INFO - Executing <Task(PythonOperator): merge_all_outputs> on 2026-05-14 08:04:57.240916+00:00
[2026-05-14T08:05:06.129+0000] {standard_task_runner.py:60} INFO - Started process 204 to run task
[2026-05-14T08:05:06.150+0000] {standard_task_runner.py:87} INFO - Running: ['***', 'tasks', 'run', 'merge_all_scrapers', 'merge_all_outputs', 'manual__2026-05-14T08:04:57.240916+00:00', '--job-id', '47', '--raw', '--subdir', 'DAGS_FOLDER/merge_dag.py', '--cfg-path', '/tmp/tmpy0ah3i_u']
[2026-05-14T08:05:06.217+0000] {standard_task_runner.py:88} INFO - Job 47: Subtask merge_all_outputs
[2026-05-14T08:05:07.023+0000] {task_command.py:423} INFO - Running <TaskInstance: merge_all_scrapers.merge_all_outputs manual__2026-05-14T08:04:57.240916+00:00 [running]> on host ab149d976c2e
[2026-05-14T08:05:07.631+0000] {taskinstance.py:2510} INFO - Exporting env vars: AIRFLOW_CTX_DAG_OWNER='***' AIRFLOW_CTX_DAG_ID='merge_all_scrapers' AIRFLOW_CTX_TASK_ID='merge_all_outputs' AIRFLOW_CTX_EXECUTION_DATE='2026-05-14T08:04:57.240916+00:00' AIRFLOW_CTX_TRY_NUMBER='1' AIRFLOW_CTX_DAG_RUN_ID='manual__2026-05-14T08:04:57.240916+00:00'
[2026-05-14T08:05:07.649+0000] {logging_mixin.py:188} INFO - 📂 DATA PATH: /opt/***/data
[2026-05-14T08:05:07.661+0000] {logging_mixin.py:188} INFO - 
📄 READING JSON: eu_fsf_sanctions.json
[2026-05-14T08:05:07.798+0000] {logging_mixin.py:188} INFO - 
📄 READING JSON: inegi_playwright.json
[2026-05-14T08:05:07.804+0000] {logging_mixin.py:188} INFO - 
📄 READING JSON: inegi_scraper.json
[2026-05-14T08:05:07.810+0000] {logging_mixin.py:188} INFO - 
🗄️ READING DB: kaldata.db
[2026-05-14T08:05:13.155+0000] {logging_mixin.py:188} INFO - 
🗄️ READING DB: telegraph.db
[2026-05-14T08:05:13.286+0000] {logging_mixin.py:188} INFO - 
📦 TOTAL BEFORE DEDUP: 6722
[2026-05-14T08:05:13.395+0000] {logging_mixin.py:188} INFO - 🧹 AFTER DEDUP: 6718
[2026-05-14T08:05:13.533+0000] {base.py:83} INFO - Using connection ID 'postgres_default' for task execution.
[2026-05-14T08:05:13.604+0000] {logging_mixin.py:188} INFO - ❌ MERGE ERROR: connection to server at "postgres" (172.19.0.2), port 5432 failed: FATAL:  password authentication failed for user "postgres"
[2026-05-14T08:05:13.616+0000] {logging_mixin.py:188} INFO - 🔓 LOCK REMOVED
[2026-05-14T08:05:13.631+0000] {python.py:202} INFO - Done. Returned value was: None
[2026-05-14T08:05:13.834+0000] {taskinstance.py:1149} INFO - Marking task as SUCCESS. dag_id=merge_all_scrapers, task_id=merge_all_outputs, execution_date=20260514T080457, start_date=20260514T080505, end_date=20260514T080513
[2026-05-14T08:05:13.990+0000] {local_task_job_runner.py:234} INFO - Task exited with return code 0
[2026-05-14T08:05:14.090+0000] {taskinstance.py:3309} INFO - 0 downstream tasks scheduled from follow-on schedule check
