[2026-06-03T07:19:52.805+0000] {taskinstance.py:1979} INFO - Dependencies all met for dep_context=non-requeueable deps ti=<TaskInstance: merge_all_scrapers.merge_all_outputs manual__2026-06-03T07:19:49.126303+00:00 [queued]>
[2026-06-03T07:19:52.864+0000] {taskinstance.py:1979} INFO - Dependencies all met for dep_context=requeueable deps ti=<TaskInstance: merge_all_scrapers.merge_all_outputs manual__2026-06-03T07:19:49.126303+00:00 [queued]>
[2026-06-03T07:19:52.876+0000] {taskinstance.py:2193} INFO - Starting attempt 1 of 1
[2026-06-03T07:19:52.951+0000] {taskinstance.py:2214} INFO - Executing <Task(PythonOperator): merge_all_outputs> on 2026-06-03 07:19:49.126303+00:00
[2026-06-03T07:19:52.990+0000] {standard_task_runner.py:60} INFO - Started process 870 to run task
[2026-06-03T07:19:53.034+0000] {standard_task_runner.py:87} INFO - Running: ['***', 'tasks', 'run', 'merge_all_scrapers', 'merge_all_outputs', 'manual__2026-06-03T07:19:49.126303+00:00', '--job-id', '371', '--raw', '--subdir', 'DAGS_FOLDER/merge_dag.py', '--cfg-path', '/tmp/tmpe9g7qmso']
[2026-06-03T07:19:53.060+0000] {standard_task_runner.py:88} INFO - Job 371: Subtask merge_all_outputs
[2026-06-03T07:19:53.456+0000] {task_command.py:423} INFO - Running <TaskInstance: merge_all_scrapers.merge_all_outputs manual__2026-06-03T07:19:49.126303+00:00 [running]> on host f39b18a112ca
[2026-06-03T07:19:54.176+0000] {taskinstance.py:2510} INFO - Exporting env vars: AIRFLOW_CTX_DAG_OWNER='***' AIRFLOW_CTX_DAG_ID='merge_all_scrapers' AIRFLOW_CTX_TASK_ID='merge_all_outputs' AIRFLOW_CTX_EXECUTION_DATE='2026-06-03T07:19:49.126303+00:00' AIRFLOW_CTX_TRY_NUMBER='1' AIRFLOW_CTX_DAG_RUN_ID='manual__2026-06-03T07:19:49.126303+00:00'
[2026-06-03T07:19:54.206+0000] {logging_mixin.py:188} INFO - 📂 DATA PATH: /opt/***/data
[2026-06-03T07:19:54.218+0000] {logging_mixin.py:188} INFO - 
📄 READING JSON: eu_fsf_sanctions.json
[2026-06-03T07:19:54.483+0000] {logging_mixin.py:188} INFO - 
📄 READING JSON: inegi_playwright.json
[2026-06-03T07:19:54.601+0000] {logging_mixin.py:188} INFO - 
📄 READING JSON: inegi_scraper.json
[2026-06-03T07:19:54.625+0000] {logging_mixin.py:188} INFO - 
🗄️ READING DB: kaldata.db
[2026-06-03T07:19:57.489+0000] {logging_mixin.py:188} INFO - 
🗄️ READING DB: telegraph.db
[2026-06-03T07:19:57.827+0000] {logging_mixin.py:188} INFO - 
📦 TOTAL BEFORE DEDUP: 6786
[2026-06-03T07:19:57.940+0000] {logging_mixin.py:188} INFO - 🧹 AFTER DEDUP: 6783
[2026-06-03T07:19:58.026+0000] {base.py:83} INFO - Using connection ID 'postgres_default' for task execution.
[2026-06-03T07:20:10.757+0000] {logging_mixin.py:188} INFO - 💾 JSON OUTPUT: /opt/***/data/final_output.json
[2026-06-03T07:20:10.778+0000] {logging_mixin.py:188} INFO - 🔓 LOCK REMOVED
[2026-06-03T07:20:10.786+0000] {python.py:202} INFO - Done. Returned value was: None
[2026-06-03T07:20:10.868+0000] {taskinstance.py:1149} INFO - Marking task as SUCCESS. dag_id=merge_all_scrapers, task_id=merge_all_outputs, execution_date=20260603T071949, start_date=20260603T071952, end_date=20260603T072010
[2026-06-03T07:20:11.037+0000] {local_task_job_runner.py:234} INFO - Task exited with return code 0
[2026-06-03T07:20:11.182+0000] {taskinstance.py:3309} INFO - 0 downstream tasks scheduled from follow-on schedule check
