[2026-06-03T06:58:59.624+0000] {taskinstance.py:1979} INFO - Dependencies all met for dep_context=non-requeueable deps ti=<TaskInstance: inegi_scraper.run_inegi_selenium_container scheduled__2026-06-02T00:00:00+00:00 [queued]>
[2026-06-03T06:58:59.818+0000] {taskinstance.py:1979} INFO - Dependencies all met for dep_context=requeueable deps ti=<TaskInstance: inegi_scraper.run_inegi_selenium_container scheduled__2026-06-02T00:00:00+00:00 [queued]>
[2026-06-03T06:58:59.890+0000] {taskinstance.py:2193} INFO - Starting attempt 1 of 1
[2026-06-03T06:59:00.421+0000] {taskinstance.py:2214} INFO - Executing <Task(DockerOperator): run_inegi_selenium_container> on 2026-06-02 00:00:00+00:00
[2026-06-03T06:59:00.654+0000] {standard_task_runner.py:60} INFO - Started process 64 to run task
[2026-06-03T06:59:00.880+0000] {standard_task_runner.py:87} INFO - Running: ['***', 'tasks', 'run', 'inegi_scraper', 'run_inegi_selenium_container', 'scheduled__2026-06-02T00:00:00+00:00', '--job-id', '360', '--raw', '--subdir', 'DAGS_FOLDER/inegi_scraper_dag.py', '--cfg-path', '/tmp/tmpug4vsqq9']
[2026-06-03T06:59:00.968+0000] {standard_task_runner.py:88} INFO - Job 360: Subtask run_inegi_selenium_container
[2026-06-03T06:59:04.779+0000] {task_command.py:423} INFO - Running <TaskInstance: inegi_scraper.run_inegi_selenium_container scheduled__2026-06-02T00:00:00+00:00 [running]> on host f39b18a112ca
[2026-06-03T06:59:14.743+0000] {taskinstance.py:2510} INFO - Exporting env vars: AIRFLOW_CTX_DAG_OWNER='***' AIRFLOW_CTX_DAG_ID='inegi_scraper' AIRFLOW_CTX_TASK_ID='run_inegi_selenium_container' AIRFLOW_CTX_EXECUTION_DATE='2026-06-02T00:00:00+00:00' AIRFLOW_CTX_TRY_NUMBER='1' AIRFLOW_CTX_DAG_RUN_ID='scheduled__2026-06-02T00:00:00+00:00'
[2026-06-03T06:59:16.215+0000] {docker.py:359} INFO - Starting docker container from image inegi-scraper:v1
[2026-06-03T06:59:16.410+0000] {docker.py:367} WARNING - Using remote engine or docker-in-docker and mounting temporary volume from host is not supported. Falling back to `mount_tmp_dir=False` mode. You can set `mount_tmp_dir` parameter to False to disable mounting and remove the warning
[2026-06-03T07:01:42.676+0000] {docker.py:429} INFO - Unhandled error in Deferred:
2026-06-03 07:01:42 [twisted] CRITICAL: Unhandled error in Deferred:
[2026-06-03T07:01:43.044+0000] {docker.py:429} INFO - Traceback (most recent call last):
  File "/usr/local/lib/python3.11/site-packages/twisted/internet/defer.py", line 1853, in _inlineCallbacks
    result = context.run(
  File "/usr/local/lib/python3.11/site-packages/twisted/python/failure.py", line 467, in throwExceptionIntoGenerator
    return g.throw(self.value.with_traceback(self.tb))
  File "/usr/local/lib/python3.11/site-packages/scrapy/crawler.py", line 464, in _crawl
    yield d
  File "/usr/local/lib/python3.11/site-packages/twisted/internet/defer.py", line 1857, in _inlineCallbacks
    result = context.run(gen.send, result)
  File "/usr/local/lib/python3.11/site-packages/scrapy/crawler.py", line 187, in crawl
    self.spider = self._create_spider(*args, **kwargs)
  File "/usr/local/lib/python3.11/site-packages/scrapy/crawler.py", line 230, in _create_spider
    return self.spidercls.from_crawler(self, *args, **kwargs)
  File "/usr/local/lib/python3.11/site-packages/scrapy/spiders/__init__.py", line 75, in from_crawler
    spider = cls(*args, **kwargs)
  File "/app/inegi/spiders/inegi_spider.py", line 49, in __init__
    self.driver = webdriver.Chrome(service=service, options=options)
  File "/usr/local/lib/python3.11/site-packages/selenium/webdriver/chrome/webdriver.py", line 45, in __init__
    super().__init__(
  File "/usr/local/lib/python3.11/site-packages/selenium/webdriver/chromium/webdriver.py", line 66, in __init__
    super().__init__(command_executor=executor, options=self.options)
  File "/usr/local/lib/python3.11/site-packages/selenium/webdriver/common/webdriver.py", line 25, in __init__
    super().__init__(*args, **kwargs)
  File "/usr/local/lib/python3.11/site-packages/selenium/webdriver/remote/webdriver.py", line 274, in __init__
    self.start_session(capabilities)
  File "/usr/local/lib/python3.11/site-packages/selenium/webdriver/remote/webdriver.py", line 370, in start_session
    response = self.execute(Command.NEW_SESSION, caps)["value"]
  File "/usr/local/lib/python3.11/site-packages/selenium/webdriver/remote/webdriver.py", line 450, in execute
    self.error_handler.check_response(response)
  File "/usr/local/lib/python3.11/site-packages/selenium/webdriver/remote/errorhandler.py", line 232, in check_response
    raise exception_class(message, screen, stacktrace)
selenium.common.exceptions.SessionNotCreatedException: Message: session not created: DevToolsActivePort file doesn't exist; For documentation on this error, please visit: https://www.selenium.dev/documentation/webdriver/troubleshooting/errors#sessionnotcreatedexception
Stacktrace:
#0 0x5ea1321cf5b2 <unknown>
#1 0x5ea131b67cb8 <unknown>
#2 0x5ea131baa551 <unknown>
#3 0x5ea131ba6421 <unknown>
#4 0x5ea131ba0772 <unknown>
#5 0x5ea131bf5823 <unknown>
#6 0x5ea131bf4f6d <unknown>
#7 0x5ea131be5547 <unknown>
#8 0x5ea131baefde <unknown>
#9 0x5ea131bafe75 <unknown>
#10 0x5ea132190dc4 <unknown>
#11 0x5ea132194225 <unknown>
#12 0x5ea132193c5e <unknown>
#13 0x5ea132194689 <unknown>
#14 0x5ea1321801b8 <unknown>
#15 0x5ea132194a0a <unknown>
#16 0x5ea132168889 <unknown>
#17 0x5ea1321bb9e9 <unknown>
#18 0x5ea1321bbbfe <unknown>
#19 0x5ea1321cde9e <unknown>
#20 0x774c67e95b7b <unknown>
[2026-06-03T07:01:43.140+0000] {docker.py:429} INFO - 2026-06-03 07:01:43 [twisted] CRITICAL: 
Traceback (most recent call last):
  File "/usr/local/lib/python3.11/site-packages/twisted/internet/defer.py", line 1853, in _inlineCallbacks
    result = context.run(
             ^^^^^^^^^^^^
  File "/usr/local/lib/python3.11/site-packages/twisted/python/failure.py", line 467, in throwExceptionIntoGenerator
    return g.throw(self.value.with_traceback(self.tb))
           ^^^^^^^^^^^^^^^^^^^^^^^^^^^^^^^^^^^^^^^^^^^
  File "/usr/local/lib/python3.11/site-packages/scrapy/crawler.py", line 464, in _crawl
    yield d
  File "/usr/local/lib/python3.11/site-packages/twisted/internet/defer.py", line 1857, in _inlineCallbacks
    result = context.run(gen.send, result)
             ^^^^^^^^^^^^^^^^^^^^^^^^^^^^^
  File "/usr/local/lib/python3.11/site-packages/scrapy/crawler.py", line 187, in crawl
    self.spider = self._create_spider(*args, **kwargs)
                  ^^^^^^^^^^^^^^^^^^^^^^^^^^^^^^^^^^^^
  File "/usr/local/lib/python3.11/site-packages/scrapy/crawler.py", line 230, in _create_spider
    return self.spidercls.from_crawler(self, *args, **kwargs)
           ^^^^^^^^^^^^^^^^^^^^^^^^^^^^^^^^^^^^^^^^^^^^^^^^^^
  File "/usr/local/lib/python3.11/site-packages/scrapy/spiders/__init__.py", line 75, in from_crawler
    spider = cls(*args, **kwargs)
             ^^^^^^^^^^^^^^^^^^^^
  File "/app/inegi/spiders/inegi_spider.py", line 49, in __init__
    self.driver = webdriver.Chrome(service=service, options=options)
                  ^^^^^^^^^^^^^^^^^^^^^^^^^^^^^^^^^^^^^^^^^^^^^^^^^^
  File "/usr/local/lib/python3.11/site-packages/selenium/webdriver/chrome/webdriver.py", line 45, in __init__
    super().__init__(
  File "/usr/local/lib/python3.11/site-packages/selenium/webdriver/chromium/webdriver.py", line 66, in __init__
    super().__init__(command_executor=executor, options=self.options)
  File "/usr/local/lib/python3.11/site-packages/selenium/webdriver/common/webdriver.py", line 25, in __init__
    super().__init__(*args, **kwargs)
  File "/usr/local/lib/python3.11/site-packages/selenium/webdriver/remote/webdriver.py", line 274, in __init__
    self.start_session(capabilities)
  File "/usr/local/lib/python3.11/site-packages/selenium/webdriver/remote/webdriver.py", line 370, in start_session
    response = self.execute(Command.NEW_SESSION, caps)["value"]
               ^^^^^^^^^^^^^^^^^^^^^^^^^^^^^^^^^^^^^^^
  File "/usr/local/lib/python3.11/site-packages/selenium/webdriver/remote/webdriver.py", line 450, in execute
    self.error_handler.check_response(response)
  File "/usr/local/lib/python3.11/site-packages/selenium/webdriver/remote/errorhandler.py", line 232, in check_response
    raise exception_class(message, screen, stacktrace)
selenium.common.exceptions.SessionNotCreatedException: Message: session not created: DevToolsActivePort file doesn't exist; For documentation on this error, please visit: https://www.selenium.dev/documentation/webdriver/troubleshooting/errors#sessionnotcreatedexception
Stacktrace:
#0 0x5ea1321cf5b2 <unknown>
#1 0x5ea131b67cb8 <unknown>
#2 0x5ea131baa551 <unknown>
#3 0x5ea131ba6421 <unknown>
#4 0x5ea131ba0772 <unknown>
#5 0x5ea131bf5823 <unknown>
#6 0x5ea131bf4f6d <unknown>
#7 0x5ea131be5547 <unknown>
#8 0x5ea131baefde <unknown>
#9 0x5ea131bafe75 <unknown>
#10 0x5ea132190dc4 <unknown>
#11 0x5ea132194225 <unknown>
#12 0x5ea132193c5e <unknown>
#13 0x5ea132194689 <unknown>
#14 0x5ea1321801b8 <unknown>
#15 0x5ea132194a0a <unknown>
#16 0x5ea132168889 <unknown>
#17 0x5ea1321bb9e9 <unknown>
#18 0x5ea1321bbbfe <unknown>
#19 0x5ea1321cde9e <unknown>
#20 0x774c67e95b7b <unknown>
[2026-06-03T07:01:51.325+0000] {taskinstance.py:1149} INFO - Marking task as SUCCESS. dag_id=inegi_scraper, task_id=run_inegi_selenium_container, execution_date=20260602T000000, start_date=20260603T065859, end_date=20260603T070151
[2026-06-03T07:01:52.998+0000] {local_task_job_runner.py:234} INFO - Task exited with return code 0
[2026-06-03T07:01:55.028+0000] {taskinstance.py:3309} INFO - 0 downstream tasks scheduled from follow-on schedule check
