[2026-05-14T07:16:50.539+0000] {taskinstance.py:1979} INFO - Dependencies all met for dep_context=non-requeueable deps ti=<TaskInstance: inegi_playwright.trigger_merge scheduled__2026-05-13T00:00:00+00:00 [queued]>
[2026-05-14T07:16:50.690+0000] {taskinstance.py:1979} INFO - Dependencies all met for dep_context=requeueable deps ti=<TaskInstance: inegi_playwright.trigger_merge scheduled__2026-05-13T00:00:00+00:00 [queued]>
[2026-05-14T07:16:50.791+0000] {taskinstance.py:2193} INFO - Starting attempt 1 of 3
[2026-05-14T07:16:51.185+0000] {taskinstance.py:2214} INFO - Executing <Task(TriggerDagRunOperator): trigger_merge> on 2026-05-13 00:00:00+00:00
[2026-05-14T07:16:51.264+0000] {standard_task_runner.py:60} INFO - Started process 827 to run task
[2026-05-14T07:16:51.374+0000] {standard_task_runner.py:87} INFO - Running: ['***', 'tasks', 'run', 'inegi_playwright', 'trigger_merge', 'scheduled__2026-05-13T00:00:00+00:00', '--job-id', '38', '--raw', '--subdir', 'DAGS_FOLDER/inegi_playwright_dag.py', '--cfg-path', '/tmp/tmp8luee5v_']
[2026-05-14T07:16:51.473+0000] {standard_task_runner.py:88} INFO - Job 38: Subtask trigger_merge
[2026-05-14T07:16:53.864+0000] {task_command.py:423} INFO - Running <TaskInstance: inegi_playwright.trigger_merge scheduled__2026-05-13T00:00:00+00:00 [running]> on host ab149d976c2e
[2026-05-14T07:16:55.578+0000] {taskinstance.py:2510} INFO - Exporting env vars: AIRFLOW_CTX_DAG_OWNER='***' AIRFLOW_CTX_DAG_ID='inegi_playwright' AIRFLOW_CTX_TASK_ID='trigger_merge' AIRFLOW_CTX_EXECUTION_DATE='2026-05-13T00:00:00+00:00' AIRFLOW_CTX_TRY_NUMBER='1' AIRFLOW_CTX_DAG_RUN_ID='scheduled__2026-05-13T00:00:00+00:00'
[2026-05-14T07:16:57.554+0000] {taskinstance.py:1149} INFO - Marking task as SUCCESS. dag_id=inegi_playwright, task_id=trigger_merge, execution_date=20260513T000000, start_date=20260514T071650, end_date=20260514T071657
[2026-05-14T07:16:58.183+0000] {local_task_job_runner.py:234} INFO - Task exited with return code 0
[2026-05-14T07:16:58.703+0000] {taskinstance.py:3309} INFO - 0 downstream tasks scheduled from follow-on schedule check
[2026-05-14T14:07:14.942+0000] {taskinstance.py:1979} INFO - Dependencies all met for dep_context=non-requeueable deps ti=<TaskInstance: inegi_playwright.trigger_merge scheduled__2026-05-13T00:00:00+00:00 [queued]>
[2026-05-14T14:07:14.964+0000] {taskinstance.py:1979} INFO - Dependencies all met for dep_context=requeueable deps ti=<TaskInstance: inegi_playwright.trigger_merge scheduled__2026-05-13T00:00:00+00:00 [queued]>
[2026-05-14T14:07:14.966+0000] {taskinstance.py:2193} INFO - Starting attempt 1 of 3
[2026-05-14T14:07:15.002+0000] {taskinstance.py:2214} INFO - Executing <Task(TriggerDagRunOperator): trigger_merge> on 2026-05-13 00:00:00+00:00
[2026-05-14T14:07:15.025+0000] {standard_task_runner.py:60} INFO - Started process 1225 to run task
[2026-05-14T14:07:15.042+0000] {standard_task_runner.py:87} INFO - Running: ['***', 'tasks', 'run', 'inegi_playwright', 'trigger_merge', 'scheduled__2026-05-13T00:00:00+00:00', '--job-id', '15', '--raw', '--subdir', 'DAGS_FOLDER/inegi_playwright_dag.py', '--cfg-path', '/tmp/tmp7ipq6hzy']
[2026-05-14T14:07:15.048+0000] {standard_task_runner.py:88} INFO - Job 15: Subtask trigger_merge
[2026-05-14T14:07:15.250+0000] {task_command.py:423} INFO - Running <TaskInstance: inegi_playwright.trigger_merge scheduled__2026-05-13T00:00:00+00:00 [running]> on host 26acb5ca21e7
[2026-05-14T14:07:15.908+0000] {taskinstance.py:2510} INFO - Exporting env vars: AIRFLOW_CTX_DAG_OWNER='***' AIRFLOW_CTX_DAG_ID='inegi_playwright' AIRFLOW_CTX_TASK_ID='trigger_merge' AIRFLOW_CTX_EXECUTION_DATE='2026-05-13T00:00:00+00:00' AIRFLOW_CTX_TRY_NUMBER='1' AIRFLOW_CTX_DAG_RUN_ID='scheduled__2026-05-13T00:00:00+00:00'
[2026-05-14T14:07:16.760+0000] {taskinstance.py:1149} INFO - Marking task as SUCCESS. dag_id=inegi_playwright, task_id=trigger_merge, execution_date=20260513T000000, start_date=20260514T140714, end_date=20260514T140716
[2026-05-14T14:07:16.814+0000] {local_task_job_runner.py:234} INFO - Task exited with return code 0
[2026-05-14T14:07:16.885+0000] {taskinstance.py:3309} INFO - 0 downstream tasks scheduled from follow-on schedule check
