[2026-05-29T11:21:44.177+0000] {taskinstance.py:1979} INFO - Dependencies all met for dep_context=non-requeueable deps ti=<TaskInstance: telegraph_scraper.run_telegraph_container scheduled__2026-05-28T00:00:00+00:00 [queued]>
[2026-05-29T11:21:44.283+0000] {taskinstance.py:1979} INFO - Dependencies all met for dep_context=requeueable deps ti=<TaskInstance: telegraph_scraper.run_telegraph_container scheduled__2026-05-28T00:00:00+00:00 [queued]>
[2026-05-29T11:21:44.286+0000] {taskinstance.py:2193} INFO - Starting attempt 1 of 1
[2026-05-29T11:21:44.444+0000] {taskinstance.py:2214} INFO - Executing <Task(DockerOperator): run_telegraph_container> on 2026-05-28 00:00:00+00:00
[2026-05-29T11:21:44.470+0000] {standard_task_runner.py:60} INFO - Started process 172 to run task
[2026-05-29T11:21:44.519+0000] {standard_task_runner.py:87} INFO - Running: ['***', 'tasks', 'run', 'telegraph_scraper', 'run_telegraph_container', 'scheduled__2026-05-28T00:00:00+00:00', '--job-id', '307', '--raw', '--subdir', 'DAGS_FOLDER/telegraph_dag.py', '--cfg-path', '/tmp/tmp31v6juj_']
[2026-05-29T11:21:44.541+0000] {standard_task_runner.py:88} INFO - Job 307: Subtask run_telegraph_container
[2026-05-29T11:21:46.102+0000] {task_command.py:423} INFO - Running <TaskInstance: telegraph_scraper.run_telegraph_container scheduled__2026-05-28T00:00:00+00:00 [running]> on host f39b18a112ca
[2026-05-29T11:21:56.443+0000] {taskinstance.py:2510} INFO - Exporting env vars: AIRFLOW_CTX_DAG_OWNER='***' AIRFLOW_CTX_DAG_ID='telegraph_scraper' AIRFLOW_CTX_TASK_ID='run_telegraph_container' AIRFLOW_CTX_EXECUTION_DATE='2026-05-28T00:00:00+00:00' AIRFLOW_CTX_TRY_NUMBER='1' AIRFLOW_CTX_DAG_RUN_ID='scheduled__2026-05-28T00:00:00+00:00'
[2026-05-29T11:21:57.479+0000] {docker.py:359} INFO - Starting docker container from image telegraph-scraper:v1
[2026-05-29T11:21:57.682+0000] {docker.py:367} WARNING - Using remote engine or docker-in-docker and mounting temporary volume from host is not supported. Falling back to `mount_tmp_dir=False` mode. You can set `mount_tmp_dir` parameter to False to disable mounting and remove the warning
[2026-05-29T11:22:41.586+0000] {docker.py:429} INFO - [+] Saved: Цигарите в еднакви опаковки
[2026-05-29T11:22:44.758+0000] {docker.py:429} INFO - [+] Saved: 12-те паметни месеца на Глазнер
[2026-05-29T11:22:47.689+0000] {docker.py:429} INFO - [+] Saved: Седем обвинени след акция срещу наркоразпространението в София
[2026-05-29T11:22:51.474+0000] {docker.py:429} INFO - [+] Saved: КОСМИЧЕСКА ОФАНЗИВА: САЩ строи мегаград на Луната до шест години!
[2026-05-29T11:22:53.594+0000] {docker.py:429} INFO - [+] Saved: СЛУЧАЯТ "БАБА АЛИНО" ВЪВ ВАРНА: Задържаха трима, свързани с корпорацията КУБ
[2026-05-29T11:22:55.830+0000] {docker.py:429} INFO - [+] Saved: Кой ли е ударът на „армейците“?
[2026-05-29T11:22:57.927+0000] {docker.py:429} INFO - [+] Saved: ТелеГаф: Емилия и Софи - стюардесите на фолка
[2026-05-29T11:23:00.496+0000] {docker.py:429} INFO - [+] Saved: 2000 пропуснаха матурите!
[2026-05-29T11:23:03.744+0000] {docker.py:429} INFO - [+] Saved: Депутатите си бетонираха автоматичните бонуси!
[2026-05-29T11:23:06.956+0000] {docker.py:429} INFO - [+] Saved: Английските евробойци!
[2026-05-29T11:23:10.282+0000] {docker.py:429} INFO - [+] Saved: Българите добавят още месеци към живота си
[2026-05-29T11:23:12.531+0000] {docker.py:429} INFO - [+] Saved: В БЕЛГРАД: Цеца на вечеря с италиански мачо
[2026-05-29T11:23:15.050+0000] {docker.py:429} INFO - [+] Saved: Ротираният ПСЖ срещу изморения Арсенал!
[2026-05-29T11:23:17.131+0000] {docker.py:429} INFO - [+] Saved: След взрива в Румъния: ЕК и НАТО осъдиха Москва
[2026-05-29T11:23:20.040+0000] {docker.py:429} INFO - [+] Saved: Безплатна рибена чорба и фенери по Дунав
[2026-05-29T11:23:22.325+0000] {docker.py:429} INFO - [+] Saved: ИСТОРИЧЕСКО: Паркът „Заимов“ вече се казва „Оборище“!
[2026-05-29T11:23:24.227+0000] {docker.py:429} INFO - [+] Saved: Деси Тошева шашна Кан с водопад от диаманти
[2026-05-29T11:23:26.704+0000] {docker.py:429} INFO - [+] Saved: Керана участва в бродуейския хит „Суини Тод“
[2026-05-29T11:23:29.003+0000] {docker.py:429} INFO - [+] Saved: ПОЛИТИЧЕСКА ЖЕГА: Йотова свиква партиите на разпит за ЦИК
[2026-05-29T11:23:32.133+0000] {docker.py:429} INFO - [+] Saved: „Белите“ отхвърлиха оферта за Балов от Гранада
[2026-05-29T11:23:34.533+0000] {docker.py:429} INFO - [+] Saved: Проф. Владимир Чуков пред "Телеграф": Тръмп е поискал разговора с Радев
[2026-05-29T11:23:36.658+0000] {docker.py:429} INFO - [+] Saved: Тренер, следващото ниво е друга бира
[2026-05-29T11:23:38.718+0000] {docker.py:429} INFO - [+] Saved: РЕЧЕ И ОТСЕЧЕ! Радев към САЩ: Без визи – няма и самолети у нас!
[2026-05-29T11:23:42.196+0000] {docker.py:429} INFO - [+] Saved: Монтедземоло захапа Ферари
[2026-05-29T11:23:44.724+0000] {docker.py:429} INFO - [+] Saved: Националът Ефе Али: Локомотив е царят на Пловдив
[2026-05-29T11:23:46.818+0000] {docker.py:429} INFO - [+] Saved: Основен играч на Беласица си тръгва
[2026-05-29T11:23:49.208+0000] {docker.py:429} INFO - [+] Saved: Иван Христанов пред „Телеграф“: Кметът на Варна не е търсил помощ от агроведомството
[2026-05-29T11:23:52.000+0000] {docker.py:429} INFO - [+] Saved: Вальо Илиев поема Дунав!
[2026-05-29T11:23:54.564+0000] {docker.py:429} INFO - [+] Saved: Събарят нелегалния град край Варна
[2026-05-29T11:23:56.701+0000] {docker.py:429} INFO - [+] Saved: Въпреки недоволството: В „Младост“ ще построят 22-етажна сграда
[2026-05-29T11:23:58.687+0000] {docker.py:429} INFO - [+] Saved: Тото Волф: Ръсел няма да се предаде
[2026-05-29T11:24:01.885+0000] {docker.py:429} INFO - [+] Saved: Атанас Пеканов: Заради доверието към Румен Радев ЕК размразява 370 млн. евро за България
[2026-05-29T11:24:05.099+0000] {docker.py:429} INFO - [+] Saved: Крило на Реал Мадрид обяви годеж (СНИМКИ)
[2026-05-29T11:24:07.275+0000] {docker.py:429} INFO - [+] Saved: Днес в Благоевград! Бдение и протест за загиналото момиче
[2026-05-29T11:24:09.214+0000] {docker.py:429} INFO - [+] Saved: След връщането на Ел Ниньо: Смъртоносна жега обхвана Европа
[2026-05-29T11:24:12.351+0000] {docker.py:429} INFO - [+] Saved: Славия взима Буров и Бауренски
[2026-05-29T11:24:14.749+0000] {docker.py:429} INFO - [+] Saved: Лудогорец намалява бюджета при провал срещу Локо Пд
[2026-05-29T11:24:17.620+0000] {docker.py:429} INFO - [+] Saved: Лондончани за последно бяха в Будапеща преди век
[2026-05-29T11:24:20.170+0000] {docker.py:429} INFO - [+] Saved: Делова с фрактура в стъпалото
[2026-05-29T11:24:21.995+0000] {docker.py:429} INFO - [+] Saved: НОВА ТРАГЕДИЯ В СЛЪНЧЕВ БРЯГ: Почина втори пострадал при пожара в хотел
[2026-05-29T11:24:24.140+0000] {docker.py:429} INFO - [+] Saved: Андреа Пирло: Луис Енрике е треньор №1 в света
[2026-05-29T11:24:27.299+0000] {docker.py:429} INFO - [+] Saved: Йовов напуска Левски!
[2026-05-29T11:24:30.060+0000] {docker.py:429} INFO - [+] Saved: Вашингтон и Техеран на крачка от сделка? Тръмп още не е казал „да“
[2026-05-29T11:24:32.118+0000] {docker.py:429} INFO - [+] Saved: Мисията се взриви на земята: Ракетата на Джеф Безос избухна във Флорида (ВИДЕО)
[2026-05-29T11:24:34.254+0000] {docker.py:429} INFO - [+] Saved: Очаква се парламентът да обсъди на второ четене законопроекта за създаване на Комисия за противодействие на корупцията
[2026-05-29T11:24:37.454+0000] {docker.py:429} INFO - [+] Saved: ПРОМЕНЛИВО ВРЕМЕ: Петък започва с облаци и дъжд на места, завършва със слънце
[2026-05-29T11:24:40.056+0000] {docker.py:429} INFO - [+] Saved: РУСКА АТАКА: Дрон се разби в жилищен блок в Румъния (ВИДЕО)
[2026-05-29T11:24:42.517+0000] {docker.py:429} INFO - [+] Saved: Гледайте Лудогорец - Локомотив Пд в баража за Лига на конференциите
[2026-05-29T11:24:45.675+0000] {docker.py:429} INFO - [+] Saved: Местят статуята на Меси в Индия
[2026-05-29T11:24:47.818+0000] {docker.py:429} INFO - [+] Saved: Надал пил текила, преди да целуне Шакира (СНИМКИ)
[2026-05-29T11:24:51.013+0000] {docker.py:429} INFO - [+] Saved: Продажбата на Севиля на Серхио Рамос пропадна
[2026-05-29T11:24:54.120+0000] {docker.py:429} INFO - [+] Saved: Олимпиакос взе първия мач от полуфиналната серия в гръцкото баскетболно първенство с АЕК Атина
[2026-05-29T11:24:57.014+0000] {docker.py:429} INFO - [+] Saved: Жената на Лаутаро ужасила шеф готвач със спагетите си (СНИМКИ)
[2026-05-29T11:24:59.199+0000] {docker.py:429} INFO - [+] Saved: Босът на Локо София говори за Любо Пенев
[2026-05-29T11:25:02.337+0000] {docker.py:429} INFO - [+] Saved: Плюят Киркоров за „Бангаранга“
[2026-05-29T11:25:05.882+0000] {docker.py:429} INFO - [+] Saved: Неймар напусна подготвителния лагер на националния отбор по футбол на Бразилия преди Мондиал 2026
[2026-05-29T11:25:07.999+0000] {docker.py:429} INFO - [+] Saved: Арсенал се прицели в Играча на сезона в Лига Европа
[2026-05-29T11:25:09.813+0000] {docker.py:429} INFO - [+] Saved: Александър Василев се класира за четвъртфиналите на сингъл и за полуфиналите на двойки на турнир по тенис в Сърбия
[2026-05-29T11:25:12.086+0000] {docker.py:429} INFO - [+] Saved: Фратрия се раздели с молдовския си вратар
[2026-05-29T11:25:14.692+0000] {docker.py:429} INFO - [+] Saved: Янаки Милев се класира за полуфиналите на двойки на турнир по тенис в Италия
[2026-05-29T11:25:17.942+0000] {docker.py:429} INFO - [+] Saved: КЪРВАВА ДРАМА В БОЛНИЦАТА: Мъж с нож заплаши с убийство лекари!
[2026-05-29T11:25:19.750+0000] {docker.py:429} INFO - [+] Saved: Алегри все пак ще бъде новият треньор на Наполи
[2026-05-29T11:25:21.773+0000] {docker.py:429} INFO - [+] Saved: ПРЕЦЕДЕНТ В САЩ: Тръмп се появява върху валутата!?
[2026-05-29T11:25:23.678+0000] {docker.py:429} INFO - [+] Saved: СКОРОСТЕН РЕМОНТ: Депутатите орязаха времето за законите!
[2026-05-29T11:25:26.139+0000] {docker.py:429} INFO - [+] Saved: Елитът на българската фехтовка се събира в София за държавното първенство този уикенд
[2026-05-29T11:25:28.609+0000] {docker.py:429} INFO - [+] Saved: Александър Донски отпадна на четвъртфиналите на двойки
[2026-05-29T11:25:30.737+0000] {docker.py:429} INFO - [+] Saved: DARA става „Почетен гражданин“ и на Варна!
[2026-05-29T11:25:32.806+0000] {docker.py:429} INFO - [+] Saved: Лондон ще бъде домакин на церемонията по връчването на "Златната топка"
[2026-05-29T11:25:37.771+0000] {taskinstance.py:1149} INFO - Marking task as SUCCESS. dag_id=telegraph_scraper, task_id=run_telegraph_container, execution_date=20260528T000000, start_date=20260529T112144, end_date=20260529T112537
[2026-05-29T11:25:40.979+0000] {local_task_job_runner.py:234} INFO - Task exited with return code 0
[2026-05-29T11:25:42.715+0000] {taskinstance.py:3309} INFO - 1 downstream tasks scheduled from follow-on schedule check
