[2026-06-03T07:18:14.420+0000] {taskinstance.py:1979} INFO - Dependencies all met for dep_context=non-requeueable deps ti=<TaskInstance: merge_all_scrapers.merge_all_outputs manual__2026-06-03T07:18:06.642138+00:00 [queued]>
[2026-06-03T07:18:14.497+0000] {taskinstance.py:1979} INFO - Dependencies all met for dep_context=requeueable deps ti=<TaskInstance: merge_all_scrapers.merge_all_outputs manual__2026-06-03T07:18:06.642138+00:00 [queued]>
[2026-06-03T07:18:14.499+0000] {taskinstance.py:2193} INFO - Starting attempt 1 of 1
[2026-06-03T07:18:14.563+0000] {taskinstance.py:2214} INFO - Executing <Task(PythonOperator): merge_all_outputs> on 2026-06-03 07:18:06.642138+00:00
[2026-06-03T07:18:14.576+0000] {standard_task_runner.py:60} INFO - Started process 778 to run task
[2026-06-03T07:18:14.595+0000] {standard_task_runner.py:87} INFO - Running: ['***', 'tasks', 'run', 'merge_all_scrapers', 'merge_all_outputs', 'manual__2026-06-03T07:18:06.642138+00:00', '--job-id', '369', '--raw', '--subdir', 'DAGS_FOLDER/merge_dag.py', '--cfg-path', '/tmp/tmpc8c1h09r']
[2026-06-03T07:18:14.607+0000] {standard_task_runner.py:88} INFO - Job 369: Subtask merge_all_outputs
[2026-06-03T07:18:15.214+0000] {task_command.py:423} INFO - Running <TaskInstance: merge_all_scrapers.merge_all_outputs manual__2026-06-03T07:18:06.642138+00:00 [running]> on host f39b18a112ca
[2026-06-03T07:18:16.021+0000] {taskinstance.py:2510} INFO - Exporting env vars: AIRFLOW_CTX_DAG_OWNER='***' AIRFLOW_CTX_DAG_ID='merge_all_scrapers' AIRFLOW_CTX_TASK_ID='merge_all_outputs' AIRFLOW_CTX_EXECUTION_DATE='2026-06-03T07:18:06.642138+00:00' AIRFLOW_CTX_TRY_NUMBER='1' AIRFLOW_CTX_DAG_RUN_ID='manual__2026-06-03T07:18:06.642138+00:00'
[2026-06-03T07:18:16.037+0000] {logging_mixin.py:188} INFO - 📂 DATA PATH: /opt/***/data
[2026-06-03T07:18:16.053+0000] {logging_mixin.py:188} INFO - 
📄 READING JSON: eu_fsf_sanctions.json
[2026-06-03T07:18:16.261+0000] {logging_mixin.py:188} INFO - 
📄 READING JSON: inegi_playwright.json
[2026-06-03T07:18:16.303+0000] {logging_mixin.py:188} INFO - 
📄 READING JSON: inegi_scraper.json
[2026-06-03T07:18:16.334+0000] {logging_mixin.py:188} INFO - 
🗄️ READING DB: kaldata.db
[2026-06-03T07:18:23.597+0000] {logging_mixin.py:188} INFO - 
🗄️ READING DB: telegraph.db
[2026-06-03T07:18:24.337+0000] {logging_mixin.py:188} INFO - 
📦 TOTAL BEFORE DEDUP: 6684
[2026-06-03T07:18:24.398+0000] {logging_mixin.py:188} INFO - 🧹 AFTER DEDUP: 6681
[2026-06-03T07:18:24.482+0000] {base.py:83} INFO - Using connection ID 'postgres_default' for task execution.
[2026-06-03T07:18:56.803+0000] {logging_mixin.py:188} INFO - 💾 JSON OUTPUT: /opt/***/data/final_output.json
[2026-06-03T07:18:56.839+0000] {logging_mixin.py:188} INFO - 🔓 LOCK REMOVED
[2026-06-03T07:18:56.847+0000] {python.py:202} INFO - Done. Returned value was: None
[2026-06-03T07:18:56.925+0000] {taskinstance.py:1149} INFO - Marking task as SUCCESS. dag_id=merge_all_scrapers, task_id=merge_all_outputs, execution_date=20260603T071806, start_date=20260603T071814, end_date=20260603T071856
[2026-06-03T07:18:57.174+0000] {local_task_job_runner.py:234} INFO - Task exited with return code 0
[2026-06-03T07:18:57.260+0000] {taskinstance.py:3309} INFO - 0 downstream tasks scheduled from follow-on schedule check
