[2026-05-18T16:50:58.637+0000] {taskinstance.py:1979} INFO - Dependencies all met for dep_context=non-requeueable deps ti=<TaskInstance: merge_all_scrapers.merge_all_outputs manual__2026-05-18T16:50:49.325616+00:00 [queued]>
[2026-05-18T16:50:58.704+0000] {taskinstance.py:1979} INFO - Dependencies all met for dep_context=requeueable deps ti=<TaskInstance: merge_all_scrapers.merge_all_outputs manual__2026-05-18T16:50:49.325616+00:00 [queued]>
[2026-05-18T16:50:58.706+0000] {taskinstance.py:2193} INFO - Starting attempt 1 of 1
[2026-05-18T16:50:58.880+0000] {taskinstance.py:2214} INFO - Executing <Task(PythonOperator): merge_all_outputs> on 2026-05-18 16:50:49.325616+00:00
[2026-05-18T16:50:58.926+0000] {standard_task_runner.py:60} INFO - Started process 4764 to run task
[2026-05-18T16:50:58.973+0000] {standard_task_runner.py:87} INFO - Running: ['***', 'tasks', 'run', 'merge_all_scrapers', 'merge_all_outputs', 'manual__2026-05-18T16:50:49.325616+00:00', '--job-id', '74', '--raw', '--subdir', 'DAGS_FOLDER/merge_dag.py', '--cfg-path', '/tmp/tmpx2f144ji']
[2026-05-18T16:50:58.995+0000] {standard_task_runner.py:88} INFO - Job 74: Subtask merge_all_outputs
[2026-05-18T16:50:59.515+0000] {task_command.py:423} INFO - Running <TaskInstance: merge_all_scrapers.merge_all_outputs manual__2026-05-18T16:50:49.325616+00:00 [running]> on host f39b18a112ca
[2026-05-18T16:50:59.803+0000] {taskinstance.py:2510} INFO - Exporting env vars: AIRFLOW_CTX_DAG_OWNER='***' AIRFLOW_CTX_DAG_ID='merge_all_scrapers' AIRFLOW_CTX_TASK_ID='merge_all_outputs' AIRFLOW_CTX_EXECUTION_DATE='2026-05-18T16:50:49.325616+00:00' AIRFLOW_CTX_TRY_NUMBER='1' AIRFLOW_CTX_DAG_RUN_ID='manual__2026-05-18T16:50:49.325616+00:00'
[2026-05-18T16:50:59.815+0000] {logging_mixin.py:188} INFO - 📂 DATA PATH: /opt/***/data
[2026-05-18T16:50:59.820+0000] {logging_mixin.py:188} INFO - 
📄 READING JSON: eu_fsf_sanctions.json
[2026-05-18T16:50:59.935+0000] {logging_mixin.py:188} INFO - 
📄 READING JSON: inegi_playwright.json
[2026-05-18T16:50:59.944+0000] {logging_mixin.py:188} INFO - 
📄 READING JSON: inegi_scraper.json
[2026-05-18T16:50:59.956+0000] {logging_mixin.py:188} INFO - 
🗄️ READING DB: kaldata.db
[2026-05-18T16:51:03.444+0000] {logging_mixin.py:188} INFO - 
🗄️ READING DB: telegraph.db
[2026-05-18T16:51:03.593+0000] {logging_mixin.py:188} INFO - 
📦 TOTAL BEFORE DEDUP: 6717
[2026-05-18T16:51:03.705+0000] {logging_mixin.py:188} INFO - 🧹 AFTER DEDUP: 6713
[2026-05-18T16:51:03.830+0000] {base.py:83} INFO - Using connection ID 'postgres_default' for task execution.
[2026-05-18T16:53:10.634+0000] {logging_mixin.py:188} INFO - 💾 JSON OUTPUT: /opt/***/data/final_output.json
[2026-05-18T16:53:11.089+0000] {logging_mixin.py:188} INFO - 🔓 LOCK REMOVED
[2026-05-18T16:53:11.233+0000] {python.py:202} INFO - Done. Returned value was: None
[2026-05-18T16:53:11.427+0000] {taskinstance.py:1149} INFO - Marking task as SUCCESS. dag_id=merge_all_scrapers, task_id=merge_all_outputs, execution_date=20260518T165049, start_date=20260518T165058, end_date=20260518T165311
[2026-05-18T16:53:12.137+0000] {local_task_job_runner.py:234} INFO - Task exited with return code 0
[2026-05-18T16:53:12.539+0000] {taskinstance.py:3309} INFO - 0 downstream tasks scheduled from follow-on schedule check
