[2026-06-12T08:45:04.347+0000] {taskinstance.py:1979} INFO - Dependencies all met for dep_context=non-requeueable deps ti=<TaskInstance: merge_all_scrapers.merge_all_outputs manual__2026-06-12T08:44:53.093830+00:00 [queued]>
[2026-06-12T08:45:04.763+0000] {taskinstance.py:1979} INFO - Dependencies all met for dep_context=requeueable deps ti=<TaskInstance: merge_all_scrapers.merge_all_outputs manual__2026-06-12T08:44:53.093830+00:00 [queued]>
[2026-06-12T08:45:04.777+0000] {taskinstance.py:2193} INFO - Starting attempt 1 of 1
[2026-06-12T08:45:05.292+0000] {taskinstance.py:2214} INFO - Executing <Task(PythonOperator): merge_all_outputs> on 2026-06-12 08:44:53.093830+00:00
[2026-06-12T08:45:05.370+0000] {standard_task_runner.py:60} INFO - Started process 3104 to run task
[2026-06-12T08:45:05.493+0000] {standard_task_runner.py:87} INFO - Running: ['***', 'tasks', 'run', 'merge_all_scrapers', 'merge_all_outputs', 'manual__2026-06-12T08:44:53.093830+00:00', '--job-id', '553', '--raw', '--subdir', 'DAGS_FOLDER/merge_dag.py', '--cfg-path', '/tmp/tmpv7pg1ee7']
[2026-06-12T08:45:05.515+0000] {standard_task_runner.py:88} INFO - Job 553: Subtask merge_all_outputs
[2026-06-12T08:45:06.347+0000] {task_command.py:423} INFO - Running <TaskInstance: merge_all_scrapers.merge_all_outputs manual__2026-06-12T08:44:53.093830+00:00 [running]> on host f39b18a112ca
[2026-06-12T08:45:07.116+0000] {taskinstance.py:2510} INFO - Exporting env vars: AIRFLOW_CTX_DAG_OWNER='***' AIRFLOW_CTX_DAG_ID='merge_all_scrapers' AIRFLOW_CTX_TASK_ID='merge_all_outputs' AIRFLOW_CTX_EXECUTION_DATE='2026-06-12T08:44:53.093830+00:00' AIRFLOW_CTX_TRY_NUMBER='1' AIRFLOW_CTX_DAG_RUN_ID='manual__2026-06-12T08:44:53.093830+00:00'
[2026-06-12T08:45:07.132+0000] {logging_mixin.py:188} INFO - 📂 DATA PATH: /opt/***/data
[2026-06-12T08:45:07.146+0000] {logging_mixin.py:188} INFO - 
READING JSON: eu_fsf_sanctions.json
[2026-06-12T08:45:07.321+0000] {logging_mixin.py:188} INFO - 
READING JSON: inegi_playwright.json
[2026-06-12T08:45:07.338+0000] {logging_mixin.py:188} INFO - 
READING JSON: inegi_scraper.json
[2026-06-12T08:45:07.379+0000] {logging_mixin.py:188} INFO - 
READING DB: kaldata.db
[2026-06-12T08:45:08.856+0000] {logging_mixin.py:188} INFO - 
READING DB: telegraph.db
[2026-06-12T08:45:09.212+0000] {logging_mixin.py:188} INFO - 
TOTAL BEFORE DEDUP: 6214
[2026-06-12T08:45:09.331+0000] {logging_mixin.py:188} INFO - AFTER DEDUP: 6211
[2026-06-12T08:45:09.595+0000] {base.py:83} INFO - Using connection ID 'postgres_default' for task execution.
[2026-06-12T08:45:35.368+0000] {logging_mixin.py:188} INFO - JSON OUTPUT: /opt/***/data/final_output.json
[2026-06-12T08:45:35.419+0000] {logging_mixin.py:188} INFO - LOCK REMOVED
[2026-06-12T08:45:35.460+0000] {python.py:202} INFO - Done. Returned value was: None
[2026-06-12T08:45:35.797+0000] {taskinstance.py:1149} INFO - Marking task as SUCCESS. dag_id=merge_all_scrapers, task_id=merge_all_outputs, execution_date=20260612T084453, start_date=20260612T084504, end_date=20260612T084535
[2026-06-12T08:45:36.121+0000] {local_task_job_runner.py:234} INFO - Task exited with return code 0
[2026-06-12T08:45:36.459+0000] {taskinstance.py:3309} INFO - 0 downstream tasks scheduled from follow-on schedule check
