[2026-06-11T12:50:28.231+0000] {taskinstance.py:1979} INFO - Dependencies all met for dep_context=non-requeueable deps ti=<TaskInstance: telegraph_scraper.run_telegraph_container manual__2026-06-11T12:47:52.550939+00:00 [queued]>
[2026-06-11T12:50:29.070+0000] {taskinstance.py:1979} INFO - Dependencies all met for dep_context=requeueable deps ti=<TaskInstance: telegraph_scraper.run_telegraph_container manual__2026-06-11T12:47:52.550939+00:00 [queued]>
[2026-06-11T12:50:29.102+0000] {taskinstance.py:2193} INFO - Starting attempt 1 of 1
[2026-06-11T12:50:29.957+0000] {taskinstance.py:2214} INFO - Executing <Task(DockerOperator): run_telegraph_container> on 2026-06-11 12:47:52.550939+00:00
[2026-06-11T12:50:30.127+0000] {standard_task_runner.py:60} INFO - Started process 908 to run task
[2026-06-11T12:50:30.457+0000] {standard_task_runner.py:87} INFO - Running: ['***', 'tasks', 'run', 'telegraph_scraper', 'run_telegraph_container', 'manual__2026-06-11T12:47:52.550939+00:00', '--job-id', '476', '--raw', '--subdir', 'DAGS_FOLDER/telegraph_dag.py', '--cfg-path', '/tmp/tmpwtq5rvjv']
[2026-06-11T12:50:30.697+0000] {standard_task_runner.py:88} INFO - Job 476: Subtask run_telegraph_container
[2026-06-11T12:50:35.697+0000] {task_command.py:423} INFO - Running <TaskInstance: telegraph_scraper.run_telegraph_container manual__2026-06-11T12:47:52.550939+00:00 [running]> on host f39b18a112ca
[2026-06-11T12:50:40.327+0000] {taskinstance.py:2510} INFO - Exporting env vars: AIRFLOW_CTX_DAG_OWNER='***' AIRFLOW_CTX_DAG_ID='telegraph_scraper' AIRFLOW_CTX_TASK_ID='run_telegraph_container' AIRFLOW_CTX_EXECUTION_DATE='2026-06-11T12:47:52.550939+00:00' AIRFLOW_CTX_TRY_NUMBER='1' AIRFLOW_CTX_DAG_RUN_ID='manual__2026-06-11T12:47:52.550939+00:00'
[2026-06-11T12:50:41.698+0000] {docker.py:359} INFO - Starting docker container from image telegraph-scraper:v1
[2026-06-11T12:50:41.954+0000] {docker.py:367} WARNING - Using remote engine or docker-in-docker and mounting temporary volume from host is not supported. Falling back to `mount_tmp_dir=False` mode. You can set `mount_tmp_dir` parameter to False to disable mounting and remove the warning
[2026-06-11T12:51:34.297+0000] {docker.py:429} INFO - [+] Saved: САЩ нанасят съкрушителен удар на Иран тази вечер!
[2026-06-11T12:51:37.689+0000] {docker.py:429} INFO - [+] Saved: Катастрофа с дрогиран шофьор прати дете в болница
[2026-06-11T12:51:42.550+0000] {docker.py:429} INFO - [+] Saved: ЕДИНОДУШНО: Депутатите замразиха заплатите си
[2026-06-11T12:51:46.448+0000] {docker.py:429} INFO - [+] Saved: ШОК: Мечка нахлу в двор и изяде черешите на грък!
[2026-06-11T12:51:51.441+0000] {docker.py:429} INFO - [+] Saved: УЖАС: 6-годишно дете падна от прозорец на втория етаж
[2026-06-11T12:51:58.363+0000] {docker.py:429} INFO - [+] Saved: Сенчестата страна на хората родени на 1,10,19,28 число и вътрешните им страхове и разрушения
[2026-06-11T12:52:03.164+0000] {docker.py:429} INFO - [+] Saved: СЛЕД ЖЕСТОКАТА АТАКА НА БЕЖАНЕЦ: Безредиците в Белфаст продължават
[2026-06-11T12:52:07.023+0000] {docker.py:429} INFO - [+] Saved: Любо Пенев: Водя война, но ще победя
[2026-06-11T12:52:20.073+0000] {docker.py:429} INFO - [+] Saved: ОКОНЧАТЕЛНО: Парламентът забрани необоснованото увеличаване на цените!
[2026-06-11T12:52:25.938+0000] {docker.py:429} INFO - [+] Saved: ИЗВЪНРЕДНО: МВР залови над 100 участници в нелегално авто и мото събиране! (ВИДЕО)
[2026-06-11T12:52:29.523+0000] {docker.py:429} INFO - [+] Saved: НАПЪПНО НЕВОЛНО: Хората несъзнателно ходят наляво!
[2026-06-11T12:52:35.741+0000] {docker.py:429} INFO - [+] Saved: Чехия - много бягане и статични положения
[2026-06-11T12:52:40.802+0000] {docker.py:429} INFO - [+] Saved: Председателят на СБУ Янка Такева пред "Телеграф": Няма формула заплатите да зависят от резултатите
[2026-06-11T12:52:47.566+0000] {docker.py:429} INFO - [+] Saved: ЩРАКНАХА Й БЕЛЕЗНИЦИТЕ: Арестуваха турската мегазвезда Берен Саат!
[2026-06-11T12:53:08.240+0000] {docker.py:429} INFO - Traceback (most recent call last):
  File "/app/main.py", line 15, in <module>
    run()
  File "/app/main.py", line 10, in run
    pipeline.process_item(item)
  File "/app/pipelines.py", line 43, in process_item
    self.conn.commit()
sqlite3.OperationalError: database is locked
[2026-06-11T12:53:22.800+0000] {taskinstance.py:2728} ERROR - Task failed with exception
Traceback (most recent call last):
  File "/home/airflow/.local/lib/python3.8/site-packages/docker/api/client.py", line 265, in _raise_for_status
    response.raise_for_status()
  File "/home/airflow/.local/lib/python3.8/site-packages/requests/models.py", line 1021, in raise_for_status
    raise HTTPError(http_error_msg, response=self)
requests.exceptions.HTTPError: 400 Client Error: Bad Request for url: http+docker://localhost/v1.54/containers/create

The above exception was the direct cause of the following exception:

Traceback (most recent call last):
  File "/home/airflow/.local/lib/python3.8/site-packages/airflow/providers/docker/operators/docker.py", line 364, in _run_image
    return self._run_image_with_mounts([*self.mounts, tmp_mount], add_tmp_variable=True)
  File "/home/airflow/.local/lib/python3.8/site-packages/airflow/providers/docker/operators/docker.py", line 391, in _run_image_with_mounts
    self.container = self.cli.create_container(
  File "/home/airflow/.local/lib/python3.8/site-packages/docker/api/container.py", line 439, in create_container
    return self.create_container_from_config(config, name, platform)
  File "/home/airflow/.local/lib/python3.8/site-packages/docker/api/container.py", line 456, in create_container_from_config
    return self._result(res, True)
  File "/home/airflow/.local/lib/python3.8/site-packages/docker/api/client.py", line 271, in _result
    self._raise_for_status(response)
  File "/home/airflow/.local/lib/python3.8/site-packages/docker/api/client.py", line 267, in _raise_for_status
    raise create_api_error_from_http_exception(e) from e
  File "/home/airflow/.local/lib/python3.8/site-packages/docker/errors.py", line 39, in create_api_error_from_http_exception
    raise cls(e, response=response, explanation=explanation) from e
docker.errors.APIError: 400 Client Error for http+docker://localhost/v1.54/containers/create: Bad Request ("invalid mount config for type "bind": bind source path does not exist: /tmp/airflowtmpqx8ar48h")

During handling of the above exception, another exception occurred:

Traceback (most recent call last):
  File "/home/airflow/.local/lib/python3.8/site-packages/airflow/models/taskinstance.py", line 444, in _execute_task
    result = _execute_callable(context=context, **execute_callable_kwargs)
  File "/home/airflow/.local/lib/python3.8/site-packages/airflow/models/taskinstance.py", line 414, in _execute_callable
    return execute_callable(context=context, **execute_callable_kwargs)
  File "/home/airflow/.local/lib/python3.8/site-packages/airflow/providers/docker/operators/docker.py", line 502, in execute
    return self._run_image()
  File "/home/airflow/.local/lib/python3.8/site-packages/airflow/providers/docker/operators/docker.py", line 373, in _run_image
    return self._run_image_with_mounts(self.mounts, add_tmp_variable=False)
  File "/home/airflow/.local/lib/python3.8/site-packages/airflow/providers/docker/operators/docker.py", line 437, in _run_image_with_mounts
    raise DockerContainerFailedException(f"Docker container failed: {result!r}", logs=log_lines)
airflow.providers.docker.exceptions.DockerContainerFailedException: Docker container failed: {'StatusCode': 1}
[2026-06-11T12:53:23.662+0000] {taskinstance.py:1149} INFO - Marking task as FAILED. dag_id=telegraph_scraper, task_id=run_telegraph_container, execution_date=20260611T124752, start_date=20260611T125028, end_date=20260611T125323
[2026-06-11T12:53:24.541+0000] {standard_task_runner.py:107} ERROR - Failed to execute job 476 for task run_telegraph_container (Docker container failed: {'StatusCode': 1}; 908)
[2026-06-11T12:53:24.942+0000] {local_task_job_runner.py:234} INFO - Task exited with return code 1
[2026-06-11T12:53:25.405+0000] {taskinstance.py:3309} INFO - 0 downstream tasks scheduled from follow-on schedule check
