[2026-05-18T14:23:04.262+0000] {taskinstance.py:1979} INFO - Dependencies all met for dep_context=non-requeueable deps ti=<TaskInstance: merge_all_scrapers.merge_all_outputs manual__2026-05-18T14:22:59.032479+00:00 [queued]>
[2026-05-18T14:23:04.286+0000] {taskinstance.py:1979} INFO - Dependencies all met for dep_context=requeueable deps ti=<TaskInstance: merge_all_scrapers.merge_all_outputs manual__2026-05-18T14:22:59.032479+00:00 [queued]>
[2026-05-18T14:23:04.287+0000] {taskinstance.py:2193} INFO - Starting attempt 1 of 1
[2026-05-18T14:23:04.331+0000] {taskinstance.py:2214} INFO - Executing <Task(PythonOperator): merge_all_outputs> on 2026-05-18 14:22:59.032479+00:00
[2026-05-18T14:23:04.348+0000] {standard_task_runner.py:60} INFO - Started process 623 to run task
[2026-05-18T14:23:04.366+0000] {standard_task_runner.py:87} INFO - Running: ['***', 'tasks', 'run', 'merge_all_scrapers', 'merge_all_outputs', 'manual__2026-05-18T14:22:59.032479+00:00', '--job-id', '60', '--raw', '--subdir', 'DAGS_FOLDER/merge_dag.py', '--cfg-path', '/tmp/tmppoxvzde8']
[2026-05-18T14:23:04.376+0000] {standard_task_runner.py:88} INFO - Job 60: Subtask merge_all_outputs
[2026-05-18T14:23:05.211+0000] {task_command.py:423} INFO - Running <TaskInstance: merge_all_scrapers.merge_all_outputs manual__2026-05-18T14:22:59.032479+00:00 [running]> on host f39b18a112ca
[2026-05-18T14:23:06.513+0000] {taskinstance.py:2510} INFO - Exporting env vars: AIRFLOW_CTX_DAG_OWNER='***' AIRFLOW_CTX_DAG_ID='merge_all_scrapers' AIRFLOW_CTX_TASK_ID='merge_all_outputs' AIRFLOW_CTX_EXECUTION_DATE='2026-05-18T14:22:59.032479+00:00' AIRFLOW_CTX_TRY_NUMBER='1' AIRFLOW_CTX_DAG_RUN_ID='manual__2026-05-18T14:22:59.032479+00:00'
[2026-05-18T14:23:06.523+0000] {logging_mixin.py:188} INFO - 📂 DATA PATH: /opt/***/data
[2026-05-18T14:23:06.530+0000] {logging_mixin.py:188} INFO - 
📄 READING JSON: eu_fsf_sanctions.json
[2026-05-18T14:23:07.242+0000] {logging_mixin.py:188} INFO - 
📄 READING JSON: inegi_playwright.json
[2026-05-18T14:23:07.452+0000] {logging_mixin.py:188} INFO - 
📄 READING JSON: inegi_scraper.json
[2026-05-18T14:23:07.624+0000] {logging_mixin.py:188} INFO - 
🗄️ READING DB: kaldata.db
[2026-05-18T14:23:16.421+0000] {logging_mixin.py:188} INFO - 
🗄️ READING DB: telegraph.db
[2026-05-18T14:23:17.055+0000] {logging_mixin.py:188} INFO - 
📦 TOTAL BEFORE DEDUP: 6642
[2026-05-18T14:23:17.129+0000] {logging_mixin.py:188} INFO - 🧹 AFTER DEDUP: 6638
[2026-05-18T14:23:17.217+0000] {base.py:83} INFO - Using connection ID 'postgres_default' for task execution.
[2026-05-18T14:23:28.827+0000] {logging_mixin.py:188} INFO - 💾 JSON OUTPUT: /opt/***/data/final_output.json
[2026-05-18T14:23:28.840+0000] {logging_mixin.py:188} INFO - 🔓 LOCK REMOVED
[2026-05-18T14:23:28.849+0000] {python.py:202} INFO - Done. Returned value was: None
[2026-05-18T14:23:28.929+0000] {taskinstance.py:1149} INFO - Marking task as SUCCESS. dag_id=merge_all_scrapers, task_id=merge_all_outputs, execution_date=20260518T142259, start_date=20260518T142304, end_date=20260518T142328
[2026-05-18T14:23:29.135+0000] {local_task_job_runner.py:234} INFO - Task exited with return code 0
[2026-05-18T14:23:29.314+0000] {taskinstance.py:3309} INFO - 0 downstream tasks scheduled from follow-on schedule check
