[2026-05-21T08:28:03.484+0000] {taskinstance.py:1979} INFO - Dependencies all met for dep_context=non-requeueable deps ti=<TaskInstance: merge_all_scrapers.merge_all_outputs manual__2026-05-21T08:25:37.294136+00:00 [queued]>
[2026-05-21T08:28:03.629+0000] {taskinstance.py:1979} INFO - Dependencies all met for dep_context=requeueable deps ti=<TaskInstance: merge_all_scrapers.merge_all_outputs manual__2026-05-21T08:25:37.294136+00:00 [queued]>
[2026-05-21T08:28:03.728+0000] {taskinstance.py:2193} INFO - Starting attempt 1 of 1
[2026-05-21T08:28:04.056+0000] {taskinstance.py:2214} INFO - Executing <Task(PythonOperator): merge_all_outputs> on 2026-05-21 08:25:37.294136+00:00
[2026-05-21T08:28:04.140+0000] {standard_task_runner.py:60} INFO - Started process 443 to run task
[2026-05-21T08:28:04.217+0000] {standard_task_runner.py:87} INFO - Running: ['***', 'tasks', 'run', 'merge_all_scrapers', 'merge_all_outputs', 'manual__2026-05-21T08:25:37.294136+00:00', '--job-id', '113', '--raw', '--subdir', 'DAGS_FOLDER/merge_dag.py', '--cfg-path', '/tmp/tmpi68vb5u5']
[2026-05-21T08:28:04.283+0000] {standard_task_runner.py:88} INFO - Job 113: Subtask merge_all_outputs
[2026-05-21T08:28:07.988+0000] {task_command.py:423} INFO - Running <TaskInstance: merge_all_scrapers.merge_all_outputs manual__2026-05-21T08:25:37.294136+00:00 [running]> on host f39b18a112ca
[2026-05-21T08:28:14.326+0000] {taskinstance.py:2510} INFO - Exporting env vars: AIRFLOW_CTX_DAG_OWNER='***' AIRFLOW_CTX_DAG_ID='merge_all_scrapers' AIRFLOW_CTX_TASK_ID='merge_all_outputs' AIRFLOW_CTX_EXECUTION_DATE='2026-05-21T08:25:37.294136+00:00' AIRFLOW_CTX_TRY_NUMBER='1' AIRFLOW_CTX_DAG_RUN_ID='manual__2026-05-21T08:25:37.294136+00:00'
[2026-05-21T08:28:14.756+0000] {logging_mixin.py:188} INFO - 📂 DATA PATH: /opt/***/data
[2026-05-21T08:28:15.399+0000] {logging_mixin.py:188} INFO - 
📄 READING JSON: eu_fsf_sanctions.json
[2026-05-21T08:28:21.048+0000] {logging_mixin.py:188} INFO - 
📄 READING JSON: inegi_playwright.json
[2026-05-21T08:28:21.265+0000] {logging_mixin.py:188} INFO - 
📄 READING JSON: inegi_scraper.json
[2026-05-21T08:28:22.485+0000] {logging_mixin.py:188} INFO - 
🗄️ READING DB: kaldata.db
[2026-05-21T08:30:13.221+0000] {logging_mixin.py:188} INFO - 
🗄️ READING DB: telegraph.db
[2026-05-21T08:30:13.479+0000] {logging_mixin.py:188} INFO - 
📦 TOTAL BEFORE DEDUP: 6530
[2026-05-21T08:30:13.571+0000] {logging_mixin.py:188} INFO - 🧹 AFTER DEDUP: 6526
[2026-05-21T08:30:13.659+0000] {base.py:83} INFO - Using connection ID 'postgres_default' for task execution.
[2026-05-21T08:30:54.472+0000] {logging_mixin.py:188} INFO - 💾 JSON OUTPUT: /opt/***/data/final_output.json
[2026-05-21T08:30:54.632+0000] {logging_mixin.py:188} INFO - 🔓 LOCK REMOVED
[2026-05-21T08:30:54.711+0000] {python.py:202} INFO - Done. Returned value was: None
[2026-05-21T08:30:55.029+0000] {taskinstance.py:1149} INFO - Marking task as SUCCESS. dag_id=merge_all_scrapers, task_id=merge_all_outputs, execution_date=20260521T082537, start_date=20260521T082803, end_date=20260521T083055
[2026-05-21T08:30:55.328+0000] {local_task_job_runner.py:234} INFO - Task exited with return code 0
[2026-05-21T08:30:55.538+0000] {taskinstance.py:3309} INFO - 0 downstream tasks scheduled from follow-on schedule check
