[2026-06-01T14:54:14.903+0000] {taskinstance.py:1979} INFO - Dependencies all met for dep_context=non-requeueable deps ti=<TaskInstance: merge_all_scrapers.merge_all_outputs manual__2026-06-01T14:53:42.965057+00:00 [queued]>
[2026-06-01T14:54:14.953+0000] {taskinstance.py:1979} INFO - Dependencies all met for dep_context=requeueable deps ti=<TaskInstance: merge_all_scrapers.merge_all_outputs manual__2026-06-01T14:53:42.965057+00:00 [queued]>
[2026-06-01T14:54:14.957+0000] {taskinstance.py:2193} INFO - Starting attempt 1 of 1
[2026-06-01T14:54:15.036+0000] {taskinstance.py:2214} INFO - Executing <Task(PythonOperator): merge_all_outputs> on 2026-06-01 14:53:42.965057+00:00
[2026-06-01T14:54:15.065+0000] {standard_task_runner.py:60} INFO - Started process 399 to run task
[2026-06-01T14:54:15.095+0000] {standard_task_runner.py:87} INFO - Running: ['***', 'tasks', 'run', 'merge_all_scrapers', 'merge_all_outputs', 'manual__2026-06-01T14:53:42.965057+00:00', '--job-id', '326', '--raw', '--subdir', 'DAGS_FOLDER/merge_dag.py', '--cfg-path', '/tmp/tmpjsgthndq']
[2026-06-01T14:54:15.124+0000] {standard_task_runner.py:88} INFO - Job 326: Subtask merge_all_outputs
[2026-06-01T14:54:16.071+0000] {task_command.py:423} INFO - Running <TaskInstance: merge_all_scrapers.merge_all_outputs manual__2026-06-01T14:53:42.965057+00:00 [running]> on host f39b18a112ca
[2026-06-01T14:54:16.986+0000] {taskinstance.py:2510} INFO - Exporting env vars: AIRFLOW_CTX_DAG_OWNER='***' AIRFLOW_CTX_DAG_ID='merge_all_scrapers' AIRFLOW_CTX_TASK_ID='merge_all_outputs' AIRFLOW_CTX_EXECUTION_DATE='2026-06-01T14:53:42.965057+00:00' AIRFLOW_CTX_TRY_NUMBER='1' AIRFLOW_CTX_DAG_RUN_ID='manual__2026-06-01T14:53:42.965057+00:00'
[2026-06-01T14:54:17.005+0000] {logging_mixin.py:188} INFO - 📂 DATA PATH: /opt/***/data
[2026-06-01T14:54:17.017+0000] {logging_mixin.py:188} INFO - 
📄 READING JSON: eu_fsf_sanctions.json
[2026-06-01T14:54:17.434+0000] {logging_mixin.py:188} INFO - 
📄 READING JSON: inegi_playwright.json
[2026-06-01T14:54:17.770+0000] {logging_mixin.py:188} INFO - 
📄 READING JSON: inegi_scraper.json
[2026-06-01T14:54:18.061+0000] {logging_mixin.py:188} INFO - 
🗄️ READING DB: kaldata.db
[2026-06-01T14:54:20.366+0000] {logging_mixin.py:188} INFO - 
🗄️ READING DB: telegraph.db
[2026-06-01T14:54:20.436+0000] {logging_mixin.py:188} INFO - 
📦 TOTAL BEFORE DEDUP: 6400
[2026-06-01T14:54:20.519+0000] {logging_mixin.py:188} INFO - 🧹 AFTER DEDUP: 6396
[2026-06-01T14:54:20.609+0000] {base.py:83} INFO - Using connection ID 'postgres_default' for task execution.
[2026-06-01T14:55:41.193+0000] {logging_mixin.py:188} INFO - 💾 JSON OUTPUT: /opt/***/data/final_output.json
[2026-06-01T14:55:41.212+0000] {logging_mixin.py:188} INFO - 🔓 LOCK REMOVED
[2026-06-01T14:55:41.242+0000] {python.py:202} INFO - Done. Returned value was: None
[2026-06-01T14:55:41.364+0000] {taskinstance.py:1149} INFO - Marking task as SUCCESS. dag_id=merge_all_scrapers, task_id=merge_all_outputs, execution_date=20260601T145342, start_date=20260601T145414, end_date=20260601T145541
[2026-06-01T14:55:42.916+0000] {local_task_job_runner.py:234} INFO - Task exited with return code 0
[2026-06-01T14:55:45.275+0000] {taskinstance.py:3309} INFO - 0 downstream tasks scheduled from follow-on schedule check
