[2026-05-25T14:29:57.972+0000] {taskinstance.py:1979} INFO - Dependencies all met for dep_context=non-requeueable deps ti=<TaskInstance: merge_all_scrapers.merge_all_outputs manual__2026-05-25T14:29:51.332114+00:00 [queued]>
[2026-05-25T14:29:58.325+0000] {taskinstance.py:1979} INFO - Dependencies all met for dep_context=requeueable deps ti=<TaskInstance: merge_all_scrapers.merge_all_outputs manual__2026-05-25T14:29:51.332114+00:00 [queued]>
[2026-05-25T14:29:58.388+0000] {taskinstance.py:2193} INFO - Starting attempt 1 of 1
[2026-05-25T14:29:58.629+0000] {taskinstance.py:2214} INFO - Executing <Task(PythonOperator): merge_all_outputs> on 2026-05-25 14:29:51.332114+00:00
[2026-05-25T14:29:58.656+0000] {standard_task_runner.py:60} INFO - Started process 899 to run task
[2026-05-25T14:29:58.713+0000] {standard_task_runner.py:87} INFO - Running: ['***', 'tasks', 'run', 'merge_all_scrapers', 'merge_all_outputs', 'manual__2026-05-25T14:29:51.332114+00:00', '--job-id', '206', '--raw', '--subdir', 'DAGS_FOLDER/merge_dag.py', '--cfg-path', '/tmp/tmpoa9ih5n5']
[2026-05-25T14:29:58.783+0000] {standard_task_runner.py:88} INFO - Job 206: Subtask merge_all_outputs
[2026-05-25T14:29:59.203+0000] {task_command.py:423} INFO - Running <TaskInstance: merge_all_scrapers.merge_all_outputs manual__2026-05-25T14:29:51.332114+00:00 [running]> on host f39b18a112ca
[2026-05-25T14:30:00.482+0000] {taskinstance.py:2510} INFO - Exporting env vars: AIRFLOW_CTX_DAG_OWNER='***' AIRFLOW_CTX_DAG_ID='merge_all_scrapers' AIRFLOW_CTX_TASK_ID='merge_all_outputs' AIRFLOW_CTX_EXECUTION_DATE='2026-05-25T14:29:51.332114+00:00' AIRFLOW_CTX_TRY_NUMBER='1' AIRFLOW_CTX_DAG_RUN_ID='manual__2026-05-25T14:29:51.332114+00:00'
[2026-05-25T14:30:00.539+0000] {logging_mixin.py:188} INFO - 📂 DATA PATH: /opt/***/data
[2026-05-25T14:30:00.546+0000] {logging_mixin.py:188} INFO - 
📄 READING JSON: eu_fsf_sanctions.json
[2026-05-25T14:30:00.797+0000] {logging_mixin.py:188} INFO - 
📄 READING JSON: inegi_playwright.json
[2026-05-25T14:30:00.817+0000] {logging_mixin.py:188} INFO - 
📄 READING JSON: inegi_scraper.json
[2026-05-25T14:30:00.828+0000] {logging_mixin.py:188} INFO - 
🗄️ READING DB: kaldata.db
[2026-05-25T14:30:13.803+0000] {logging_mixin.py:188} INFO - 
🗄️ READING DB: telegraph.db
[2026-05-25T14:30:13.900+0000] {logging_mixin.py:188} INFO - 
📦 TOTAL BEFORE DEDUP: 6712
[2026-05-25T14:30:14.101+0000] {logging_mixin.py:188} INFO - 🧹 AFTER DEDUP: 6708
[2026-05-25T14:30:14.659+0000] {base.py:83} INFO - Using connection ID 'postgres_default' for task execution.
[2026-05-25T14:30:32.831+0000] {logging_mixin.py:188} INFO - 💾 JSON OUTPUT: /opt/***/data/final_output.json
[2026-05-25T14:30:32.844+0000] {logging_mixin.py:188} INFO - 🔓 LOCK REMOVED
[2026-05-25T14:30:32.850+0000] {python.py:202} INFO - Done. Returned value was: None
[2026-05-25T14:30:32.897+0000] {taskinstance.py:1149} INFO - Marking task as SUCCESS. dag_id=merge_all_scrapers, task_id=merge_all_outputs, execution_date=20260525T142951, start_date=20260525T142958, end_date=20260525T143032
[2026-05-25T14:30:33.022+0000] {local_task_job_runner.py:234} INFO - Task exited with return code 0
[2026-05-25T14:30:33.078+0000] {taskinstance.py:3309} INFO - 0 downstream tasks scheduled from follow-on schedule check
