[2026-05-13T14:10:40.560+0000] {taskinstance.py:1979} INFO - Dependencies all met for dep_context=non-requeueable deps ti=<TaskInstance: inegi_playwright.trigger_merge scheduled__2026-05-12T00:00:00+00:00 [queued]>
[2026-05-13T14:10:40.660+0000] {taskinstance.py:1979} INFO - Dependencies all met for dep_context=requeueable deps ti=<TaskInstance: inegi_playwright.trigger_merge scheduled__2026-05-12T00:00:00+00:00 [queued]>
[2026-05-13T14:10:40.712+0000] {taskinstance.py:2193} INFO - Starting attempt 1 of 3
[2026-05-13T14:10:40.870+0000] {taskinstance.py:2214} INFO - Executing <Task(TriggerDagRunOperator): trigger_merge> on 2026-05-12 00:00:00+00:00
[2026-05-13T14:10:40.988+0000] {standard_task_runner.py:60} INFO - Started process 1893 to run task
[2026-05-13T14:10:41.042+0000] {standard_task_runner.py:87} INFO - Running: ['***', 'tasks', 'run', 'inegi_playwright', 'trigger_merge', 'scheduled__2026-05-12T00:00:00+00:00', '--job-id', '16', '--raw', '--subdir', 'DAGS_FOLDER/inegi_playwright_dag.py', '--cfg-path', '/tmp/tmpephbq_e_']
[2026-05-13T14:10:41.093+0000] {standard_task_runner.py:88} INFO - Job 16: Subtask trigger_merge
[2026-05-13T14:10:42.586+0000] {task_command.py:423} INFO - Running <TaskInstance: inegi_playwright.trigger_merge scheduled__2026-05-12T00:00:00+00:00 [running]> on host e85744e68698
[2026-05-13T14:10:43.353+0000] {taskinstance.py:2510} INFO - Exporting env vars: AIRFLOW_CTX_DAG_OWNER='***' AIRFLOW_CTX_DAG_ID='inegi_playwright' AIRFLOW_CTX_TASK_ID='trigger_merge' AIRFLOW_CTX_EXECUTION_DATE='2026-05-12T00:00:00+00:00' AIRFLOW_CTX_TRY_NUMBER='1' AIRFLOW_CTX_DAG_RUN_ID='scheduled__2026-05-12T00:00:00+00:00'
[2026-05-13T14:10:43.732+0000] {taskinstance.py:1149} INFO - Marking task as SUCCESS. dag_id=inegi_playwright, task_id=trigger_merge, execution_date=20260512T000000, start_date=20260513T141040, end_date=20260513T141043
[2026-05-13T14:10:43.788+0000] {local_task_job_runner.py:234} INFO - Task exited with return code 0
[2026-05-13T14:10:43.845+0000] {taskinstance.py:3309} INFO - 0 downstream tasks scheduled from follow-on schedule check
[2026-05-13T14:52:30.391+0000] {taskinstance.py:1979} INFO - Dependencies all met for dep_context=non-requeueable deps ti=<TaskInstance: inegi_playwright.trigger_merge scheduled__2026-05-12T00:00:00+00:00 [queued]>
[2026-05-13T14:52:30.792+0000] {taskinstance.py:1979} INFO - Dependencies all met for dep_context=requeueable deps ti=<TaskInstance: inegi_playwright.trigger_merge scheduled__2026-05-12T00:00:00+00:00 [queued]>
[2026-05-13T14:52:30.985+0000] {taskinstance.py:2193} INFO - Starting attempt 1 of 3
[2026-05-13T14:52:31.751+0000] {taskinstance.py:2214} INFO - Executing <Task(TriggerDagRunOperator): trigger_merge> on 2026-05-12 00:00:00+00:00
[2026-05-13T14:52:32.031+0000] {standard_task_runner.py:60} INFO - Started process 860 to run task
[2026-05-13T14:52:32.192+0000] {standard_task_runner.py:87} INFO - Running: ['***', 'tasks', 'run', 'inegi_playwright', 'trigger_merge', 'scheduled__2026-05-12T00:00:00+00:00', '--job-id', '11', '--raw', '--subdir', 'DAGS_FOLDER/inegi_playwright_dag.py', '--cfg-path', '/tmp/tmpd3vjmnmi']
[2026-05-13T14:52:32.483+0000] {standard_task_runner.py:88} INFO - Job 11: Subtask trigger_merge
[2026-05-13T14:52:39.991+0000] {task_command.py:423} INFO - Running <TaskInstance: inegi_playwright.trigger_merge scheduled__2026-05-12T00:00:00+00:00 [running]> on host ab149d976c2e
[2026-05-13T14:52:44.722+0000] {taskinstance.py:2510} INFO - Exporting env vars: AIRFLOW_CTX_DAG_OWNER='***' AIRFLOW_CTX_DAG_ID='inegi_playwright' AIRFLOW_CTX_TASK_ID='trigger_merge' AIRFLOW_CTX_EXECUTION_DATE='2026-05-12T00:00:00+00:00' AIRFLOW_CTX_TRY_NUMBER='1' AIRFLOW_CTX_DAG_RUN_ID='scheduled__2026-05-12T00:00:00+00:00'
[2026-05-13T14:52:47.281+0000] {taskinstance.py:1149} INFO - Marking task as SUCCESS. dag_id=inegi_playwright, task_id=trigger_merge, execution_date=20260512T000000, start_date=20260513T145230, end_date=20260513T145247
[2026-05-13T14:53:03.800+0000] {local_task_job_runner.py:234} INFO - Task exited with return code 0
[2026-05-13T14:53:04.774+0000] {taskinstance.py:3309} INFO - 0 downstream tasks scheduled from follow-on schedule check
