[2026-05-18T15:45:52.699+0000] {taskinstance.py:1979} INFO - Dependencies all met for dep_context=non-requeueable deps ti=<TaskInstance: merge_all_scrapers.merge_all_outputs manual__2026-05-18T15:45:49.346440+00:00 [queued]>
[2026-05-18T15:45:52.760+0000] {taskinstance.py:1979} INFO - Dependencies all met for dep_context=requeueable deps ti=<TaskInstance: merge_all_scrapers.merge_all_outputs manual__2026-05-18T15:45:49.346440+00:00 [queued]>
[2026-05-18T15:45:52.784+0000] {taskinstance.py:2193} INFO - Starting attempt 1 of 1
[2026-05-18T15:45:52.954+0000] {taskinstance.py:2214} INFO - Executing <Task(PythonOperator): merge_all_outputs> on 2026-05-18 15:45:49.346440+00:00
[2026-05-18T15:45:52.988+0000] {standard_task_runner.py:60} INFO - Started process 1298 to run task
[2026-05-18T15:45:53.023+0000] {standard_task_runner.py:87} INFO - Running: ['***', 'tasks', 'run', 'merge_all_scrapers', 'merge_all_outputs', 'manual__2026-05-18T15:45:49.346440+00:00', '--job-id', '71', '--raw', '--subdir', 'DAGS_FOLDER/merge_dag.py', '--cfg-path', '/tmp/tmp5xzv0c35']
[2026-05-18T15:45:53.057+0000] {standard_task_runner.py:88} INFO - Job 71: Subtask merge_all_outputs
[2026-05-18T15:45:53.294+0000] {task_command.py:423} INFO - Running <TaskInstance: merge_all_scrapers.merge_all_outputs manual__2026-05-18T15:45:49.346440+00:00 [running]> on host f39b18a112ca
[2026-05-18T15:45:53.549+0000] {taskinstance.py:2510} INFO - Exporting env vars: AIRFLOW_CTX_DAG_OWNER='***' AIRFLOW_CTX_DAG_ID='merge_all_scrapers' AIRFLOW_CTX_TASK_ID='merge_all_outputs' AIRFLOW_CTX_EXECUTION_DATE='2026-05-18T15:45:49.346440+00:00' AIRFLOW_CTX_TRY_NUMBER='1' AIRFLOW_CTX_DAG_RUN_ID='manual__2026-05-18T15:45:49.346440+00:00'
[2026-05-18T15:45:53.557+0000] {logging_mixin.py:188} INFO - 📂 DATA PATH: /opt/***/data
[2026-05-18T15:45:53.560+0000] {logging_mixin.py:188} INFO - 
📄 READING JSON: eu_fsf_sanctions.json
[2026-05-18T15:45:53.655+0000] {logging_mixin.py:188} INFO - 
📄 READING JSON: inegi_playwright.json
[2026-05-18T15:45:53.664+0000] {logging_mixin.py:188} INFO - 
📄 READING JSON: inegi_scraper.json
[2026-05-18T15:45:53.674+0000] {logging_mixin.py:188} INFO - 
🗄️ READING DB: kaldata.db
[2026-05-18T15:45:56.455+0000] {logging_mixin.py:188} INFO - 
🗄️ READING DB: telegraph.db
[2026-05-18T15:45:56.531+0000] {logging_mixin.py:188} INFO - 
📦 TOTAL BEFORE DEDUP: 6666
[2026-05-18T15:45:56.583+0000] {logging_mixin.py:188} INFO - 🧹 AFTER DEDUP: 6662
[2026-05-18T15:45:56.641+0000] {base.py:83} INFO - Using connection ID 'postgres_default' for task execution.
[2026-05-18T15:46:10.028+0000] {logging_mixin.py:188} INFO - 💾 JSON OUTPUT: /opt/***/data/final_output.json
[2026-05-18T15:46:10.102+0000] {logging_mixin.py:188} INFO - 🔓 LOCK REMOVED
[2026-05-18T15:46:10.108+0000] {python.py:202} INFO - Done. Returned value was: None
[2026-05-18T15:46:10.173+0000] {taskinstance.py:1149} INFO - Marking task as SUCCESS. dag_id=merge_all_scrapers, task_id=merge_all_outputs, execution_date=20260518T154549, start_date=20260518T154552, end_date=20260518T154610
[2026-05-18T15:46:10.374+0000] {local_task_job_runner.py:234} INFO - Task exited with return code 0
[2026-05-18T15:46:10.541+0000] {taskinstance.py:3309} INFO - 0 downstream tasks scheduled from follow-on schedule check
