[2026-05-22T08:11:43.882+0000] {taskinstance.py:1979} INFO - Dependencies all met for dep_context=non-requeueable deps ti=<TaskInstance: merge_all_scrapers.merge_all_outputs manual__2026-05-22T08:11:33.918081+00:00 [queued]>
[2026-05-22T08:11:43.978+0000] {taskinstance.py:1979} INFO - Dependencies all met for dep_context=requeueable deps ti=<TaskInstance: merge_all_scrapers.merge_all_outputs manual__2026-05-22T08:11:33.918081+00:00 [queued]>
[2026-05-22T08:11:43.990+0000] {taskinstance.py:2193} INFO - Starting attempt 1 of 1
[2026-05-22T08:11:44.153+0000] {taskinstance.py:2214} INFO - Executing <Task(PythonOperator): merge_all_outputs> on 2026-05-22 08:11:33.918081+00:00
[2026-05-22T08:11:44.229+0000] {standard_task_runner.py:60} INFO - Started process 827 to run task
[2026-05-22T08:11:44.305+0000] {standard_task_runner.py:87} INFO - Running: ['***', 'tasks', 'run', 'merge_all_scrapers', 'merge_all_outputs', 'manual__2026-05-22T08:11:33.918081+00:00', '--job-id', '189', '--raw', '--subdir', 'DAGS_FOLDER/merge_dag.py', '--cfg-path', '/tmp/tmpc7ff0zk2']
[2026-05-22T08:11:44.322+0000] {standard_task_runner.py:88} INFO - Job 189: Subtask merge_all_outputs
[2026-05-22T08:11:44.794+0000] {task_command.py:423} INFO - Running <TaskInstance: merge_all_scrapers.merge_all_outputs manual__2026-05-22T08:11:33.918081+00:00 [running]> on host f39b18a112ca
[2026-05-22T08:11:45.399+0000] {taskinstance.py:2510} INFO - Exporting env vars: AIRFLOW_CTX_DAG_OWNER='***' AIRFLOW_CTX_DAG_ID='merge_all_scrapers' AIRFLOW_CTX_TASK_ID='merge_all_outputs' AIRFLOW_CTX_EXECUTION_DATE='2026-05-22T08:11:33.918081+00:00' AIRFLOW_CTX_TRY_NUMBER='1' AIRFLOW_CTX_DAG_RUN_ID='manual__2026-05-22T08:11:33.918081+00:00'
[2026-05-22T08:11:45.474+0000] {logging_mixin.py:188} INFO - 📂 DATA PATH: /opt/***/data
[2026-05-22T08:11:45.577+0000] {logging_mixin.py:188} INFO - 
📄 READING JSON: eu_fsf_sanctions.json
[2026-05-22T08:11:46.590+0000] {logging_mixin.py:188} INFO - 
📄 READING JSON: inegi_playwright.json
[2026-05-22T08:11:46.605+0000] {logging_mixin.py:188} INFO - 
📄 READING JSON: inegi_scraper.json
[2026-05-22T08:11:46.619+0000] {logging_mixin.py:188} INFO - 
🗄️ READING DB: kaldata.db
[2026-05-22T08:11:47.084+0000] {logging_mixin.py:188} INFO - 
🗄️ READING DB: telegraph.db
[2026-05-22T08:11:48.620+0000] {logging_mixin.py:188} INFO - 
📦 TOTAL BEFORE DEDUP: 6278
[2026-05-22T08:11:48.728+0000] {logging_mixin.py:188} INFO - 🧹 AFTER DEDUP: 6274
[2026-05-22T08:11:48.832+0000] {base.py:83} INFO - Using connection ID 'postgres_default' for task execution.
[2026-05-22T08:12:02.408+0000] {logging_mixin.py:188} INFO - 💾 JSON OUTPUT: /opt/***/data/final_output.json
[2026-05-22T08:12:02.419+0000] {logging_mixin.py:188} INFO - 🔓 LOCK REMOVED
[2026-05-22T08:12:02.424+0000] {python.py:202} INFO - Done. Returned value was: None
[2026-05-22T08:12:02.491+0000] {taskinstance.py:1149} INFO - Marking task as SUCCESS. dag_id=merge_all_scrapers, task_id=merge_all_outputs, execution_date=20260522T081133, start_date=20260522T081143, end_date=20260522T081202
[2026-05-22T08:12:02.602+0000] {local_task_job_runner.py:234} INFO - Task exited with return code 0
[2026-05-22T08:12:02.687+0000] {taskinstance.py:3309} INFO - 0 downstream tasks scheduled from follow-on schedule check
