[2026-05-25T14:19:49.790+0000] {taskinstance.py:1979} INFO - Dependencies all met for dep_context=non-requeueable deps ti=<TaskInstance: merge_all_scrapers.merge_all_outputs manual__2026-05-25T14:19:03.224032+00:00 [queued]>
[2026-05-25T14:19:49.814+0000] {taskinstance.py:1979} INFO - Dependencies all met for dep_context=requeueable deps ti=<TaskInstance: merge_all_scrapers.merge_all_outputs manual__2026-05-25T14:19:03.224032+00:00 [queued]>
[2026-05-25T14:19:49.817+0000] {taskinstance.py:2193} INFO - Starting attempt 1 of 1
[2026-05-25T14:19:49.860+0000] {taskinstance.py:2214} INFO - Executing <Task(PythonOperator): merge_all_outputs> on 2026-05-25 14:19:03.224032+00:00
[2026-05-25T14:19:49.966+0000] {standard_task_runner.py:60} INFO - Started process 379 to run task
[2026-05-25T14:19:49.951+0000] {standard_task_runner.py:87} INFO - Running: ['***', 'tasks', 'run', 'merge_all_scrapers', 'merge_all_outputs', 'manual__2026-05-25T14:19:03.224032+00:00', '--job-id', '201', '--raw', '--subdir', 'DAGS_FOLDER/merge_dag.py', '--cfg-path', '/tmp/tmp0k1ogngd']
[2026-05-25T14:19:50.000+0000] {standard_task_runner.py:88} INFO - Job 201: Subtask merge_all_outputs
[2026-05-25T14:19:51.104+0000] {task_command.py:423} INFO - Running <TaskInstance: merge_all_scrapers.merge_all_outputs manual__2026-05-25T14:19:03.224032+00:00 [running]> on host f39b18a112ca
[2026-05-25T14:19:52.241+0000] {taskinstance.py:2510} INFO - Exporting env vars: AIRFLOW_CTX_DAG_OWNER='***' AIRFLOW_CTX_DAG_ID='merge_all_scrapers' AIRFLOW_CTX_TASK_ID='merge_all_outputs' AIRFLOW_CTX_EXECUTION_DATE='2026-05-25T14:19:03.224032+00:00' AIRFLOW_CTX_TRY_NUMBER='1' AIRFLOW_CTX_DAG_RUN_ID='manual__2026-05-25T14:19:03.224032+00:00'
[2026-05-25T14:19:52.507+0000] {logging_mixin.py:188} INFO - 📂 DATA PATH: /opt/***/data
[2026-05-25T14:19:52.566+0000] {logging_mixin.py:188} INFO - 
📄 READING JSON: eu_fsf_sanctions.json
[2026-05-25T14:19:54.121+0000] {logging_mixin.py:188} INFO - 
📄 READING JSON: inegi_playwright.json
[2026-05-25T14:19:54.502+0000] {logging_mixin.py:188} INFO - 
📄 READING JSON: inegi_scraper.json
[2026-05-25T14:19:54.644+0000] {logging_mixin.py:188} INFO - 
🗄️ READING DB: kaldata.db
[2026-05-25T14:19:58.983+0000] {logging_mixin.py:188} INFO - 
🗄️ READING DB: telegraph.db
[2026-05-25T14:20:00.155+0000] {logging_mixin.py:188} INFO - 
📦 TOTAL BEFORE DEDUP: 6508
[2026-05-25T14:20:00.388+0000] {logging_mixin.py:188} INFO - 🧹 AFTER DEDUP: 6504
[2026-05-25T14:20:00.548+0000] {base.py:83} INFO - Using connection ID 'postgres_default' for task execution.
[2026-05-25T14:21:25.600+0000] {logging_mixin.py:188} INFO - 💾 JSON OUTPUT: /opt/***/data/final_output.json
[2026-05-25T14:21:25.611+0000] {logging_mixin.py:188} INFO - 🔓 LOCK REMOVED
[2026-05-25T14:21:25.618+0000] {python.py:202} INFO - Done. Returned value was: None
[2026-05-25T14:21:25.759+0000] {taskinstance.py:1149} INFO - Marking task as SUCCESS. dag_id=merge_all_scrapers, task_id=merge_all_outputs, execution_date=20260525T141903, start_date=20260525T141949, end_date=20260525T142125
[2026-05-25T14:21:25.894+0000] {local_task_job_runner.py:234} INFO - Task exited with return code 0
[2026-05-25T14:21:26.150+0000] {taskinstance.py:3309} INFO - 0 downstream tasks scheduled from follow-on schedule check
