[2026-05-15T13:48:29.634+0000] {taskinstance.py:1979} INFO - Dependencies all met for dep_context=non-requeueable deps ti=<TaskInstance: eu_fsf_sanc.run_eu_fsf_sanc_container manual__2026-05-15T13:48:09.370079+00:00 [queued]>
[2026-05-15T13:48:29.957+0000] {taskinstance.py:1979} INFO - Dependencies all met for dep_context=requeueable deps ti=<TaskInstance: eu_fsf_sanc.run_eu_fsf_sanc_container manual__2026-05-15T13:48:09.370079+00:00 [queued]>
[2026-05-15T13:48:29.967+0000] {taskinstance.py:2193} INFO - Starting attempt 1 of 1
[2026-05-15T13:48:30.265+0000] {taskinstance.py:2214} INFO - Executing <Task(DockerOperator): run_eu_fsf_sanc_container> on 2026-05-15 13:48:09.370079+00:00
[2026-05-15T13:48:31.029+0000] {standard_task_runner.py:60} INFO - Started process 504 to run task
[2026-05-15T13:48:31.109+0000] {standard_task_runner.py:87} INFO - Running: ['***', 'tasks', 'run', 'eu_fsf_sanc', 'run_eu_fsf_sanc_container', 'manual__2026-05-15T13:48:09.370079+00:00', '--job-id', '37', '--raw', '--subdir', 'DAGS_FOLDER/eu_fsf_sanc_dag.py', '--cfg-path', '/tmp/tmp2u1w8r9s']
[2026-05-15T13:48:31.347+0000] {standard_task_runner.py:88} INFO - Job 37: Subtask run_eu_fsf_sanc_container
[2026-05-15T13:48:32.463+0000] {task_command.py:423} INFO - Running <TaskInstance: eu_fsf_sanc.run_eu_fsf_sanc_container manual__2026-05-15T13:48:09.370079+00:00 [running]> on host f39b18a112ca
[2026-05-15T13:48:34.041+0000] {taskinstance.py:2510} INFO - Exporting env vars: AIRFLOW_CTX_DAG_OWNER='***' AIRFLOW_CTX_DAG_ID='eu_fsf_sanc' AIRFLOW_CTX_TASK_ID='run_eu_fsf_sanc_container' AIRFLOW_CTX_EXECUTION_DATE='2026-05-15T13:48:09.370079+00:00' AIRFLOW_CTX_TRY_NUMBER='1' AIRFLOW_CTX_DAG_RUN_ID='manual__2026-05-15T13:48:09.370079+00:00'
[2026-05-15T13:48:35.128+0000] {docker.py:359} INFO - Starting docker container from image eu-fsf-sanc:v1
[2026-05-15T13:48:35.189+0000] {docker.py:367} WARNING - Using remote engine or docker-in-docker and mounting temporary volume from host is not supported. Falling back to `mount_tmp_dir=False` mode. You can set `mount_tmp_dir` parameter to False to disable mounting and remove the warning
[2026-05-15T13:49:01.799+0000] {docker.py:429} INFO - 2026-05-15 13:49:01 [scrapy.utils.log] INFO: Scrapy 2.14.2 started (bot: eu)
[2026-05-15T13:49:01.961+0000] {docker.py:429} INFO - 2026-05-15 13:49:01 [scrapy.utils.log] INFO: Versions:
{'lxml': '6.0.2',
 'libxml2': '2.14.6',
 'cssselect': '1.4.0',
 'parsel': '1.11.0',
 'w3lib': '2.4.1',
 'Twisted': '25.5.0',
 'Python': '3.11.15 (main, Mar 16 2026, 23:07:56) [GCC 14.2.0]',
 'pyOpenSSL': '26.0.0 (OpenSSL 3.5.5 27 Jan 2026)',
 'cryptography': '46.0.6',
 'Platform': 'Linux-6.6.87.2-microsoft-standard-WSL2-x86_64-with-glibc2.41'}
2026-05-15 13:49:01 [scrapy.crawler] DEBUG: Using AsyncCrawlerProcess
2026-05-15 13:49:01 [asyncio] DEBUG: Using selector: EpollSelector
[2026-05-15T13:49:02.008+0000] {docker.py:429} INFO - 2026-05-15 13:49:01 [scrapy.addons] INFO: Enabled addons:
[]
[2026-05-15T13:49:02.253+0000] {docker.py:429} INFO - 2026-05-15 13:49:02 [scrapy.extensions.telnet] INFO: Telnet Password: 66e148d2104acb8e
[2026-05-15T13:49:03.043+0000] {docker.py:429} INFO - 2026-05-15 13:49:03 [scrapy.middleware] INFO: Enabled extensions:
['scrapy.extensions.corestats.CoreStats',
 'scrapy.extensions.logcount.LogCount',
 'scrapy.extensions.telnet.TelnetConsole',
 'scrapy.extensions.memusage.MemoryUsage',
 'scrapy.extensions.logstats.LogStats']
2026-05-15 13:49:03 [scrapy.crawler] INFO: Overridden settings:
{'BOT_NAME': 'eu',
 'FEED_EXPORT_ENCODING': 'utf-8',
 'LOG_LEVEL': 'INFO',
 'NEWSPIDER_MODULE': 'eu.spiders',
 'SPIDER_MODULES': ['eu.spiders']}
[2026-05-15T13:49:06.591+0000] {docker.py:429} INFO - 2026-05-15 13:49:06 [scrapy.middleware] INFO: Enabled downloader middlewares:
['scrapy.downloadermiddlewares.offsite.OffsiteMiddleware',
 'scrapy.downloadermiddlewares.httpauth.HttpAuthMiddleware',
 'scrapy.downloadermiddlewares.downloadtimeout.DownloadTimeoutMiddleware',
 'scrapy.downloadermiddlewares.defaultheaders.DefaultHeadersMiddleware',
 'scrapy.downloadermiddlewares.useragent.UserAgentMiddleware',
 'scrapy.downloadermiddlewares.retry.RetryMiddleware',
 'scrapy.downloadermiddlewares.redirect.MetaRefreshMiddleware',
 'scrapy.downloadermiddlewares.httpcompression.HttpCompressionMiddleware',
 'scrapy.downloadermiddlewares.redirect.RedirectMiddleware',
 'scrapy.downloadermiddlewares.cookies.CookiesMiddleware',
 'scrapy.downloadermiddlewares.httpproxy.HttpProxyMiddleware',
 'scrapy.downloadermiddlewares.stats.DownloaderStats']
[2026-05-15T13:49:06.662+0000] {docker.py:429} INFO - 2026-05-15 13:49:06 [scrapy.middleware] INFO: Enabled spider middlewares:
['scrapy.spidermiddlewares.start.StartSpiderMiddleware',
 'scrapy.spidermiddlewares.httperror.HttpErrorMiddleware',
 'scrapy.spidermiddlewares.referer.RefererMiddleware',
 'scrapy.spidermiddlewares.urllength.UrlLengthMiddleware',
 'scrapy.spidermiddlewares.depth.DepthMiddleware']
[2026-05-15T13:49:06.774+0000] {docker.py:429} INFO - 2026-05-15 13:49:06 [scrapy.middleware] INFO: Enabled item pipelines:
['eu.pipelines.EuPipeline']
[2026-05-15T13:49:06.806+0000] {docker.py:429} INFO - 2026-05-15 13:49:06 [py.warnings] WARNING: /usr/local/lib/python3.11/site-packages/scrapy/pipelines/__init__.py:41: ScrapyDeprecationWarning: EuPipeline.open_spider() requires a spider argument, this is deprecated and the argument will not be passed in future Scrapy versions. If you need to access the spider instance you can save the crawler instance passed to from_crawler() and use its spider attribute.
  self._check_mw_method_spider_arg(pipe.open_spider)

2026-05-15 13:49:06 [py.warnings] WARNING: /usr/local/lib/python3.11/site-packages/scrapy/pipelines/__init__.py:44: ScrapyDeprecationWarning: EuPipeline.close_spider() requires a spider argument, this is deprecated and the argument will not be passed in future Scrapy versions. If you need to access the spider instance you can save the crawler instance passed to from_crawler() and use its spider attribute.
  self._check_mw_method_spider_arg(pipe.close_spider)

2026-05-15 13:49:06 [py.warnings] WARNING: /usr/local/lib/python3.11/site-packages/scrapy/pipelines/__init__.py:47: ScrapyDeprecationWarning: EuPipeline.process_item() requires a spider argument, this is deprecated and the argument will not be passed in future Scrapy versions. If you need to access the spider instance you can save the crawler instance passed to from_crawler() and use its spider attribute.
  self._check_mw_method_spider_arg(pipe.process_item)

2026-05-15 13:49:06 [scrapy.core.engine] INFO: Spider opened
[2026-05-15T13:49:07.022+0000] {docker.py:429} INFO - 2026-05-15 13:49:06 [py.warnings] WARNING: /usr/local/lib/python3.11/site-packages/scrapy/core/spidermw.py:490: ScrapyDeprecationWarning: eu.spiders.eu_spider.EuSpider defines the deprecated start_requests() method. start_requests() has been deprecated in favor of a new method, start(), to support asynchronous code execution. start_requests() will stop being called in a future version of Scrapy. If you use Scrapy 2.13 or higher only, replace start_requests() with start(); note that start() is a coroutine (async def). If you need to maintain compatibility with lower Scrapy versions, when overriding start_requests() in a spider class, override start() as well; you can use super() to reuse the inherited start() implementation without copy-pasting. See the release notes of Scrapy 2.13 for details: https://docs.scrapy.org/en/2.13/news.html
  warn(

2026-05-15 13:49:06 [scrapy.extensions.logstats] INFO: Crawled 0 pages (at 0 pages/min), scraped 0 items (at 0 items/min)
[2026-05-15T13:49:07.105+0000] {docker.py:429} INFO - 2026-05-15 13:49:07 [scrapy.extensions.telnet] INFO: Telnet console listening on 127.0.0.1:6023
[2026-05-15T13:49:15.303+0000] {docker.py:429} INFO - 2026-05-15 13:49:15 [scrapy.core.engine] INFO: Closing spider (finished)
[2026-05-15T13:49:16.598+0000] {docker.py:429} INFO - 2026-05-15 13:49:16 [eu_spider] INFO: 5901 records written to /app/data/eu_fsf_sanctions.json
2026-05-15 13:49:16 [scrapy.statscollectors] INFO: Dumping Scrapy stats:
{'downloader/request_bytes': 264,
 'downloader/request_count': 1,
 'downloader/request_method_count/GET': 1,
 'downloader/response_bytes': 854962,
 'downloader/response_count': 1,
 'downloader/response_status_count/200': 1,
 'elapsed_time_seconds': 9.618932,
 'finish_reason': 'finished',
 'finish_time': datetime.datetime(2026, 5, 15, 13, 49, 16, 578484, tzinfo=datetime.timezone.utc),
 'httpcompression/response_bytes': 2559873,
 'httpcompression/response_count': 1,
 'item_scraped_count': 5901,
 'items_per_minute': 39340.0,
 'log_count/INFO': 4,
 'memusage/max': 74031104,
 'memusage/startup': 74031104,
 'response_received_count': 1,
 'responses_per_minute': 6.666666666666667,
 'scheduler/dequeued': 1,
 'scheduler/dequeued/memory': 1,
 'scheduler/enqueued': 1,
 'scheduler/enqueued/memory': 1,
 'start_time': datetime.datetime(2026, 5, 15, 13, 49, 6, 959552, tzinfo=datetime.timezone.utc)}
2026-05-15 13:49:16 [scrapy.core.engine] INFO: Spider closed (finished)
[2026-05-15T13:49:18.680+0000] {taskinstance.py:1149} INFO - Marking task as SUCCESS. dag_id=eu_fsf_sanc, task_id=run_eu_fsf_sanc_container, execution_date=20260515T134809, start_date=20260515T134829, end_date=20260515T134918
[2026-05-15T13:49:19.128+0000] {local_task_job_runner.py:234} INFO - Task exited with return code 0
[2026-05-15T13:49:19.442+0000] {taskinstance.py:3309} INFO - 1 downstream tasks scheduled from follow-on schedule check
