[2026-05-18T14:12:31.931+0000] {taskinstance.py:1979} INFO - Dependencies all met for dep_context=non-requeueable deps ti=<TaskInstance: inegi_playwright.run_inegi_playwright scheduled__2026-05-17T00:00:00+00:00 [queued]>
[2026-05-18T14:12:32.052+0000] {taskinstance.py:1979} INFO - Dependencies all met for dep_context=requeueable deps ti=<TaskInstance: inegi_playwright.run_inegi_playwright scheduled__2026-05-17T00:00:00+00:00 [queued]>
[2026-05-18T14:12:32.063+0000] {taskinstance.py:2193} INFO - Starting attempt 2 of 1
[2026-05-18T14:12:32.836+0000] {taskinstance.py:2214} INFO - Executing <Task(DockerOperator): run_inegi_playwright> on 2026-05-17 00:00:00+00:00
[2026-05-18T14:12:33.080+0000] {standard_task_runner.py:60} INFO - Started process 77 to run task
[2026-05-18T14:12:33.410+0000] {standard_task_runner.py:87} INFO - Running: ['***', 'tasks', 'run', 'inegi_playwright', 'run_inegi_playwright', 'scheduled__2026-05-17T00:00:00+00:00', '--job-id', '49', '--raw', '--subdir', 'DAGS_FOLDER/inegi_playwright_dag.py', '--cfg-path', '/tmp/tmpp2b_0r4q']
[2026-05-18T14:12:33.714+0000] {standard_task_runner.py:88} INFO - Job 49: Subtask run_inegi_playwright
[2026-05-18T14:12:35.415+0000] {task_command.py:423} INFO - Running <TaskInstance: inegi_playwright.run_inegi_playwright scheduled__2026-05-17T00:00:00+00:00 [running]> on host f39b18a112ca
[2026-05-18T14:12:36.432+0000] {taskinstance.py:2510} INFO - Exporting env vars: AIRFLOW_CTX_DAG_OWNER='***' AIRFLOW_CTX_DAG_ID='inegi_playwright' AIRFLOW_CTX_TASK_ID='run_inegi_playwright' AIRFLOW_CTX_EXECUTION_DATE='2026-05-17T00:00:00+00:00' AIRFLOW_CTX_TRY_NUMBER='2' AIRFLOW_CTX_DAG_RUN_ID='scheduled__2026-05-17T00:00:00+00:00'
[2026-05-18T14:12:37.630+0000] {docker.py:359} INFO - Starting docker container from image inegi-playwright:v1
[2026-05-18T14:13:28.857+0000] {docker.py:429} INFO - The page is opening...
[2026-05-18T14:13:47.423+0000] {docker.py:429} INFO - iframe found: https://www3.inegi.org.mx/sistemas/ci/relps/
[2026-05-18T14:13:54.934+0000] {docker.py:429} INFO - Total rows: 132
[2026-05-18T14:13:55.140+0000] {docker.py:429} INFO - Row 0: no column, skipping
[2026-05-18T14:13:56.205+0000] {docker.py:429} INFO - Row 1: link found, clicking…
[2026-05-18T14:14:06.261+0000] {docker.py:429} INFO - Row 2: link found, clicking…
[2026-05-18T14:14:19.156+0000] {docker.py:429} INFO - Row 3: link found, clicking…
[2026-05-18T14:14:26.788+0000] {docker.py:429} INFO - Row 4: link found, clicking…
[2026-05-18T14:14:34.643+0000] {docker.py:429} INFO - Row 5: link found, clicking…
[2026-05-18T14:14:41.015+0000] {docker.py:429} INFO - Row 6: link found, clicking…
[2026-05-18T14:14:46.265+0000] {docker.py:429} INFO - Row 7: link found, clicking…
[2026-05-18T14:14:50.211+0000] {docker.py:429} INFO - Row 8: link found, clicking…
[2026-05-18T14:14:56.422+0000] {docker.py:429} INFO - Row 9: link found, clicking…
[2026-05-18T14:15:06.960+0000] {docker.py:429} INFO - Row 10: link found, clicking…
[2026-05-18T14:15:14.710+0000] {docker.py:429} INFO - Row 11: link found, clicking…
[2026-05-18T14:15:18.325+0000] {docker.py:429} INFO - Row 12: link found, clicking…
[2026-05-18T14:15:24.054+0000] {docker.py:429} INFO - Row 13: link found, clicking…
[2026-05-18T14:15:31.256+0000] {docker.py:429} INFO - Row 14: link found, clicking…
[2026-05-18T14:15:40.915+0000] {docker.py:429} INFO - Row 15: link found, clicking…
[2026-05-18T14:15:46.821+0000] {docker.py:429} INFO - Row 16: link found, clicking…
[2026-05-18T14:15:54.895+0000] {docker.py:429} INFO - Row 17: link found, clicking…
[2026-05-18T14:16:01.984+0000] {docker.py:429} INFO - Row 18: link found, clicking…
[2026-05-18T14:16:10.123+0000] {docker.py:429} INFO - Row 19: link found, clicking…
[2026-05-18T14:16:21.880+0000] {docker.py:429} INFO - Row 20: link found, clicking…
[2026-05-18T14:16:52.878+0000] {docker.py:429} INFO - ERROR: Locator.click: Timeout 30000ms exceeded.
Call log:
  - waiting for locator("xpath=(//tbody)[5]//tr").nth(20).locator("xpath=.//a[contains(@id,'gvProveedores')]").first
    - locator resolved to <a id="cphContenido_gvProveedores_lnkSancionar_19" href="javascript:WebForm_DoPostBackWithOptions(new WebForm_PostBackOptions("ctl00$cphContenido$gvProveedores$ctl21$lnkSancionar", "", true, "", "", false, true))">TANIA RUBI RODRIGUEZ ESPARZA</a>
  - attempting click action
    - waiting for element to be visible, enabled and stable
    - element is visible, enabled and stable
    - scrolling into view if needed
    - done scrolling
    - performing click action
    - click action done
    - waiting for scheduled navigations to finish
[2026-05-18T14:16:56.279+0000] {taskinstance.py:1149} INFO - Marking task as SUCCESS. dag_id=inegi_playwright, task_id=run_inegi_playwright, execution_date=20260517T000000, start_date=20260518T141231, end_date=20260518T141656
[2026-05-18T14:16:57.754+0000] {local_task_job_runner.py:234} INFO - Task exited with return code 0
[2026-05-18T14:16:58.408+0000] {taskinstance.py:3309} INFO - 1 downstream tasks scheduled from follow-on schedule check
