[2026-05-27T08:48:23.715+0000] {taskinstance.py:1979} INFO - Dependencies all met for dep_context=non-requeueable deps ti=<TaskInstance: telegraph_scraper.run_telegraph_container manual__2026-05-27T08:46:39.452754+00:00 [queued]>
[2026-05-27T08:48:24.218+0000] {taskinstance.py:1979} INFO - Dependencies all met for dep_context=requeueable deps ti=<TaskInstance: telegraph_scraper.run_telegraph_container manual__2026-05-27T08:46:39.452754+00:00 [queued]>
[2026-05-27T08:48:24.282+0000] {taskinstance.py:2193} INFO - Starting attempt 1 of 1
[2026-05-27T08:48:24.637+0000] {taskinstance.py:2214} INFO - Executing <Task(DockerOperator): run_telegraph_container> on 2026-05-27 08:46:39.452754+00:00
[2026-05-27T08:48:24.715+0000] {standard_task_runner.py:60} INFO - Started process 3343 to run task
[2026-05-27T08:48:24.775+0000] {standard_task_runner.py:87} INFO - Running: ['***', 'tasks', 'run', 'telegraph_scraper', 'run_telegraph_container', 'manual__2026-05-27T08:46:39.452754+00:00', '--job-id', '240', '--raw', '--subdir', 'DAGS_FOLDER/telegraph_dag.py', '--cfg-path', '/tmp/tmp8joefz8s']
[2026-05-27T08:48:24.860+0000] {standard_task_runner.py:88} INFO - Job 240: Subtask run_telegraph_container
[2026-05-27T08:48:25.943+0000] {task_command.py:423} INFO - Running <TaskInstance: telegraph_scraper.run_telegraph_container manual__2026-05-27T08:46:39.452754+00:00 [running]> on host f39b18a112ca
[2026-05-27T08:48:27.782+0000] {taskinstance.py:2510} INFO - Exporting env vars: AIRFLOW_CTX_DAG_OWNER='***' AIRFLOW_CTX_DAG_ID='telegraph_scraper' AIRFLOW_CTX_TASK_ID='run_telegraph_container' AIRFLOW_CTX_EXECUTION_DATE='2026-05-27T08:46:39.452754+00:00' AIRFLOW_CTX_TRY_NUMBER='1' AIRFLOW_CTX_DAG_RUN_ID='manual__2026-05-27T08:46:39.452754+00:00'
[2026-05-27T08:48:29.059+0000] {docker.py:359} INFO - Starting docker container from image telegraph-scraper:v1
[2026-05-27T08:48:29.285+0000] {docker.py:367} WARNING - Using remote engine or docker-in-docker and mounting temporary volume from host is not supported. Falling back to `mount_tmp_dir=False` mode. You can set `mount_tmp_dir` parameter to False to disable mounting and remove the warning
[2026-05-27T08:49:33.493+0000] {docker.py:429} INFO - [+] Saved: ВСС прие оставката на Сарафов, няма да получи 20 заплати
[2026-05-27T08:49:41.735+0000] {docker.py:429} INFO - [+] Saved: ЖЕСТОКО ПРЕСТЪПЛЕНИЕ: Намериха мъртъв мъж в Софийско
[2026-05-27T08:50:00.259+0000] {docker.py:429} INFO - [+] Saved: "Живот на един клик: Какво губим по пътя?": Дигиталната зависимост, която променя идентичността ни
[2026-05-27T08:50:14.105+0000] {docker.py:429} INFO - [+] Saved: Китайски дисидент избяга в Южна Корея с надуваема лодка
[2026-05-27T08:50:26.950+0000] {docker.py:429} INFO - [+] Saved: СКАНДАЛ В ПАРИЖ: Разследват насилие и сексуално посегателство в детски заведения
[2026-05-27T08:50:41.827+0000] {docker.py:429} INFO - [+] Saved: Сарафов иска да бъде възстановен като редови следовател
[2026-05-27T08:50:48.770+0000] {docker.py:429} INFO - [+] Saved: ДОБРА НОВИНА! Увеличават пенсиите от юли
[2026-05-27T08:50:55.089+0000] {docker.py:429} INFO - [+] Saved: Левски наддава за португалски ляв бек
[2026-05-27T08:51:00.262+0000] {docker.py:429} INFO - [+] Saved: Ердоган: Тиранинът Нетаняху скоро ще получи урока, който заслужава, от мюсюлманите по света
[2026-05-27T08:51:06.862+0000] {docker.py:429} INFO - [+] Saved: Мандалореца и Грогу приковаха най-много БГ зрители пред големия екран
[2026-05-27T08:51:12.186+0000] {docker.py:429} INFO - [+] Saved: Сарафов е подал оставка като шеф на следствието и като зам.-главен прокурор
[2026-05-27T08:51:16.192+0000] {docker.py:429} INFO - [+] Saved: И Янев не знае дали ще остане, спрягат именит чужденец за ЦСКА
[2026-05-27T08:51:20.871+0000] {docker.py:429} INFO - [+] Saved: Курбан Байрам обедини политиците с призив за толерантност
[2026-05-27T08:51:23.359+0000] {docker.py:429} INFO - [+] Saved: Спира сметопочистването в „Изгрев“
[2026-05-27T08:51:25.771+0000] {docker.py:429} INFO - [+] Saved: Неочакваният финал Лондон – Мадрид!
[2026-05-27T08:51:27.891+0000] {docker.py:429} INFO - [+] Saved: Путин подари четири амурски тигъра на Казахстан
[2026-05-27T08:51:30.891+0000] {docker.py:429} INFO - [+] Saved: ПРЕСЛЕДВАНЕ, МИГРАНТИ И КАТАСТРОФА: Без книжка се оказа шофьорът от гонката в Бургас
[2026-05-27T08:51:34.665+0000] {docker.py:429} INFO - [+] Saved: Носителят на купата на „Мач Телеграф“- „Топспринт“, Евертон Бала: Ще дадем живота си, за да играе Левски в ШЛ!
[2026-05-27T08:51:37.159+0000] {docker.py:429} INFO - [+] Saved: Парламентът обсъжда увеличение на минималните пенсии от 1 юли
[2026-05-27T08:51:39.243+0000] {docker.py:429} INFO - [+] Saved: КОШМАР В САЩ: Мощна експлозия уби човек, има изчезнали
[2026-05-27T08:51:42.035+0000] {docker.py:429} INFO - [+] Saved: ВОЕННА МОЩ: Северна Корея тества нова многофункционална ракетна система
[2026-05-27T08:51:44.114+0000] {docker.py:429} INFO - [+] Saved: Щерка на Фиго взе диплома по медицина
[2026-05-27T08:51:47.396+0000] {docker.py:429} INFO - [+] Saved: ЖЕГАТА СЕ РАЗВИХРЯ: Слънчева сряда с температури до 34°
[2026-05-27T08:51:50.197+0000] {docker.py:429} INFO - [+] Saved: Нощна акция във Варна: Полицията намери изчезналите деца
[2026-05-27T08:51:52.398+0000] {docker.py:429} INFO - [+] Saved: Гледайте Кристъл Палас - Райо Валекано във финала на Лига на конференциите
[2026-05-27T08:51:55.376+0000] {docker.py:429} INFO - [+] Saved: Лусио чака бебе от жената, която спаси живота му
[2026-05-27T08:51:57.709+0000] {docker.py:429} INFO - [+] Saved: В ПОЛЗА НА ПОТРЕБИТЕЛИТЕ: Нова формула за поносима цена на водата!
[2026-05-27T08:52:00.434+0000] {docker.py:429} INFO - [+] Saved: ЗА ПЪРВИ ПЪТ: Лъскат новите влакове с четка и сешоар!
[2026-05-27T08:52:03.287+0000] {docker.py:429} INFO - [+] Saved: Халф на Шотландия изгря на банкнота (СНИМКИ)
[2026-05-27T08:52:06.245+0000] {docker.py:429} INFO - [+] Saved: От страх за собствения си живот: Баща хвърля сина си в ръцете на турците
[2026-05-27T08:52:08.292+0000] {docker.py:429} INFO - [+] Saved: ЧУДО НЕВИЖДАНО: Незаконен град изникна край Варна!
[2026-05-27T08:52:12.022+0000] {docker.py:429} INFO - [+] Saved: Везенков: Върнах се от Америка заради такива моменти
[2026-05-27T08:52:18.241+0000] {docker.py:429} INFO - [+] Saved: Дуалното обучение е в застой
[2026-05-27T08:52:21.769+0000] {docker.py:429} INFO - [+] Saved: Марк Маркес ще се завърне в Гран при на Италия в клас Мото Джи Пи
[2026-05-27T08:52:25.493+0000] {docker.py:429} INFO - [+] Saved: В приятелски мач на Герена: Iron Maiden биха Левски преди концерта на Националния
[2026-05-27T08:52:33.471+0000] {docker.py:429} INFO - [+] Saved: ОТМЪЩЕНИЕ ИЛИ ОБЕКТИВНОСТ? Мадяр ще разследва евентуални злоупотреби по времето на Орбан!
[2026-05-27T08:52:41.957+0000] {docker.py:429} INFO - [+] Saved: Александър Василев преодоля първия кръг на двойки на турнира по тенис в Куршумлийска баня
[2026-05-27T08:52:56.608+0000] {docker.py:429} INFO - [+] Saved: КОЙ ПЕЧЕЛИ ОТ РИТНИКА?
[2026-05-27T08:53:09.393+0000] {docker.py:429} INFO - [+] Saved: УЧЕНИТЕ ПРЕУПРЕЖДАВАТ: Човечеството може да намалее наполовина до 2064 г.!
[2026-05-27T08:53:18.255+0000] {docker.py:429} INFO - [+] Saved: Русия плаши Украйна с ядрен удар!
[2026-05-27T08:53:25.971+0000] {docker.py:429} INFO - [+] Saved: Йонас Вингегор спечели 16-ия етап от колоездачната обиколка на Италия
[2026-05-27T08:53:33.817+0000] {docker.py:429} INFO - [+] Saved: ЗАРАДИ ОПАСНОСТ ОТ ПОКУШЕНИЕ: Путин затвори въздушното пространство над Москва!
[2026-05-27T08:53:40.687+0000] {docker.py:429} INFO - [+] Saved: ШОУ ПОД ПРИКРИТИЕ: Ченгета се дегизираха като драг кралици за арест!
[2026-05-27T08:53:46.788+0000] {docker.py:429} INFO - [+] Saved: В сряда във вестник "Мач Телеграф"
[2026-05-27T08:53:56.556+0000] {docker.py:429} INFO - [+] Saved: Звездите се завърнаха в националния отбор
[2026-05-27T08:54:01.963+0000] {docker.py:429} INFO - [+] Saved: Григор Димитров с опит да се върне към най-добрите си времена
[2026-05-27T08:54:07.300+0000] {docker.py:429} INFO - [+] Saved: Йотова посрещна Iron Maiden (ВИДЕО)
[2026-05-27T08:54:11.590+0000] {docker.py:429} INFO - [+] Saved: Хари Кейн с поредно признание
[2026-05-27T08:54:22.488+0000] {docker.py:429} INFO - [+] Saved: КРАЙ НА БЕДСТВИЕТО: Отмениха извънредното положение в Габровско!
[2026-05-27T08:54:33.047+0000] {docker.py:429} INFO - [+] Saved: Шампион с Барселона го гласят за Милан
[2026-05-27T08:54:40.457+0000] {docker.py:429} INFO - [+] Saved: Срещу прокурорския син текат производства за принуда, отвличане, заплахи за убийство и други тежки престъпления
[2026-05-27T08:54:45.600+0000] {docker.py:429} INFO - [+] Saved: Защитник на ЦСКА пред трансфер в чужбина
[2026-05-27T08:54:53.297+0000] {docker.py:429} INFO - [+] Saved: Делев първи при асистентите
[2026-05-27T08:54:59.275+0000] {docker.py:429} INFO - [+] Saved: Медведев отпадна още в началото на "Ролан Гарос"
[2026-05-27T08:55:08.117+0000] {docker.py:429} INFO - [+] Saved: УДАР ОТ БРЮКСЕЛ: Русия дестабилизира ЕС с дронове!
[2026-05-27T08:55:15.633+0000] {docker.py:429} INFO - [+] Saved: Топ 6: Кръвта (в турските сериали) вода не става!
[2026-05-27T08:55:21.511+0000] {docker.py:429} INFO - [+] Saved: Марчело Абонданца обяви състав от 14 волейболистки за първата седмица от Лигата на нациите
[2026-05-27T08:55:27.878+0000] {docker.py:429} INFO - [+] Saved: Още една стъпка към мечтата
[2026-05-27T08:55:33.780+0000] {docker.py:429} INFO - [+] Saved: Исторически ден за ЦСКА
[2026-05-27T08:55:38.486+0000] {docker.py:429} INFO - [+] Saved: Облекчение за ПСЖ четири дни преди големия финал
[2026-05-27T08:55:41.308+0000] {docker.py:429} INFO - [+] Saved: Тежки времена за Волфсбург след историческо изпадане
[2026-05-27T08:55:44.294+0000] {docker.py:429} INFO - [+] Saved: ОБЩОДЪРЖАВНО ИЗДИРВАНЕ: Две малки деца изчезнаха безследно във Варна
[2026-05-27T08:55:48.504+0000] {docker.py:429} INFO - [+] Saved: Александра Мутафчиева от НСА e студентска шампионка
[2026-05-27T08:55:51.512+0000] {docker.py:429} INFO - [+] Saved: За първи път в историята: Реал Мадрид остана без представител за Мондиал 2026
[2026-05-27T08:55:54.240+0000] {docker.py:429} INFO - [+] Saved: Масажистка и балерина напират за Мис Силикон
[2026-05-27T08:55:57.485+0000] {docker.py:429} INFO - [+] Saved: Левандовски все по-близо до МЛС
[2026-05-27T08:55:59.903+0000] {docker.py:429} INFO - [+] Saved: Ранен край за Иван Иванов на турнира от сериите Чалънджър
[2026-05-27T08:56:02.150+0000] {docker.py:429} INFO - [+] Saved: Ясни са часовете за решаващите баражи
[2026-05-27T08:56:09.029+0000] {taskinstance.py:1149} INFO - Marking task as SUCCESS. dag_id=telegraph_scraper, task_id=run_telegraph_container, execution_date=20260527T084639, start_date=20260527T084823, end_date=20260527T085608
[2026-05-27T08:56:11.824+0000] {local_task_job_runner.py:234} INFO - Task exited with return code 0
[2026-05-27T08:56:14.823+0000] {taskinstance.py:3309} INFO - 0 downstream tasks scheduled from follow-on schedule check
