[2026-05-13T15:22:39.430+0000] {taskinstance.py:1979} INFO - Dependencies all met for dep_context=non-requeueable deps ti=<TaskInstance: inegi_playwright.run_inegi_playwright manual__2026-05-13T15:20:01.652919+00:00 [queued]>
[2026-05-13T15:22:39.595+0000] {taskinstance.py:1979} INFO - Dependencies all met for dep_context=requeueable deps ti=<TaskInstance: inegi_playwright.run_inegi_playwright manual__2026-05-13T15:20:01.652919+00:00 [queued]>
[2026-05-13T15:22:39.828+0000] {taskinstance.py:2193} INFO - Starting attempt 1 of 1
[2026-05-13T15:22:41.039+0000] {taskinstance.py:2214} INFO - Executing <Task(DockerOperator): run_inegi_playwright> on 2026-05-13 15:20:01.652919+00:00
[2026-05-13T15:22:41.141+0000] {standard_task_runner.py:60} INFO - Started process 1841 to run task
[2026-05-13T15:22:41.307+0000] {standard_task_runner.py:87} INFO - Running: ['***', 'tasks', 'run', 'inegi_playwright', 'run_inegi_playwright', 'manual__2026-05-13T15:20:01.652919+00:00', '--job-id', '18', '--raw', '--subdir', 'DAGS_FOLDER/inegi_playwright_dag.py', '--cfg-path', '/tmp/tmpki2q_2go']
[2026-05-13T15:22:41.402+0000] {standard_task_runner.py:88} INFO - Job 18: Subtask run_inegi_playwright
[2026-05-13T15:22:45.510+0000] {task_command.py:423} INFO - Running <TaskInstance: inegi_playwright.run_inegi_playwright manual__2026-05-13T15:20:01.652919+00:00 [running]> on host ab149d976c2e
[2026-05-13T15:22:47.550+0000] {taskinstance.py:2510} INFO - Exporting env vars: AIRFLOW_CTX_DAG_OWNER='***' AIRFLOW_CTX_DAG_ID='inegi_playwright' AIRFLOW_CTX_TASK_ID='run_inegi_playwright' AIRFLOW_CTX_EXECUTION_DATE='2026-05-13T15:20:01.652919+00:00' AIRFLOW_CTX_TRY_NUMBER='1' AIRFLOW_CTX_DAG_RUN_ID='manual__2026-05-13T15:20:01.652919+00:00'
[2026-05-13T15:22:49.416+0000] {docker.py:359} INFO - Starting docker container from image inegi-playwright:v1
[2026-05-13T15:23:54.795+0000] {docker.py:429} INFO - The page is opening...
[2026-05-13T15:24:06.730+0000] {docker.py:429} INFO - iframe found: https://www3.inegi.org.mx/sistemas/ci/relps/
[2026-05-13T15:24:09.887+0000] {docker.py:429} INFO - Total rows: 132
[2026-05-13T15:24:09.915+0000] {docker.py:429} INFO - Row 0: no column, skipping
[2026-05-13T15:24:09.948+0000] {docker.py:429} INFO - Row 1: link found, clicking…
[2026-05-13T15:24:18.025+0000] {docker.py:429} INFO - Row 2: link found, clicking…
[2026-05-13T15:24:23.764+0000] {docker.py:429} INFO - Row 3: link found, clicking…
[2026-05-13T15:24:31.863+0000] {docker.py:429} INFO - Row 4: link found, clicking…
[2026-05-13T15:24:41.118+0000] {docker.py:429} INFO - Row 5: link found, clicking…
[2026-05-13T15:24:52.107+0000] {docker.py:429} INFO - Row 6: link found, clicking…
[2026-05-13T15:25:10.003+0000] {docker.py:429} INFO - Row 7: link found, clicking…
[2026-05-13T15:25:22.667+0000] {docker.py:429} INFO - Row 8: link found, clicking…
[2026-05-13T15:25:33.159+0000] {docker.py:429} INFO - Row 9: link found, clicking…
[2026-05-13T15:25:41.494+0000] {docker.py:429} INFO - Row 10: link found, clicking…
[2026-05-13T15:25:49.605+0000] {docker.py:429} INFO - Row 11: link found, clicking…
[2026-05-13T15:25:58.304+0000] {docker.py:429} INFO - Row 12: link found, clicking…
[2026-05-13T15:26:04.391+0000] {docker.py:429} INFO - Row 13: link found, clicking…
[2026-05-13T15:26:07.960+0000] {docker.py:429} INFO - Row 14: link found, clicking…
[2026-05-13T15:26:12.016+0000] {docker.py:429} INFO - Row 15: link found, clicking…
[2026-05-13T15:26:17.025+0000] {docker.py:429} INFO - Row 16: link found, clicking…
[2026-05-13T15:26:25.584+0000] {docker.py:429} INFO - Row 17: link found, clicking…
[2026-05-13T15:26:59.247+0000] {docker.py:429} INFO - Row 18: link found, clicking…
[2026-05-13T15:27:04.999+0000] {docker.py:429} INFO - Row 19: link found, clicking…
[2026-05-13T15:27:10.839+0000] {docker.py:429} INFO - Row 20: link found, clicking…
[2026-05-13T15:27:17.394+0000] {docker.py:429} INFO - Row 21: link found, clicking…
[2026-05-13T15:27:23.433+0000] {docker.py:429} INFO - Row 22: link found, clicking…
[2026-05-13T15:27:28.559+0000] {docker.py:429} INFO - Row 23: link found, clicking…
[2026-05-13T15:27:33.854+0000] {docker.py:429} INFO - Row 24: link found, clicking…
[2026-05-13T15:27:38.516+0000] {docker.py:429} INFO - Row 25: link found, clicking…
[2026-05-13T15:27:43.578+0000] {docker.py:429} INFO - Row 26: link found, clicking…
[2026-05-13T15:27:48.008+0000] {docker.py:429} INFO - Row 27: link found, clicking…
[2026-05-13T15:27:55.041+0000] {docker.py:429} INFO - Row 28: link found, clicking…
[2026-05-13T15:28:03.130+0000] {docker.py:429} INFO - Row 29: link found, clicking…
[2026-05-13T15:28:08.513+0000] {docker.py:429} INFO - Row 30: link found, clicking…
[2026-05-13T15:28:16.816+0000] {docker.py:429} INFO - Row 31: link found, clicking…
[2026-05-13T15:28:24.727+0000] {docker.py:429} INFO - Row 32: link found, clicking…
[2026-05-13T15:28:32.335+0000] {docker.py:429} INFO - Row 33: link found, clicking…
[2026-05-13T15:28:36.436+0000] {docker.py:429} INFO - Row 34: link found, clicking…
[2026-05-13T15:28:45.693+0000] {docker.py:429} INFO - Row 35: link found, clicking…
[2026-05-13T15:28:51.210+0000] {docker.py:429} INFO - Row 36: link found, clicking…
[2026-05-13T15:28:58.078+0000] {docker.py:429} INFO - Row 37: link found, clicking…
[2026-05-13T15:29:05.475+0000] {docker.py:429} INFO - Row 38: link found, clicking…
[2026-05-13T15:29:11.777+0000] {docker.py:429} INFO - Row 39: link found, clicking…
[2026-05-13T15:29:16.245+0000] {docker.py:429} INFO - Row 40: link found, clicking…
[2026-05-13T15:29:28.036+0000] {docker.py:429} INFO - Row 41: link found, clicking…
[2026-05-13T15:29:36.460+0000] {docker.py:429} INFO - Row 42: link found, clicking…
[2026-05-13T15:29:40.976+0000] {docker.py:429} INFO - Row 43: link found, clicking…
[2026-05-13T15:29:51.748+0000] {docker.py:429} INFO - Row 44: link found, clicking…
[2026-05-13T15:29:59.194+0000] {docker.py:429} INFO - Row 45: link found, clicking…
[2026-05-13T15:30:11.194+0000] {docker.py:429} INFO - Row 46: link found, clicking…
[2026-05-13T15:30:20.656+0000] {docker.py:429} INFO - Row 47: link found, clicking…
[2026-05-13T15:30:36.220+0000] {docker.py:429} INFO - Row 48: link found, clicking…
[2026-05-13T15:30:44.119+0000] {docker.py:429} INFO - Row 49: link found, clicking…
[2026-05-13T15:30:49.929+0000] {docker.py:429} INFO - Row 50: link found, clicking…
[2026-05-13T15:31:01.291+0000] {docker.py:429} INFO - Row 51: link found, clicking…
[2026-05-13T15:31:12.041+0000] {docker.py:429} INFO - Row 52: link found, clicking…
[2026-05-13T15:31:19.143+0000] {docker.py:429} INFO - Row 53: link found, clicking…
[2026-05-13T15:31:27.724+0000] {docker.py:429} INFO - Row 54: link found, clicking…
[2026-05-13T15:31:40.291+0000] {docker.py:429} INFO - Row 55: link found, clicking…
[2026-05-13T15:31:47.382+0000] {docker.py:429} INFO - Row 56: link found, clicking…
[2026-05-13T15:31:53.600+0000] {docker.py:429} INFO - Row 57: link found, clicking…
[2026-05-13T15:32:01.806+0000] {docker.py:429} INFO - Row 58: link found, clicking…
[2026-05-13T15:32:05.943+0000] {docker.py:429} INFO - Row 59: link found, clicking…
[2026-05-13T15:32:11.044+0000] {docker.py:429} INFO - Row 60: link found, clicking…
[2026-05-13T15:32:15.733+0000] {docker.py:429} INFO - Row 61: link found, clicking…
[2026-05-13T15:32:20.150+0000] {docker.py:429} INFO - Row 62: link found, clicking…
[2026-05-13T15:32:26.671+0000] {docker.py:429} INFO - Row 63: link found, clicking…
[2026-05-13T15:32:33.950+0000] {docker.py:429} INFO - Row 64: link found, clicking…
[2026-05-13T15:32:39.951+0000] {docker.py:429} INFO - Row 65: link found, clicking…
[2026-05-13T15:32:45.351+0000] {docker.py:429} INFO - Row 66: link found, clicking…
[2026-05-13T15:32:50.550+0000] {docker.py:429} INFO - Row 67: link found, clicking…
[2026-05-13T15:32:57.392+0000] {docker.py:429} INFO - Row 68: link found, clicking…
[2026-05-13T15:33:02.384+0000] {docker.py:429} INFO - Row 69: link found, clicking…
[2026-05-13T15:33:07.437+0000] {docker.py:429} INFO - Row 70: link found, clicking…
[2026-05-13T15:33:12.190+0000] {docker.py:429} INFO - Row 71: link found, clicking…
[2026-05-13T15:33:17.125+0000] {docker.py:429} INFO - Row 72: link found, clicking…
[2026-05-13T15:33:22.646+0000] {docker.py:429} INFO - Row 73: link found, clicking…
[2026-05-13T15:33:26.752+0000] {docker.py:429} INFO - Row 74: link found, clicking…
[2026-05-13T15:33:31.848+0000] {docker.py:429} INFO - Row 75: link found, clicking…
[2026-05-13T15:33:36.891+0000] {docker.py:429} INFO - Row 76: link found, clicking…
[2026-05-13T15:33:42.158+0000] {docker.py:429} INFO - Row 77: link found, clicking…
[2026-05-13T15:33:48.548+0000] {docker.py:429} INFO - Row 78: link found, clicking…
[2026-05-13T15:33:55.895+0000] {docker.py:429} INFO - Row 79: link found, clicking…
[2026-05-13T15:34:02.757+0000] {docker.py:429} INFO - Row 80: link found, clicking…
[2026-05-13T15:34:08.733+0000] {docker.py:429} INFO - Row 81: link found, clicking…
[2026-05-13T15:34:13.974+0000] {docker.py:429} INFO - Row 82: link found, clicking…
[2026-05-13T15:34:21.137+0000] {docker.py:429} INFO - Row 83: link found, clicking…
[2026-05-13T15:34:26.297+0000] {docker.py:429} INFO - Row 84: link found, clicking…
[2026-05-13T15:34:32.334+0000] {docker.py:429} INFO - Row 85: link found, clicking…
[2026-05-13T15:34:37.757+0000] {docker.py:429} INFO - Row 86: link found, clicking…
[2026-05-13T15:34:43.987+0000] {docker.py:429} INFO - Row 87: link found, clicking…
[2026-05-13T15:34:48.559+0000] {docker.py:429} INFO - Row 88: link found, clicking…
[2026-05-13T15:34:52.725+0000] {docker.py:429} INFO - Row 89: link found, clicking…
[2026-05-13T15:35:00.543+0000] {docker.py:429} INFO - Row 90: link found, clicking…
[2026-05-13T15:35:05.940+0000] {docker.py:429} INFO - Row 91: link found, clicking…
[2026-05-13T15:35:11.138+0000] {docker.py:429} INFO - Row 92: link found, clicking…
[2026-05-13T15:35:19.087+0000] {docker.py:429} INFO - Row 93: link found, clicking…
[2026-05-13T15:35:26.508+0000] {docker.py:429} INFO - Row 94: link found, clicking…
[2026-05-13T15:35:35.157+0000] {docker.py:429} INFO - Row 95: link found, clicking…
[2026-05-13T15:35:40.140+0000] {docker.py:429} INFO - Row 96: link found, clicking…
[2026-05-13T15:35:44.871+0000] {docker.py:429} INFO - Row 97: link found, clicking…
[2026-05-13T15:35:50.356+0000] {docker.py:429} INFO - Row 98: link found, clicking…
[2026-05-13T15:36:00.978+0000] {docker.py:429} INFO - Row 99: link found, clicking…
[2026-05-13T15:36:06.605+0000] {docker.py:429} INFO - Row 100: link found, clicking…
[2026-05-13T15:36:12.662+0000] {docker.py:429} INFO - Row 101: no column, skipping
Row 102: no column, skipping
Row 103: no column, skipping
Row 104: no column, skipping
Row 105: link found, clicking…
[2026-05-13T15:36:17.422+0000] {docker.py:429} INFO - Row 106: link found, clicking…
[2026-05-13T15:36:21.320+0000] {docker.py:429} INFO - Row 107: link found, clicking…
[2026-05-13T15:36:25.668+0000] {docker.py:429} INFO - Row 108: link found, clicking…
[2026-05-13T15:36:31.840+0000] {docker.py:429} INFO - Row 109: link found, clicking…
[2026-05-13T15:36:35.774+0000] {docker.py:429} INFO - Row 110: link found, clicking…
[2026-05-13T15:36:40.385+0000] {docker.py:429} INFO - Row 111: link found, clicking…
[2026-05-13T15:36:44.419+0000] {docker.py:429} INFO - Row 112: link found, clicking…
[2026-05-13T15:36:48.192+0000] {docker.py:429} INFO - Row 113: link found, clicking…
[2026-05-13T15:36:53.432+0000] {docker.py:429} INFO - Row 114: link found, clicking…
[2026-05-13T15:37:00.127+0000] {docker.py:429} INFO - Row 115: link found, clicking…
[2026-05-13T15:37:05.480+0000] {docker.py:429} INFO - Row 116: link found, clicking…
[2026-05-13T15:37:10.327+0000] {docker.py:429} INFO - Row 117: link found, clicking…
[2026-05-13T15:37:15.785+0000] {docker.py:429} INFO - Row 118: link found, clicking…
[2026-05-13T15:37:20.317+0000] {docker.py:429} INFO - Row 119: link found, clicking…
[2026-05-13T15:37:24.816+0000] {docker.py:429} INFO - Row 120: link found, clicking…
[2026-05-13T15:37:30.833+0000] {docker.py:429} INFO - Row 121: link found, clicking…
[2026-05-13T15:37:36.768+0000] {docker.py:429} INFO - Row 122: link found, clicking…
[2026-05-13T15:37:44.049+0000] {docker.py:429} INFO - Row 123: link found, clicking…
[2026-05-13T15:37:48.768+0000] {docker.py:429} INFO - Row 124: link found, clicking…
[2026-05-13T15:37:53.596+0000] {docker.py:429} INFO - Row 125: link found, clicking…
[2026-05-13T15:37:59.913+0000] {docker.py:429} INFO - Row 126: link found, clicking…
[2026-05-13T15:38:03.352+0000] {docker.py:429} INFO - Row 127: link found, clicking…
[2026-05-13T15:38:07.791+0000] {docker.py:429} INFO - Row 128: link found, clicking…
[2026-05-13T15:38:11.682+0000] {docker.py:429} INFO - Row 129: link found, clicking…
[2026-05-13T15:38:14.220+0000] {docker.py:429} INFO - Row 130: link found, clicking…
[2026-05-13T15:38:17.250+0000] {docker.py:429} INFO - Row 131: link found, clicking…
[2026-05-13T15:38:20.284+0000] {docker.py:429} INFO - Final unique records: 74
[2026-05-13T15:38:21.303+0000] {docker.py:429} INFO - Saved → /app/data/inegi_playwright.json
ERROR: Event loop is closed! Is Playwright already stopped?
[2026-05-13T15:38:22.797+0000] {taskinstance.py:1149} INFO - Marking task as SUCCESS. dag_id=inegi_playwright, task_id=run_inegi_playwright, execution_date=20260513T152001, start_date=20260513T152239, end_date=20260513T153822
[2026-05-13T15:38:23.191+0000] {local_task_job_runner.py:234} INFO - Task exited with return code 0
[2026-05-13T15:38:23.387+0000] {taskinstance.py:3309} INFO - 1 downstream tasks scheduled from follow-on schedule check
