[2026-05-13T13:56:18.886+0000] {taskinstance.py:1979} INFO - Dependencies all met for dep_context=non-requeueable deps ti=<TaskInstance: telegraph_scraper.run_telegraph_container scheduled__2026-05-12T00:00:00+00:00 [queued]>
[2026-05-13T13:56:19.356+0000] {taskinstance.py:1979} INFO - Dependencies all met for dep_context=requeueable deps ti=<TaskInstance: telegraph_scraper.run_telegraph_container scheduled__2026-05-12T00:00:00+00:00 [queued]>
[2026-05-13T13:56:19.371+0000] {taskinstance.py:2193} INFO - Starting attempt 1 of 1
[2026-05-13T13:56:19.762+0000] {taskinstance.py:2214} INFO - Executing <Task(DockerOperator): run_telegraph_container> on 2026-05-12 00:00:00+00:00
[2026-05-13T13:56:19.823+0000] {standard_task_runner.py:60} INFO - Started process 1260 to run task
[2026-05-13T13:56:19.846+0000] {standard_task_runner.py:87} INFO - Running: ['***', 'tasks', 'run', 'telegraph_scraper', 'run_telegraph_container', 'scheduled__2026-05-12T00:00:00+00:00', '--job-id', '7', '--raw', '--subdir', 'DAGS_FOLDER/telegraph_dag.py', '--cfg-path', '/tmp/tmpl52ok2h8']
[2026-05-13T13:56:19.869+0000] {standard_task_runner.py:88} INFO - Job 7: Subtask run_telegraph_container
[2026-05-13T13:56:21.816+0000] {task_command.py:423} INFO - Running <TaskInstance: telegraph_scraper.run_telegraph_container scheduled__2026-05-12T00:00:00+00:00 [running]> on host e85744e68698
[2026-05-13T13:56:25.061+0000] {taskinstance.py:2510} INFO - Exporting env vars: AIRFLOW_CTX_DAG_OWNER='***' AIRFLOW_CTX_DAG_ID='telegraph_scraper' AIRFLOW_CTX_TASK_ID='run_telegraph_container' AIRFLOW_CTX_EXECUTION_DATE='2026-05-12T00:00:00+00:00' AIRFLOW_CTX_TRY_NUMBER='1' AIRFLOW_CTX_DAG_RUN_ID='scheduled__2026-05-12T00:00:00+00:00'
[2026-05-13T13:56:29.476+0000] {docker.py:359} INFO - Starting docker container from image telegraph-scraper:v1
[2026-05-13T13:56:30.249+0000] {docker.py:367} WARNING - Using remote engine or docker-in-docker and mounting temporary volume from host is not supported. Falling back to `mount_tmp_dir=False` mode. You can set `mount_tmp_dir` parameter to False to disable mounting and remove the warning
[2026-05-13T13:57:25.585+0000] {docker.py:429} INFO - [+] Saved: СЪДБОНОСНА СРЕЩА:Тръмп пристигна в Китай! (ВИДЕО)
[2026-05-13T13:57:30.289+0000] {docker.py:429} INFO - [+] Saved: Манчестър Юнайтед готов да задържи Майкъл Карик
[2026-05-13T13:57:42.199+0000] {docker.py:429} INFO - [+] Saved: За първи път: Българската федерация по лека атлетика разполага със собствен транспорт
[2026-05-13T13:57:51.613+0000] {docker.py:429} INFO - [+] Saved: Рекордните 3500 участници ще стартират в Маратон Варна през уикенда
[2026-05-13T13:57:58.653+0000] {docker.py:429} INFO - [+] Saved: КОШМАРЪТ СЕ ПОВТАРЯ: Карантинираха още един круизен кораб заради починал пътник!
[2026-05-13T13:58:05.271+0000] {docker.py:429} INFO - [+] Saved: Европейски гранд покани български баскетболист за финали в младежката Евролига
[2026-05-13T13:58:12.012+0000] {docker.py:429} INFO - [+] Saved: Волейболният Левски с първо ново попълнение за следващия сезон
[2026-05-13T13:58:21.314+0000] {docker.py:429} INFO - [+] Saved: ЕКШЪН В НЕБЕТО: Учебен самолет се разби, пилотите катапултираха
[2026-05-13T13:58:28.925+0000] {docker.py:429} INFO - [+] Saved: Депутатите не гласуваха създаването на временна комисия за Петьо Петров-Еврото и на Мартин Божанов-Нотариуса
[2026-05-13T13:58:37.466+0000] {docker.py:429} INFO - [+] Saved: СКАНДАЛНО! Пияна обърна количка с 2-годишното си дете (СНИМКА)
[2026-05-13T13:58:44.077+0000] {docker.py:429} INFO - [+] Saved: Благотворителен футболен турнир в подкрепа на децата на ParaKids
[2026-05-13T13:58:55.785+0000] {docker.py:429} INFO - [+] Saved: КАДРОВА РОКАДА: Кабинетът "Радев" смени всички 28 областни управители
[2026-05-13T13:59:02.997+0000] {docker.py:429} INFO - [+] Saved: Борисов: Радвам се, че от днес съм сигурен и свободен български гражданин
[2026-05-13T13:59:09.235+0000] {docker.py:429} INFO - [+] Saved: Деньо Денев е освободен от длъжността заместник-председател на ДАНС
[2026-05-13T13:59:15.760+0000] {docker.py:429} INFO - [+] Saved: Илиян Филипов: Днес за някои Лъчо вече е “най-черният”, но винаги ще бъде част от Ботев
[2026-05-13T13:59:23.708+0000] {docker.py:429} INFO - [+] Saved: Мъж открадна 800-годишен череп от църква
[2026-05-13T13:59:29.844+0000] {docker.py:429} INFO - [+] Saved: Пет мерки и цените падат
[2026-05-13T13:59:47.764+0000] {docker.py:429} INFO - [+] Saved: Крушарски отсече: Не виждам проблем с билетите, който иска да гледа - да идва!
[2026-05-13T13:59:52.775+0000] {docker.py:429} INFO - [+] Saved: Парламентът прие на първо четене промените в Закона за защита на конкуренцията срещу нелоялните търговски практики
[2026-05-13T14:00:03.616+0000] {docker.py:429} INFO - [+] Saved: Силният вятър събори дървета в Русе
[2026-05-13T14:00:06.283+0000] {docker.py:429} INFO - [+] Saved: Кметът на Стара Загора обяви, че стартира спасителна мисия за Берое
[2026-05-13T14:00:09.616+0000] {docker.py:429} INFO - [+] Saved: Михаил Вълчев: Сега трябва да докажат, че загубите са от липса на късмет
[2026-05-13T14:00:12.106+0000] {docker.py:429} INFO - [+] Saved: Министърът на МВР категоричен: Борисов и Пеевски остават без всякаква държавна охрана
[2026-05-13T14:00:22.009+0000] {docker.py:429} INFO - [+] Saved: Samsung отхвърля твърденията на Дуа Липа за неправомерно използване на лика на певицата
[2026-05-13T14:00:24.944+0000] {docker.py:429} INFO - [+] Saved: Кристиан Виери: Киву влезе под кожата на Интер и върви към величие
[2026-05-13T14:00:27.066+0000] {docker.py:429} INFO - [+] Saved: СЛЕД ПЕЕВСКИ: Свалят охраната от НСО и на Бойко Борисов
[2026-05-13T14:00:30.822+0000] {docker.py:429} INFO - [+] Saved: Левски влиза в епизод 6 със старите проблеми
[2026-05-13T14:00:33.424+0000] {docker.py:429} INFO - [+] Saved: Свалиха охраната от НСО на Делян Пеевски
[2026-05-13T14:00:37.168+0000] {docker.py:429} INFO - [+] Saved: МОК включи в информационния си бюлетин конференцията на НСА и БОК за 130 години от първите Олимпийски игри
[2026-05-13T14:00:41.260+0000] {docker.py:429} INFO - [+] Saved: Крилата – големият проблем на Хьогмо
[2026-05-13T14:00:43.500+0000] {docker.py:429} INFO - [+] Saved: СМРАЗЯВАЩ ИНЦИДЕНТ: Мъж падна при ремонт на лифта в Боровец
[2026-05-13T14:00:46.018+0000] {docker.py:429} INFO - [+] Saved: Михаела Доцова води българската делегация на аудиенция при папата
[2026-05-13T14:00:48.996+0000] {docker.py:429} INFO - [+] Saved: СЛЕД ОПАСЕН ДРИФТ: Шофьор се заби в паркиран автомобил
[2026-05-13T14:00:50.858+0000] {docker.py:429} INFO - [+] Saved: Този старт на Обиколката няма да бъде забравен
[2026-05-13T14:00:53.007+0000] {docker.py:429} INFO - [+] Saved: Радев: Намаляването на покупателната способност изисква неотложни действия
[2026-05-13T14:00:54.882+0000] {docker.py:429} INFO - [+] Saved: „Орлите“ кълват  най-добре в края
[2026-05-13T14:00:56.946+0000] {docker.py:429} INFO - [+] Saved: 40% от жилищата в България празни
[2026-05-13T14:00:59.284+0000] {docker.py:429} INFO - [+] Saved: ДПС предлага парламентарна комисия за случая „Петрохан”
[2026-05-13T14:01:02.942+0000] {docker.py:429} INFO - [+] Saved: Подалата оставка доц. Ася Панджерова: Моралът ми е по-висш от всеки пост!
[2026-05-13T14:01:06.080+0000] {docker.py:429} INFO - [+] Saved: ХАНТАВИРУС: Френска пациентка бере душа, заразените са вече 11
[2026-05-13T14:01:09.322+0000] {docker.py:429} INFO - [+] Saved: ЗЛОУПОТРЕБИ И НАТИСК: Терзиев обясни защо шефа на "Гробищни паркове" и заместниците му бяха уволнени
[2026-05-13T14:01:12.756+0000] {docker.py:429} INFO - [+] Saved: ЦСКА 1948 готви бомба
[2026-05-13T14:01:15.533+0000] {docker.py:429} INFO - [+] Saved: Новите 9 депутати от „Прогресивна България“ положиха клетва
[2026-05-13T14:01:17.833+0000] {docker.py:429} INFO - [+] Saved: Фен прати еротично бельо на биатлонистка
[2026-05-13T14:01:19.547+0000] {docker.py:429} INFO - [+] Saved: Взеха книжката и номерата на шофьор заради липса на "Гражданска", въпреки че е платена
[2026-05-13T14:01:21.581+0000] {docker.py:429} INFO - [+] Saved: ПЪРВИ КОМЕНТАР НА НОРА НЕДКОВА СЛЕД HELL’S KITCHEN: ЗАСЛУЖАВАХ ПОВЕЧЕ! (ВИДЕО)
[2026-05-13T14:01:25.528+0000] {docker.py:429} INFO - [+] Saved: ЦСКА на Христо Янев е лидер в класирането
[2026-05-13T14:01:27.766+0000] {docker.py:429} INFO - [+] Saved: Турската звезда Едис крои концерт у нас
[2026-05-13T14:01:30.370+0000] {docker.py:429} INFO - [+] Saved: И Стандард Лиеж имал апетити към Бурас
[2026-05-13T14:01:32.937+0000] {docker.py:429} INFO - [+] Saved: НАПРЕЖЕНИЕ: Граждани искат оставката на кмета на Лом
[2026-05-13T14:01:35.013+0000] {docker.py:429} INFO - [+] Saved: Левски атакува ШЛ с шампионския отбор!
[2026-05-13T14:01:37.364+0000] {docker.py:429} INFO - [+] Saved: СЛЕД МОЩНАТА ГРАДУШКА: Описват щетите в Трявна
[2026-05-13T14:01:39.330+0000] {docker.py:429} INFO - [+] Saved: Тръмп пак погледна към Гренландия: САЩ искат нови военни бази на острова
[2026-05-13T14:01:41.291+0000] {docker.py:429} INFO - [+] Saved: Сеул обмисля да се включи поетапно към усилията за гарантиране сигурността в Ормузкия проток
[2026-05-13T14:01:44.751+0000] {docker.py:429} INFO - [+] Saved: ОПАСНО ВРЕМЕ: Жълт код за силен вятър в 19 области, поривите достигат 90 км/ч
[2026-05-13T14:01:47.081+0000] {docker.py:429} INFO - [+] Saved: Депутатите гласуват мерките срещу високите цени
[2026-05-13T14:01:49.143+0000] {docker.py:429} INFO - [+] Saved: Гледайте ЦСКА - ЦСКА 1948 и Лудогорец – Левски в efbet Лига
[2026-05-13T14:01:51.338+0000] {docker.py:429} INFO - [+] Saved: Играч на Арсенал го закъса в брака
[2026-05-13T14:01:53.743+0000] {docker.py:429} INFO - [+] Saved: Льоклер зарадва жената с яхта за 13 млн. евро
[2026-05-13T14:01:56.526+0000] {docker.py:429} INFO - [+] Saved: Най-големите куриози във Втората световна война: Племенник на Хитлер  служил в US армията!
[2026-05-13T14:01:59.298+0000] {docker.py:429} INFO - [+] Saved: Бившата тормози звезда от НБА
[2026-05-13T14:02:01.664+0000] {docker.py:429} INFO - [+] Saved: Дара взе кукерите на Мона
[2026-05-13T14:02:03.524+0000] {docker.py:429} INFO - [+] Saved: Арда отлепи в плейофите
[2026-05-13T14:02:05.731+0000] {docker.py:429} INFO - [+] Saved: 20 000 дойдоха да работят
[2026-05-13T14:02:10.132+0000] {docker.py:429} INFO - [+] Saved: БИБЛЕЙСКО ПРОРОЧЕСТВО: Легендарна река пресъхва, идва Армагедон?!
[2026-05-13T14:02:12.596+0000] {docker.py:429} INFO - [+] Saved: Гимназисти правят сирене в училищна мандра
[2026-05-13T14:02:15.256+0000] {docker.py:429} INFO - [+] Saved: AI източвал сметки с глоби от КАТ!
[2026-05-13T14:02:17.409+0000] {docker.py:429} INFO - [+] Saved: Българката Ерика Карабелева спечели сребърен медал на Европейското първенство по олимпийско таекуондо
[2026-05-13T14:02:19.579+0000] {docker.py:429} INFO - [+] Saved: Янаки Милев се класира за втория кръг на сингъл на турнира по тенис в Куршумлийска баня
[2026-05-13T14:02:24.019+0000] {taskinstance.py:1149} INFO - Marking task as SUCCESS. dag_id=telegraph_scraper, task_id=run_telegraph_container, execution_date=20260512T000000, start_date=20260513T135618, end_date=20260513T140224
[2026-05-13T14:02:28.735+0000] {local_task_job_runner.py:234} INFO - Task exited with return code 0
[2026-05-13T14:02:31.301+0000] {taskinstance.py:3309} INFO - 0 downstream tasks scheduled from follow-on schedule check
[2026-05-13T14:49:45.673+0000] {taskinstance.py:1979} INFO - Dependencies all met for dep_context=non-requeueable deps ti=<TaskInstance: telegraph_scraper.run_telegraph_container scheduled__2026-05-12T00:00:00+00:00 [queued]>
[2026-05-13T14:49:46.029+0000] {taskinstance.py:1979} INFO - Dependencies all met for dep_context=requeueable deps ti=<TaskInstance: telegraph_scraper.run_telegraph_container scheduled__2026-05-12T00:00:00+00:00 [queued]>
[2026-05-13T14:49:46.131+0000] {taskinstance.py:2193} INFO - Starting attempt 1 of 1
[2026-05-13T14:49:47.243+0000] {taskinstance.py:2214} INFO - Executing <Task(DockerOperator): run_telegraph_container> on 2026-05-12 00:00:00+00:00
[2026-05-13T14:49:47.652+0000] {standard_task_runner.py:60} INFO - Started process 751 to run task
[2026-05-13T14:49:47.795+0000] {standard_task_runner.py:87} INFO - Running: ['***', 'tasks', 'run', 'telegraph_scraper', 'run_telegraph_container', 'scheduled__2026-05-12T00:00:00+00:00', '--job-id', '6', '--raw', '--subdir', 'DAGS_FOLDER/telegraph_dag.py', '--cfg-path', '/tmp/tmpi849rmrg']
[2026-05-13T14:49:47.928+0000] {standard_task_runner.py:88} INFO - Job 6: Subtask run_telegraph_container
[2026-05-13T14:49:50.105+0000] {task_command.py:423} INFO - Running <TaskInstance: telegraph_scraper.run_telegraph_container scheduled__2026-05-12T00:00:00+00:00 [running]> on host ab149d976c2e
[2026-05-13T14:49:55.348+0000] {taskinstance.py:2510} INFO - Exporting env vars: AIRFLOW_CTX_DAG_OWNER='***' AIRFLOW_CTX_DAG_ID='telegraph_scraper' AIRFLOW_CTX_TASK_ID='run_telegraph_container' AIRFLOW_CTX_EXECUTION_DATE='2026-05-12T00:00:00+00:00' AIRFLOW_CTX_TRY_NUMBER='1' AIRFLOW_CTX_DAG_RUN_ID='scheduled__2026-05-12T00:00:00+00:00'
[2026-05-13T14:49:57.067+0000] {docker.py:359} INFO - Starting docker container from image telegraph-scraper:v1
[2026-05-13T14:49:57.217+0000] {docker.py:367} WARNING - Using remote engine or docker-in-docker and mounting temporary volume from host is not supported. Falling back to `mount_tmp_dir=False` mode. You can set `mount_tmp_dir` parameter to False to disable mounting and remove the warning
[2026-05-13T14:51:13.725+0000] {docker.py:429} INFO - [+] Saved: Дрон унищожи 1400 дка пшеница с тотален хербицид
[2026-05-13T14:51:18.239+0000] {docker.py:429} INFO - [+] Saved: ПРЕЗИДЕНТСКИЯТ ШАМАР: Брижит ударила Макрон заради изневяра?!
[2026-05-13T14:51:23.899+0000] {docker.py:429} INFO - [+] Saved: Ботев Пловдив обяви очаквана раздяла с основен футболист
[2026-05-13T14:51:29.295+0000] {docker.py:429} INFO - [+] Saved: Представиха книгата „Дупнишки спортни корени“
[2026-05-13T14:51:33.153+0000] {docker.py:429} INFO - [+] Saved: БЕЗОБРАЗИЕ: Хванаха шофьор да кара в насрещното по магистрала „Тракия”! (ВИДЕО)
[2026-05-13T14:51:35.639+0000] {docker.py:429} INFO - [!] Already exists: https://telegraph.bg/svetat/novini/sydbonosna-sreshtatrymp-pristigna-v-kitaj-posreshtnaha-go-prezidentyt-na-stranata-i-300-deca-video-491381
[2026-05-13T14:51:37.720+0000] {docker.py:429} INFO - [!] Already exists: https://telegraph.bg/sport/futbol-svqt/manchestyr-iunajted-gotov-da-zapochne-pregovori-s-majkyl-karik-za-postoianen-dogovor-491382
[2026-05-13T14:51:40.000+0000] {docker.py:429} INFO - [!] Already exists: https://telegraph.bg/sport/oshte-sport/za-pyrvi-pyt-bylgarskata-federaciia-po-leka-atletika-razpolaga-sys-sobstven-transport-491378
[2026-05-13T14:51:43.976+0000] {docker.py:429} INFO - [+] Saved: Александър Василев тръгна с категоричен успех в Сърбия
[2026-05-13T14:51:47.064+0000] {docker.py:429} INFO - [!] Already exists: https://telegraph.bg/sport/novini/rekordnite-3500-uchastnici-shte-startirat-v-maraton-varna-prez-uikenda-491376
[2026-05-13T14:51:49.633+0000] {docker.py:429} INFO - [!] Already exists: https://telegraph.bg/zdrave/novini/koshmaryt-se-povtaria-karantiniraha-oshte-edin-kruizen-korab-zaradi-pochinal-pytnik-niakolko-dushi-sa-proiavili-simptomi-na-norovirus-491374
[2026-05-13T14:51:52.752+0000] {docker.py:429} INFO - [!] Already exists: https://telegraph.bg/sport/oshte-sport/evropejski-grand-pokani-bylgarski-basketbolist-da-igrae-vyv-finali-na-mladezhkata-evroliga-491373
[2026-05-13T14:51:56.440+0000] {docker.py:429} INFO - [!] Already exists: https://telegraph.bg/sport/oshte-sport/volejbolniiat-levski-s-pyrvo-novo-popylnenie-za-sledvashtiia-sezon-sinite-vzeha-nova-razpredelitel-491372
[2026-05-13T14:51:58.751+0000] {docker.py:429} INFO - [!] Already exists: https://telegraph.bg/svetat/novini/ekshyn-v-nebeto-ucheben-samolet-se-razbi-pilotite-katapultiraha.-ne-se-syobshtava-kakvo-e-systoianieto-na-dvamata-myzhe-491369
[2026-05-13T14:52:01.304+0000] {docker.py:429} INFO - [!] Already exists: https://telegraph.bg/bulgaria/novini/deputatite-ne-glasuvaha-syzdavaneto-na-vremenna-komisiia-za-petio-petrov-evroto-i-na-martin-bozhanov-notariusa.-othvyrliha-predlozheniiata-za-udylzhavane-na-zasedanieto-491370
[2026-05-13T14:52:03.431+0000] {docker.py:429} INFO - [!] Already exists: https://telegraph.bg/bulgaria/novini/skandalno-piiana-obyrna-kolichka-s-2-godishnoto-si-dete.-bashtata-ia-pravi-za-rezil-v-socialnite-mrezhi-snimka-491362
[2026-05-13T14:52:06.128+0000] {docker.py:429} INFO - [!] Already exists: https://telegraph.bg/sport/novini/blagotvoritelen-futbolen-turnir-v-podkrepa-na-decata-na-parakids.-uchenici-organizirat-turnir-v-podkrepa-na-deca-s-uvrezhdaniia-491367
[2026-05-13T14:52:08.576+0000] {docker.py:429} INFO - [!] Already exists: https://telegraph.bg/bulgaria/novini/kadrova-rokada-kabinetyt-radev-smeni-vsichki-28-oblastni-upraviteli.-vizhte-koi-sa-novite-gubernatori-491366
[2026-05-13T14:52:11.380+0000] {docker.py:429} INFO - [!] Already exists: https://telegraph.bg/bulgaria/novini/borisov-radvam-se-che-ot-dnes-sym-siguren-i-svoboden-bylgarski-grazhdanin.-veche-niama-danni-za-zaplahi-sreshtu-men-napisa-lideryt-na-gerb-491365
[2026-05-13T14:52:13.887+0000] {docker.py:429} INFO - [!] Already exists: https://telegraph.bg/bulgaria/novini/denio-denev-e-osvoboden-ot-dlyzhnostta-zamestnik-predsedatel-na-dans.-ministerski-syvet-prie-reshenie-s-koeto-go-osvobodi-predsrochno-491364
[2026-05-13T14:52:16.295+0000] {docker.py:429} INFO - [!] Already exists: https://telegraph.bg/sport/futbol-bulgaria/iliian-filipov-dnes-za-niakoi-lycho-veche-e-naj-cherniiat-no-e-myzhko-momche-i-vinagi-shte-byde-chast-ot-botev-491363
[2026-05-13T14:52:18.762+0000] {docker.py:429} INFO - [!] Already exists: https://telegraph.bg/svetat/novini/myzh-otkradna-800-godishen-cherep-ot-cyrkva.-smiata-se-che-prinadlezhi-na-sveta-zdislava-ot-lemberk-491361
[2026-05-13T14:52:21.040+0000] {docker.py:429} INFO - [!] Already exists: https://telegraph.bg/biznes/novini/eksperti-s-recepta-pet-merki-i-cenite-padat.-skandali-po-magazini-zaradi-skypotiiata.-bozhidar-petkov-ochakvame-sreshta-s-premiera-491343
[2026-05-13T14:52:23.258+0000] {docker.py:429} INFO - [!] Already exists: https://telegraph.bg/sport/futbol-bulgaria/krusharski-otseche-ne-vizhdam-problem-s-biletite-kojto-iska-da-gleda-da-idva-te-veche-sa-pobedeni-kupata-e-nasha-491360
[2026-05-13T14:52:26.451+0000] {docker.py:429} INFO - [!] Already exists: https://telegraph.bg/bulgaria/novini/parlamentyt-prie-na-pyrvo-chetene-promenite-v-zakona-za-zashtita-na-konkurenciiata-sreshtu-neloialnite-tyrgovski-praktiki-491359
[2026-05-13T14:52:29.455+0000] {docker.py:429} INFO - [!] Already exists: https://telegraph.bg/bulgaria/novini/silniiat-viatyr-sybori-dyrveta-v-ruse.-grazhdanite-s-preduprezhdenie-da-ne-stoiat-na-otkrito-491358
[2026-05-13T14:52:32.513+0000] {docker.py:429} INFO - [!] Already exists: https://telegraph.bg/sport/futbol-bulgaria/kmetyt-na-stara-zagora-obiavi-che-startira-spasitelna-misiia-za-beroe-tyrsi-se-pomosht-ot-firmi-i-fenovete-na-zelenite-491357
[2026-05-13T14:52:37.460+0000] {docker.py:429} INFO - [!] Already exists: https://telegraph.bg/sport/futbol-bulgaria/mihail-vylchev-sega-triabva-da-dokazhat-che-zagubite-sa-ot-lipsa-na-kysmet.-sluchva-se-da-zagubish.-ne-viarvam-che-levski-ne-sa-iskali-pobedata-dobavi-toj-491307
[2026-05-13T14:52:41.503+0000] {docker.py:429} INFO - [!] Already exists: https://telegraph.bg/bulgaria/novini/ministyryt-na-mvr-kategorichen-borisov-i-peevski-ostavat-bez-vsiakakva-dyrzhavna-ohrana.-po-dumite-na-demerdzhiev-dvamata-mogat-sami-da-si-osiguriat-bodigardi-491356
[2026-05-13T14:52:44.150+0000] {docker.py:429} INFO - [!] Already exists: https://telegraph.bg/svetat/novini/samsung-othvyrlia-tvyrdeniiata-na-dua-lipa-za-nepravomerno-izpolzvane-na-lika-na-pevicata-491355
[2026-05-13T14:52:47.507+0000] {docker.py:429} INFO - [!] Already exists: https://telegraph.bg/sport/futbol-svqt/kristian-vieri-kivu-vleze-pod-kozhata-na-inter-i-vyrvi-kym-velichie.-misylta-che-mesi-mozhe-da-dublira-svetovnata-titla-me-pobyrkva-obiavi-legendata-491313
[2026-05-13T14:52:53.848+0000] {docker.py:429} INFO - [!] Already exists: https://telegraph.bg/bulgaria/novini/sled-peevski-svaliat-ohranata-ot-nso-i-na-bojko-borisov.-predi-sedmica-e-imalo-danni-za-zaplaha-za-sigurnostta-na-lidera-na-gerb-obiavi-toma-bikov-491353
[2026-05-13T14:52:58.383+0000] {docker.py:429} INFO - [!] Already exists: https://telegraph.bg/sport/futbol-bulgaria/levski-vliza-v-epizod-6-sys-starite-problemi.-v-poslednite-dva-macha-namaliaha-i-udarite-kym-vratata-na-sypernika-491314
[2026-05-13T14:53:01.637+0000] {docker.py:429} INFO - [!] Already exists: https://telegraph.bg/bulgaria/novini/svaliha-ohranata-ot-nso-na-delian-peevski.-propagandnata-dyvka-otide-v-koshcheto-otseche-lideryt-na-dps-491351
[2026-05-13T14:53:04.479+0000] {docker.py:429} INFO - [!] Already exists: https://telegraph.bg/sport/novini/mok-vkliuchi-v-informacionniia-si-biuletin-konferenciiata-na-nsa-i-bok-za-130-godini-ot-pyrvite-olimpijski-igri-491350
[2026-05-13T14:53:06.555+0000] {docker.py:429} INFO - [!] Already exists: https://telegraph.bg/sport/futbol-bulgaria/krilata-golemiiat-problem-na-hiogmo.-kakvo-reshenie-shte-nameri-trenioryt-na-ludogorec-491308
[2026-05-13T14:53:08.372+0000] {docker.py:429} INFO - [!] Already exists: https://telegraph.bg/bulgaria/novini/smraziavasht-incident-myzh-padna-pri-remont-na-lifta-v-borovec.-rabotnikyt-poletial-ot-tri-metra-visochina-491348
[2026-05-13T14:53:13.423+0000] {docker.py:429} INFO - [!] Already exists: https://telegraph.bg/bulgaria/novini/mihaela-docova-vodi-bylgarskata-delegaciia-na-audienciia-pri-papata.-shte-posetiat-bazilikite-san-klemente-i-santa-mariia-madzhore-491349
[2026-05-13T14:53:19.042+0000] {docker.py:429} INFO - [!] Already exists: https://telegraph.bg/bulgaria/novini/sled-opasen-drift-shofior-se-zabi-v-parkiran-avtomobil.-katastrofata-stana-v-centyra-na-petrich-491347
[2026-05-13T14:53:23.511+0000] {docker.py:429} INFO - [!] Already exists: https://telegraph.bg/sport/oshte-sport/tozi-start-na-obikolkata-niama-da-byde-zabraven.-celiiat-tekst-chetete-v-dneshniia-broj-na-mach-telegraf-491315
[2026-05-13T14:53:25.972+0000] {docker.py:429} INFO - [!] Already exists: https://telegraph.bg/bulgaria/novini/radev-namaliavaneto-na-pokupatelnata-sposobnost-iziskva-neotlozhni-dejstviia.-ochakva-ot-resornite-ministerstva-dokladi-za-gotovnostta-za-gorskite-pozhari-i-bezvodieto-491346
[2026-05-13T14:53:27.828+0000] {docker.py:429} INFO - [!] Already exists: https://telegraph.bg/sport/futbol-bulgaria/orlite-kylvat-naj-dobre-v-kraia.-oshte-razrabotki-chetete-v-dneshniia-broj-na-mach-telegraf-491305
[2026-05-13T14:53:30.190+0000] {docker.py:429} INFO - [!] Already exists: https://telegraph.bg/bulgaria/novini/40-ot-zhilishtata-v-bylgariia-prazni.-bum-na-stroezhi-vse-poveche-hora-zhiveiat-sami-491341
[2026-05-13T14:53:32.806+0000] {docker.py:429} INFO - [!] Already exists: https://telegraph.bg/bulgaria/novini/dps-predlaga-parlamentarna-komisiia-za-sluchaia-petrohan.-iskat-ustanoviavane-na-dejnostta-finansiraneto-institucionalnite-vryzki-i-vliianie-vyrhu-dyrzhavni-organi-na-nacionalna-agenciia-za-kontrol-na-zashtitenite-teritorii-491342
[2026-05-13T14:53:34.565+0000] {docker.py:429} INFO - [!] Already exists: https://telegraph.bg/bulgaria/novini/podalata-ostavka-doc.-asia-pandzherova-moralyt-mi-e-po-vissh-ot-vseki-post-tia-tvyrdi-che-e-stanala-obekt-na-bezprecedentna-i-dylboko-nespravedliva-kampaniia-491340
[2026-05-13T14:53:36.466+0000] {docker.py:429} INFO - [!] Already exists: https://telegraph.bg/svetat/novini/hantavirus-frenska-pacientka-bere-dusha-zarazenite-sa-veche-11.-korabyt-hondius-shte-byde-dezinfekciran-491339
[2026-05-13T14:53:38.350+0000] {docker.py:429} INFO - [!] Already exists: https://telegraph.bg/bulgaria/novini/zloupotrebi-i-natisk-terziev-obiasni-zashto-shefa-na-grobishtni-parkove-i-zamestnicite-mu-biaha-uvolneni.-s-godini-e-syshtestvuvala-sreda-na-bezkontrolnost-i-zavisimosti-zaiavi-kmetyt-491338
[2026-05-13T14:53:41.107+0000] {docker.py:429} INFO - [!] Already exists: https://telegraph.bg/sport/futbol-bulgaria/cska-1948-gotvi-bomba.-marto-bojchev-e-blizo-do-paok-491312
[2026-05-13T14:53:44.611+0000] {docker.py:429} INFO - [!] Already exists: https://telegraph.bg/bulgaria/novini/novite-9-deputati-ot-progresivna-bylgariia-polozhiha-kletva.-te-zaemat-mestata-na-narodnite-predstaviteli-vlezli-v-systava-na-kabineta-radev-491336
[2026-05-13T14:53:47.612+0000] {docker.py:429} INFO - [!] Already exists: https://telegraph.bg/sport/timeout/fen-prati-erotichno-belio-na-biatlonistka.-tereza-vobornikova-obleche-s-podaryka-kuchenceto-si-snimki-491299
[2026-05-13T14:53:50.162+0000] {docker.py:429} INFO - [!] Already exists: https://telegraph.bg/bulgaria/novini/vzeha-knizhkata-i-nomerata-na-shofior-zaradi-lipsa-na-grazhdanska-vypreki-che-e-platena.-policiiata-ne-priznala-zastrahovkata-na-myzha.-problemyt-razminavane-v-sistemite-na-mvr-i-garancionniia-fond-491333
[2026-05-13T14:54:00.524+0000] {docker.py:429} INFO - [!] Already exists: https://telegraph.bg/svetski/novini/pyrvi-komentar-na-nora-nedkova-sled-hells-kitchen-zasluzhavah-poveche-zlobata-systariava-kategorichna-e-plejmejtkata-video-491332
[2026-05-13T14:54:16.781+0000] {docker.py:429} INFO - [!] Already exists: https://telegraph.bg/sport/futbol-bulgaria/cska-na-hristo-ianev-e-lider-v-klasiraneto-vizhte-zashto-i-kak-v-noviia-broj-na-mach-telegraf-491310
[2026-05-13T14:54:23.609+0000] {docker.py:429} INFO - [!] Already exists: https://telegraph.bg/svetski/novini/turskata-zvezda-edis-kroi-koncert-u-nas.-shte-pee-v-sofiia-prez-noemvri-491331
[2026-05-13T14:54:31.900+0000] {docker.py:429} INFO - [!] Already exists: https://telegraph.bg/sport/futbol-bulgaria/i-standard-liezh-imal-apetiti-kym-buras.-tova-e-poredniiat-klub-kojto-iska-zvezdata-491316
[2026-05-13T14:54:36.780+0000] {docker.py:429} INFO - [!] Already exists: https://telegraph.bg/bulgaria/novini/naprezhenie-grazhdani-iskat-ostavkata-na-kmeta-na-lom.-zhitelite-besni-che-gradonachalnikyt-im-e-obvinen-v-kupuvane-na-glasove-za-parlamentarnite-izbori-491330
[2026-05-13T14:54:40.115+0000] {docker.py:429} INFO - [!] Already exists: https://telegraph.bg/sport/futbol-bulgaria/levski-atakuva-shl-s-shampionskiia-otbor-iskame-da-prisystvame-trajno-v-turnirite-i-zaradi-tova-niamame-zhelanie-da-prodavame-nikogo-kaza-borimirov-491304
[2026-05-13T14:54:42.215+0000] {docker.py:429} INFO - [!] Already exists: https://telegraph.bg/bulgaria/novini/sled-moshtnata-gradushka-opisvat-shtetite-v-triavna.-naj-seriozni-sa-porazheniiata-po-sgradata-na-srednoto-uchilishte-petko-slavejkov-491329
[2026-05-13T14:54:46.620+0000] {docker.py:429} INFO - [!] Already exists: https://telegraph.bg/svetat/novini/trymp-pak-pogledna-kym-grenlandiia-sasht-iskat-novi-voenni-bazi-na-ostrova.-vashington-i-kopenhagen-vodiat-pregovori-sled-grymkite-zakani-na-amerikanskiia-prezident-491327
[2026-05-13T14:54:53.309+0000] {docker.py:429} INFO - [!] Already exists: https://telegraph.bg/svetat/novini/seul-obmislia-da-se-vkliuchi-poetapno-kym-usiliiata-za-garantirane-sigurnostta-v-ormuzkiia-protok.-voenniiat-ministyr-an-giu-bak-vsiako-reshenie-shte-triabva-da-byde-syobrazeno-sys-zakonite-na-iuzhna-koreia-491328
[2026-05-13T14:54:58.870+0000] {docker.py:429} INFO - [!] Already exists: https://telegraph.bg/bulgaria/novini/opasno-vreme-zhylt-kod-za-silen-viatyr-v-19-oblasti-porivite-dostigat-90-kmch.-na-mesta-se-ochakvat-grymotevichni-buri-gradushki-i-intenzivni-valezhi-491325
[2026-05-13T14:55:02.237+0000] {docker.py:429} INFO - [!] Already exists: https://telegraph.bg/bulgaria/novini/deputatite-glasuvat-merkite-sreshtu-visokite-ceni.-osnovnata-cel-na-zakonoproekta-e-da-ogranichi-praktiki-koito-spored-upravliavashtite-vodiat-do-izkustveno-naduvane-na-cenite-491326
[2026-05-13T14:55:06.216+0000] {docker.py:429} INFO - [!] Already exists: https://telegraph.bg/sport/timeout/gledajte-cska-cska-1948-i-ludogorec-levski-v-efbet-liga-finala-za-kupata-na-italiia-i-petiia-etap-ot-obikolkata-na-italiia-491281
[2026-05-13T14:55:11.621+0000] {docker.py:429} INFO - [!] Already exists: https://telegraph.bg/sport/timeout/igrach-na-arsenal-go-zakysa-v-braka.-syprugata-zalichi-leandro-trosar-v-socialnite-mrezhi-snimki-491306
[2026-05-13T14:55:13.754+0000] {docker.py:429} INFO - [!] Already exists: https://telegraph.bg/sport/timeout/liokler-zaradva-zhenata-s-iahta-za-13-mln.-evro.-bizhuto-e-delo-na-fabrika-osnovana-sred-opustoshitelna-buria-491296
[2026-05-13T14:55:16.479+0000] {docker.py:429} INFO - [!] Already exists: https://telegraph.bg/telegraphplus/novini/naj-golemite-kuriozi-vyv-vtorata-svetovna-vojna-plemennik-na-hitler-sluzhil-v-us-armiiata-tank-pleniava-podvodnica-iaponci-se-kriiat-v-dzhunglata-do-1974-g-490731
[2026-05-13T14:55:21.651+0000] {docker.py:429} INFO - [!] Already exists: https://telegraph.bg/sport/timeout/bivshata-tormozi-zvezda-ot-nba.-izostavenata-mishel-e-obsebena-ot-novata-priiatelka-na-majls-bridzhis-snimki-491294
[2026-05-13T14:55:28.825+0000] {docker.py:429} INFO - [!] Already exists: https://telegraph.bg/svetski/novini/dara-vze-kukerite-na-mona.-vidiah-ia-zhelaia-j-uspeh-kaza-vtorata-pred-telegraf-491232
[2026-05-13T14:55:47.741+0000] {docker.py:429} INFO - [!] Already exists: https://telegraph.bg/sport/futbol-bulgaria/arda-otlepi-v-plejofite.-timyt-ot-kyrdzhali-nadvi-botev-plovdiv-kanarchetata-s-treta-poredna-zaguba-491324
[2026-05-13T15:00:15.252+0000] {taskinstance.py:1149} INFO - Marking task as SUCCESS. dag_id=telegraph_scraper, task_id=run_telegraph_container, execution_date=20260512T000000, start_date=20260513T144945, end_date=20260513T150014
[2026-05-13T15:00:37.366+0000] {local_task_job_runner.py:302} WARNING - State of this instance has been externally set to success. Terminating instance.
[2026-05-13T15:00:40.401+0000] {process_utils.py:131} INFO - Sending 15 to group 751. PIDs of all processes in the group: [751]
[2026-05-13T15:00:40.485+0000] {process_utils.py:86} INFO - Sending the signal 15 to group 751
[2026-05-13T15:00:40.616+0000] {process_utils.py:79} INFO - Process psutil.Process(pid=751, status='terminated', exitcode=0, started='14:49:46') (751) terminated with exit code 0
