[2026-05-15T08:08:14.910+0000] {taskinstance.py:1979} INFO - Dependencies all met for dep_context=non-requeueable deps ti=<TaskInstance: merge_all_scrapers.merge_all_outputs manual__2026-05-15T08:08:04.938950+00:00 [queued]>
[2026-05-15T08:08:14.937+0000] {taskinstance.py:1979} INFO - Dependencies all met for dep_context=requeueable deps ti=<TaskInstance: merge_all_scrapers.merge_all_outputs manual__2026-05-15T08:08:04.938950+00:00 [queued]>
[2026-05-15T08:08:14.939+0000] {taskinstance.py:2193} INFO - Starting attempt 1 of 1
[2026-05-15T08:08:14.984+0000] {taskinstance.py:2214} INFO - Executing <Task(PythonOperator): merge_all_outputs> on 2026-05-15 08:08:04.938950+00:00
[2026-05-15T08:08:15.007+0000] {standard_task_runner.py:60} INFO - Started process 3371 to run task
[2026-05-15T08:08:15.063+0000] {standard_task_runner.py:87} INFO - Running: ['***', 'tasks', 'run', 'merge_all_scrapers', 'merge_all_outputs', 'manual__2026-05-15T08:08:04.938950+00:00', '--job-id', '34', '--raw', '--subdir', 'DAGS_FOLDER/merge_dag.py', '--cfg-path', '/tmp/tmp1565qyuq']
[2026-05-15T08:08:15.086+0000] {standard_task_runner.py:88} INFO - Job 34: Subtask merge_all_outputs
[2026-05-15T08:08:16.023+0000] {task_command.py:423} INFO - Running <TaskInstance: merge_all_scrapers.merge_all_outputs manual__2026-05-15T08:08:04.938950+00:00 [running]> on host 26acb5ca21e7
[2026-05-15T08:08:16.659+0000] {taskinstance.py:2510} INFO - Exporting env vars: AIRFLOW_CTX_DAG_OWNER='***' AIRFLOW_CTX_DAG_ID='merge_all_scrapers' AIRFLOW_CTX_TASK_ID='merge_all_outputs' AIRFLOW_CTX_EXECUTION_DATE='2026-05-15T08:08:04.938950+00:00' AIRFLOW_CTX_TRY_NUMBER='1' AIRFLOW_CTX_DAG_RUN_ID='manual__2026-05-15T08:08:04.938950+00:00'
[2026-05-15T08:08:16.710+0000] {logging_mixin.py:188} INFO - 📂 DATA PATH: /opt/***/data
[2026-05-15T08:08:16.717+0000] {logging_mixin.py:188} INFO - 
📄 READING JSON: eu_fsf_sanctions.json
[2026-05-15T08:08:16.845+0000] {logging_mixin.py:188} INFO - 
📄 READING JSON: inegi_playwright.json
[2026-05-15T08:08:16.862+0000] {logging_mixin.py:188} INFO - 
📄 READING JSON: inegi_scraper.json
[2026-05-15T08:08:16.894+0000] {logging_mixin.py:188} INFO - 
🗄️ READING DB: kaldata.db
[2026-05-15T08:08:20.054+0000] {logging_mixin.py:188} INFO - 
🗄️ READING DB: telegraph.db
[2026-05-15T08:08:20.334+0000] {logging_mixin.py:188} INFO - 
📦 TOTAL BEFORE DEDUP: 6805
[2026-05-15T08:08:20.386+0000] {logging_mixin.py:188} INFO - 🧹 AFTER DEDUP: 6801
[2026-05-15T08:08:20.495+0000] {base.py:83} INFO - Using connection ID 'postgres_default' for task execution.
[2026-05-15T08:08:51.472+0000] {logging_mixin.py:188} INFO - 💾 JSON OUTPUT: /opt/***/data/final_output.json
[2026-05-15T08:08:51.493+0000] {logging_mixin.py:188} INFO - 🔓 LOCK REMOVED
[2026-05-15T08:08:51.499+0000] {python.py:202} INFO - Done. Returned value was: None
[2026-05-15T08:08:51.571+0000] {taskinstance.py:1149} INFO - Marking task as SUCCESS. dag_id=merge_all_scrapers, task_id=merge_all_outputs, execution_date=20260515T080804, start_date=20260515T080814, end_date=20260515T080851
[2026-05-15T08:08:51.696+0000] {local_task_job_runner.py:234} INFO - Task exited with return code 0
[2026-05-15T08:08:51.781+0000] {taskinstance.py:3309} INFO - 0 downstream tasks scheduled from follow-on schedule check
