[2026-05-14T13:55:19.060+0000] {taskinstance.py:1979} INFO - Dependencies all met for dep_context=non-requeueable deps ti=<TaskInstance: merge_all_scrapers.merge_all_outputs manual__2026-05-14T13:53:16.791424+00:00 [queued]>
[2026-05-14T13:55:19.530+0000] {taskinstance.py:1979} INFO - Dependencies all met for dep_context=requeueable deps ti=<TaskInstance: merge_all_scrapers.merge_all_outputs manual__2026-05-14T13:53:16.791424+00:00 [queued]>
[2026-05-14T13:55:19.604+0000] {taskinstance.py:2193} INFO - Starting attempt 1 of 1
[2026-05-14T13:55:21.084+0000] {taskinstance.py:2214} INFO - Executing <Task(PythonOperator): merge_all_outputs> on 2026-05-14 13:53:16.791424+00:00
[2026-05-14T13:55:21.397+0000] {standard_task_runner.py:87} INFO - Running: ['***', 'tasks', 'run', 'merge_all_scrapers', 'merge_all_outputs', 'manual__2026-05-14T13:53:16.791424+00:00', '--job-id', '9', '--raw', '--subdir', 'DAGS_FOLDER/merge_dag.py', '--cfg-path', '/tmp/tmp9h28yn9_']
[2026-05-14T13:55:21.495+0000] {standard_task_runner.py:88} INFO - Job 9: Subtask merge_all_outputs
[2026-05-14T13:55:21.312+0000] {standard_task_runner.py:60} INFO - Started process 624 to run task
[2026-05-14T13:55:28.912+0000] {task_command.py:423} INFO - Running <TaskInstance: merge_all_scrapers.merge_all_outputs manual__2026-05-14T13:53:16.791424+00:00 [running]> on host 26acb5ca21e7
[2026-05-14T13:55:42.988+0000] {taskinstance.py:2510} INFO - Exporting env vars: AIRFLOW_CTX_DAG_OWNER='***' AIRFLOW_CTX_DAG_ID='merge_all_scrapers' AIRFLOW_CTX_TASK_ID='merge_all_outputs' AIRFLOW_CTX_EXECUTION_DATE='2026-05-14T13:53:16.791424+00:00' AIRFLOW_CTX_TRY_NUMBER='1' AIRFLOW_CTX_DAG_RUN_ID='manual__2026-05-14T13:53:16.791424+00:00'
[2026-05-14T13:55:43.359+0000] {logging_mixin.py:188} INFO - 📂 DATA PATH: /opt/***/data
[2026-05-14T13:55:43.838+0000] {logging_mixin.py:188} INFO - 
📄 READING JSON: eu_fsf_sanctions.json
[2026-05-14T13:55:49.851+0000] {logging_mixin.py:188} INFO - 
📄 READING JSON: inegi_playwright.json
[2026-05-14T13:55:50.260+0000] {logging_mixin.py:188} INFO - 
📄 READING JSON: inegi_scraper.json
[2026-05-14T13:55:50.874+0000] {logging_mixin.py:188} INFO - 
🗄️ READING DB: kaldata.db
[2026-05-14T13:57:17.697+0000] {logging_mixin.py:188} INFO - 
🗄️ READING DB: telegraph.db
[2026-05-14T13:57:19.254+0000] {logging_mixin.py:188} INFO - 
📦 TOTAL BEFORE DEDUP: 6515
[2026-05-14T13:57:20.295+0000] {logging_mixin.py:188} INFO - 🧹 AFTER DEDUP: 6511
[2026-05-14T13:57:21.419+0000] {logging_mixin.py:188} INFO - ❌ MERGE ERROR: The conn_id `postgres_default` isn't defined
[2026-05-14T13:57:21.674+0000] {logging_mixin.py:188} INFO - 🔓 LOCK REMOVED
[2026-05-14T13:57:22.512+0000] {python.py:202} INFO - Done. Returned value was: None
[2026-05-14T13:57:24.391+0000] {taskinstance.py:1149} INFO - Marking task as SUCCESS. dag_id=merge_all_scrapers, task_id=merge_all_outputs, execution_date=20260514T135316, start_date=20260514T135519, end_date=20260514T135724
[2026-05-14T13:57:26.167+0000] {local_task_job_runner.py:234} INFO - Task exited with return code 0
[2026-05-14T13:57:28.529+0000] {taskinstance.py:3309} INFO - 0 downstream tasks scheduled from follow-on schedule check
