[2026-05-14T07:07:44.514+0000] {taskinstance.py:1979} INFO - Dependencies all met for dep_context=non-requeueable deps ti=<TaskInstance: eu_fsf_sanc.trigger_merge scheduled__2026-05-13T00:00:00+00:00 [queued]>
[2026-05-14T07:07:44.543+0000] {taskinstance.py:1979} INFO - Dependencies all met for dep_context=requeueable deps ti=<TaskInstance: eu_fsf_sanc.trigger_merge scheduled__2026-05-13T00:00:00+00:00 [queued]>
[2026-05-14T07:07:44.546+0000] {taskinstance.py:2193} INFO - Starting attempt 1 of 3
[2026-05-14T07:07:44.612+0000] {taskinstance.py:2214} INFO - Executing <Task(TriggerDagRunOperator): trigger_merge> on 2026-05-13 00:00:00+00:00
[2026-05-14T07:07:44.634+0000] {standard_task_runner.py:60} INFO - Started process 366 to run task
[2026-05-14T07:07:44.660+0000] {standard_task_runner.py:87} INFO - Running: ['***', 'tasks', 'run', 'eu_fsf_sanc', 'trigger_merge', 'scheduled__2026-05-13T00:00:00+00:00', '--job-id', '33', '--raw', '--subdir', 'DAGS_FOLDER/eu_fsf_sanc_dag.py', '--cfg-path', '/tmp/tmp6o53bpfe']
[2026-05-14T07:07:44.670+0000] {standard_task_runner.py:88} INFO - Job 33: Subtask trigger_merge
[2026-05-14T07:07:45.897+0000] {task_command.py:423} INFO - Running <TaskInstance: eu_fsf_sanc.trigger_merge scheduled__2026-05-13T00:00:00+00:00 [running]> on host ab149d976c2e
[2026-05-14T07:07:46.558+0000] {taskinstance.py:2510} INFO - Exporting env vars: AIRFLOW_CTX_DAG_OWNER='***' AIRFLOW_CTX_DAG_ID='eu_fsf_sanc' AIRFLOW_CTX_TASK_ID='trigger_merge' AIRFLOW_CTX_EXECUTION_DATE='2026-05-13T00:00:00+00:00' AIRFLOW_CTX_TRY_NUMBER='1' AIRFLOW_CTX_DAG_RUN_ID='scheduled__2026-05-13T00:00:00+00:00'
[2026-05-14T07:07:48.009+0000] {taskinstance.py:1149} INFO - Marking task as SUCCESS. dag_id=eu_fsf_sanc, task_id=trigger_merge, execution_date=20260513T000000, start_date=20260514T070744, end_date=20260514T070748
[2026-05-14T07:07:48.200+0000] {local_task_job_runner.py:234} INFO - Task exited with return code 0
[2026-05-14T07:07:48.525+0000] {taskinstance.py:3309} INFO - 0 downstream tasks scheduled from follow-on schedule check
[2026-05-14T13:53:07.795+0000] {taskinstance.py:1979} INFO - Dependencies all met for dep_context=non-requeueable deps ti=<TaskInstance: eu_fsf_sanc.trigger_merge scheduled__2026-05-13T00:00:00+00:00 [queued]>
[2026-05-14T13:53:08.649+0000] {taskinstance.py:1979} INFO - Dependencies all met for dep_context=requeueable deps ti=<TaskInstance: eu_fsf_sanc.trigger_merge scheduled__2026-05-13T00:00:00+00:00 [queued]>
[2026-05-14T13:53:08.693+0000] {taskinstance.py:2193} INFO - Starting attempt 1 of 3
[2026-05-14T13:53:09.429+0000] {taskinstance.py:2214} INFO - Executing <Task(TriggerDagRunOperator): trigger_merge> on 2026-05-13 00:00:00+00:00
[2026-05-14T13:53:09.477+0000] {standard_task_runner.py:60} INFO - Started process 554 to run task
[2026-05-14T13:53:09.603+0000] {standard_task_runner.py:87} INFO - Running: ['***', 'tasks', 'run', 'eu_fsf_sanc', 'trigger_merge', 'scheduled__2026-05-13T00:00:00+00:00', '--job-id', '7', '--raw', '--subdir', 'DAGS_FOLDER/eu_fsf_sanc_dag.py', '--cfg-path', '/tmp/tmpjqv2cgnk']
[2026-05-14T13:53:09.650+0000] {standard_task_runner.py:88} INFO - Job 7: Subtask trigger_merge
[2026-05-14T13:53:12.237+0000] {task_command.py:423} INFO - Running <TaskInstance: eu_fsf_sanc.trigger_merge scheduled__2026-05-13T00:00:00+00:00 [running]> on host 26acb5ca21e7
[2026-05-14T13:53:16.581+0000] {taskinstance.py:2510} INFO - Exporting env vars: AIRFLOW_CTX_DAG_OWNER='***' AIRFLOW_CTX_DAG_ID='eu_fsf_sanc' AIRFLOW_CTX_TASK_ID='trigger_merge' AIRFLOW_CTX_EXECUTION_DATE='2026-05-13T00:00:00+00:00' AIRFLOW_CTX_TRY_NUMBER='1' AIRFLOW_CTX_DAG_RUN_ID='scheduled__2026-05-13T00:00:00+00:00'
[2026-05-14T13:53:32.910+0000] {taskinstance.py:1149} INFO - Marking task as SUCCESS. dag_id=eu_fsf_sanc, task_id=trigger_merge, execution_date=20260513T000000, start_date=20260514T135308, end_date=20260514T135332
[2026-05-14T13:53:39.206+0000] {local_task_job_runner.py:234} INFO - Task exited with return code 0
[2026-05-14T13:53:42.214+0000] {taskinstance.py:3309} INFO - 0 downstream tasks scheduled from follow-on schedule check
