[2026-05-20T06:40:51.699+0000] {taskinstance.py:1979} INFO - Dependencies all met for dep_context=non-requeueable deps ti=<TaskInstance: merge_all_scrapers.merge_all_outputs manual__2026-05-20T06:40:10.595081+00:00 [queued]>
[2026-05-20T06:40:52.380+0000] {taskinstance.py:1979} INFO - Dependencies all met for dep_context=requeueable deps ti=<TaskInstance: merge_all_scrapers.merge_all_outputs manual__2026-05-20T06:40:10.595081+00:00 [queued]>
[2026-05-20T06:40:52.416+0000] {taskinstance.py:2193} INFO - Starting attempt 1 of 1
[2026-05-20T06:40:54.226+0000] {taskinstance.py:2214} INFO - Executing <Task(PythonOperator): merge_all_outputs> on 2026-05-20 06:40:10.595081+00:00
[2026-05-20T06:40:54.270+0000] {standard_task_runner.py:60} INFO - Started process 238 to run task
[2026-05-20T06:40:54.553+0000] {standard_task_runner.py:87} INFO - Running: ['***', 'tasks', 'run', 'merge_all_scrapers', 'merge_all_outputs', 'manual__2026-05-20T06:40:10.595081+00:00', '--job-id', '83', '--raw', '--subdir', 'DAGS_FOLDER/merge_dag.py', '--cfg-path', '/tmp/tmpcb6p0m7m']
[2026-05-20T06:40:54.632+0000] {standard_task_runner.py:88} INFO - Job 83: Subtask merge_all_outputs
[2026-05-20T06:40:56.279+0000] {task_command.py:423} INFO - Running <TaskInstance: merge_all_scrapers.merge_all_outputs manual__2026-05-20T06:40:10.595081+00:00 [running]> on host f39b18a112ca
[2026-05-20T06:40:58.427+0000] {taskinstance.py:2510} INFO - Exporting env vars: AIRFLOW_CTX_DAG_OWNER='***' AIRFLOW_CTX_DAG_ID='merge_all_scrapers' AIRFLOW_CTX_TASK_ID='merge_all_outputs' AIRFLOW_CTX_EXECUTION_DATE='2026-05-20T06:40:10.595081+00:00' AIRFLOW_CTX_TRY_NUMBER='1' AIRFLOW_CTX_DAG_RUN_ID='manual__2026-05-20T06:40:10.595081+00:00'
[2026-05-20T06:40:58.586+0000] {logging_mixin.py:188} INFO - 📂 DATA PATH: /opt/***/data
[2026-05-20T06:40:58.698+0000] {logging_mixin.py:188} INFO - 
📄 READING JSON: eu_fsf_sanctions.json
[2026-05-20T06:40:59.780+0000] {logging_mixin.py:188} INFO - 
📄 READING JSON: inegi_playwright.json
[2026-05-20T06:40:59.918+0000] {logging_mixin.py:188} INFO - 
📄 READING JSON: inegi_scraper.json
[2026-05-20T06:40:59.958+0000] {logging_mixin.py:188} INFO - 
🗄️ READING DB: kaldata.db
[2026-05-20T06:41:00.169+0000] {logging_mixin.py:188} INFO - 
🗄️ READING DB: telegraph.db
[2026-05-20T06:41:00.204+0000] {logging_mixin.py:188} INFO - 
📦 TOTAL BEFORE DEDUP: 6092
[2026-05-20T06:41:00.332+0000] {logging_mixin.py:188} INFO - 🧹 AFTER DEDUP: 6088
[2026-05-20T06:41:00.781+0000] {base.py:83} INFO - Using connection ID 'postgres_default' for task execution.
[2026-05-20T06:41:22.848+0000] {logging_mixin.py:188} INFO - 💾 JSON OUTPUT: /opt/***/data/final_output.json
[2026-05-20T06:41:22.860+0000] {logging_mixin.py:188} INFO - 🔓 LOCK REMOVED
[2026-05-20T06:41:22.872+0000] {python.py:202} INFO - Done. Returned value was: None
[2026-05-20T06:41:22.918+0000] {taskinstance.py:1149} INFO - Marking task as SUCCESS. dag_id=merge_all_scrapers, task_id=merge_all_outputs, execution_date=20260520T064010, start_date=20260520T064051, end_date=20260520T064122
[2026-05-20T06:41:23.027+0000] {local_task_job_runner.py:234} INFO - Task exited with return code 0
[2026-05-20T06:41:23.074+0000] {taskinstance.py:3309} INFO - 0 downstream tasks scheduled from follow-on schedule check
