[2026-05-14T07:08:27.375+0000] {taskinstance.py:1979} INFO - Dependencies all met for dep_context=non-requeueable deps ti=<TaskInstance: merge_all_scrapers.merge_all_outputs manual__2026-05-14T07:07:46.564252+00:00 [queued]>
[2026-05-14T07:08:27.526+0000] {taskinstance.py:1979} INFO - Dependencies all met for dep_context=requeueable deps ti=<TaskInstance: merge_all_scrapers.merge_all_outputs manual__2026-05-14T07:07:46.564252+00:00 [queued]>
[2026-05-14T07:08:27.527+0000] {taskinstance.py:2193} INFO - Starting attempt 1 of 1
[2026-05-14T07:08:27.808+0000] {taskinstance.py:2214} INFO - Executing <Task(PythonOperator): merge_all_outputs> on 2026-05-14 07:07:46.564252+00:00
[2026-05-14T07:08:27.904+0000] {standard_task_runner.py:60} INFO - Started process 411 to run task
[2026-05-14T07:08:27.965+0000] {standard_task_runner.py:87} INFO - Running: ['***', 'tasks', 'run', 'merge_all_scrapers', 'merge_all_outputs', 'manual__2026-05-14T07:07:46.564252+00:00', '--job-id', '35', '--raw', '--subdir', 'DAGS_FOLDER/merge_dag.py', '--cfg-path', '/tmp/tmpjzpbgx_s']
[2026-05-14T07:08:27.988+0000] {standard_task_runner.py:88} INFO - Job 35: Subtask merge_all_outputs
[2026-05-14T07:08:29.532+0000] {task_command.py:423} INFO - Running <TaskInstance: merge_all_scrapers.merge_all_outputs manual__2026-05-14T07:07:46.564252+00:00 [running]> on host ab149d976c2e
[2026-05-14T07:08:32.814+0000] {taskinstance.py:2510} INFO - Exporting env vars: AIRFLOW_CTX_DAG_OWNER='***' AIRFLOW_CTX_DAG_ID='merge_all_scrapers' AIRFLOW_CTX_TASK_ID='merge_all_outputs' AIRFLOW_CTX_EXECUTION_DATE='2026-05-14T07:07:46.564252+00:00' AIRFLOW_CTX_TRY_NUMBER='1' AIRFLOW_CTX_DAG_RUN_ID='manual__2026-05-14T07:07:46.564252+00:00'
[2026-05-14T07:08:32.835+0000] {logging_mixin.py:188} INFO - 📂 DATA PATH: /opt/***/data
[2026-05-14T07:08:32.848+0000] {logging_mixin.py:188} INFO - 
📄 READING JSON: eu_fsf_sanctions.json
[2026-05-14T07:08:33.027+0000] {logging_mixin.py:188} INFO - 
📄 READING JSON: inegi_playwright.json
[2026-05-14T07:08:33.048+0000] {logging_mixin.py:188} INFO - 
🗄️ READING DB: kaldata.db
[2026-05-14T07:08:36.702+0000] {logging_mixin.py:188} INFO - 
🗄️ READING DB: telegraph.db
[2026-05-14T07:08:36.832+0000] {logging_mixin.py:188} INFO - 
📦 TOTAL BEFORE DEDUP: 6414
[2026-05-14T07:08:36.983+0000] {logging_mixin.py:188} INFO - 🧹 AFTER DEDUP: 6410
[2026-05-14T07:08:37.132+0000] {logging_mixin.py:188} INFO - ❌ MERGE ERROR: The conn_id `postgres_data` isn't defined
[2026-05-14T07:08:37.214+0000] {logging_mixin.py:188} INFO - 🔓 LOCK REMOVED
[2026-05-14T07:08:37.226+0000] {python.py:202} INFO - Done. Returned value was: None
[2026-05-14T07:08:37.451+0000] {taskinstance.py:1149} INFO - Marking task as SUCCESS. dag_id=merge_all_scrapers, task_id=merge_all_outputs, execution_date=20260514T070746, start_date=20260514T070827, end_date=20260514T070837
[2026-05-14T07:08:37.829+0000] {local_task_job_runner.py:234} INFO - Task exited with return code 0
[2026-05-14T07:08:38.289+0000] {taskinstance.py:3309} INFO - 0 downstream tasks scheduled from follow-on schedule check
