[2026-05-25T14:30:56.267+0000] {taskinstance.py:1979} INFO - Dependencies all met for dep_context=non-requeueable deps ti=<TaskInstance: merge_all_scrapers.merge_all_outputs manual__2026-05-25T14:30:53.309989+00:00 [queued]>
[2026-05-25T14:30:56.287+0000] {taskinstance.py:1979} INFO - Dependencies all met for dep_context=requeueable deps ti=<TaskInstance: merge_all_scrapers.merge_all_outputs manual__2026-05-25T14:30:53.309989+00:00 [queued]>
[2026-05-25T14:30:56.289+0000] {taskinstance.py:2193} INFO - Starting attempt 1 of 1
[2026-05-25T14:30:56.324+0000] {taskinstance.py:2214} INFO - Executing <Task(PythonOperator): merge_all_outputs> on 2026-05-25 14:30:53.309989+00:00
[2026-05-25T14:30:56.334+0000] {standard_task_runner.py:60} INFO - Started process 963 to run task
[2026-05-25T14:30:56.350+0000] {standard_task_runner.py:87} INFO - Running: ['***', 'tasks', 'run', 'merge_all_scrapers', 'merge_all_outputs', 'manual__2026-05-25T14:30:53.309989+00:00', '--job-id', '208', '--raw', '--subdir', 'DAGS_FOLDER/merge_dag.py', '--cfg-path', '/tmp/tmpup09l8vr']
[2026-05-25T14:30:56.356+0000] {standard_task_runner.py:88} INFO - Job 208: Subtask merge_all_outputs
[2026-05-25T14:30:56.550+0000] {task_command.py:423} INFO - Running <TaskInstance: merge_all_scrapers.merge_all_outputs manual__2026-05-25T14:30:53.309989+00:00 [running]> on host f39b18a112ca
[2026-05-25T14:30:56.832+0000] {taskinstance.py:2510} INFO - Exporting env vars: AIRFLOW_CTX_DAG_OWNER='***' AIRFLOW_CTX_DAG_ID='merge_all_scrapers' AIRFLOW_CTX_TASK_ID='merge_all_outputs' AIRFLOW_CTX_EXECUTION_DATE='2026-05-25T14:30:53.309989+00:00' AIRFLOW_CTX_TRY_NUMBER='1' AIRFLOW_CTX_DAG_RUN_ID='manual__2026-05-25T14:30:53.309989+00:00'
[2026-05-25T14:30:56.842+0000] {logging_mixin.py:188} INFO - 📂 DATA PATH: /opt/***/data
[2026-05-25T14:30:56.846+0000] {logging_mixin.py:188} INFO - 
📄 READING JSON: eu_fsf_sanctions.json
[2026-05-25T14:30:56.920+0000] {logging_mixin.py:188} INFO - 
📄 READING JSON: inegi_playwright.json
[2026-05-25T14:30:56.927+0000] {logging_mixin.py:188} INFO - 
📄 READING JSON: inegi_scraper.json
[2026-05-25T14:30:56.933+0000] {logging_mixin.py:188} INFO - 
🗄️ READING DB: kaldata.db
[2026-05-25T14:30:58.496+0000] {logging_mixin.py:188} INFO - 
🗄️ READING DB: telegraph.db
[2026-05-25T14:30:58.541+0000] {logging_mixin.py:188} INFO - 
📦 TOTAL BEFORE DEDUP: 6712
[2026-05-25T14:30:58.591+0000] {logging_mixin.py:188} INFO - 🧹 AFTER DEDUP: 6708
[2026-05-25T14:30:58.668+0000] {base.py:83} INFO - Using connection ID 'postgres_default' for task execution.
[2026-05-25T14:31:08.527+0000] {logging_mixin.py:188} INFO - 💾 JSON OUTPUT: /opt/***/data/final_output.json
[2026-05-25T14:31:08.533+0000] {logging_mixin.py:188} INFO - 🔓 LOCK REMOVED
[2026-05-25T14:31:08.539+0000] {python.py:202} INFO - Done. Returned value was: None
[2026-05-25T14:31:08.572+0000] {taskinstance.py:1149} INFO - Marking task as SUCCESS. dag_id=merge_all_scrapers, task_id=merge_all_outputs, execution_date=20260525T143053, start_date=20260525T143056, end_date=20260525T143108
[2026-05-25T14:31:08.642+0000] {local_task_job_runner.py:234} INFO - Task exited with return code 0
[2026-05-25T14:31:08.686+0000] {taskinstance.py:3309} INFO - 0 downstream tasks scheduled from follow-on schedule check
