[2026-06-12T07:43:25.187+0000] {taskinstance.py:1979} INFO - Dependencies all met for dep_context=non-requeueable deps ti=<TaskInstance: inegi_playwright.run_inegi_playwright scheduled__2026-06-11T00:00:00+00:00 [queued]>
[2026-06-12T07:43:25.531+0000] {taskinstance.py:1979} INFO - Dependencies all met for dep_context=requeueable deps ti=<TaskInstance: inegi_playwright.run_inegi_playwright scheduled__2026-06-11T00:00:00+00:00 [queued]>
[2026-06-12T07:43:25.543+0000] {taskinstance.py:2193} INFO - Starting attempt 1 of 1
[2026-06-12T07:43:26.152+0000] {taskinstance.py:2214} INFO - Executing <Task(DockerOperator): run_inegi_playwright> on 2026-06-11 00:00:00+00:00
[2026-06-12T07:43:26.641+0000] {standard_task_runner.py:60} INFO - Started process 73 to run task
[2026-06-12T07:43:26.728+0000] {standard_task_runner.py:87} INFO - Running: ['***', 'tasks', 'run', 'inegi_playwright', 'run_inegi_playwright', 'scheduled__2026-06-11T00:00:00+00:00', '--job-id', '539', '--raw', '--subdir', 'DAGS_FOLDER/inegi_playwright_dag.py', '--cfg-path', '/tmp/tmp6qzeqxxp']
[2026-06-12T07:43:26.795+0000] {standard_task_runner.py:88} INFO - Job 539: Subtask run_inegi_playwright
[2026-06-12T07:43:28.882+0000] {task_command.py:423} INFO - Running <TaskInstance: inegi_playwright.run_inegi_playwright scheduled__2026-06-11T00:00:00+00:00 [running]> on host f39b18a112ca
[2026-06-12T07:43:42.218+0000] {taskinstance.py:2510} INFO - Exporting env vars: AIRFLOW_CTX_DAG_OWNER='***' AIRFLOW_CTX_DAG_ID='inegi_playwright' AIRFLOW_CTX_TASK_ID='run_inegi_playwright' AIRFLOW_CTX_EXECUTION_DATE='2026-06-11T00:00:00+00:00' AIRFLOW_CTX_TRY_NUMBER='1' AIRFLOW_CTX_DAG_RUN_ID='scheduled__2026-06-11T00:00:00+00:00'
[2026-06-12T07:43:46.310+0000] {docker.py:359} INFO - Starting docker container from image inegi-playwright:v1
[2026-06-12T07:44:47.556+0000] {docker.py:429} INFO - The page is opening...
[2026-06-12T07:44:55.737+0000] {docker.py:429} INFO - iframe found: https://www3.inegi.org.mx/sistemas/ci/relps/
[2026-06-12T07:45:06.515+0000] {docker.py:429} INFO - Total rows: 133
[2026-06-12T07:45:06.749+0000] {docker.py:429} INFO - Row 0: no column, skipping
[2026-06-12T07:45:07.266+0000] {docker.py:429} INFO - Row 1: link found, clicking…
[2026-06-12T07:45:29.268+0000] {docker.py:429} INFO - Row 2: link found, clicking…
[2026-06-12T07:45:43.029+0000] {docker.py:429} INFO - Row 3: link found, clicking…
[2026-06-12T07:45:49.405+0000] {docker.py:429} INFO - Row 4: link found, clicking…
[2026-06-12T07:45:56.118+0000] {docker.py:429} INFO - Row 5: link found, clicking…
[2026-06-12T07:46:07.831+0000] {docker.py:429} INFO - Row 6: link found, clicking…
[2026-06-12T07:46:14.540+0000] {docker.py:429} INFO - Row 7: link found, clicking…
[2026-06-12T07:46:21.138+0000] {docker.py:429} INFO - Row 8: link found, clicking…
[2026-06-12T07:46:25.935+0000] {docker.py:429} INFO - Row 9: link found, clicking…
[2026-06-12T07:46:30.397+0000] {docker.py:429} INFO - Row 10: link found, clicking…
[2026-06-12T07:46:36.499+0000] {docker.py:429} INFO - Row 11: link found, clicking…
[2026-06-12T07:46:39.034+0000] {docker.py:429} INFO - Row 12: link found, clicking…
[2026-06-12T07:46:42.185+0000] {docker.py:429} INFO - Row 13: link found, clicking…
[2026-06-12T07:46:45.944+0000] {docker.py:429} INFO - Row 14: link found, clicking…
[2026-06-12T07:46:50.270+0000] {docker.py:429} INFO - Row 15: link found, clicking…
[2026-06-12T07:46:54.727+0000] {docker.py:429} INFO - Row 16: link found, clicking…
[2026-06-12T07:47:03.456+0000] {docker.py:429} INFO - Row 17: link found, clicking…
[2026-06-12T07:47:09.025+0000] {docker.py:429} INFO - Row 18: link found, clicking…
[2026-06-12T07:47:14.083+0000] {docker.py:429} INFO - Row 19: link found, clicking…
[2026-06-12T07:47:22.359+0000] {docker.py:429} INFO - Row 20: link found, clicking…
[2026-06-12T07:47:30.008+0000] {docker.py:429} INFO - Row 21: link found, clicking…
[2026-06-12T07:47:39.823+0000] {docker.py:429} INFO - Row 22: link found, clicking…
[2026-06-12T07:47:47.944+0000] {docker.py:429} INFO - Row 23: link found, clicking…
[2026-06-12T07:47:55.897+0000] {docker.py:429} INFO - Row 24: link found, clicking…
[2026-06-12T07:48:02.805+0000] {docker.py:429} INFO - Row 25: link found, clicking…
[2026-06-12T07:48:11.345+0000] {docker.py:429} INFO - Row 26: link found, clicking…
[2026-06-12T07:48:18.804+0000] {docker.py:429} INFO - Row 27: link found, clicking…
[2026-06-12T07:48:24.844+0000] {docker.py:429} INFO - Row 28: link found, clicking…
[2026-06-12T07:48:29.419+0000] {docker.py:429} INFO - Row 29: link found, clicking…
[2026-06-12T07:48:37.463+0000] {docker.py:429} INFO - Row 30: link found, clicking…
[2026-06-12T07:48:45.886+0000] {docker.py:429} INFO - Row 31: link found, clicking…
[2026-06-12T07:48:55.697+0000] {docker.py:429} INFO - Row 32: link found, clicking…
[2026-06-12T07:48:59.629+0000] {docker.py:429} INFO - Row 33: link found, clicking…
[2026-06-12T07:49:02.550+0000] {docker.py:429} INFO - Row 34: link found, clicking…
[2026-06-12T07:49:05.792+0000] {docker.py:429} INFO - Row 35: link found, clicking…
[2026-06-12T07:49:08.927+0000] {docker.py:429} INFO - Row 36: link found, clicking…
[2026-06-12T07:49:13.617+0000] {docker.py:429} INFO - Row 37: link found, clicking…
[2026-06-12T07:49:17.382+0000] {docker.py:429} INFO - Row 38: link found, clicking…
[2026-06-12T07:49:21.940+0000] {docker.py:429} INFO - Row 39: link found, clicking…
[2026-06-12T07:49:26.594+0000] {docker.py:429} INFO - Row 40: link found, clicking…
[2026-06-12T07:49:41.891+0000] {docker.py:429} INFO - Row 41: link found, clicking…
[2026-06-12T07:49:47.771+0000] {docker.py:429} INFO - Row 42: link found, clicking…
[2026-06-12T07:49:51.688+0000] {docker.py:429} INFO - Row 43: link found, clicking…
[2026-06-12T07:49:56.377+0000] {docker.py:429} INFO - Row 44: link found, clicking…
[2026-06-12T07:50:02.152+0000] {docker.py:429} INFO - Row 45: link found, clicking…
[2026-06-12T07:50:07.240+0000] {docker.py:429} INFO - Row 46: link found, clicking…
[2026-06-12T07:50:11.623+0000] {docker.py:429} INFO - Row 47: link found, clicking…
[2026-06-12T07:50:16.976+0000] {docker.py:429} INFO - Row 48: link found, clicking…
[2026-06-12T07:50:22.838+0000] {docker.py:429} INFO - Row 49: link found, clicking…
[2026-06-12T07:50:28.476+0000] {docker.py:429} INFO - Row 50: link found, clicking…
[2026-06-12T07:50:34.219+0000] {docker.py:429} INFO - Row 51: link found, clicking…
[2026-06-12T07:50:40.970+0000] {docker.py:429} INFO - Row 52: link found, clicking…
[2026-06-12T07:50:47.240+0000] {docker.py:429} INFO - Row 53: link found, clicking…
[2026-06-12T07:50:52.165+0000] {docker.py:429} INFO - Row 54: link found, clicking…
[2026-06-12T07:50:57.534+0000] {docker.py:429} INFO - Row 55: link found, clicking…
[2026-06-12T07:51:02.858+0000] {docker.py:429} INFO - Row 56: link found, clicking…
[2026-06-12T07:51:07.598+0000] {docker.py:429} INFO - Row 57: link found, clicking…
[2026-06-12T07:51:11.459+0000] {docker.py:429} INFO - Row 58: link found, clicking…
[2026-06-12T07:51:17.314+0000] {docker.py:429} INFO - Row 59: link found, clicking…
[2026-06-12T07:51:19.720+0000] {docker.py:429} INFO - Row 60: link found, clicking…
[2026-06-12T07:51:22.563+0000] {docker.py:429} INFO - Row 61: link found, clicking…
[2026-06-12T07:51:25.262+0000] {docker.py:429} INFO - Row 62: link found, clicking…
[2026-06-12T07:51:29.217+0000] {docker.py:429} INFO - Row 63: link found, clicking…
[2026-06-12T07:51:33.467+0000] {docker.py:429} INFO - Row 64: link found, clicking…
[2026-06-12T07:51:35.681+0000] {docker.py:429} INFO - Row 65: link found, clicking…
[2026-06-12T07:51:38.988+0000] {docker.py:429} INFO - Row 66: link found, clicking…
[2026-06-12T07:51:42.179+0000] {docker.py:429} INFO - Row 67: link found, clicking…
[2026-06-12T07:51:44.769+0000] {docker.py:429} INFO - Row 68: link found, clicking…
[2026-06-12T07:51:47.904+0000] {docker.py:429} INFO - Row 69: link found, clicking…
[2026-06-12T07:51:51.641+0000] {docker.py:429} INFO - Row 70: link found, clicking…
[2026-06-12T07:51:54.105+0000] {docker.py:429} INFO - Row 71: link found, clicking…
[2026-06-12T07:51:57.000+0000] {docker.py:429} INFO - Row 72: link found, clicking…
[2026-06-12T07:51:59.522+0000] {docker.py:429} INFO - Row 73: link found, clicking…
[2026-06-12T07:52:02.504+0000] {docker.py:429} INFO - Row 74: link found, clicking…
[2026-06-12T07:52:05.572+0000] {docker.py:429} INFO - Row 75: link found, clicking…
[2026-06-12T07:52:08.687+0000] {docker.py:429} INFO - Row 76: link found, clicking…
[2026-06-12T07:52:11.679+0000] {docker.py:429} INFO - Row 77: link found, clicking…
[2026-06-12T07:52:14.772+0000] {docker.py:429} INFO - Row 78: link found, clicking…
[2026-06-12T07:52:17.180+0000] {docker.py:429} INFO - Row 79: link found, clicking…
[2026-06-12T07:52:21.259+0000] {docker.py:429} INFO - Row 80: link found, clicking…
[2026-06-12T07:52:24.066+0000] {docker.py:429} INFO - Row 81: link found, clicking…
[2026-06-12T07:52:27.243+0000] {docker.py:429} INFO - Row 82: link found, clicking…
[2026-06-12T07:52:30.740+0000] {docker.py:429} INFO - Row 83: link found, clicking…
[2026-06-12T07:52:34.561+0000] {docker.py:429} INFO - Row 84: link found, clicking…
[2026-06-12T07:52:38.892+0000] {docker.py:429} INFO - Row 85: link found, clicking…
[2026-06-12T07:52:42.000+0000] {docker.py:429} INFO - Row 86: link found, clicking…
[2026-06-12T07:52:44.211+0000] {docker.py:429} INFO - Row 87: link found, clicking…
[2026-06-12T07:52:50.788+0000] {docker.py:429} INFO - Row 88: link found, clicking…
[2026-06-12T07:53:00.623+0000] {docker.py:429} INFO - Row 89: link found, clicking…
[2026-06-12T07:53:08.473+0000] {docker.py:429} INFO - Row 90: link found, clicking…
[2026-06-12T07:53:22.555+0000] {docker.py:429} INFO - Row 91: link found, clicking…
[2026-06-12T07:53:37.553+0000] {docker.py:429} INFO - Row 92: link found, clicking…
[2026-06-12T07:53:49.988+0000] {docker.py:429} INFO - Row 93: link found, clicking…
[2026-06-12T07:54:00.873+0000] {docker.py:429} INFO - Row 94: link found, clicking…
[2026-06-12T07:54:05.850+0000] {docker.py:429} INFO - Row 95: link found, clicking…
[2026-06-12T07:54:09.756+0000] {docker.py:429} INFO - Row 96: link found, clicking…
[2026-06-12T07:54:13.211+0000] {docker.py:429} INFO - Row 97: link found, clicking…
[2026-06-12T07:54:19.227+0000] {docker.py:429} INFO - Row 98: link found, clicking…
[2026-06-12T07:54:26.559+0000] {docker.py:429} INFO - Row 99: link found, clicking…
[2026-06-12T07:54:35.234+0000] {docker.py:429} INFO - Row 100: link found, clicking…
[2026-06-12T07:54:45.193+0000] {docker.py:429} INFO - Row 101: link found, clicking…
[2026-06-12T07:54:55.092+0000] {docker.py:429} INFO - Row 102: link found, clicking…
[2026-06-12T07:55:03.731+0000] {docker.py:429} INFO - Row 103: link found, clicking…
[2026-06-12T07:55:13.729+0000] {docker.py:429} INFO - Row 104: link found, clicking…
[2026-06-12T07:55:24.407+0000] {docker.py:429} INFO - Row 105: link found, clicking…
[2026-06-12T07:55:31.696+0000] {docker.py:429} INFO - Row 106: link found, clicking…
[2026-06-12T07:55:38.784+0000] {docker.py:429} INFO - Row 107: link found, clicking…
[2026-06-12T07:55:46.982+0000] {docker.py:429} INFO - Row 108: link found, clicking…
[2026-06-12T07:55:52.099+0000] {docker.py:429} INFO - Row 109: link found, clicking…
[2026-06-12T07:55:55.677+0000] {docker.py:429} INFO - Row 110: link found, clicking…
[2026-06-12T07:55:58.813+0000] {docker.py:429} INFO - Row 111: link found, clicking…
[2026-06-12T07:56:02.724+0000] {docker.py:429} INFO - Row 112: link found, clicking…
[2026-06-12T07:56:06.358+0000] {docker.py:429} INFO - Row 113: link found, clicking…
[2026-06-12T07:56:09.749+0000] {docker.py:429} INFO - Row 114: link found, clicking…
[2026-06-12T07:56:15.018+0000] {docker.py:429} INFO - Row 115: link found, clicking…
[2026-06-12T07:56:18.678+0000] {docker.py:429} INFO - Row 116: link found, clicking…
[2026-06-12T07:56:22.120+0000] {docker.py:429} INFO - Row 117: link found, clicking…
[2026-06-12T07:56:25.229+0000] {docker.py:429} INFO - Row 118: link found, clicking…
[2026-06-12T07:56:28.499+0000] {docker.py:429} INFO - Row 119: link found, clicking…
[2026-06-12T07:56:31.564+0000] {docker.py:429} INFO - Row 120: link found, clicking…
[2026-06-12T07:56:34.423+0000] {docker.py:429} INFO - Row 121: link found, clicking…
[2026-06-12T07:56:37.463+0000] {docker.py:429} INFO - Row 122: link found, clicking…
[2026-06-12T07:56:41.037+0000] {docker.py:429} INFO - Row 123: link found, clicking…
[2026-06-12T07:56:43.931+0000] {docker.py:429} INFO - Row 124: link found, clicking…
[2026-06-12T07:56:46.011+0000] {docker.py:429} INFO - Row 125: link found, clicking…
[2026-06-12T07:56:49.525+0000] {docker.py:429} INFO - Row 126: link found, clicking…
[2026-06-12T07:56:53.258+0000] {docker.py:429} INFO - Row 127: link found, clicking…
[2026-06-12T07:56:57.233+0000] {docker.py:429} INFO - Row 128: link found, clicking…
[2026-06-12T07:57:00.576+0000] {docker.py:429} INFO - Row 129: link found, clicking…
[2026-06-12T07:57:04.286+0000] {docker.py:429} INFO - Row 130: link found, clicking…
[2026-06-12T07:57:07.008+0000] {docker.py:429} INFO - Row 131: link found, clicking…
[2026-06-12T07:57:10.413+0000] {docker.py:429} INFO - Row 132: link found, clicking…
[2026-06-12T07:57:13.221+0000] {docker.py:429} INFO - Final unique records: 76
[2026-06-12T07:57:14.110+0000] {docker.py:429} INFO - Saved → /app/data/inegi_playwright.json
ERROR: Event loop is closed! Is Playwright already stopped?
[2026-06-12T07:57:16.160+0000] {taskinstance.py:1149} INFO - Marking task as SUCCESS. dag_id=inegi_playwright, task_id=run_inegi_playwright, execution_date=20260611T000000, start_date=20260612T074325, end_date=20260612T075716
[2026-06-12T07:57:17.003+0000] {local_task_job_runner.py:234} INFO - Task exited with return code 0
[2026-06-12T07:57:17.231+0000] {taskinstance.py:3309} INFO - 1 downstream tasks scheduled from follow-on schedule check
