[2026-05-27T09:20:52.315+0000] {taskinstance.py:1979} INFO - Dependencies all met for dep_context=non-requeueable deps ti=<TaskInstance: inegi_playwright.run_inegi_playwright manual__2026-05-27T08:46:34.156127+00:00 [queued]>
[2026-05-27T09:20:52.649+0000] {taskinstance.py:1979} INFO - Dependencies all met for dep_context=requeueable deps ti=<TaskInstance: inegi_playwright.run_inegi_playwright manual__2026-05-27T08:46:34.156127+00:00 [queued]>
[2026-05-27T09:20:52.686+0000] {taskinstance.py:2193} INFO - Starting attempt 2 of 1
[2026-05-27T09:20:53.599+0000] {taskinstance.py:2214} INFO - Executing <Task(DockerOperator): run_inegi_playwright> on 2026-05-27 08:46:34.156127+00:00
[2026-05-27T09:20:53.640+0000] {standard_task_runner.py:60} INFO - Started process 75 to run task
[2026-05-27T09:20:53.678+0000] {standard_task_runner.py:87} INFO - Running: ['***', 'tasks', 'run', 'inegi_playwright', 'run_inegi_playwright', 'manual__2026-05-27T08:46:34.156127+00:00', '--job-id', '276', '--raw', '--subdir', 'DAGS_FOLDER/inegi_playwright_dag.py', '--cfg-path', '/tmp/tmpoefhuydq']
[2026-05-27T09:20:53.699+0000] {standard_task_runner.py:88} INFO - Job 276: Subtask run_inegi_playwright
[2026-05-27T09:20:54.949+0000] {task_command.py:423} INFO - Running <TaskInstance: inegi_playwright.run_inegi_playwright manual__2026-05-27T08:46:34.156127+00:00 [running]> on host f39b18a112ca
[2026-05-27T09:20:57.967+0000] {taskinstance.py:2510} INFO - Exporting env vars: AIRFLOW_CTX_DAG_OWNER='***' AIRFLOW_CTX_DAG_ID='inegi_playwright' AIRFLOW_CTX_TASK_ID='run_inegi_playwright' AIRFLOW_CTX_EXECUTION_DATE='2026-05-27T08:46:34.156127+00:00' AIRFLOW_CTX_TRY_NUMBER='2' AIRFLOW_CTX_DAG_RUN_ID='manual__2026-05-27T08:46:34.156127+00:00'
[2026-05-27T09:20:58.966+0000] {docker.py:359} INFO - Starting docker container from image inegi-playwright:v1
[2026-05-27T09:21:47.900+0000] {docker.py:429} INFO - The page is opening...
[2026-05-27T09:21:56.571+0000] {docker.py:429} INFO - iframe found: https://www3.inegi.org.mx/sistemas/ci/relps/
[2026-05-27T09:22:03.781+0000] {docker.py:429} INFO - Total rows: 132
[2026-05-27T09:22:03.854+0000] {docker.py:429} INFO - Row 0: no column, skipping
[2026-05-27T09:22:04.012+0000] {docker.py:429} INFO - Row 1: link found, clicking…
[2026-05-27T09:22:12.017+0000] {docker.py:429} INFO - Row 2: link found, clicking…
[2026-05-27T09:22:16.473+0000] {docker.py:429} INFO - Row 3: link found, clicking…
[2026-05-27T09:22:22.667+0000] {docker.py:429} INFO - Row 4: link found, clicking…
[2026-05-27T09:22:31.194+0000] {docker.py:429} INFO - Row 5: link found, clicking…
[2026-05-27T09:22:47.492+0000] {docker.py:429} INFO - Row 6: link found, clicking…
[2026-05-27T09:22:50.745+0000] {docker.py:429} INFO - Row 7: link found, clicking…
[2026-05-27T09:22:56.697+0000] {docker.py:429} INFO - Row 8: link found, clicking…
[2026-05-27T09:23:10.963+0000] {docker.py:429} INFO - Row 9: link found, clicking…
[2026-05-27T09:23:24.666+0000] {docker.py:429} INFO - Row 10: link found, clicking…
[2026-05-27T09:23:32.906+0000] {docker.py:429} INFO - Row 11: link found, clicking…
[2026-05-27T09:23:40.193+0000] {docker.py:429} INFO - Row 12: link found, clicking…
[2026-05-27T09:23:45.954+0000] {docker.py:429} INFO - Row 13: link found, clicking…
[2026-05-27T09:23:53.646+0000] {docker.py:429} INFO - Row 14: link found, clicking…
[2026-05-27T09:23:57.595+0000] {docker.py:429} INFO - Row 15: link found, clicking…
[2026-05-27T09:24:03.388+0000] {docker.py:429} INFO - Row 16: link found, clicking…
[2026-05-27T09:24:16.852+0000] {docker.py:429} INFO - Row 17: link found, clicking…
[2026-05-27T09:24:23.911+0000] {docker.py:429} INFO - Row 18: link found, clicking…
[2026-05-27T09:24:26.735+0000] {docker.py:429} INFO - Row 19: link found, clicking…
[2026-05-27T09:24:31.254+0000] {docker.py:429} INFO - Row 20: link found, clicking…
[2026-05-27T09:24:37.403+0000] {docker.py:429} INFO - Row 21: link found, clicking…
[2026-05-27T09:24:44.588+0000] {docker.py:429} INFO - Row 22: link found, clicking…
[2026-05-27T09:24:51.199+0000] {docker.py:429} INFO - Row 23: link found, clicking…
[2026-05-27T09:25:02.425+0000] {docker.py:429} INFO - Row 24: link found, clicking…
[2026-05-27T09:25:14.322+0000] {docker.py:429} INFO - Row 25: link found, clicking…
[2026-05-27T09:25:24.269+0000] {docker.py:429} INFO - Row 26: link found, clicking…
[2026-05-27T09:25:31.153+0000] {docker.py:429} INFO - Row 27: link found, clicking…
[2026-05-27T09:25:39.057+0000] {docker.py:429} INFO - Row 28: link found, clicking…
[2026-05-27T09:25:46.554+0000] {docker.py:429} INFO - Row 29: link found, clicking…
[2026-05-27T09:25:58.187+0000] {docker.py:429} INFO - Row 30: link found, clicking…
[2026-05-27T09:26:11.155+0000] {docker.py:429} INFO - Row 31: link found, clicking…
[2026-05-27T09:26:23.047+0000] {docker.py:429} INFO - Row 32: link found, clicking…
[2026-05-27T09:26:30.388+0000] {docker.py:429} INFO - Row 33: link found, clicking…
[2026-05-27T09:26:38.718+0000] {docker.py:429} INFO - Row 34: link found, clicking…
[2026-05-27T09:26:47.631+0000] {docker.py:429} INFO - Row 35: link found, clicking…
[2026-05-27T09:26:58.175+0000] {docker.py:429} INFO - Row 36: link found, clicking…
[2026-05-27T09:27:10.668+0000] {docker.py:429} INFO - Row 37: link found, clicking…
[2026-05-27T09:27:21.532+0000] {docker.py:429} INFO - Row 38: link found, clicking…
[2026-05-27T09:27:27.466+0000] {docker.py:429} INFO - Row 39: link found, clicking…
[2026-05-27T09:27:31.402+0000] {docker.py:429} INFO - Row 40: link found, clicking…
[2026-05-27T09:27:37.044+0000] {docker.py:429} INFO - Row 41: link found, clicking…
[2026-05-27T09:27:40.826+0000] {docker.py:429} INFO - Row 42: link found, clicking…
[2026-05-27T09:27:44.599+0000] {docker.py:429} INFO - Row 43: link found, clicking…
[2026-05-27T09:27:55.142+0000] {docker.py:429} INFO - Row 44: link found, clicking…
[2026-05-27T09:28:00.378+0000] {docker.py:429} INFO - Row 45: link found, clicking…
[2026-05-27T09:28:04.216+0000] {docker.py:429} INFO - Row 46: link found, clicking…
[2026-05-27T09:28:09.768+0000] {docker.py:429} INFO - Row 47: link found, clicking…
[2026-05-27T09:28:14.228+0000] {docker.py:429} INFO - Row 48: link found, clicking…
[2026-05-27T09:28:19.760+0000] {docker.py:429} INFO - Row 49: link found, clicking…
[2026-05-27T09:28:25.374+0000] {docker.py:429} INFO - Row 50: link found, clicking…
[2026-05-27T09:28:28.632+0000] {docker.py:429} INFO - Row 51: link found, clicking…
[2026-05-27T09:28:32.953+0000] {docker.py:429} INFO - Row 52: link found, clicking…
[2026-05-27T09:28:38.062+0000] {docker.py:429} INFO - Row 53: link found, clicking…
[2026-05-27T09:28:41.648+0000] {docker.py:429} INFO - Row 54: link found, clicking…
[2026-05-27T09:28:46.948+0000] {docker.py:429} INFO - Row 55: link found, clicking…
[2026-05-27T09:28:51.189+0000] {docker.py:429} INFO - Row 56: link found, clicking…
[2026-05-27T09:28:57.214+0000] {docker.py:429} INFO - Row 57: link found, clicking…
[2026-05-27T09:29:05.170+0000] {docker.py:429} INFO - Row 58: link found, clicking…
[2026-05-27T09:29:12.441+0000] {docker.py:429} INFO - Row 59: link found, clicking…
[2026-05-27T09:29:16.979+0000] {docker.py:429} INFO - Row 60: link found, clicking…
[2026-05-27T09:29:22.436+0000] {docker.py:429} INFO - Row 61: link found, clicking…
[2026-05-27T09:29:26.957+0000] {docker.py:429} INFO - Row 62: link found, clicking…
[2026-05-27T09:29:33.692+0000] {docker.py:429} INFO - Row 63: link found, clicking…
[2026-05-27T09:29:38.075+0000] {docker.py:429} INFO - Row 64: link found, clicking…
[2026-05-27T09:29:43.510+0000] {docker.py:429} INFO - Row 65: link found, clicking…
[2026-05-27T09:29:50.225+0000] {docker.py:429} INFO - Row 66: link found, clicking…
[2026-05-27T09:29:58.414+0000] {docker.py:429} INFO - Row 67: link found, clicking…
[2026-05-27T09:30:02.604+0000] {docker.py:429} INFO - Row 68: link found, clicking…
[2026-05-27T09:30:09.771+0000] {docker.py:429} INFO - Row 69: link found, clicking…
[2026-05-27T09:30:15.489+0000] {docker.py:429} INFO - Row 70: link found, clicking…
[2026-05-27T09:30:23.722+0000] {docker.py:429} INFO - Row 71: link found, clicking…
[2026-05-27T09:30:28.170+0000] {docker.py:429} INFO - Row 72: link found, clicking…
[2026-05-27T09:30:35.261+0000] {docker.py:429} INFO - Row 73: link found, clicking…
[2026-05-27T09:30:45.125+0000] {docker.py:429} INFO - Row 74: link found, clicking…
[2026-05-27T09:30:49.525+0000] {docker.py:429} INFO - Row 75: link found, clicking…
[2026-05-27T09:30:57.543+0000] {docker.py:429} INFO - Row 76: link found, clicking…
[2026-05-27T09:31:02.322+0000] {docker.py:429} INFO - Row 77: link found, clicking…
[2026-05-27T09:31:09.442+0000] {docker.py:429} INFO - Row 78: link found, clicking…
[2026-05-27T09:31:13.353+0000] {docker.py:429} INFO - Row 79: link found, clicking…
[2026-05-27T09:31:17.543+0000] {docker.py:429} INFO - Row 80: link found, clicking…
[2026-05-27T09:31:24.907+0000] {docker.py:429} INFO - Row 81: link found, clicking…
[2026-05-27T09:31:29.977+0000] {docker.py:429} INFO - Row 82: link found, clicking…
[2026-05-27T09:31:34.363+0000] {docker.py:429} INFO - Row 83: link found, clicking…
[2026-05-27T09:31:40.166+0000] {docker.py:429} INFO - Row 84: link found, clicking…
[2026-05-27T09:31:44.114+0000] {docker.py:429} INFO - Row 85: link found, clicking…
[2026-05-27T09:31:48.314+0000] {docker.py:429} INFO - Row 86: link found, clicking…
[2026-05-27T09:31:53.606+0000] {docker.py:429} INFO - Row 87: link found, clicking…
[2026-05-27T09:32:00.125+0000] {docker.py:429} INFO - Row 88: link found, clicking…
[2026-05-27T09:32:07.997+0000] {docker.py:429} INFO - Row 89: link found, clicking…
[2026-05-27T09:32:13.015+0000] {docker.py:429} INFO - Row 90: link found, clicking…
[2026-05-27T09:32:18.372+0000] {docker.py:429} INFO - Row 91: link found, clicking…
[2026-05-27T09:32:23.082+0000] {docker.py:429} INFO - Row 92: link found, clicking…
[2026-05-27T09:32:31.524+0000] {docker.py:429} INFO - Row 93: link found, clicking…
[2026-05-27T09:32:39.405+0000] {docker.py:429} INFO - Row 94: link found, clicking…
[2026-05-27T09:32:53.860+0000] {docker.py:429} INFO - Row 95: link found, clicking…
[2026-05-27T09:33:01.404+0000] {docker.py:429} INFO - Row 96: link found, clicking…
[2026-05-27T09:33:05.192+0000] {docker.py:429} INFO - Row 97: link found, clicking…
[2026-05-27T09:33:10.480+0000] {docker.py:429} INFO - Row 98: link found, clicking…
[2026-05-27T09:33:14.554+0000] {docker.py:429} INFO - Row 99: link found, clicking…
[2026-05-27T09:33:21.352+0000] {docker.py:429} INFO - Row 100: link found, clicking…
[2026-05-27T09:33:31.027+0000] {docker.py:429} INFO - Row 101: link found, clicking…
[2026-05-27T09:33:42.038+0000] {docker.py:429} INFO - Row 102: link found, clicking…
[2026-05-27T09:33:49.550+0000] {docker.py:429} INFO - Row 103: link found, clicking…
[2026-05-27T09:33:55.648+0000] {docker.py:429} INFO - Row 104: link found, clicking…
[2026-05-27T09:34:01.520+0000] {docker.py:429} INFO - Row 105: link found, clicking…
[2026-05-27T09:34:06.210+0000] {docker.py:429} INFO - Row 106: link found, clicking…
[2026-05-27T09:34:11.915+0000] {docker.py:429} INFO - Row 107: link found, clicking…
[2026-05-27T09:34:17.709+0000] {docker.py:429} INFO - Row 108: link found, clicking…
[2026-05-27T09:34:23.479+0000] {docker.py:429} INFO - Row 109: link found, clicking…
[2026-05-27T09:34:26.952+0000] {docker.py:429} INFO - Row 110: link found, clicking…
[2026-05-27T09:34:30.788+0000] {docker.py:429} INFO - Row 111: link found, clicking…
[2026-05-27T09:34:36.788+0000] {docker.py:429} INFO - Row 112: link found, clicking…
[2026-05-27T09:34:44.664+0000] {docker.py:429} INFO - Row 113: link found, clicking…
[2026-05-27T09:34:53.507+0000] {docker.py:429} INFO - Row 114: link found, clicking…
[2026-05-27T09:34:57.882+0000] {docker.py:429} INFO - Row 115: link found, clicking…
[2026-05-27T09:35:01.351+0000] {docker.py:429} INFO - Row 116: link found, clicking…
[2026-05-27T09:35:05.531+0000] {docker.py:429} INFO - Row 117: link found, clicking…
[2026-05-27T09:35:11.598+0000] {docker.py:429} INFO - Row 118: link found, clicking…
[2026-05-27T09:35:19.355+0000] {docker.py:429} INFO - Row 119: link found, clicking…
[2026-05-27T09:35:23.327+0000] {docker.py:429} INFO - Row 120: link found, clicking…
[2026-05-27T09:35:28.472+0000] {docker.py:429} INFO - Row 121: link found, clicking…
[2026-05-27T09:35:33.473+0000] {docker.py:429} INFO - Row 122: link found, clicking…
[2026-05-27T09:35:37.089+0000] {docker.py:429} INFO - Row 123: link found, clicking…
[2026-05-27T09:35:43.431+0000] {docker.py:429} INFO - Row 124: link found, clicking…
[2026-05-27T09:35:46.752+0000] {docker.py:429} INFO - Row 125: link found, clicking…
[2026-05-27T09:35:51.204+0000] {docker.py:429} INFO - Row 126: link found, clicking…
[2026-05-27T09:35:55.349+0000] {docker.py:429} INFO - Row 127: link found, clicking…
[2026-05-27T09:36:00.632+0000] {docker.py:429} INFO - Row 128: link found, clicking…
[2026-05-27T09:36:04.200+0000] {docker.py:429} INFO - Row 129: link found, clicking…
[2026-05-27T09:36:08.240+0000] {docker.py:429} INFO - Row 130: link found, clicking…
[2026-05-27T09:36:11.648+0000] {docker.py:429} INFO - Row 131: link found, clicking…
[2026-05-27T09:36:15.314+0000] {docker.py:429} INFO - Final unique records: 75
[2026-05-27T09:36:15.788+0000] {docker.py:429} INFO - Saved → /app/data/inegi_playwright.json
[2026-05-27T09:36:15.793+0000] {docker.py:429} INFO - ERROR: Event loop is closed! Is Playwright already stopped?
[2026-05-27T09:36:21.066+0000] {taskinstance.py:1149} INFO - Marking task as SUCCESS. dag_id=inegi_playwright, task_id=run_inegi_playwright, execution_date=20260527T084634, start_date=20260527T092052, end_date=20260527T093621
[2026-05-27T09:36:22.760+0000] {local_task_job_runner.py:234} INFO - Task exited with return code 0
[2026-05-27T09:36:23.385+0000] {taskinstance.py:3309} INFO - 1 downstream tasks scheduled from follow-on schedule check
