[2026-06-12T07:46:35.448+0000] {taskinstance.py:1979} INFO - Dependencies all met for dep_context=non-requeueable deps ti=<TaskInstance: merge_all_scrapers.merge_all_outputs manual__2026-06-12T07:45:51.001983+00:00 [queued]>
[2026-06-12T07:46:38.754+0000] {taskinstance.py:1979} INFO - Dependencies all met for dep_context=requeueable deps ti=<TaskInstance: merge_all_scrapers.merge_all_outputs manual__2026-06-12T07:45:51.001983+00:00 [queued]>
[2026-06-12T07:46:39.544+0000] {taskinstance.py:2193} INFO - Starting attempt 1 of 1
[2026-06-12T07:46:45.134+0000] {taskinstance.py:2214} INFO - Executing <Task(PythonOperator): merge_all_outputs> on 2026-06-12 07:45:51.001983+00:00
[2026-06-12T07:46:45.151+0000] {standard_task_runner.py:60} INFO - Started process 199 to run task
[2026-06-12T07:46:45.174+0000] {standard_task_runner.py:87} INFO - Running: ['***', 'tasks', 'run', 'merge_all_scrapers', 'merge_all_outputs', 'manual__2026-06-12T07:45:51.001983+00:00', '--job-id', '545', '--raw', '--subdir', 'DAGS_FOLDER/merge_dag.py', '--cfg-path', '/tmp/tmpdp7bafh9']
[2026-06-12T07:46:45.340+0000] {standard_task_runner.py:88} INFO - Job 545: Subtask merge_all_outputs
[2026-06-12T07:46:47.259+0000] {task_command.py:423} INFO - Running <TaskInstance: merge_all_scrapers.merge_all_outputs manual__2026-06-12T07:45:51.001983+00:00 [running]> on host f39b18a112ca
[2026-06-12T07:46:50.954+0000] {taskinstance.py:2510} INFO - Exporting env vars: AIRFLOW_CTX_DAG_OWNER='***' AIRFLOW_CTX_DAG_ID='merge_all_scrapers' AIRFLOW_CTX_TASK_ID='merge_all_outputs' AIRFLOW_CTX_EXECUTION_DATE='2026-06-12T07:45:51.001983+00:00' AIRFLOW_CTX_TRY_NUMBER='1' AIRFLOW_CTX_DAG_RUN_ID='manual__2026-06-12T07:45:51.001983+00:00'
[2026-06-12T07:46:50.995+0000] {logging_mixin.py:188} INFO - 📂 DATA PATH: /opt/***/data
[2026-06-12T07:46:51.014+0000] {logging_mixin.py:188} INFO - 
READING JSON: eu_fsf_sanctions.json
[2026-06-12T07:46:54.452+0000] {logging_mixin.py:188} INFO - 
READING JSON: inegi_playwright.json
[2026-06-12T07:46:58.305+0000] {logging_mixin.py:188} INFO - 
READING JSON: inegi_scraper.json
[2026-06-12T07:46:59.514+0000] {logging_mixin.py:188} INFO - 
READING DB: kaldata.db
[2026-06-12T07:47:12.326+0000] {logging_mixin.py:188} INFO - 
READING DB: telegraph.db
[2026-06-12T07:47:29.922+0000] {logging_mixin.py:188} INFO - 
TOTAL BEFORE DEDUP: 6214
[2026-06-12T07:47:30.435+0000] {logging_mixin.py:188} INFO - AFTER DEDUP: 6211
[2026-06-12T07:47:34.803+0000] {base.py:83} INFO - Using connection ID 'postgres_default' for task execution.
[2026-06-12T07:48:44.099+0000] {logging_mixin.py:188} INFO - JSON OUTPUT: /opt/***/data/final_output.json
[2026-06-12T07:48:44.147+0000] {logging_mixin.py:188} INFO - LOCK REMOVED
[2026-06-12T07:48:44.216+0000] {python.py:202} INFO - Done. Returned value was: None
[2026-06-12T07:48:44.405+0000] {taskinstance.py:1149} INFO - Marking task as SUCCESS. dag_id=merge_all_scrapers, task_id=merge_all_outputs, execution_date=20260612T074551, start_date=20260612T074638, end_date=20260612T074844
[2026-06-12T07:48:45.048+0000] {local_task_job_runner.py:234} INFO - Task exited with return code 0
[2026-06-12T07:48:45.420+0000] {taskinstance.py:3309} INFO - 0 downstream tasks scheduled from follow-on schedule check
