[2026-06-08T14:15:54.497+0000] {taskinstance.py:1979} INFO - Dependencies all met for dep_context=non-requeueable deps ti=<TaskInstance: inegi_playwright.run_inegi_playwright scheduled__2026-06-07T00:00:00+00:00 [queued]>
[2026-06-08T14:15:54.718+0000] {taskinstance.py:1979} INFO - Dependencies all met for dep_context=requeueable deps ti=<TaskInstance: inegi_playwright.run_inegi_playwright scheduled__2026-06-07T00:00:00+00:00 [queued]>
[2026-06-08T14:15:54.796+0000] {taskinstance.py:2193} INFO - Starting attempt 1 of 1
[2026-06-08T14:15:55.086+0000] {taskinstance.py:2214} INFO - Executing <Task(DockerOperator): run_inegi_playwright> on 2026-06-07 00:00:00+00:00
[2026-06-08T14:15:55.314+0000] {standard_task_runner.py:60} INFO - Started process 73 to run task
[2026-06-08T14:15:55.615+0000] {standard_task_runner.py:87} INFO - Running: ['***', 'tasks', 'run', 'inegi_playwright', 'run_inegi_playwright', 'scheduled__2026-06-07T00:00:00+00:00', '--job-id', '421', '--raw', '--subdir', 'DAGS_FOLDER/inegi_playwright_dag.py', '--cfg-path', '/tmp/tmpmbe2w29n']
[2026-06-08T14:15:55.869+0000] {standard_task_runner.py:88} INFO - Job 421: Subtask run_inegi_playwright
[2026-06-08T14:15:57.852+0000] {task_command.py:423} INFO - Running <TaskInstance: inegi_playwright.run_inegi_playwright scheduled__2026-06-07T00:00:00+00:00 [running]> on host f39b18a112ca
[2026-06-08T14:16:00.118+0000] {taskinstance.py:2510} INFO - Exporting env vars: AIRFLOW_CTX_DAG_OWNER='***' AIRFLOW_CTX_DAG_ID='inegi_playwright' AIRFLOW_CTX_TASK_ID='run_inegi_playwright' AIRFLOW_CTX_EXECUTION_DATE='2026-06-07T00:00:00+00:00' AIRFLOW_CTX_TRY_NUMBER='1' AIRFLOW_CTX_DAG_RUN_ID='scheduled__2026-06-07T00:00:00+00:00'
[2026-06-08T14:16:03.496+0000] {docker.py:359} INFO - Starting docker container from image inegi-playwright:v1
[2026-06-08T14:17:00.782+0000] {docker.py:429} INFO - The page is opening...
[2026-06-08T14:17:16.021+0000] {docker.py:429} INFO - iframe found: https://www3.inegi.org.mx/sistemas/ci/relps/
[2026-06-08T14:17:25.474+0000] {docker.py:429} INFO - Total rows: 133
[2026-06-08T14:17:25.572+0000] {docker.py:429} INFO - Row 0: no column, skipping
[2026-06-08T14:17:25.784+0000] {docker.py:429} INFO - Row 1: link found, clicking…
[2026-06-08T14:17:34.535+0000] {docker.py:429} INFO - Row 2: link found, clicking…
[2026-06-08T14:17:48.826+0000] {docker.py:429} INFO - Row 3: link found, clicking…
[2026-06-08T14:18:00.155+0000] {docker.py:429} INFO - Row 4: link found, clicking…
[2026-06-08T14:18:07.679+0000] {docker.py:429} INFO - Row 5: link found, clicking…
[2026-06-08T14:18:16.048+0000] {docker.py:429} INFO - Row 6: link found, clicking…
[2026-06-08T14:18:21.671+0000] {docker.py:429} INFO - Row 7: link found, clicking…
[2026-06-08T14:18:33.689+0000] {docker.py:429} INFO - Row 8: link found, clicking…
[2026-06-08T14:18:51.336+0000] {docker.py:429} INFO - Row 9: link found, clicking…
[2026-06-08T14:19:03.288+0000] {docker.py:429} INFO - Row 10: link found, clicking…
[2026-06-08T14:19:21.257+0000] {docker.py:429} INFO - Row 11: link found, clicking…
[2026-06-08T14:19:33.903+0000] {docker.py:429} INFO - Row 12: link found, clicking…
[2026-06-08T14:19:47.936+0000] {docker.py:429} INFO - Row 13: link found, clicking…
[2026-06-08T14:19:55.111+0000] {docker.py:429} INFO - Row 14: link found, clicking…
[2026-06-08T14:20:07.047+0000] {docker.py:429} INFO - Row 15: link found, clicking…
[2026-06-08T14:20:19.382+0000] {docker.py:429} INFO - Row 16: link found, clicking…
[2026-06-08T14:20:31.044+0000] {docker.py:429} INFO - Row 17: link found, clicking…
[2026-06-08T14:20:45.195+0000] {docker.py:429} INFO - Row 18: link found, clicking…
[2026-06-08T14:20:56.569+0000] {docker.py:429} INFO - Row 19: link found, clicking…
[2026-06-08T14:21:10.767+0000] {docker.py:429} INFO - Row 20: link found, clicking…
[2026-06-08T14:21:25.020+0000] {docker.py:429} INFO - Row 21: link found, clicking…
[2026-06-08T14:21:41.632+0000] {docker.py:429} INFO - Row 22: link found, clicking…
[2026-06-08T14:22:04.266+0000] {docker.py:429} INFO - Row 23: link found, clicking…
[2026-06-08T14:22:19.786+0000] {docker.py:429} INFO - Row 24: link found, clicking…
[2026-06-08T14:22:36.336+0000] {docker.py:429} INFO - Row 25: link found, clicking…
[2026-06-08T14:23:00.725+0000] {docker.py:429} INFO - Row 26: link found, clicking…
[2026-06-08T14:23:19.740+0000] {docker.py:429} INFO - Row 27: link found, clicking…
[2026-06-08T14:23:48.295+0000] {docker.py:429} INFO - Row 28: link found, clicking…
[2026-06-08T14:24:04.187+0000] {docker.py:429} INFO - Row 29: link found, clicking…
[2026-06-08T14:24:19.174+0000] {docker.py:429} INFO - Row 30: link found, clicking…
[2026-06-08T14:24:29.881+0000] {docker.py:429} INFO - Row 31: link found, clicking…
[2026-06-08T14:24:41.257+0000] {docker.py:429} INFO - Row 32: link found, clicking…
[2026-06-08T14:24:52.057+0000] {docker.py:429} INFO - Row 33: link found, clicking…
[2026-06-08T14:25:02.650+0000] {docker.py:429} INFO - Row 34: link found, clicking…
[2026-06-08T14:25:11.156+0000] {docker.py:429} INFO - Row 35: link found, clicking…
[2026-06-08T14:25:25.203+0000] {docker.py:429} INFO - Row 36: link found, clicking…
[2026-06-08T14:25:37.110+0000] {docker.py:429} INFO - Row 37: link found, clicking…
[2026-06-08T14:26:02.859+0000] {docker.py:429} INFO - Row 38: link found, clicking…
[2026-06-08T14:26:22.308+0000] {docker.py:429} INFO - Row 39: link found, clicking…
[2026-06-08T14:26:36.567+0000] {docker.py:429} INFO - Row 40: link found, clicking…
[2026-06-08T14:26:55.799+0000] {docker.py:429} INFO - Row 41: link found, clicking…
[2026-06-08T14:27:10.437+0000] {docker.py:429} INFO - Row 42: link found, clicking…
[2026-06-08T14:27:28.854+0000] {docker.py:429} INFO - Row 43: link found, clicking…
[2026-06-08T14:27:55.541+0000] {docker.py:429} INFO - Row 44: link found, clicking…
[2026-06-08T14:28:07.463+0000] {docker.py:429} INFO - Row 45: link found, clicking…
[2026-06-08T14:28:19.122+0000] {docker.py:429} INFO - Row 46: link found, clicking…
[2026-06-08T14:28:25.948+0000] {docker.py:429} INFO - Row 47: link found, clicking…
[2026-06-08T14:28:46.181+0000] {docker.py:429} INFO - Row 48: link found, clicking…
[2026-06-08T14:29:02.525+0000] {docker.py:429} INFO - Row 49: link found, clicking…
[2026-06-08T14:29:12.572+0000] {docker.py:429} INFO - Row 50: link found, clicking…
[2026-06-08T14:29:18.473+0000] {docker.py:429} INFO - Row 51: link found, clicking…
[2026-06-08T14:29:25.313+0000] {docker.py:429} INFO - Row 52: link found, clicking…
[2026-06-08T14:29:30.080+0000] {docker.py:429} INFO - Row 53: link found, clicking…
[2026-06-08T14:29:36.263+0000] {docker.py:429} INFO - Row 54: link found, clicking…
[2026-06-08T14:29:46.893+0000] {docker.py:429} INFO - Row 55: link found, clicking…
[2026-06-08T14:29:54.979+0000] {docker.py:429} INFO - Row 56: link found, clicking…
[2026-06-08T14:30:00.327+0000] {docker.py:429} INFO - Row 57: link found, clicking…
[2026-06-08T14:30:06.618+0000] {docker.py:429} INFO - Row 58: link found, clicking…
[2026-06-08T14:30:12.318+0000] {docker.py:429} INFO - Row 59: link found, clicking…
[2026-06-08T14:30:17.803+0000] {docker.py:429} INFO - Row 60: link found, clicking…
[2026-06-08T14:30:25.496+0000] {docker.py:429} INFO - Row 61: link found, clicking…
[2026-06-08T14:30:30.679+0000] {docker.py:429} INFO - Row 62: link found, clicking…
[2026-06-08T14:30:36.559+0000] {docker.py:429} INFO - Row 63: link found, clicking…
[2026-06-08T14:30:42.345+0000] {docker.py:429} INFO - Row 64: link found, clicking…
[2026-06-08T14:30:48.537+0000] {docker.py:429} INFO - Row 65: link found, clicking…
[2026-06-08T14:30:55.628+0000] {docker.py:429} INFO - Row 66: link found, clicking…
[2026-06-08T14:30:59.245+0000] {docker.py:429} INFO - Row 67: link found, clicking…
[2026-06-08T14:31:04.735+0000] {docker.py:429} INFO - Row 68: link found, clicking…
[2026-06-08T14:31:08.417+0000] {docker.py:429} INFO - Row 69: link found, clicking…
[2026-06-08T14:31:11.143+0000] {docker.py:429} INFO - Row 70: link found, clicking…
[2026-06-08T14:31:16.207+0000] {docker.py:429} INFO - Row 71: link found, clicking…
[2026-06-08T14:31:19.919+0000] {docker.py:429} INFO - Row 72: link found, clicking…
[2026-06-08T14:31:25.320+0000] {docker.py:429} INFO - Row 73: link found, clicking…
[2026-06-08T14:31:29.884+0000] {docker.py:429} INFO - Row 74: link found, clicking…
[2026-06-08T14:31:35.189+0000] {docker.py:429} INFO - Row 75: link found, clicking…
[2026-06-08T14:31:40.422+0000] {docker.py:429} INFO - Row 76: link found, clicking…
[2026-06-08T14:31:44.161+0000] {docker.py:429} INFO - Row 77: link found, clicking…
[2026-06-08T14:31:47.767+0000] {docker.py:429} INFO - Row 78: link found, clicking…
[2026-06-08T14:31:52.155+0000] {docker.py:429} INFO - Row 79: link found, clicking…
[2026-06-08T14:31:57.066+0000] {docker.py:429} INFO - Row 80: link found, clicking…
[2026-06-08T14:32:01.776+0000] {docker.py:429} INFO - Row 81: link found, clicking…
[2026-06-08T14:32:07.110+0000] {docker.py:429} INFO - Row 82: link found, clicking…
[2026-06-08T14:32:11.236+0000] {docker.py:429} INFO - Row 83: link found, clicking…
[2026-06-08T14:32:16.013+0000] {docker.py:429} INFO - Row 84: link found, clicking…
[2026-06-08T14:32:18.813+0000] {docker.py:429} INFO - Row 85: link found, clicking…
[2026-06-08T14:32:22.209+0000] {docker.py:429} INFO - Row 86: link found, clicking…
[2026-06-08T14:32:29.619+0000] {docker.py:429} INFO - Row 87: link found, clicking…
[2026-06-08T14:32:36.239+0000] {docker.py:429} INFO - Row 88: link found, clicking…
[2026-06-08T14:32:50.551+0000] {docker.py:429} INFO - Row 89: link found, clicking…
[2026-06-08T14:33:02.602+0000] {docker.py:429} INFO - Row 90: link found, clicking…
[2026-06-08T14:33:11.046+0000] {docker.py:429} INFO - Row 91: link found, clicking…
[2026-06-08T14:33:19.997+0000] {docker.py:429} INFO - Row 92: link found, clicking…
[2026-06-08T14:33:30.804+0000] {docker.py:429} INFO - Row 93: link found, clicking…
[2026-06-08T14:33:36.866+0000] {docker.py:429} INFO - Row 94: link found, clicking…
[2026-06-08T14:33:48.525+0000] {docker.py:429} INFO - Row 95: link found, clicking…
[2026-06-08T14:33:59.284+0000] {docker.py:429} INFO - Row 96: link found, clicking…
[2026-06-08T14:34:07.219+0000] {docker.py:429} INFO - Row 97: link found, clicking…
[2026-06-08T14:34:16.945+0000] {docker.py:429} INFO - Row 98: link found, clicking…
[2026-06-08T14:34:24.146+0000] {docker.py:429} INFO - Row 99: link found, clicking…
[2026-06-08T14:34:30.464+0000] {docker.py:429} INFO - Row 100: link found, clicking…
[2026-06-08T14:34:33.771+0000] {docker.py:429} INFO - Row 101: link found, clicking…
[2026-06-08T14:34:39.122+0000] {docker.py:429} INFO - Row 102: link found, clicking…
[2026-06-08T14:34:45.346+0000] {docker.py:429} INFO - Row 103: link found, clicking…
[2026-06-08T14:34:49.596+0000] {docker.py:429} INFO - Row 104: link found, clicking…
[2026-06-08T14:34:56.491+0000] {docker.py:429} INFO - Row 105: link found, clicking…
[2026-06-08T14:35:07.142+0000] {docker.py:429} INFO - Row 106: link found, clicking…
[2026-06-08T14:35:18.103+0000] {docker.py:429} INFO - Row 107: link found, clicking…
[2026-06-08T14:35:31.587+0000] {docker.py:429} INFO - Row 108: link found, clicking…
[2026-06-08T14:35:40.931+0000] {docker.py:429} INFO - Row 109: link found, clicking…
[2026-06-08T14:35:53.827+0000] {docker.py:429} INFO - Row 110: link found, clicking…
[2026-06-08T14:36:00.558+0000] {docker.py:429} INFO - Row 111: link found, clicking…
[2026-06-08T14:36:07.780+0000] {docker.py:429} INFO - Row 112: link found, clicking…
[2026-06-08T14:36:15.777+0000] {docker.py:429} INFO - Row 113: link found, clicking…
[2026-06-08T14:36:21.058+0000] {docker.py:429} INFO - Row 114: link found, clicking…
[2026-06-08T14:36:28.355+0000] {docker.py:429} INFO - Row 115: link found, clicking…
[2026-06-08T14:36:34.356+0000] {docker.py:429} INFO - Row 116: link found, clicking…
[2026-06-08T14:36:45.226+0000] {docker.py:429} INFO - Row 117: link found, clicking…
[2026-06-08T14:36:53.730+0000] {docker.py:429} INFO - Row 118: link found, clicking…
[2026-06-08T14:36:59.225+0000] {docker.py:429} INFO - Row 119: link found, clicking…
[2026-06-08T14:37:06.898+0000] {docker.py:429} INFO - Row 120: link found, clicking…
[2026-06-08T14:37:14.849+0000] {docker.py:429} INFO - Row 121: link found, clicking…
[2026-06-08T14:37:22.646+0000] {docker.py:429} INFO - Row 122: link found, clicking…
[2026-06-08T14:37:28.610+0000] {docker.py:429} INFO - Row 123: link found, clicking…
[2026-06-08T14:37:37.701+0000] {docker.py:429} INFO - Row 124: link found, clicking…
[2026-06-08T14:37:57.899+0000] {docker.py:429} INFO - Row 125: link found, clicking…
[2026-06-08T14:38:11.836+0000] {docker.py:429} INFO - Row 126: link found, clicking…
[2026-06-08T14:38:23.475+0000] {docker.py:429} INFO - Row 127: link found, clicking…
[2026-06-08T14:38:46.575+0000] {docker.py:429} INFO - Row 128: link found, clicking…
[2026-06-08T14:38:59.445+0000] {docker.py:429} INFO - Row 129: link found, clicking…
[2026-06-08T14:39:09.931+0000] {docker.py:429} INFO - Row 130: link found, clicking…
[2026-06-08T14:39:13.861+0000] {docker.py:429} INFO - Row 131: link found, clicking…
[2026-06-08T14:39:21.597+0000] {docker.py:429} INFO - Row 132: link found, clicking…
[2026-06-08T14:39:27.402+0000] {docker.py:429} INFO - Final unique records: 76
[2026-06-08T14:39:28.716+0000] {docker.py:429} INFO - Saved → /app/data/inegi_playwright.json
ERROR: Event loop is closed! Is Playwright already stopped?
[2026-06-08T14:39:46.353+0000] {taskinstance.py:1149} INFO - Marking task as SUCCESS. dag_id=inegi_playwright, task_id=run_inegi_playwright, execution_date=20260607T000000, start_date=20260608T141554, end_date=20260608T143945
[2026-06-08T14:39:52.845+0000] {local_task_job_runner.py:234} INFO - Task exited with return code 0
[2026-06-08T14:40:04.125+0000] {taskinstance.py:3309} INFO - 0 downstream tasks scheduled from follow-on schedule check
