[2026-05-21T08:33:34.460+0000] {taskinstance.py:1979} INFO - Dependencies all met for dep_context=non-requeueable deps ti=<TaskInstance: merge_all_scrapers.merge_all_outputs manual__2026-05-21T08:33:08.266905+00:00 [queued]>
[2026-05-21T08:33:34.831+0000] {taskinstance.py:1979} INFO - Dependencies all met for dep_context=requeueable deps ti=<TaskInstance: merge_all_scrapers.merge_all_outputs manual__2026-05-21T08:33:08.266905+00:00 [queued]>
[2026-05-21T08:33:34.864+0000] {taskinstance.py:2193} INFO - Starting attempt 1 of 1
[2026-05-21T08:33:37.220+0000] {taskinstance.py:2214} INFO - Executing <Task(PythonOperator): merge_all_outputs> on 2026-05-21 08:33:08.266905+00:00
[2026-05-21T08:33:37.828+0000] {standard_task_runner.py:60} INFO - Started process 660 to run task
[2026-05-21T08:33:38.073+0000] {standard_task_runner.py:87} INFO - Running: ['***', 'tasks', 'run', 'merge_all_scrapers', 'merge_all_outputs', 'manual__2026-05-21T08:33:08.266905+00:00', '--job-id', '115', '--raw', '--subdir', 'DAGS_FOLDER/merge_dag.py', '--cfg-path', '/tmp/tmp3ai3o6em']
[2026-05-21T08:33:38.216+0000] {standard_task_runner.py:88} INFO - Job 115: Subtask merge_all_outputs
[2026-05-21T08:33:39.524+0000] {task_command.py:423} INFO - Running <TaskInstance: merge_all_scrapers.merge_all_outputs manual__2026-05-21T08:33:08.266905+00:00 [running]> on host f39b18a112ca
[2026-05-21T08:33:44.266+0000] {taskinstance.py:2510} INFO - Exporting env vars: AIRFLOW_CTX_DAG_OWNER='***' AIRFLOW_CTX_DAG_ID='merge_all_scrapers' AIRFLOW_CTX_TASK_ID='merge_all_outputs' AIRFLOW_CTX_EXECUTION_DATE='2026-05-21T08:33:08.266905+00:00' AIRFLOW_CTX_TRY_NUMBER='1' AIRFLOW_CTX_DAG_RUN_ID='manual__2026-05-21T08:33:08.266905+00:00'
[2026-05-21T08:33:44.812+0000] {logging_mixin.py:188} INFO - 📂 DATA PATH: /opt/***/data
[2026-05-21T08:33:44.988+0000] {logging_mixin.py:188} INFO - 
📄 READING JSON: eu_fsf_sanctions.json
[2026-05-21T08:33:47.044+0000] {logging_mixin.py:188} INFO - 
📄 READING JSON: inegi_playwright.json
[2026-05-21T08:33:47.132+0000] {logging_mixin.py:188} INFO - 
📄 READING JSON: inegi_scraper.json
[2026-05-21T08:33:47.150+0000] {logging_mixin.py:188} INFO - 
🗄️ READING DB: kaldata.db
[2026-05-21T08:34:06.942+0000] {logging_mixin.py:188} INFO - 
🗄️ READING DB: telegraph.db
[2026-05-21T08:34:07.730+0000] {logging_mixin.py:188} INFO - 
📦 TOTAL BEFORE DEDUP: 6726
[2026-05-21T08:34:08.223+0000] {logging_mixin.py:188} INFO - 🧹 AFTER DEDUP: 6722
[2026-05-21T08:34:08.390+0000] {base.py:83} INFO - Using connection ID 'postgres_default' for task execution.
[2026-05-21T08:36:28.171+0000] {logging_mixin.py:188} INFO - 💾 JSON OUTPUT: /opt/***/data/final_output.json
[2026-05-21T08:36:28.607+0000] {logging_mixin.py:188} INFO - 🔓 LOCK REMOVED
[2026-05-21T08:36:28.674+0000] {python.py:202} INFO - Done. Returned value was: None
[2026-05-21T08:36:28.880+0000] {taskinstance.py:1149} INFO - Marking task as SUCCESS. dag_id=merge_all_scrapers, task_id=merge_all_outputs, execution_date=20260521T083308, start_date=20260521T083334, end_date=20260521T083628
[2026-05-21T08:36:30.470+0000] {local_task_job_runner.py:234} INFO - Task exited with return code 0
[2026-05-21T08:36:31.062+0000] {taskinstance.py:3309} INFO - 0 downstream tasks scheduled from follow-on schedule check
