[2026-06-08T14:25:23.217+0000] {taskinstance.py:1979} INFO - Dependencies all met for dep_context=non-requeueable deps ti=<TaskInstance: merge_all_scrapers.merge_all_outputs manual__2026-06-08T14:24:05.247085+00:00 [queued]>
[2026-06-08T14:25:23.593+0000] {taskinstance.py:1979} INFO - Dependencies all met for dep_context=requeueable deps ti=<TaskInstance: merge_all_scrapers.merge_all_outputs manual__2026-06-08T14:24:05.247085+00:00 [queued]>
[2026-06-08T14:25:23.605+0000] {taskinstance.py:2193} INFO - Starting attempt 1 of 1
[2026-06-08T14:25:24.878+0000] {taskinstance.py:2214} INFO - Executing <Task(PythonOperator): merge_all_outputs> on 2026-06-08 14:24:05.247085+00:00
[2026-06-08T14:25:25.127+0000] {standard_task_runner.py:60} INFO - Started process 459 to run task
[2026-06-08T14:25:25.424+0000] {standard_task_runner.py:87} INFO - Running: ['***', 'tasks', 'run', 'merge_all_scrapers', 'merge_all_outputs', 'manual__2026-06-08T14:24:05.247085+00:00', '--job-id', '425', '--raw', '--subdir', 'DAGS_FOLDER/merge_dag.py', '--cfg-path', '/tmp/tmpkhf_tmau']
[2026-06-08T14:25:25.664+0000] {standard_task_runner.py:88} INFO - Job 425: Subtask merge_all_outputs
[2026-06-08T14:25:30.742+0000] {task_command.py:423} INFO - Running <TaskInstance: merge_all_scrapers.merge_all_outputs manual__2026-06-08T14:24:05.247085+00:00 [running]> on host f39b18a112ca
[2026-06-08T14:25:40.120+0000] {taskinstance.py:2510} INFO - Exporting env vars: AIRFLOW_CTX_DAG_OWNER='***' AIRFLOW_CTX_DAG_ID='merge_all_scrapers' AIRFLOW_CTX_TASK_ID='merge_all_outputs' AIRFLOW_CTX_EXECUTION_DATE='2026-06-08T14:24:05.247085+00:00' AIRFLOW_CTX_TRY_NUMBER='1' AIRFLOW_CTX_DAG_RUN_ID='manual__2026-06-08T14:24:05.247085+00:00'
[2026-06-08T14:25:41.660+0000] {logging_mixin.py:188} INFO - 📂 DATA PATH: /opt/***/data
[2026-06-08T14:25:41.707+0000] {logging_mixin.py:188} INFO - 
READING JSON: eu_fsf_sanctions.json
[2026-06-08T14:25:47.517+0000] {logging_mixin.py:188} INFO - 
READING JSON: inegi_playwright.json
[2026-06-08T14:25:56.898+0000] {logging_mixin.py:188} INFO - 
READING JSON: inegi_scraper.json
[2026-06-08T14:25:58.630+0000] {logging_mixin.py:188} INFO - 
READING DB: kaldata.db
[2026-06-08T14:28:13.113+0000] {logging_mixin.py:188} INFO - 
READING DB: telegraph.db
[2026-06-08T14:28:15.313+0000] {logging_mixin.py:188} INFO - 
TOTAL BEFORE DEDUP: 6598
[2026-06-08T14:28:15.662+0000] {logging_mixin.py:188} INFO - AFTER DEDUP: 6595
[2026-06-08T14:28:18.528+0000] {base.py:83} INFO - Using connection ID 'postgres_default' for task execution.
[2026-06-08T14:29:55.272+0000] {logging_mixin.py:188} INFO - JSON OUTPUT: /opt/***/data/final_output.json
[2026-06-08T14:29:55.320+0000] {logging_mixin.py:188} INFO - LOCK REMOVED
[2026-06-08T14:29:55.352+0000] {python.py:202} INFO - Done. Returned value was: None
[2026-06-08T14:29:55.562+0000] {taskinstance.py:1149} INFO - Marking task as SUCCESS. dag_id=merge_all_scrapers, task_id=merge_all_outputs, execution_date=20260608T142405, start_date=20260608T142523, end_date=20260608T142955
[2026-06-08T14:29:56.438+0000] {local_task_job_runner.py:234} INFO - Task exited with return code 0
[2026-06-08T14:29:56.739+0000] {taskinstance.py:3309} INFO - 0 downstream tasks scheduled from follow-on schedule check
