[2026-06-03T07:09:53.637+0000] {taskinstance.py:1979} INFO - Dependencies all met for dep_context=non-requeueable deps ti=<TaskInstance: merge_all_scrapers.merge_all_outputs manual__2026-06-03T07:09:28.761594+00:00 [queued]>
[2026-06-03T07:09:53.700+0000] {taskinstance.py:1979} INFO - Dependencies all met for dep_context=requeueable deps ti=<TaskInstance: merge_all_scrapers.merge_all_outputs manual__2026-06-03T07:09:28.761594+00:00 [queued]>
[2026-06-03T07:09:53.702+0000] {taskinstance.py:2193} INFO - Starting attempt 1 of 1
[2026-06-03T07:09:53.824+0000] {taskinstance.py:2214} INFO - Executing <Task(PythonOperator): merge_all_outputs> on 2026-06-03 07:09:28.761594+00:00
[2026-06-03T07:09:53.864+0000] {standard_task_runner.py:60} INFO - Started process 420 to run task
[2026-06-03T07:09:53.956+0000] {standard_task_runner.py:87} INFO - Running: ['***', 'tasks', 'run', 'merge_all_scrapers', 'merge_all_outputs', 'manual__2026-06-03T07:09:28.761594+00:00', '--job-id', '367', '--raw', '--subdir', 'DAGS_FOLDER/merge_dag.py', '--cfg-path', '/tmp/tmpxsezfc34']
[2026-06-03T07:09:54.257+0000] {standard_task_runner.py:88} INFO - Job 367: Subtask merge_all_outputs
[2026-06-03T07:09:56.494+0000] {task_command.py:423} INFO - Running <TaskInstance: merge_all_scrapers.merge_all_outputs manual__2026-06-03T07:09:28.761594+00:00 [running]> on host f39b18a112ca
[2026-06-03T07:09:58.294+0000] {taskinstance.py:2510} INFO - Exporting env vars: AIRFLOW_CTX_DAG_OWNER='***' AIRFLOW_CTX_DAG_ID='merge_all_scrapers' AIRFLOW_CTX_TASK_ID='merge_all_outputs' AIRFLOW_CTX_EXECUTION_DATE='2026-06-03T07:09:28.761594+00:00' AIRFLOW_CTX_TRY_NUMBER='1' AIRFLOW_CTX_DAG_RUN_ID='manual__2026-06-03T07:09:28.761594+00:00'
[2026-06-03T07:09:58.310+0000] {logging_mixin.py:188} INFO - 📂 DATA PATH: /opt/***/data
[2026-06-03T07:09:58.315+0000] {logging_mixin.py:188} INFO - 
📄 READING JSON: eu_fsf_sanctions.json
[2026-06-03T07:09:58.625+0000] {logging_mixin.py:188} INFO - 
📄 READING JSON: inegi_playwright.json
[2026-06-03T07:09:58.719+0000] {logging_mixin.py:188} INFO - 
📄 READING JSON: inegi_scraper.json
[2026-06-03T07:09:58.878+0000] {logging_mixin.py:188} INFO - 
🗄️ READING DB: kaldata.db
[2026-06-03T07:10:07.449+0000] {logging_mixin.py:188} INFO - 
🗄️ READING DB: telegraph.db
[2026-06-03T07:10:16.079+0000] {logging_mixin.py:188} INFO - 
📦 TOTAL BEFORE DEDUP: 6367
[2026-06-03T07:10:16.534+0000] {logging_mixin.py:188} INFO - 🧹 AFTER DEDUP: 6364
[2026-06-03T07:10:17.002+0000] {base.py:83} INFO - Using connection ID 'postgres_default' for task execution.
[2026-06-03T07:10:58.434+0000] {logging_mixin.py:188} INFO - 💾 JSON OUTPUT: /opt/***/data/final_output.json
[2026-06-03T07:10:58.478+0000] {logging_mixin.py:188} INFO - 🔓 LOCK REMOVED
[2026-06-03T07:10:58.507+0000] {python.py:202} INFO - Done. Returned value was: None
[2026-06-03T07:10:58.972+0000] {taskinstance.py:1149} INFO - Marking task as SUCCESS. dag_id=merge_all_scrapers, task_id=merge_all_outputs, execution_date=20260603T070928, start_date=20260603T070953, end_date=20260603T071058
[2026-06-03T07:10:59.284+0000] {local_task_job_runner.py:234} INFO - Task exited with return code 0
[2026-06-03T07:10:59.683+0000] {taskinstance.py:3309} INFO - 0 downstream tasks scheduled from follow-on schedule check
