[2026-05-14T07:12:03.045+0000] {taskinstance.py:1979} INFO - Dependencies all met for dep_context=non-requeueable deps ti=<TaskInstance: merge_all_scrapers.merge_all_outputs manual__2026-05-14T07:11:56.742893+00:00 [queued]>
[2026-05-14T07:12:03.253+0000] {taskinstance.py:1979} INFO - Dependencies all met for dep_context=requeueable deps ti=<TaskInstance: merge_all_scrapers.merge_all_outputs manual__2026-05-14T07:11:56.742893+00:00 [queued]>
[2026-05-14T07:12:03.269+0000] {taskinstance.py:2193} INFO - Starting attempt 1 of 1
[2026-05-14T07:12:04.313+0000] {taskinstance.py:2214} INFO - Executing <Task(PythonOperator): merge_all_outputs> on 2026-05-14 07:11:56.742893+00:00
[2026-05-14T07:12:04.386+0000] {standard_task_runner.py:60} INFO - Started process 612 to run task
[2026-05-14T07:12:04.445+0000] {standard_task_runner.py:87} INFO - Running: ['***', 'tasks', 'run', 'merge_all_scrapers', 'merge_all_outputs', 'manual__2026-05-14T07:11:56.742893+00:00', '--job-id', '37', '--raw', '--subdir', 'DAGS_FOLDER/merge_dag.py', '--cfg-path', '/tmp/tmpj79b7u51']
[2026-05-14T07:12:04.470+0000] {standard_task_runner.py:88} INFO - Job 37: Subtask merge_all_outputs
[2026-05-14T07:12:06.205+0000] {task_command.py:423} INFO - Running <TaskInstance: merge_all_scrapers.merge_all_outputs manual__2026-05-14T07:11:56.742893+00:00 [running]> on host ab149d976c2e
[2026-05-14T07:12:08.399+0000] {taskinstance.py:2510} INFO - Exporting env vars: AIRFLOW_CTX_DAG_OWNER='***' AIRFLOW_CTX_DAG_ID='merge_all_scrapers' AIRFLOW_CTX_TASK_ID='merge_all_outputs' AIRFLOW_CTX_EXECUTION_DATE='2026-05-14T07:11:56.742893+00:00' AIRFLOW_CTX_TRY_NUMBER='1' AIRFLOW_CTX_DAG_RUN_ID='manual__2026-05-14T07:11:56.742893+00:00'
[2026-05-14T07:12:08.426+0000] {logging_mixin.py:188} INFO - 📂 DATA PATH: /opt/***/data
[2026-05-14T07:12:08.430+0000] {logging_mixin.py:188} INFO - 
📄 READING JSON: eu_fsf_sanctions.json
[2026-05-14T07:12:08.565+0000] {logging_mixin.py:188} INFO - 
📄 READING JSON: inegi_playwright.json
[2026-05-14T07:12:08.576+0000] {logging_mixin.py:188} INFO - 
🗄️ READING DB: kaldata.db
[2026-05-14T07:14:15.826+0000] {logging_mixin.py:188} INFO - 
🗄️ READING DB: telegraph.db
[2026-05-14T07:14:16.012+0000] {logging_mixin.py:188} INFO - 
📦 TOTAL BEFORE DEDUP: 6646
[2026-05-14T07:14:16.111+0000] {logging_mixin.py:188} INFO - 🧹 AFTER DEDUP: 6642
[2026-05-14T07:14:16.161+0000] {logging_mixin.py:188} INFO - ❌ MERGE ERROR: The conn_id `postgres_data` isn't defined
[2026-05-14T07:14:16.170+0000] {logging_mixin.py:188} INFO - 🔓 LOCK REMOVED
[2026-05-14T07:14:16.181+0000] {python.py:202} INFO - Done. Returned value was: None
[2026-05-14T07:14:16.235+0000] {taskinstance.py:1149} INFO - Marking task as SUCCESS. dag_id=merge_all_scrapers, task_id=merge_all_outputs, execution_date=20260514T071156, start_date=20260514T071203, end_date=20260514T071416
[2026-05-14T07:14:16.553+0000] {local_task_job_runner.py:234} INFO - Task exited with return code 0
[2026-05-14T07:14:17.097+0000] {taskinstance.py:3309} INFO - 0 downstream tasks scheduled from follow-on schedule check
