[2026-05-14T07:17:31.591+0000] {taskinstance.py:1979} INFO - Dependencies all met for dep_context=non-requeueable deps ti=<TaskInstance: inegi_scraper.trigger_merge scheduled__2026-05-13T00:00:00+00:00 [queued]>
[2026-05-14T07:17:31.666+0000] {taskinstance.py:1979} INFO - Dependencies all met for dep_context=requeueable deps ti=<TaskInstance: inegi_scraper.trigger_merge scheduled__2026-05-13T00:00:00+00:00 [queued]>
[2026-05-14T07:17:31.676+0000] {taskinstance.py:2193} INFO - Starting attempt 1 of 3
[2026-05-14T07:17:31.831+0000] {taskinstance.py:2214} INFO - Executing <Task(TriggerDagRunOperator): trigger_merge> on 2026-05-13 00:00:00+00:00
[2026-05-14T07:17:31.858+0000] {standard_task_runner.py:60} INFO - Started process 865 to run task
[2026-05-14T07:17:31.891+0000] {standard_task_runner.py:87} INFO - Running: ['***', 'tasks', 'run', 'inegi_scraper', 'trigger_merge', 'scheduled__2026-05-13T00:00:00+00:00', '--job-id', '40', '--raw', '--subdir', 'DAGS_FOLDER/inegi_scraper_dag.py', '--cfg-path', '/tmp/tmpzu2xnl_2']
[2026-05-14T07:17:31.936+0000] {standard_task_runner.py:88} INFO - Job 40: Subtask trigger_merge
[2026-05-14T07:17:32.668+0000] {task_command.py:423} INFO - Running <TaskInstance: inegi_scraper.trigger_merge scheduled__2026-05-13T00:00:00+00:00 [running]> on host ab149d976c2e
[2026-05-14T07:17:33.295+0000] {taskinstance.py:2510} INFO - Exporting env vars: AIRFLOW_CTX_DAG_OWNER='***' AIRFLOW_CTX_DAG_ID='inegi_scraper' AIRFLOW_CTX_TASK_ID='trigger_merge' AIRFLOW_CTX_EXECUTION_DATE='2026-05-13T00:00:00+00:00' AIRFLOW_CTX_TRY_NUMBER='1' AIRFLOW_CTX_DAG_RUN_ID='scheduled__2026-05-13T00:00:00+00:00'
[2026-05-14T07:17:34.033+0000] {taskinstance.py:1149} INFO - Marking task as SUCCESS. dag_id=inegi_scraper, task_id=trigger_merge, execution_date=20260513T000000, start_date=20260514T071731, end_date=20260514T071734
[2026-05-14T07:17:34.187+0000] {local_task_job_runner.py:234} INFO - Task exited with return code 0
[2026-05-14T07:17:34.298+0000] {taskinstance.py:3309} INFO - 0 downstream tasks scheduled from follow-on schedule check
[2026-05-14T14:06:48.901+0000] {taskinstance.py:1979} INFO - Dependencies all met for dep_context=non-requeueable deps ti=<TaskInstance: inegi_scraper.trigger_merge scheduled__2026-05-13T00:00:00+00:00 [queued]>
[2026-05-14T14:06:48.997+0000] {taskinstance.py:1979} INFO - Dependencies all met for dep_context=requeueable deps ti=<TaskInstance: inegi_scraper.trigger_merge scheduled__2026-05-13T00:00:00+00:00 [queued]>
[2026-05-14T14:06:49.003+0000] {taskinstance.py:2193} INFO - Starting attempt 1 of 3
[2026-05-14T14:06:49.351+0000] {taskinstance.py:2214} INFO - Executing <Task(TriggerDagRunOperator): trigger_merge> on 2026-05-13 00:00:00+00:00
[2026-05-14T14:06:49.442+0000] {standard_task_runner.py:60} INFO - Started process 1204 to run task
[2026-05-14T14:06:49.599+0000] {standard_task_runner.py:87} INFO - Running: ['***', 'tasks', 'run', 'inegi_scraper', 'trigger_merge', 'scheduled__2026-05-13T00:00:00+00:00', '--job-id', '13', '--raw', '--subdir', 'DAGS_FOLDER/inegi_scraper_dag.py', '--cfg-path', '/tmp/tmpkyp0jaql']
[2026-05-14T14:06:49.759+0000] {standard_task_runner.py:88} INFO - Job 13: Subtask trigger_merge
[2026-05-14T14:06:50.793+0000] {task_command.py:423} INFO - Running <TaskInstance: inegi_scraper.trigger_merge scheduled__2026-05-13T00:00:00+00:00 [running]> on host 26acb5ca21e7
[2026-05-14T14:06:51.040+0000] {taskinstance.py:2510} INFO - Exporting env vars: AIRFLOW_CTX_DAG_OWNER='***' AIRFLOW_CTX_DAG_ID='inegi_scraper' AIRFLOW_CTX_TASK_ID='trigger_merge' AIRFLOW_CTX_EXECUTION_DATE='2026-05-13T00:00:00+00:00' AIRFLOW_CTX_TRY_NUMBER='1' AIRFLOW_CTX_DAG_RUN_ID='scheduled__2026-05-13T00:00:00+00:00'
[2026-05-14T14:06:52.631+0000] {taskinstance.py:1149} INFO - Marking task as SUCCESS. dag_id=inegi_scraper, task_id=trigger_merge, execution_date=20260513T000000, start_date=20260514T140648, end_date=20260514T140652
[2026-05-14T14:06:52.743+0000] {local_task_job_runner.py:234} INFO - Task exited with return code 0
[2026-05-14T14:06:52.816+0000] {taskinstance.py:3309} INFO - 0 downstream tasks scheduled from follow-on schedule check
