[2026-05-25T14:14:55.936+0000] {taskinstance.py:1979} INFO - Dependencies all met for dep_context=non-requeueable deps ti=<TaskInstance: telegraph_scraper.run_telegraph_container scheduled__2026-05-24T00:00:00+00:00 [queued]>
[2026-05-25T14:14:56.271+0000] {taskinstance.py:1979} INFO - Dependencies all met for dep_context=requeueable deps ti=<TaskInstance: telegraph_scraper.run_telegraph_container scheduled__2026-05-24T00:00:00+00:00 [queued]>
[2026-05-25T14:14:56.311+0000] {taskinstance.py:2193} INFO - Starting attempt 1 of 1
[2026-05-25T14:14:57.266+0000] {taskinstance.py:2214} INFO - Executing <Task(DockerOperator): run_telegraph_container> on 2026-05-24 00:00:00+00:00
[2026-05-25T14:14:57.420+0000] {standard_task_runner.py:60} INFO - Started process 153 to run task
[2026-05-25T14:14:57.634+0000] {standard_task_runner.py:87} INFO - Running: ['***', 'tasks', 'run', 'telegraph_scraper', 'run_telegraph_container', 'scheduled__2026-05-24T00:00:00+00:00', '--job-id', '198', '--raw', '--subdir', 'DAGS_FOLDER/telegraph_dag.py', '--cfg-path', '/tmp/tmpc6ptei9g']
[2026-05-25T14:14:57.685+0000] {standard_task_runner.py:88} INFO - Job 198: Subtask run_telegraph_container
[2026-05-25T14:14:58.218+0000] {task_command.py:423} INFO - Running <TaskInstance: telegraph_scraper.run_telegraph_container scheduled__2026-05-24T00:00:00+00:00 [running]> on host f39b18a112ca
[2026-05-25T14:14:59.803+0000] {taskinstance.py:2510} INFO - Exporting env vars: AIRFLOW_CTX_DAG_OWNER='***' AIRFLOW_CTX_DAG_ID='telegraph_scraper' AIRFLOW_CTX_TASK_ID='run_telegraph_container' AIRFLOW_CTX_EXECUTION_DATE='2026-05-24T00:00:00+00:00' AIRFLOW_CTX_TRY_NUMBER='1' AIRFLOW_CTX_DAG_RUN_ID='scheduled__2026-05-24T00:00:00+00:00'
[2026-05-25T14:15:00.354+0000] {docker.py:359} INFO - Starting docker container from image telegraph-scraper:v1
[2026-05-25T14:15:00.438+0000] {docker.py:367} WARNING - Using remote engine or docker-in-docker and mounting temporary volume from host is not supported. Falling back to `mount_tmp_dir=False` mode. You can set `mount_tmp_dir` parameter to False to disable mounting and remove the warning
[2026-05-25T14:15:26.439+0000] {docker.py:429} INFO - [+] Saved: Сеск Фабрегас бе много емоционален след класирането за ШЛ
[2026-05-25T14:15:28.803+0000] {docker.py:429} INFO - [+] Saved: Хулиан Алварес пожела да напусне Атлетико
[2026-05-25T14:15:32.194+0000] {docker.py:429} INFO - [+] Saved: 20 души пострадаха при нападение с химическо вещество в мол!
[2026-05-25T14:15:34.470+0000] {docker.py:429} INFO - [+] Saved: КОШМАР: Трамвай се заби в заведение, има ранени! (СНИМКИ)
[2026-05-25T14:15:36.200+0000] {docker.py:429} INFO - [+] Saved: Във вторник във вестник "Мач Телеграф"
[2026-05-25T14:15:38.015+0000] {docker.py:429} INFO - [+] Saved: Виктор Марков стана вицешампион на двойки на турнир по тенис в Турция
[2026-05-25T14:15:39.686+0000] {docker.py:429} INFO - [+] Saved: ЧУДО: Златотърсачи оцеляха пет дни в наводнена пещера!
[2026-05-25T14:15:42.655+0000] {docker.py:429} INFO - [+] Saved: Официално: Антонио Конте вече не е треньор на Наполи
[2026-05-25T14:15:46.856+0000] {docker.py:429} INFO - [+] Saved: Александър Донски загуби във втория кръг в квалификациите на "Чалънджър" в ЮАР
[2026-05-25T14:15:49.298+0000] {docker.py:429} INFO - [+] Saved: Иван Иванов се класира за основната схема на турнир по тенис в Кошице
[2026-05-25T14:15:52.969+0000] {docker.py:429} INFO - [+] Saved: ЦСКА 1948 привлича крило от изпадналия Монтана
[2026-05-25T14:15:56.445+0000] {docker.py:429} INFO - [+] Saved: НА ЛЕТИЩЕТО В ИСТАНБУЛ: Закопчаха известната турска актриса Серенай Саръкая
[2026-05-25T14:15:58.367+0000] {docker.py:429} INFO - [+] Saved: Де ла Фуенте шокира, зачеркна Реал Мадрид
[2026-05-25T14:16:01.522+0000] {docker.py:429} INFO - [+] Saved: ПЪТЕН АД СЛЕД ПРАЗНИЦИТЕ: Хиляди коли заляха магистралите към София, "Тракия" най-натоварена
[2026-05-25T14:16:04.147+0000] {docker.py:429} INFO - [+] Saved: Кошмарен вариант за ЦСКА в Лига Европа
[2026-05-25T14:16:06.827+0000] {docker.py:429} INFO - [+] Saved: Премиерът се срещна с помощник държавния секретар по европейските и евразийски въпроси в Държавния департамент на САЩ
[2026-05-25T14:16:09.107+0000] {docker.py:429} INFO - [+] Saved: Вторият отбор на Славия си осигури бронзовите медали в Трета лига
[2026-05-25T14:16:12.496+0000] {docker.py:429} INFO - [+] Saved: Напрежението остава високо: САЩ и Иран охладиха надеждите за бърз мир
[2026-05-25T14:16:14.753+0000] {docker.py:429} INFO - [+] Saved: ЦСКА с ново видео за „Армията“ (ВИДЕО)
[2026-05-25T14:16:16.651+0000] {docker.py:429} INFO - [+] Saved: Вратар напусна Арда
[2026-05-25T14:16:19.149+0000] {docker.py:429} INFO - [+] Saved: След тежките валежи в Габровско: Държавата отпуска три вида помощи за засегнатите домакинства
[2026-05-25T14:16:22.062+0000] {docker.py:429} INFO - [+] Saved: Симеон Николов си тръгна от Локомотив
[2026-05-25T14:16:23.889+0000] {docker.py:429} INFO - [+] Saved: Архитектът на Байерн в сянка
[2026-05-25T14:16:26.354+0000] {docker.py:429} INFO - [+] Saved: Гробът стана лукс!
[2026-05-25T14:16:28.600+0000] {docker.py:429} INFO - [+] Saved: СЛЕД 18 ЧАСА ИЗДИРВАНЕ: Закопчаха шофьора от екшъна с гонка и катастрофа в Бургас
[2026-05-25T14:16:30.997+0000] {docker.py:429} INFO - [+] Saved: Александра Начева: Пикът на формата ми трябва да е на европейското в Бирмингам
[2026-05-25T14:16:33.101+0000] {docker.py:429} INFO - [+] Saved: Пирея не спа заради Везенков
[2026-05-25T14:16:34.990+0000] {docker.py:429} INFO - [+] Saved: УДАР НА ГДБОП: Спипаха марихуана за над 250 хил. евро в тайници на кола (ВИДЕО)
[2026-05-25T14:16:37.056+0000] {docker.py:429} INFO - [+] Saved: Хари Кейн спечели Златната обувка за сезона
[2026-05-25T14:16:38.696+0000] {docker.py:429} INFO - [+] Saved: Перник иска главите на Вили и Велизар
[2026-05-25T14:16:41.772+0000] {docker.py:429} INFO - [+] Saved: "МИЛИОНИ В КАЛТА": Скандал с обновяването на психиатрията в Севлиево
[2026-05-25T14:16:43.704+0000] {docker.py:429} INFO - [+] Saved: Дара похвали Везенков след историческата титла
[2026-05-25T14:16:47.146+0000] {docker.py:429} INFO - [+] Saved: Тодор Янчев обяви състава на младежите за мача със Северна Македония
[2026-05-25T14:16:49.277+0000] {docker.py:429} INFO - [+] Saved: Веласкес избра 20 футболисти за сблъсъка с ЦСКА 1948
[2026-05-25T14:16:52.075+0000] {docker.py:429} INFO - [+] Saved: В Разград няма да размразяват „червения“ Алмейда
[2026-05-25T14:16:54.363+0000] {docker.py:429} INFO - [+] Saved: Втори сме по скок на дизела!
[2026-05-25T14:16:56.558+0000] {docker.py:429} INFO - [+] Saved: КОШМАР В МОЛА! Около 20 ранени след инцидент със спрей в Токио
[2026-05-25T14:17:01.531+0000] {docker.py:429} INFO - [+] Saved: Интензивен трафик в страната в последния от почивните дни
[2026-05-25T14:17:07.445+0000] {docker.py:429} INFO - [+] Saved: Гуардиола на прощаване: Защо ме обичате?
[2026-05-25T14:17:09.834+0000] {docker.py:429} INFO - [+] Saved: Раздадоха наградите „Аскеер“
[2026-05-25T14:17:12.140+0000] {docker.py:429} INFO - [+] Saved: Лионел Меси притесни Аржентина
[2026-05-25T14:17:14.113+0000] {docker.py:429} INFO - [+] Saved: Служители на ГДНП продават информация на издирвани лица?
[2026-05-25T14:17:15.909+0000] {docker.py:429} INFO - [+] Saved: Троен възел в битката за Европа!
[2026-05-25T14:17:17.708+0000] {docker.py:429} INFO - [+] Saved: ПОВОД ЗА ГОРДОСТ! БГ филм с награда в Кан
[2026-05-25T14:17:19.641+0000] {docker.py:429} INFO - [+] Saved: Шампионска целувка за историята! (ВИДЕО)
[2026-05-25T14:17:22.609+0000] {docker.py:429} INFO - [+] Saved: Товарен бус изгоря във Варна
[2026-05-25T14:17:24.894+0000] {docker.py:429} INFO - [+] Saved: Тежко наказание за Никола Цолов
[2026-05-25T14:17:26.848+0000] {docker.py:429} INFO - [+] Saved: Нови подробности около трагедията в Благоевград
[2026-05-25T14:17:28.870+0000] {docker.py:429} INFO - [+] Saved: Георги Величков: Ботев ни е най-големият мотиватор за Европа
[2026-05-25T14:17:30.761+0000] {docker.py:429} INFO - [+] Saved: Ани и Дани посрещат лятото с мощна формула за „Веселие“
[2026-05-25T14:17:33.557+0000] {docker.py:429} INFO - [+] Saved: Рилдо се сбогува с Левски
[2026-05-25T14:17:35.745+0000] {docker.py:429} INFO - [+] Saved: Постоянен арест и обвинение в отвличане за украинците, стреляли във Варна
[2026-05-25T14:17:37.582+0000] {docker.py:429} INFO - [+] Saved: Нов формат и рекорден брой състезателки във Варна
[2026-05-25T14:17:39.928+0000] {docker.py:429} INFO - [+] Saved: Избраха актрисата, която ще играе Лили Иванова! (СНИМКИ)
[2026-05-25T14:17:42.859+0000] {docker.py:429} INFO - [+] Saved: Треньор с дубъл в Швеция замества Хьогмо днес
[2026-05-25T14:17:46.741+0000] {docker.py:429} INFO - [+] Saved: ВИЖДАЛИ ЛИ СТЕ Я? Полицията в Шумен издирва изчезнала жена (СНИМКА)
[2026-05-25T14:17:48.799+0000] {docker.py:429} INFO - [+] Saved: Ден на траур в Благоевград
[2026-05-25T14:17:51.816+0000] {docker.py:429} INFO - [+] Saved: Гледайте днес Лудогорец – ЦСКА и ЦСКА 1948 – Левски
[2026-05-25T14:17:53.858+0000] {docker.py:429} INFO - [+] Saved: ВРЕМЕТО: До 30 градуса в края на май
[2026-05-25T14:17:55.956+0000] {docker.py:429} INFO - [+] Saved: Джорджина чукна 1 милиард гледания
[2026-05-25T14:17:57.922+0000] {docker.py:429} INFO - [+] Saved: Гаджето плаши Сака с маска за лице
[2026-05-25T14:17:59.660+0000] {docker.py:429} INFO - [+] Saved: Антонели няма спирка, взе четвърта поредна победа във Формула 1
[2026-05-25T14:18:02.962+0000] {docker.py:429} INFO - [+] Saved: Джокович започна „Ролан Гарос“ с обрат
[2026-05-25T14:18:05.170+0000] {docker.py:429} INFO - [+] Saved: Диаш забрави Мая, пробва се с две
[2026-05-25T14:18:06.962+0000] {docker.py:429} INFO - [+] Saved: Везенков най-после си отдъхна: Вече мога да спя спокойно
[2026-05-25T14:18:08.965+0000] {docker.py:429} INFO - [+] Saved: Рома и Комо влязоха в Шампионската лига, огромен провал за Милан
[2026-05-25T14:18:11.529+0000] {docker.py:429} INFO - [+] Saved: Холанд голмайстор във Висшата лига за трети път в последните 4 години
[2026-05-25T14:18:14.089+0000] {docker.py:429} INFO - [+] Saved: Везенков триумфира в Евролигата!
[2026-05-25T14:18:16.262+0000] {docker.py:429} INFO - [+] Saved: Време за любов и сватби до средата на юни
[2026-05-25T14:18:23.978+0000] {taskinstance.py:1149} INFO - Marking task as SUCCESS. dag_id=telegraph_scraper, task_id=run_telegraph_container, execution_date=20260524T000000, start_date=20260525T141455, end_date=20260525T141823
[2026-05-25T14:18:28.913+0000] {local_task_job_runner.py:234} INFO - Task exited with return code 0
[2026-05-25T14:18:30.753+0000] {taskinstance.py:3309} INFO - 1 downstream tasks scheduled from follow-on schedule check
