[2026-05-21T12:22:20.774+0000] {taskinstance.py:1979} INFO - Dependencies all met for dep_context=non-requeueable deps ti=<TaskInstance: merge_all_scrapers.merge_all_outputs manual__2026-05-21T12:21:31.822322+00:00 [queued]>
[2026-05-21T12:22:20.918+0000] {taskinstance.py:1979} INFO - Dependencies all met for dep_context=requeueable deps ti=<TaskInstance: merge_all_scrapers.merge_all_outputs manual__2026-05-21T12:21:31.822322+00:00 [queued]>
[2026-05-21T12:22:20.943+0000] {taskinstance.py:2193} INFO - Starting attempt 1 of 1
[2026-05-21T12:22:21.272+0000] {taskinstance.py:2214} INFO - Executing <Task(PythonOperator): merge_all_outputs> on 2026-05-21 12:21:31.822322+00:00
[2026-05-21T12:22:21.329+0000] {standard_task_runner.py:60} INFO - Started process 983 to run task
[2026-05-21T12:22:21.433+0000] {standard_task_runner.py:87} INFO - Running: ['***', 'tasks', 'run', 'merge_all_scrapers', 'merge_all_outputs', 'manual__2026-05-21T12:21:31.822322+00:00', '--job-id', '161', '--raw', '--subdir', 'DAGS_FOLDER/merge_dag.py', '--cfg-path', '/tmp/tmp4b292lc4']
[2026-05-21T12:22:21.503+0000] {standard_task_runner.py:88} INFO - Job 161: Subtask merge_all_outputs
[2026-05-21T12:22:24.914+0000] {task_command.py:423} INFO - Running <TaskInstance: merge_all_scrapers.merge_all_outputs manual__2026-05-21T12:21:31.822322+00:00 [running]> on host f39b18a112ca
[2026-05-21T12:22:27.419+0000] {taskinstance.py:2510} INFO - Exporting env vars: AIRFLOW_CTX_DAG_OWNER='***' AIRFLOW_CTX_DAG_ID='merge_all_scrapers' AIRFLOW_CTX_TASK_ID='merge_all_outputs' AIRFLOW_CTX_EXECUTION_DATE='2026-05-21T12:21:31.822322+00:00' AIRFLOW_CTX_TRY_NUMBER='1' AIRFLOW_CTX_DAG_RUN_ID='manual__2026-05-21T12:21:31.822322+00:00'
[2026-05-21T12:22:27.471+0000] {logging_mixin.py:188} INFO - 📂 DATA PATH: /opt/***/data
[2026-05-21T12:22:27.486+0000] {logging_mixin.py:188} INFO - 
📄 READING JSON: eu_fsf_sanctions.json
[2026-05-21T12:22:28.691+0000] {logging_mixin.py:188} INFO - 
📄 READING JSON: inegi_playwright.json
[2026-05-21T12:22:28.770+0000] {logging_mixin.py:188} INFO - 
📄 READING JSON: inegi_scraper.json
[2026-05-21T12:22:28.877+0000] {logging_mixin.py:188} INFO - 
🗄️ READING DB: kaldata.db
[2026-05-21T12:22:31.292+0000] {logging_mixin.py:188} INFO - 
🗄️ READING DB: telegraph.db
[2026-05-21T12:22:32.125+0000] {logging_mixin.py:188} INFO - 
📦 TOTAL BEFORE DEDUP: 6284
[2026-05-21T12:22:32.352+0000] {logging_mixin.py:188} INFO - 🧹 AFTER DEDUP: 6280
[2026-05-21T12:22:33.239+0000] {base.py:83} INFO - Using connection ID 'postgres_default' for task execution.
[2026-05-21T12:23:29.962+0000] {logging_mixin.py:188} INFO - 💾 JSON OUTPUT: /opt/***/data/final_output.json
[2026-05-21T12:23:30.009+0000] {logging_mixin.py:188} INFO - 🔓 LOCK REMOVED
[2026-05-21T12:23:30.073+0000] {python.py:202} INFO - Done. Returned value was: None
[2026-05-21T12:23:30.429+0000] {taskinstance.py:1149} INFO - Marking task as SUCCESS. dag_id=merge_all_scrapers, task_id=merge_all_outputs, execution_date=20260521T122131, start_date=20260521T122220, end_date=20260521T122330
[2026-05-21T12:23:30.682+0000] {local_task_job_runner.py:234} INFO - Task exited with return code 0
[2026-05-21T12:23:30.912+0000] {taskinstance.py:3309} INFO - 0 downstream tasks scheduled from follow-on schedule check
