[2026-05-13T15:38:30.472+0000] {taskinstance.py:1979} INFO - Dependencies all met for dep_context=non-requeueable deps ti=<TaskInstance: merge_all_scrapers.merge_all_outputs manual__2026-05-13T15:38:27.464559+00:00 [queued]>
[2026-05-13T15:38:30.534+0000] {taskinstance.py:1979} INFO - Dependencies all met for dep_context=requeueable deps ti=<TaskInstance: merge_all_scrapers.merge_all_outputs manual__2026-05-13T15:38:27.464559+00:00 [queued]>
[2026-05-13T15:38:30.555+0000] {taskinstance.py:2193} INFO - Starting attempt 1 of 1
[2026-05-13T15:38:30.706+0000] {taskinstance.py:2214} INFO - Executing <Task(PythonOperator): merge_all_outputs> on 2026-05-13 15:38:27.464559+00:00
[2026-05-13T15:38:30.755+0000] {standard_task_runner.py:60} INFO - Started process 2437 to run task
[2026-05-13T15:38:30.820+0000] {standard_task_runner.py:87} INFO - Running: ['***', 'tasks', 'run', 'merge_all_scrapers', 'merge_all_outputs', 'manual__2026-05-13T15:38:27.464559+00:00', '--job-id', '23', '--raw', '--subdir', 'DAGS_FOLDER/merge_dag.py', '--cfg-path', '/tmp/tmp7pije8nl']
[2026-05-13T15:38:30.942+0000] {standard_task_runner.py:88} INFO - Job 23: Subtask merge_all_outputs
[2026-05-13T15:38:31.383+0000] {task_command.py:423} INFO - Running <TaskInstance: merge_all_scrapers.merge_all_outputs manual__2026-05-13T15:38:27.464559+00:00 [running]> on host ab149d976c2e
[2026-05-13T15:38:31.816+0000] {taskinstance.py:2510} INFO - Exporting env vars: AIRFLOW_CTX_DAG_OWNER='***' AIRFLOW_CTX_DAG_ID='merge_all_scrapers' AIRFLOW_CTX_TASK_ID='merge_all_outputs' AIRFLOW_CTX_EXECUTION_DATE='2026-05-13T15:38:27.464559+00:00' AIRFLOW_CTX_TRY_NUMBER='1' AIRFLOW_CTX_DAG_RUN_ID='manual__2026-05-13T15:38:27.464559+00:00'
[2026-05-13T15:38:31.869+0000] {logging_mixin.py:188} INFO - 📂 DATA PATH: /opt/***/data
[2026-05-13T15:38:31.884+0000] {logging_mixin.py:188} INFO - 
📄 READING JSON: eu_fsf_sanctions.json
[2026-05-13T15:38:32.004+0000] {logging_mixin.py:188} INFO - 
📄 READING JSON: inegi_playwright.json
[2026-05-13T15:38:32.042+0000] {logging_mixin.py:188} INFO - 
🗄️ READING DB: kaldata.db
[2026-05-13T15:38:35.133+0000] {logging_mixin.py:188} INFO - 
📦 TOTAL BEFORE DEDUP: 6559
[2026-05-13T15:38:35.286+0000] {logging_mixin.py:188} INFO - 🧹 AFTER DEDUP: 6555
[2026-05-13T15:38:35.397+0000] {logging_mixin.py:188} INFO - ❌ MERGE ERROR: The conn_id `postgres_data` isn't defined
[2026-05-13T15:38:35.414+0000] {logging_mixin.py:188} INFO - 🔓 LOCK REMOVED
[2026-05-13T15:38:35.425+0000] {python.py:202} INFO - Done. Returned value was: None
[2026-05-13T15:38:35.484+0000] {taskinstance.py:1149} INFO - Marking task as SUCCESS. dag_id=merge_all_scrapers, task_id=merge_all_outputs, execution_date=20260513T153827, start_date=20260513T153830, end_date=20260513T153835
[2026-05-13T15:38:35.562+0000] {local_task_job_runner.py:234} INFO - Task exited with return code 0
[2026-05-13T15:38:35.622+0000] {taskinstance.py:3309} INFO - 0 downstream tasks scheduled from follow-on schedule check
