[2026-06-11T08:59:05.112+0000] {taskinstance.py:1979} INFO - Dependencies all met for dep_context=non-requeueable deps ti=<TaskInstance: merge_all_scrapers.merge_all_outputs manual__2026-06-11T08:58:59.953524+00:00 [queued]>
[2026-06-11T08:59:05.133+0000] {taskinstance.py:1979} INFO - Dependencies all met for dep_context=requeueable deps ti=<TaskInstance: merge_all_scrapers.merge_all_outputs manual__2026-06-11T08:58:59.953524+00:00 [queued]>
[2026-06-11T08:59:05.134+0000] {taskinstance.py:2193} INFO - Starting attempt 1 of 1
[2026-06-11T08:59:05.168+0000] {taskinstance.py:2214} INFO - Executing <Task(PythonOperator): merge_all_outputs> on 2026-06-11 08:58:59.953524+00:00
[2026-06-11T08:59:05.179+0000] {standard_task_runner.py:60} INFO - Started process 923 to run task
[2026-06-11T08:59:05.196+0000] {standard_task_runner.py:87} INFO - Running: ['***', 'tasks', 'run', 'merge_all_scrapers', 'merge_all_outputs', 'manual__2026-06-11T08:58:59.953524+00:00', '--job-id', '443', '--raw', '--subdir', 'DAGS_FOLDER/merge_dag.py', '--cfg-path', '/tmp/tmp17c8yvog']
[2026-06-11T08:59:05.202+0000] {standard_task_runner.py:88} INFO - Job 443: Subtask merge_all_outputs
[2026-06-11T08:59:05.426+0000] {task_command.py:423} INFO - Running <TaskInstance: merge_all_scrapers.merge_all_outputs manual__2026-06-11T08:58:59.953524+00:00 [running]> on host f39b18a112ca
[2026-06-11T08:59:05.718+0000] {taskinstance.py:2510} INFO - Exporting env vars: AIRFLOW_CTX_DAG_OWNER='***' AIRFLOW_CTX_DAG_ID='merge_all_scrapers' AIRFLOW_CTX_TASK_ID='merge_all_outputs' AIRFLOW_CTX_EXECUTION_DATE='2026-06-11T08:58:59.953524+00:00' AIRFLOW_CTX_TRY_NUMBER='1' AIRFLOW_CTX_DAG_RUN_ID='manual__2026-06-11T08:58:59.953524+00:00'
[2026-06-11T08:59:05.728+0000] {logging_mixin.py:188} INFO - 📂 DATA PATH: /opt/***/data
[2026-06-11T08:59:05.732+0000] {logging_mixin.py:188} INFO - 
READING JSON: eu_fsf_sanctions.json
[2026-06-11T08:59:05.829+0000] {logging_mixin.py:188} INFO - 
READING JSON: inegi_playwright.json
[2026-06-11T08:59:05.834+0000] {logging_mixin.py:188} INFO - 
READING JSON: inegi_scraper.json
[2026-06-11T08:59:05.840+0000] {logging_mixin.py:188} INFO - 
READING DB: kaldata.db
[2026-06-11T08:59:10.839+0000] {logging_mixin.py:188} INFO - 
READING DB: telegraph.db
[2026-06-11T08:59:11.167+0000] {logging_mixin.py:188} INFO - 
TOTAL BEFORE DEDUP: 6720
[2026-06-11T08:59:11.249+0000] {logging_mixin.py:188} INFO - AFTER DEDUP: 6717
[2026-06-11T08:59:11.308+0000] {base.py:83} INFO - Using connection ID 'postgres_default' for task execution.
[2026-06-11T08:59:27.827+0000] {logging_mixin.py:188} INFO - JSON OUTPUT: /opt/***/data/final_output.json
[2026-06-11T08:59:27.836+0000] {logging_mixin.py:188} INFO - LOCK REMOVED
[2026-06-11T08:59:27.841+0000] {python.py:202} INFO - Done. Returned value was: None
[2026-06-11T08:59:27.879+0000] {taskinstance.py:1149} INFO - Marking task as SUCCESS. dag_id=merge_all_scrapers, task_id=merge_all_outputs, execution_date=20260611T085859, start_date=20260611T085905, end_date=20260611T085927
[2026-06-11T08:59:27.985+0000] {local_task_job_runner.py:234} INFO - Task exited with return code 0
[2026-06-11T08:59:28.082+0000] {taskinstance.py:3309} INFO - 0 downstream tasks scheduled from follow-on schedule check
