[2026-05-27T07:54:08.606+0000] {taskinstance.py:1979} INFO - Dependencies all met for dep_context=non-requeueable deps ti=<TaskInstance: merge_all_scrapers.merge_all_outputs manual__2026-05-27T07:53:29.611845+00:00 [queued]>
[2026-05-27T07:54:08.720+0000] {taskinstance.py:1979} INFO - Dependencies all met for dep_context=requeueable deps ti=<TaskInstance: merge_all_scrapers.merge_all_outputs manual__2026-05-27T07:53:29.611845+00:00 [queued]>
[2026-05-27T07:54:08.735+0000] {taskinstance.py:2193} INFO - Starting attempt 1 of 1
[2026-05-27T07:54:08.962+0000] {taskinstance.py:2214} INFO - Executing <Task(PythonOperator): merge_all_outputs> on 2026-05-27 07:53:29.611845+00:00
[2026-05-27T07:54:09.026+0000] {standard_task_runner.py:60} INFO - Started process 363 to run task
[2026-05-27T07:54:09.104+0000] {standard_task_runner.py:87} INFO - Running: ['***', 'tasks', 'run', 'merge_all_scrapers', 'merge_all_outputs', 'manual__2026-05-27T07:53:29.611845+00:00', '--job-id', '232', '--raw', '--subdir', 'DAGS_FOLDER/merge_dag.py', '--cfg-path', '/tmp/tmp1791t2jb']
[2026-05-27T07:54:09.136+0000] {standard_task_runner.py:88} INFO - Job 232: Subtask merge_all_outputs
[2026-05-27T07:54:09.944+0000] {task_command.py:423} INFO - Running <TaskInstance: merge_all_scrapers.merge_all_outputs manual__2026-05-27T07:53:29.611845+00:00 [running]> on host f39b18a112ca
[2026-05-27T07:54:11.012+0000] {taskinstance.py:2510} INFO - Exporting env vars: AIRFLOW_CTX_DAG_OWNER='***' AIRFLOW_CTX_DAG_ID='merge_all_scrapers' AIRFLOW_CTX_TASK_ID='merge_all_outputs' AIRFLOW_CTX_EXECUTION_DATE='2026-05-27T07:53:29.611845+00:00' AIRFLOW_CTX_TRY_NUMBER='1' AIRFLOW_CTX_DAG_RUN_ID='manual__2026-05-27T07:53:29.611845+00:00'
[2026-05-27T07:54:11.138+0000] {logging_mixin.py:188} INFO - 📂 DATA PATH: /opt/***/data
[2026-05-27T07:54:11.186+0000] {logging_mixin.py:188} INFO - 
📄 READING JSON: eu_fsf_sanctions.json
[2026-05-27T07:54:11.250+0000] {logging_mixin.py:188} INFO - 
📄 READING JSON: inegi_playwright.json
[2026-05-27T07:54:11.300+0000] {logging_mixin.py:188} INFO - 
📄 READING JSON: inegi_scraper.json
[2026-05-27T07:54:11.361+0000] {logging_mixin.py:188} INFO - 
🗄️ READING DB: kaldata.db
[2026-05-27T07:54:12.460+0000] {logging_mixin.py:188} INFO - 
🗄️ READING DB: telegraph.db
[2026-05-27T07:54:12.530+0000] {logging_mixin.py:188} INFO - 
📦 TOTAL BEFORE DEDUP: 75
[2026-05-27T07:54:12.534+0000] {logging_mixin.py:188} INFO - 🧹 AFTER DEDUP: 75
[2026-05-27T07:54:12.712+0000] {base.py:83} INFO - Using connection ID 'postgres_default' for task execution.
[2026-05-27T07:54:12.986+0000] {logging_mixin.py:188} INFO - 💾 JSON OUTPUT: /opt/***/data/final_output.json
[2026-05-27T07:54:13.001+0000] {logging_mixin.py:188} INFO - 🔓 LOCK REMOVED
[2026-05-27T07:54:13.002+0000] {python.py:202} INFO - Done. Returned value was: None
[2026-05-27T07:54:13.133+0000] {taskinstance.py:1149} INFO - Marking task as SUCCESS. dag_id=merge_all_scrapers, task_id=merge_all_outputs, execution_date=20260527T075329, start_date=20260527T075408, end_date=20260527T075413
[2026-05-27T07:54:13.369+0000] {local_task_job_runner.py:234} INFO - Task exited with return code 0
[2026-05-27T07:54:13.656+0000] {taskinstance.py:3309} INFO - 0 downstream tasks scheduled from follow-on schedule check
