[2026-05-21T09:18:34.169+0000] {taskinstance.py:1979} INFO - Dependencies all met for dep_context=non-requeueable deps ti=<TaskInstance: merge_all_scrapers.merge_all_outputs manual__2026-05-21T09:18:05.573563+00:00 [queued]>
[2026-05-21T09:18:34.286+0000] {taskinstance.py:1979} INFO - Dependencies all met for dep_context=requeueable deps ti=<TaskInstance: merge_all_scrapers.merge_all_outputs manual__2026-05-21T09:18:05.573563+00:00 [queued]>
[2026-05-21T09:18:34.334+0000] {taskinstance.py:2193} INFO - Starting attempt 1 of 1
[2026-05-21T09:18:35.188+0000] {taskinstance.py:2214} INFO - Executing <Task(PythonOperator): merge_all_outputs> on 2026-05-21 09:18:05.573563+00:00
[2026-05-21T09:18:35.365+0000] {standard_task_runner.py:60} INFO - Started process 2854 to run task
[2026-05-21T09:18:35.472+0000] {standard_task_runner.py:87} INFO - Running: ['***', 'tasks', 'run', 'merge_all_scrapers', 'merge_all_outputs', 'manual__2026-05-21T09:18:05.573563+00:00', '--job-id', '120', '--raw', '--subdir', 'DAGS_FOLDER/merge_dag.py', '--cfg-path', '/tmp/tmpy50qo3t6']
[2026-05-21T09:18:35.607+0000] {standard_task_runner.py:88} INFO - Job 120: Subtask merge_all_outputs
[2026-05-21T09:18:37.289+0000] {task_command.py:423} INFO - Running <TaskInstance: merge_all_scrapers.merge_all_outputs manual__2026-05-21T09:18:05.573563+00:00 [running]> on host f39b18a112ca
[2026-05-21T09:18:40.023+0000] {taskinstance.py:2510} INFO - Exporting env vars: AIRFLOW_CTX_DAG_OWNER='***' AIRFLOW_CTX_DAG_ID='merge_all_scrapers' AIRFLOW_CTX_TASK_ID='merge_all_outputs' AIRFLOW_CTX_EXECUTION_DATE='2026-05-21T09:18:05.573563+00:00' AIRFLOW_CTX_TRY_NUMBER='1' AIRFLOW_CTX_DAG_RUN_ID='manual__2026-05-21T09:18:05.573563+00:00'
[2026-05-21T09:18:40.328+0000] {logging_mixin.py:188} INFO - 📂 DATA PATH: /opt/***/data
[2026-05-21T09:18:40.678+0000] {logging_mixin.py:188} INFO - 
📄 READING JSON: eu_fsf_sanctions.json
[2026-05-21T09:18:42.029+0000] {logging_mixin.py:188} INFO - 
📄 READING JSON: inegi_playwright.json
[2026-05-21T09:18:42.274+0000] {logging_mixin.py:188} INFO - 
📄 READING JSON: inegi_scraper.json
[2026-05-21T09:18:42.641+0000] {logging_mixin.py:188} INFO - 
🗄️ READING DB: kaldata.db
[2026-05-21T09:19:42.541+0000] {logging_mixin.py:188} INFO - 
🗄️ READING DB: telegraph.db
[2026-05-21T09:19:43.292+0000] {logging_mixin.py:188} INFO - 
📦 TOTAL BEFORE DEDUP: 6726
[2026-05-21T09:19:43.354+0000] {logging_mixin.py:188} INFO - 🧹 AFTER DEDUP: 6722
[2026-05-21T09:19:43.489+0000] {base.py:83} INFO - Using connection ID 'postgres_default' for task execution.
[2026-05-21T09:20:02.235+0000] {logging_mixin.py:188} INFO - 💾 JSON OUTPUT: /opt/***/data/final_output.json
[2026-05-21T09:20:02.252+0000] {logging_mixin.py:188} INFO - 🔓 LOCK REMOVED
[2026-05-21T09:20:02.262+0000] {python.py:202} INFO - Done. Returned value was: None
[2026-05-21T09:20:02.375+0000] {taskinstance.py:1149} INFO - Marking task as SUCCESS. dag_id=merge_all_scrapers, task_id=merge_all_outputs, execution_date=20260521T091805, start_date=20260521T091834, end_date=20260521T092002
[2026-05-21T09:20:02.627+0000] {local_task_job_runner.py:234} INFO - Task exited with return code 0
[2026-05-21T09:20:02.727+0000] {taskinstance.py:3309} INFO - 0 downstream tasks scheduled from follow-on schedule check
