[2026-05-13T15:23:47.880+0000] {taskinstance.py:1979} INFO - Dependencies all met for dep_context=non-requeueable deps ti=<TaskInstance: merge_all_scrapers.merge_all_outputs manual__2026-05-13T15:23:40.701808+00:00 [queued]>
[2026-05-13T15:23:47.904+0000] {taskinstance.py:1979} INFO - Dependencies all met for dep_context=requeueable deps ti=<TaskInstance: merge_all_scrapers.merge_all_outputs manual__2026-05-13T15:23:40.701808+00:00 [queued]>
[2026-05-13T15:23:47.905+0000] {taskinstance.py:2193} INFO - Starting attempt 1 of 1
[2026-05-13T15:23:47.950+0000] {taskinstance.py:2214} INFO - Executing <Task(PythonOperator): merge_all_outputs> on 2026-05-13 15:23:40.701808+00:00
[2026-05-13T15:23:47.970+0000] {standard_task_runner.py:60} INFO - Started process 1883 to run task
[2026-05-13T15:23:47.992+0000] {standard_task_runner.py:87} INFO - Running: ['***', 'tasks', 'run', 'merge_all_scrapers', 'merge_all_outputs', 'manual__2026-05-13T15:23:40.701808+00:00', '--job-id', '21', '--raw', '--subdir', 'DAGS_FOLDER/merge_dag.py', '--cfg-path', '/tmp/tmpv_ap0muo']
[2026-05-13T15:23:48.010+0000] {standard_task_runner.py:88} INFO - Job 21: Subtask merge_all_outputs
[2026-05-13T15:23:48.539+0000] {task_command.py:423} INFO - Running <TaskInstance: merge_all_scrapers.merge_all_outputs manual__2026-05-13T15:23:40.701808+00:00 [running]> on host ab149d976c2e
[2026-05-13T15:23:49.362+0000] {taskinstance.py:2510} INFO - Exporting env vars: AIRFLOW_CTX_DAG_OWNER='***' AIRFLOW_CTX_DAG_ID='merge_all_scrapers' AIRFLOW_CTX_TASK_ID='merge_all_outputs' AIRFLOW_CTX_EXECUTION_DATE='2026-05-13T15:23:40.701808+00:00' AIRFLOW_CTX_TRY_NUMBER='1' AIRFLOW_CTX_DAG_RUN_ID='manual__2026-05-13T15:23:40.701808+00:00'
[2026-05-13T15:23:49.381+0000] {logging_mixin.py:188} INFO - 📂 DATA PATH: /opt/***/data
[2026-05-13T15:23:49.388+0000] {logging_mixin.py:188} INFO - 
📄 READING JSON: eu_fsf_sanctions.json
[2026-05-13T15:23:49.543+0000] {logging_mixin.py:188} INFO - 
🗄️ READING DB: kaldata.db
[2026-05-13T15:23:49.711+0000] {logging_mixin.py:188} INFO - 
📦 TOTAL BEFORE DEDUP: 5906
[2026-05-13T15:23:49.816+0000] {logging_mixin.py:188} INFO - 🧹 AFTER DEDUP: 5902
[2026-05-13T15:23:49.878+0000] {logging_mixin.py:188} INFO - ❌ MERGE ERROR: The conn_id `postgres_data` isn't defined
[2026-05-13T15:23:49.888+0000] {logging_mixin.py:188} INFO - 🔓 LOCK REMOVED
[2026-05-13T15:23:49.899+0000] {python.py:202} INFO - Done. Returned value was: None
[2026-05-13T15:23:49.934+0000] {taskinstance.py:1149} INFO - Marking task as SUCCESS. dag_id=merge_all_scrapers, task_id=merge_all_outputs, execution_date=20260513T152340, start_date=20260513T152347, end_date=20260513T152349
[2026-05-13T15:23:50.058+0000] {local_task_job_runner.py:234} INFO - Task exited with return code 0
[2026-05-13T15:23:50.259+0000] {taskinstance.py:3309} INFO - 0 downstream tasks scheduled from follow-on schedule check
