[2026-06-11T11:43:48.692+0000] {taskinstance.py:1979} INFO - Dependencies all met for dep_context=non-requeueable deps ti=<TaskInstance: merge_all_scrapers.merge_all_outputs manual__2026-06-11T11:43:40.001388+00:00 [queued]>
[2026-06-11T11:43:48.813+0000] {taskinstance.py:1979} INFO - Dependencies all met for dep_context=requeueable deps ti=<TaskInstance: merge_all_scrapers.merge_all_outputs manual__2026-06-11T11:43:40.001388+00:00 [queued]>
[2026-06-11T11:43:48.817+0000] {taskinstance.py:2193} INFO - Starting attempt 1 of 1
[2026-06-11T11:43:49.792+0000] {taskinstance.py:2214} INFO - Executing <Task(PythonOperator): merge_all_outputs> on 2026-06-11 11:43:40.001388+00:00
[2026-06-11T11:43:50.012+0000] {standard_task_runner.py:60} INFO - Started process 403 to run task
[2026-06-11T11:43:50.030+0000] {standard_task_runner.py:87} INFO - Running: ['***', 'tasks', 'run', 'merge_all_scrapers', 'merge_all_outputs', 'manual__2026-06-11T11:43:40.001388+00:00', '--job-id', '453', '--raw', '--subdir', 'DAGS_FOLDER/merge_dag.py', '--cfg-path', '/tmp/tmpupj0xecb']
[2026-06-11T11:43:50.060+0000] {standard_task_runner.py:88} INFO - Job 453: Subtask merge_all_outputs
[2026-06-11T11:43:51.529+0000] {task_command.py:423} INFO - Running <TaskInstance: merge_all_scrapers.merge_all_outputs manual__2026-06-11T11:43:40.001388+00:00 [running]> on host f39b18a112ca
[2026-06-11T11:43:52.299+0000] {taskinstance.py:2510} INFO - Exporting env vars: AIRFLOW_CTX_DAG_OWNER='***' AIRFLOW_CTX_DAG_ID='merge_all_scrapers' AIRFLOW_CTX_TASK_ID='merge_all_outputs' AIRFLOW_CTX_EXECUTION_DATE='2026-06-11T11:43:40.001388+00:00' AIRFLOW_CTX_TRY_NUMBER='1' AIRFLOW_CTX_DAG_RUN_ID='manual__2026-06-11T11:43:40.001388+00:00'
[2026-06-11T11:43:52.312+0000] {logging_mixin.py:188} INFO - 📂 DATA PATH: /opt/***/data
[2026-06-11T11:43:52.317+0000] {logging_mixin.py:188} INFO - 
READING JSON: eu_fsf_sanctions.json
[2026-06-11T11:43:52.323+0000] {logging_mixin.py:188} INFO - 
READING JSON: inegi_playwright.json
[2026-06-11T11:43:52.333+0000] {logging_mixin.py:188} INFO - 
READING JSON: inegi_scraper.json
[2026-06-11T11:43:52.339+0000] {logging_mixin.py:188} INFO - 
READING DB: kaldata.db
[2026-06-11T11:43:54.151+0000] {logging_mixin.py:188} INFO - 
READING DB: telegraph.db
[2026-06-11T11:43:54.484+0000] {logging_mixin.py:188} INFO - 
TOTAL BEFORE DEDUP: 359
[2026-06-11T11:43:54.530+0000] {logging_mixin.py:188} INFO - AFTER DEDUP: 359
[2026-06-11T11:43:54.838+0000] {base.py:83} INFO - Using connection ID 'postgres_default' for task execution.
[2026-06-11T11:44:01.713+0000] {logging_mixin.py:188} INFO - JSON OUTPUT: /opt/***/data/final_output.json
[2026-06-11T11:44:01.739+0000] {logging_mixin.py:188} INFO - LOCK REMOVED
[2026-06-11T11:44:01.745+0000] {python.py:202} INFO - Done. Returned value was: None
[2026-06-11T11:44:01.827+0000] {taskinstance.py:1149} INFO - Marking task as SUCCESS. dag_id=merge_all_scrapers, task_id=merge_all_outputs, execution_date=20260611T114340, start_date=20260611T114348, end_date=20260611T114401
[2026-06-11T11:44:02.012+0000] {local_task_job_runner.py:234} INFO - Task exited with return code 0
[2026-06-11T11:44:02.157+0000] {taskinstance.py:3309} INFO - 0 downstream tasks scheduled from follow-on schedule check
