[2026-05-22T07:59:16.127+0000] {taskinstance.py:1979} INFO - Dependencies all met for dep_context=non-requeueable deps ti=<TaskInstance: merge_all_scrapers.merge_all_outputs manual__2026-05-22T07:58:40.881617+00:00 [queued]>
[2026-05-22T07:59:16.390+0000] {taskinstance.py:1979} INFO - Dependencies all met for dep_context=requeueable deps ti=<TaskInstance: merge_all_scrapers.merge_all_outputs manual__2026-05-22T07:58:40.881617+00:00 [queued]>
[2026-05-22T07:59:16.406+0000] {taskinstance.py:2193} INFO - Starting attempt 1 of 1
[2026-05-22T07:59:17.030+0000] {taskinstance.py:2214} INFO - Executing <Task(PythonOperator): merge_all_outputs> on 2026-05-22 07:58:40.881617+00:00
[2026-05-22T07:59:17.102+0000] {standard_task_runner.py:60} INFO - Started process 208 to run task
[2026-05-22T07:59:17.163+0000] {standard_task_runner.py:87} INFO - Running: ['***', 'tasks', 'run', 'merge_all_scrapers', 'merge_all_outputs', 'manual__2026-05-22T07:58:40.881617+00:00', '--job-id', '184', '--raw', '--subdir', 'DAGS_FOLDER/merge_dag.py', '--cfg-path', '/tmp/tmp80muahsf']
[2026-05-22T07:59:17.205+0000] {standard_task_runner.py:88} INFO - Job 184: Subtask merge_all_outputs
[2026-05-22T07:59:18.829+0000] {task_command.py:423} INFO - Running <TaskInstance: merge_all_scrapers.merge_all_outputs manual__2026-05-22T07:58:40.881617+00:00 [running]> on host f39b18a112ca
[2026-05-22T07:59:20.950+0000] {taskinstance.py:2510} INFO - Exporting env vars: AIRFLOW_CTX_DAG_OWNER='***' AIRFLOW_CTX_DAG_ID='merge_all_scrapers' AIRFLOW_CTX_TASK_ID='merge_all_outputs' AIRFLOW_CTX_EXECUTION_DATE='2026-05-22T07:58:40.881617+00:00' AIRFLOW_CTX_TRY_NUMBER='1' AIRFLOW_CTX_DAG_RUN_ID='manual__2026-05-22T07:58:40.881617+00:00'
[2026-05-22T07:59:20.981+0000] {logging_mixin.py:188} INFO - 📂 DATA PATH: /opt/***/data
[2026-05-22T07:59:20.991+0000] {logging_mixin.py:188} INFO - 
📄 READING JSON: eu_fsf_sanctions.json
[2026-05-22T07:59:21.154+0000] {logging_mixin.py:188} INFO - 
📄 READING JSON: inegi_playwright.json
[2026-05-22T07:59:21.189+0000] {logging_mixin.py:188} INFO - 
📄 READING JSON: inegi_scraper.json
[2026-05-22T07:59:21.198+0000] {logging_mixin.py:188} INFO - 
🗄️ READING DB: kaldata.db
[2026-05-22T07:59:22.872+0000] {logging_mixin.py:188} INFO - 
🗄️ READING DB: telegraph.db
[2026-05-22T07:59:23.032+0000] {logging_mixin.py:188} INFO - 
📦 TOTAL BEFORE DEDUP: 6231
[2026-05-22T07:59:23.122+0000] {logging_mixin.py:188} INFO - 🧹 AFTER DEDUP: 6227
[2026-05-22T07:59:23.216+0000] {base.py:83} INFO - Using connection ID 'postgres_default' for task execution.
[2026-05-22T07:59:52.894+0000] {logging_mixin.py:188} INFO - 💾 JSON OUTPUT: /opt/***/data/final_output.json
[2026-05-22T07:59:52.900+0000] {logging_mixin.py:188} INFO - 🔓 LOCK REMOVED
[2026-05-22T07:59:52.932+0000] {python.py:202} INFO - Done. Returned value was: None
[2026-05-22T07:59:52.971+0000] {taskinstance.py:1149} INFO - Marking task as SUCCESS. dag_id=merge_all_scrapers, task_id=merge_all_outputs, execution_date=20260522T075840, start_date=20260522T075916, end_date=20260522T075952
[2026-05-22T07:59:53.088+0000] {local_task_job_runner.py:234} INFO - Task exited with return code 0
[2026-05-22T07:59:53.241+0000] {taskinstance.py:3309} INFO - 0 downstream tasks scheduled from follow-on schedule check
