[2026-05-27T08:57:17.682+0000] {taskinstance.py:1979} INFO - Dependencies all met for dep_context=non-requeueable deps ti=<TaskInstance: merge_all_scrapers.merge_all_outputs manual__2026-05-27T08:56:39.063379+00:00 [queued]>
[2026-05-27T08:57:18.492+0000] {taskinstance.py:1979} INFO - Dependencies all met for dep_context=requeueable deps ti=<TaskInstance: merge_all_scrapers.merge_all_outputs manual__2026-05-27T08:56:39.063379+00:00 [queued]>
[2026-05-27T08:57:18.539+0000] {taskinstance.py:2193} INFO - Starting attempt 1 of 1
[2026-05-27T08:57:20.239+0000] {taskinstance.py:2214} INFO - Executing <Task(PythonOperator): merge_all_outputs> on 2026-05-27 08:56:39.063379+00:00
[2026-05-27T08:57:20.253+0000] {standard_task_runner.py:60} INFO - Started process 3636 to run task
[2026-05-27T08:57:20.291+0000] {standard_task_runner.py:87} INFO - Running: ['***', 'tasks', 'run', 'merge_all_scrapers', 'merge_all_outputs', 'manual__2026-05-27T08:56:39.063379+00:00', '--job-id', '243', '--raw', '--subdir', 'DAGS_FOLDER/merge_dag.py', '--cfg-path', '/tmp/tmp3u43jxlx']
[2026-05-27T08:57:20.351+0000] {standard_task_runner.py:88} INFO - Job 243: Subtask merge_all_outputs
[2026-05-27T08:57:21.317+0000] {task_command.py:423} INFO - Running <TaskInstance: merge_all_scrapers.merge_all_outputs manual__2026-05-27T08:56:39.063379+00:00 [running]> on host f39b18a112ca
[2026-05-27T08:57:23.084+0000] {taskinstance.py:2510} INFO - Exporting env vars: AIRFLOW_CTX_DAG_OWNER='***' AIRFLOW_CTX_DAG_ID='merge_all_scrapers' AIRFLOW_CTX_TASK_ID='merge_all_outputs' AIRFLOW_CTX_EXECUTION_DATE='2026-05-27T08:56:39.063379+00:00' AIRFLOW_CTX_TRY_NUMBER='1' AIRFLOW_CTX_DAG_RUN_ID='manual__2026-05-27T08:56:39.063379+00:00'
[2026-05-27T08:57:23.243+0000] {logging_mixin.py:188} INFO - 📂 DATA PATH: /opt/***/data
[2026-05-27T08:57:23.380+0000] {logging_mixin.py:188} INFO - 
📄 READING JSON: eu_fsf_sanctions.json
[2026-05-27T08:57:24.843+0000] {logging_mixin.py:188} INFO - 
📄 READING JSON: inegi_playwright.json
[2026-05-27T08:57:25.052+0000] {logging_mixin.py:188} INFO - 
📄 READING JSON: inegi_scraper.json
[2026-05-27T08:57:25.112+0000] {logging_mixin.py:188} INFO - 
🗄️ READING DB: kaldata.db
[2026-05-27T08:57:39.725+0000] {logging_mixin.py:188} INFO - 
🗄️ READING DB: telegraph.db
[2026-05-27T08:57:40.534+0000] {logging_mixin.py:188} INFO - 
📦 TOTAL BEFORE DEDUP: 6363
[2026-05-27T08:57:40.752+0000] {logging_mixin.py:188} INFO - 🧹 AFTER DEDUP: 6359
[2026-05-27T08:57:41.850+0000] {base.py:83} INFO - Using connection ID 'postgres_default' for task execution.
[2026-05-27T08:59:57.622+0000] {logging_mixin.py:188} INFO - 💾 JSON OUTPUT: /opt/***/data/final_output.json
[2026-05-27T08:59:57.663+0000] {logging_mixin.py:188} INFO - 🔓 LOCK REMOVED
[2026-05-27T08:59:57.697+0000] {python.py:202} INFO - Done. Returned value was: None
[2026-05-27T08:59:57.835+0000] {taskinstance.py:1149} INFO - Marking task as SUCCESS. dag_id=merge_all_scrapers, task_id=merge_all_outputs, execution_date=20260527T085639, start_date=20260527T085717, end_date=20260527T085957
[2026-05-27T08:59:58.520+0000] {local_task_job_runner.py:234} INFO - Task exited with return code 0
[2026-05-27T08:59:58.919+0000] {taskinstance.py:3309} INFO - 0 downstream tasks scheduled from follow-on schedule check
