[2026-06-01T15:04:42.564+0000] {taskinstance.py:1979} INFO - Dependencies all met for dep_context=non-requeueable deps ti=<TaskInstance: merge_all_scrapers.merge_all_outputs manual__2026-06-01T15:04:24.982518+00:00 [queued]>
[2026-06-01T15:04:42.610+0000] {taskinstance.py:1979} INFO - Dependencies all met for dep_context=requeueable deps ti=<TaskInstance: merge_all_scrapers.merge_all_outputs manual__2026-06-01T15:04:24.982518+00:00 [queued]>
[2026-06-01T15:04:42.622+0000] {taskinstance.py:2193} INFO - Starting attempt 1 of 1
[2026-06-01T15:04:42.705+0000] {taskinstance.py:2214} INFO - Executing <Task(PythonOperator): merge_all_outputs> on 2026-06-01 15:04:24.982518+00:00
[2026-06-01T15:04:42.765+0000] {standard_task_runner.py:60} INFO - Started process 908 to run task
[2026-06-01T15:04:42.835+0000] {standard_task_runner.py:87} INFO - Running: ['***', 'tasks', 'run', 'merge_all_scrapers', 'merge_all_outputs', 'manual__2026-06-01T15:04:24.982518+00:00', '--job-id', '334', '--raw', '--subdir', 'DAGS_FOLDER/merge_dag.py', '--cfg-path', '/tmp/tmpvtxelph6']
[2026-06-01T15:04:42.897+0000] {standard_task_runner.py:88} INFO - Job 334: Subtask merge_all_outputs
[2026-06-01T15:04:44.750+0000] {task_command.py:423} INFO - Running <TaskInstance: merge_all_scrapers.merge_all_outputs manual__2026-06-01T15:04:24.982518+00:00 [running]> on host f39b18a112ca
[2026-06-01T15:04:46.329+0000] {taskinstance.py:2510} INFO - Exporting env vars: AIRFLOW_CTX_DAG_OWNER='***' AIRFLOW_CTX_DAG_ID='merge_all_scrapers' AIRFLOW_CTX_TASK_ID='merge_all_outputs' AIRFLOW_CTX_EXECUTION_DATE='2026-06-01T15:04:24.982518+00:00' AIRFLOW_CTX_TRY_NUMBER='1' AIRFLOW_CTX_DAG_RUN_ID='manual__2026-06-01T15:04:24.982518+00:00'
[2026-06-01T15:04:46.484+0000] {logging_mixin.py:188} INFO - 📂 DATA PATH: /opt/***/data
[2026-06-01T15:04:46.630+0000] {logging_mixin.py:188} INFO - 
📄 READING JSON: eu_fsf_sanctions.json
[2026-06-01T15:04:48.806+0000] {logging_mixin.py:188} INFO - 
📄 READING JSON: inegi_playwright.json
[2026-06-01T15:04:49.126+0000] {logging_mixin.py:188} INFO - 
📄 READING JSON: inegi_scraper.json
[2026-06-01T15:04:49.417+0000] {logging_mixin.py:188} INFO - 
🗄️ READING DB: kaldata.db
[2026-06-01T15:05:01.975+0000] {logging_mixin.py:188} INFO - 
🗄️ READING DB: telegraph.db
[2026-06-01T15:05:02.118+0000] {logging_mixin.py:188} INFO - 
📦 TOTAL BEFORE DEDUP: 6639
[2026-06-01T15:05:02.170+0000] {logging_mixin.py:188} INFO - 🧹 AFTER DEDUP: 6635
[2026-06-01T15:05:02.232+0000] {base.py:83} INFO - Using connection ID 'postgres_default' for task execution.
[2026-06-01T15:05:27.190+0000] {logging_mixin.py:188} INFO - 💾 JSON OUTPUT: /opt/***/data/final_output.json
[2026-06-01T15:05:27.197+0000] {logging_mixin.py:188} INFO - 🔓 LOCK REMOVED
[2026-06-01T15:05:27.202+0000] {python.py:202} INFO - Done. Returned value was: None
[2026-06-01T15:05:27.251+0000] {taskinstance.py:1149} INFO - Marking task as SUCCESS. dag_id=merge_all_scrapers, task_id=merge_all_outputs, execution_date=20260601T150424, start_date=20260601T150442, end_date=20260601T150527
[2026-06-01T15:05:27.355+0000] {local_task_job_runner.py:234} INFO - Task exited with return code 0
[2026-06-01T15:05:27.405+0000] {taskinstance.py:3309} INFO - 0 downstream tasks scheduled from follow-on schedule check
