[2026-05-14T13:57:56.886+0000] {taskinstance.py:1979} INFO - Dependencies all met for dep_context=non-requeueable deps ti=<TaskInstance: merge_all_scrapers.merge_all_outputs manual__2026-05-14T13:54:42.870748+00:00 [queued]>
[2026-05-14T13:57:57.513+0000] {taskinstance.py:1979} INFO - Dependencies all met for dep_context=requeueable deps ti=<TaskInstance: merge_all_scrapers.merge_all_outputs manual__2026-05-14T13:54:42.870748+00:00 [queued]>
[2026-05-14T13:57:57.528+0000] {taskinstance.py:2193} INFO - Starting attempt 1 of 1
[2026-05-14T13:57:58.291+0000] {taskinstance.py:2214} INFO - Executing <Task(PythonOperator): merge_all_outputs> on 2026-05-14 13:54:42.870748+00:00
[2026-05-14T13:57:58.463+0000] {standard_task_runner.py:60} INFO - Started process 726 to run task
[2026-05-14T13:57:58.889+0000] {standard_task_runner.py:87} INFO - Running: ['***', 'tasks', 'run', 'merge_all_scrapers', 'merge_all_outputs', 'manual__2026-05-14T13:54:42.870748+00:00', '--job-id', '10', '--raw', '--subdir', 'DAGS_FOLDER/merge_dag.py', '--cfg-path', '/tmp/tmp3gucamem']
[2026-05-14T13:57:58.989+0000] {standard_task_runner.py:88} INFO - Job 10: Subtask merge_all_outputs
[2026-05-14T13:58:02.061+0000] {task_command.py:423} INFO - Running <TaskInstance: merge_all_scrapers.merge_all_outputs manual__2026-05-14T13:54:42.870748+00:00 [running]> on host 26acb5ca21e7
[2026-05-14T13:58:05.626+0000] {taskinstance.py:2510} INFO - Exporting env vars: AIRFLOW_CTX_DAG_OWNER='***' AIRFLOW_CTX_DAG_ID='merge_all_scrapers' AIRFLOW_CTX_TASK_ID='merge_all_outputs' AIRFLOW_CTX_EXECUTION_DATE='2026-05-14T13:54:42.870748+00:00' AIRFLOW_CTX_TRY_NUMBER='1' AIRFLOW_CTX_DAG_RUN_ID='manual__2026-05-14T13:54:42.870748+00:00'
[2026-05-14T13:58:05.670+0000] {logging_mixin.py:188} INFO - 📂 DATA PATH: /opt/***/data
[2026-05-14T13:58:05.698+0000] {logging_mixin.py:188} INFO - 
📄 READING JSON: eu_fsf_sanctions.json
[2026-05-14T13:58:06.346+0000] {logging_mixin.py:188} INFO - 
📄 READING JSON: inegi_playwright.json
[2026-05-14T13:58:06.405+0000] {logging_mixin.py:188} INFO - 
📄 READING JSON: inegi_scraper.json
[2026-05-14T13:58:06.565+0000] {logging_mixin.py:188} INFO - 
🗄️ READING DB: kaldata.db
[2026-05-14T13:58:20.096+0000] {logging_mixin.py:188} INFO - 
🗄️ READING DB: telegraph.db
[2026-05-14T13:58:21.116+0000] {logging_mixin.py:188} INFO - 
📦 TOTAL BEFORE DEDUP: 6578
[2026-05-14T13:58:21.636+0000] {logging_mixin.py:188} INFO - 🧹 AFTER DEDUP: 6574
[2026-05-14T13:58:22.247+0000] {logging_mixin.py:188} INFO - ❌ MERGE ERROR: The conn_id `postgres_default` isn't defined
[2026-05-14T13:58:22.320+0000] {logging_mixin.py:188} INFO - 🔓 LOCK REMOVED
[2026-05-14T13:58:22.343+0000] {python.py:202} INFO - Done. Returned value was: None
[2026-05-14T13:58:23.753+0000] {taskinstance.py:1149} INFO - Marking task as SUCCESS. dag_id=merge_all_scrapers, task_id=merge_all_outputs, execution_date=20260514T135442, start_date=20260514T135757, end_date=20260514T135823
[2026-05-14T13:58:25.464+0000] {local_task_job_runner.py:234} INFO - Task exited with return code 0
[2026-05-14T13:58:26.266+0000] {taskinstance.py:3309} INFO - 0 downstream tasks scheduled from follow-on schedule check
