[2026-06-11T09:35:07.962+0000] {taskinstance.py:1979} INFO - Dependencies all met for dep_context=non-requeueable deps ti=<TaskInstance: merge_all_scrapers.merge_all_outputs manual__2026-06-11T09:34:40.726912+00:00 [queued]>
[2026-06-11T09:35:08.105+0000] {taskinstance.py:1979} INFO - Dependencies all met for dep_context=requeueable deps ti=<TaskInstance: merge_all_scrapers.merge_all_outputs manual__2026-06-11T09:34:40.726912+00:00 [queued]>
[2026-06-11T09:35:08.134+0000] {taskinstance.py:2193} INFO - Starting attempt 1 of 1
[2026-06-11T09:35:08.623+0000] {taskinstance.py:2214} INFO - Executing <Task(PythonOperator): merge_all_outputs> on 2026-06-11 09:34:40.726912+00:00
[2026-06-11T09:35:08.655+0000] {standard_task_runner.py:60} INFO - Started process 2738 to run task
[2026-06-11T09:35:08.701+0000] {standard_task_runner.py:87} INFO - Running: ['***', 'tasks', 'run', 'merge_all_scrapers', 'merge_all_outputs', 'manual__2026-06-11T09:34:40.726912+00:00', '--job-id', '448', '--raw', '--subdir', 'DAGS_FOLDER/merge_dag.py', '--cfg-path', '/tmp/tmp2alwps7m']
[2026-06-11T09:35:08.709+0000] {standard_task_runner.py:88} INFO - Job 448: Subtask merge_all_outputs
[2026-06-11T09:35:09.178+0000] {task_command.py:423} INFO - Running <TaskInstance: merge_all_scrapers.merge_all_outputs manual__2026-06-11T09:34:40.726912+00:00 [running]> on host f39b18a112ca
[2026-06-11T09:35:10.119+0000] {taskinstance.py:2510} INFO - Exporting env vars: AIRFLOW_CTX_DAG_OWNER='***' AIRFLOW_CTX_DAG_ID='merge_all_scrapers' AIRFLOW_CTX_TASK_ID='merge_all_outputs' AIRFLOW_CTX_EXECUTION_DATE='2026-06-11T09:34:40.726912+00:00' AIRFLOW_CTX_TRY_NUMBER='1' AIRFLOW_CTX_DAG_RUN_ID='manual__2026-06-11T09:34:40.726912+00:00'
[2026-06-11T09:35:10.177+0000] {logging_mixin.py:188} INFO - 📂 DATA PATH: /opt/***/data
[2026-06-11T09:35:10.192+0000] {logging_mixin.py:188} INFO - 
READING JSON: eu_fsf_sanctions.json
[2026-06-11T09:35:10.229+0000] {logging_mixin.py:188} INFO - 
READING JSON: inegi_playwright.json
[2026-06-11T09:35:10.260+0000] {logging_mixin.py:188} INFO - 
READING JSON: inegi_scraper.json
[2026-06-11T09:35:10.281+0000] {logging_mixin.py:188} INFO - 
READING DB: kaldata.db
[2026-06-11T09:35:10.564+0000] {logging_mixin.py:188} INFO - 
READING DB: telegraph.db
[2026-06-11T09:35:10.677+0000] {logging_mixin.py:188} INFO - 
TOTAL BEFORE DEDUP: 298
[2026-06-11T09:35:10.684+0000] {logging_mixin.py:188} INFO - AFTER DEDUP: 298
[2026-06-11T09:35:10.976+0000] {base.py:83} INFO - Using connection ID 'postgres_default' for task execution.
[2026-06-11T09:35:13.875+0000] {logging_mixin.py:188} INFO - JSON OUTPUT: /opt/***/data/final_output.json
[2026-06-11T09:35:14.092+0000] {logging_mixin.py:188} INFO - LOCK REMOVED
[2026-06-11T09:35:14.113+0000] {python.py:202} INFO - Done. Returned value was: None
[2026-06-11T09:35:15.401+0000] {taskinstance.py:1149} INFO - Marking task as SUCCESS. dag_id=merge_all_scrapers, task_id=merge_all_outputs, execution_date=20260611T093440, start_date=20260611T093508, end_date=20260611T093515
[2026-06-11T09:35:17.068+0000] {local_task_job_runner.py:234} INFO - Task exited with return code 0
[2026-06-11T09:35:18.077+0000] {taskinstance.py:3309} INFO - 0 downstream tasks scheduled from follow-on schedule check
