[2026-05-15T07:03:36.394+0000] {taskinstance.py:1979} INFO - Dependencies all met for dep_context=non-requeueable deps ti=<TaskInstance: inegi_playwright.run_inegi_playwright scheduled__2026-05-14T00:00:00+00:00 [queued]>
[2026-05-15T07:03:36.494+0000] {taskinstance.py:1979} INFO - Dependencies all met for dep_context=requeueable deps ti=<TaskInstance: inegi_playwright.run_inegi_playwright scheduled__2026-05-14T00:00:00+00:00 [queued]>
[2026-05-15T07:03:36.495+0000] {taskinstance.py:2193} INFO - Starting attempt 1 of 1
[2026-05-15T07:03:37.350+0000] {taskinstance.py:2214} INFO - Executing <Task(DockerOperator): run_inegi_playwright> on 2026-05-14 00:00:00+00:00
[2026-05-15T07:03:37.532+0000] {standard_task_runner.py:60} INFO - Started process 144 to run task
[2026-05-15T07:03:37.667+0000] {standard_task_runner.py:87} INFO - Running: ['***', 'tasks', 'run', 'inegi_playwright', 'run_inegi_playwright', 'scheduled__2026-05-14T00:00:00+00:00', '--job-id', '23', '--raw', '--subdir', 'DAGS_FOLDER/inegi_playwright_dag.py', '--cfg-path', '/tmp/tmpobs5f43d']
[2026-05-15T07:03:37.827+0000] {standard_task_runner.py:88} INFO - Job 23: Subtask run_inegi_playwright
[2026-05-15T07:03:40.491+0000] {task_command.py:423} INFO - Running <TaskInstance: inegi_playwright.run_inegi_playwright scheduled__2026-05-14T00:00:00+00:00 [running]> on host 26acb5ca21e7
[2026-05-15T07:03:42.230+0000] {taskinstance.py:2510} INFO - Exporting env vars: AIRFLOW_CTX_DAG_OWNER='***' AIRFLOW_CTX_DAG_ID='inegi_playwright' AIRFLOW_CTX_TASK_ID='run_inegi_playwright' AIRFLOW_CTX_EXECUTION_DATE='2026-05-14T00:00:00+00:00' AIRFLOW_CTX_TRY_NUMBER='1' AIRFLOW_CTX_DAG_RUN_ID='scheduled__2026-05-14T00:00:00+00:00'
[2026-05-15T07:03:42.714+0000] {docker.py:359} INFO - Starting docker container from image inegi-playwright:v1
[2026-05-15T07:04:25.045+0000] {docker.py:429} INFO - The page is opening...
[2026-05-15T07:04:37.481+0000] {docker.py:429} INFO - iframe found: https://www3.inegi.org.mx/sistemas/ci/relps/
[2026-05-15T07:04:45.665+0000] {docker.py:429} INFO - Total rows: 132
[2026-05-15T07:04:45.948+0000] {docker.py:429} INFO - Row 0: no column, skipping
[2026-05-15T07:04:46.103+0000] {docker.py:429} INFO - Row 1: link found, clicking…
[2026-05-15T07:04:51.854+0000] {docker.py:429} INFO - Row 2: link found, clicking…
[2026-05-15T07:04:58.088+0000] {docker.py:429} INFO - Row 3: link found, clicking…
[2026-05-15T07:05:02.335+0000] {docker.py:429} INFO - Row 4: link found, clicking…
[2026-05-15T07:05:08.026+0000] {docker.py:429} INFO - Row 5: link found, clicking…
[2026-05-15T07:05:11.741+0000] {docker.py:429} INFO - Row 6: link found, clicking…
[2026-05-15T07:05:17.226+0000] {docker.py:429} INFO - Row 7: link found, clicking…
[2026-05-15T07:05:22.513+0000] {docker.py:429} INFO - Row 8: link found, clicking…
[2026-05-15T07:05:27.624+0000] {docker.py:429} INFO - Row 9: link found, clicking…
[2026-05-15T07:05:32.537+0000] {docker.py:429} INFO - Row 10: link found, clicking…
[2026-05-15T07:05:38.041+0000] {docker.py:429} INFO - Row 11: link found, clicking…
[2026-05-15T07:05:42.227+0000] {docker.py:429} INFO - Row 12: link found, clicking…
[2026-05-15T07:05:50.377+0000] {docker.py:429} INFO - Row 13: link found, clicking…
[2026-05-15T07:06:02.808+0000] {docker.py:429} INFO - Row 14: link found, clicking…
[2026-05-15T07:06:08.710+0000] {docker.py:429} INFO - Row 15: link found, clicking…
[2026-05-15T07:06:14.363+0000] {docker.py:429} INFO - Row 16: link found, clicking…
[2026-05-15T07:06:18.513+0000] {docker.py:429} INFO - Row 17: link found, clicking…
[2026-05-15T07:06:26.132+0000] {docker.py:429} INFO - Row 18: link found, clicking…
[2026-05-15T07:06:35.163+0000] {docker.py:429} INFO - Row 19: link found, clicking…
[2026-05-15T07:06:44.871+0000] {docker.py:429} INFO - Row 20: link found, clicking…
[2026-05-15T07:06:53.552+0000] {docker.py:429} INFO - Row 21: link found, clicking…
[2026-05-15T07:07:03.135+0000] {docker.py:429} INFO - Row 22: link found, clicking…
[2026-05-15T07:07:14.005+0000] {docker.py:429} INFO - Row 23: link found, clicking…
[2026-05-15T07:07:23.610+0000] {docker.py:429} INFO - Row 24: link found, clicking…
[2026-05-15T07:07:38.203+0000] {docker.py:429} INFO - Row 25: link found, clicking…
[2026-05-15T07:07:49.822+0000] {docker.py:429} INFO - Row 26: link found, clicking…
[2026-05-15T07:08:01.560+0000] {docker.py:429} INFO - Row 27: link found, clicking…
[2026-05-15T07:08:10.429+0000] {docker.py:429} INFO - Row 28: link found, clicking…
[2026-05-15T07:08:18.956+0000] {docker.py:429} INFO - Row 29: link found, clicking…
[2026-05-15T07:08:30.477+0000] {docker.py:429} INFO - Row 30: link found, clicking…
[2026-05-15T07:08:54.684+0000] {docker.py:429} INFO - Row 31: link found, clicking…
[2026-05-15T07:09:20.556+0000] {docker.py:429} INFO - Row 32: link found, clicking…
[2026-05-15T07:09:35.977+0000] {docker.py:429} INFO - Row 33: link found, clicking…
[2026-05-15T07:09:52.471+0000] {docker.py:429} INFO - Row 34: link found, clicking…
[2026-05-15T07:10:15.084+0000] {docker.py:429} INFO - Row 35: link found, clicking…
[2026-05-15T07:10:27.287+0000] {docker.py:429} INFO - Row 36: link found, clicking…
[2026-05-15T07:10:39.202+0000] {docker.py:429} INFO - Row 37: link found, clicking…
[2026-05-15T07:10:59.430+0000] {docker.py:429} INFO - Row 38: link found, clicking…
[2026-05-15T07:11:11.556+0000] {docker.py:429} INFO - Row 39: link found, clicking…
[2026-05-15T07:11:22.248+0000] {docker.py:429} INFO - Row 40: link found, clicking…
[2026-05-15T07:11:33.787+0000] {docker.py:429} INFO - Row 41: link found, clicking…
[2026-05-15T07:11:44.486+0000] {docker.py:429} INFO - Row 42: link found, clicking…
[2026-05-15T07:11:55.778+0000] {docker.py:429} INFO - Row 43: link found, clicking…
[2026-05-15T07:12:08.279+0000] {docker.py:429} INFO - Row 44: link found, clicking…
[2026-05-15T07:12:23.148+0000] {docker.py:429} INFO - Row 45: link found, clicking…
[2026-05-15T07:12:38.076+0000] {docker.py:429} INFO - Row 46: link found, clicking…
[2026-05-15T07:12:55.004+0000] {docker.py:429} INFO - Row 47: link found, clicking…
[2026-05-15T07:13:13.763+0000] {docker.py:429} INFO - Row 48: link found, clicking…
[2026-05-15T07:13:22.534+0000] {docker.py:429} INFO - Row 49: link found, clicking…
[2026-05-15T07:13:32.023+0000] {docker.py:429} INFO - Row 50: link found, clicking…
[2026-05-15T07:13:41.823+0000] {docker.py:429} INFO - Row 51: link found, clicking…
[2026-05-15T07:13:56.326+0000] {docker.py:429} INFO - Row 52: link found, clicking…
[2026-05-15T07:14:04.602+0000] {docker.py:429} INFO - Row 53: link found, clicking…
[2026-05-15T07:14:14.488+0000] {docker.py:429} INFO - Row 54: link found, clicking…
[2026-05-15T07:14:23.729+0000] {docker.py:429} INFO - Row 55: link found, clicking…
[2026-05-15T07:14:39.049+0000] {docker.py:429} INFO - Row 56: link found, clicking…
[2026-05-15T07:14:58.025+0000] {docker.py:429} INFO - Row 57: link found, clicking…
[2026-05-15T07:15:05.461+0000] {docker.py:429} INFO - Row 58: link found, clicking…
[2026-05-15T07:15:12.871+0000] {docker.py:429} INFO - Row 59: link found, clicking…
[2026-05-15T07:15:18.006+0000] {docker.py:429} INFO - Row 60: link found, clicking…
[2026-05-15T07:15:25.429+0000] {docker.py:429} INFO - Row 61: link found, clicking…
[2026-05-15T07:15:33.331+0000] {docker.py:429} INFO - Row 62: link found, clicking…
[2026-05-15T07:15:41.430+0000] {docker.py:429} INFO - Row 63: link found, clicking…
[2026-05-15T07:15:49.767+0000] {docker.py:429} INFO - Row 64: link found, clicking…
[2026-05-15T07:16:01.713+0000] {docker.py:429} INFO - Row 65: link found, clicking…
[2026-05-15T07:16:10.343+0000] {docker.py:429} INFO - Row 66: link found, clicking…
[2026-05-15T07:16:16.436+0000] {docker.py:429} INFO - Row 67: link found, clicking…
[2026-05-15T07:16:20.476+0000] {docker.py:429} INFO - Row 68: link found, clicking…
[2026-05-15T07:16:25.031+0000] {docker.py:429} INFO - Row 69: link found, clicking…
[2026-05-15T07:16:28.585+0000] {docker.py:429} INFO - Row 70: link found, clicking…
[2026-05-15T07:16:32.466+0000] {docker.py:429} INFO - Row 71: link found, clicking…
[2026-05-15T07:16:37.370+0000] {docker.py:429} INFO - Row 72: link found, clicking…
[2026-05-15T07:16:42.854+0000] {docker.py:429} INFO - Row 73: link found, clicking…
[2026-05-15T07:16:48.406+0000] {docker.py:429} INFO - Row 74: link found, clicking…
[2026-05-15T07:16:52.314+0000] {docker.py:429} INFO - Row 75: link found, clicking…
[2026-05-15T07:16:58.160+0000] {docker.py:429} INFO - Row 76: link found, clicking…
[2026-05-15T07:17:04.866+0000] {docker.py:429} INFO - Row 77: link found, clicking…
[2026-05-15T07:17:12.039+0000] {docker.py:429} INFO - Row 78: link found, clicking…
[2026-05-15T07:17:20.933+0000] {docker.py:429} INFO - Row 79: link found, clicking…
[2026-05-15T07:17:31.250+0000] {docker.py:429} INFO - Row 80: link found, clicking…
[2026-05-15T07:17:37.038+0000] {docker.py:429} INFO - Row 81: link found, clicking…
[2026-05-15T07:17:42.631+0000] {docker.py:429} INFO - Row 82: link found, clicking…
[2026-05-15T07:17:50.024+0000] {docker.py:429} INFO - Row 83: link found, clicking…
[2026-05-15T07:17:56.683+0000] {docker.py:429} INFO - Row 84: link found, clicking…
[2026-05-15T07:18:02.208+0000] {docker.py:429} INFO - Row 85: link found, clicking…
[2026-05-15T07:18:09.164+0000] {docker.py:429} INFO - Row 86: link found, clicking…
[2026-05-15T07:18:15.745+0000] {docker.py:429} INFO - Row 87: link found, clicking…
[2026-05-15T07:18:22.798+0000] {docker.py:429} INFO - Row 88: link found, clicking…
[2026-05-15T07:18:29.070+0000] {docker.py:429} INFO - Row 89: link found, clicking…
[2026-05-15T07:18:33.755+0000] {docker.py:429} INFO - Row 90: link found, clicking…
[2026-05-15T07:18:40.726+0000] {docker.py:429} INFO - Row 91: link found, clicking…
[2026-05-15T07:18:49.693+0000] {docker.py:429} INFO - Row 92: link found, clicking…
[2026-05-15T07:18:55.033+0000] {docker.py:429} INFO - Row 93: link found, clicking…
[2026-05-15T07:19:02.483+0000] {docker.py:429} INFO - Row 94: link found, clicking…
[2026-05-15T07:19:08.500+0000] {docker.py:429} INFO - Row 95: link found, clicking…
[2026-05-15T07:19:15.933+0000] {docker.py:429} INFO - Row 96: link found, clicking…
[2026-05-15T07:19:24.311+0000] {docker.py:429} INFO - Row 97: link found, clicking…
[2026-05-15T07:19:30.581+0000] {docker.py:429} INFO - Row 98: link found, clicking…
[2026-05-15T07:19:36.980+0000] {docker.py:429} INFO - Row 99: link found, clicking…
[2026-05-15T07:19:41.625+0000] {docker.py:429} INFO - Row 100: link found, clicking…
[2026-05-15T07:19:52.083+0000] {docker.py:429} INFO - Row 101: link found, clicking…
[2026-05-15T07:20:01.448+0000] {docker.py:429} INFO - Row 102: link found, clicking…
[2026-05-15T07:20:07.619+0000] {docker.py:429} INFO - Row 103: link found, clicking…
[2026-05-15T07:20:16.494+0000] {docker.py:429} INFO - Row 104: link found, clicking…
[2026-05-15T07:20:22.364+0000] {docker.py:429} INFO - Row 105: link found, clicking…
[2026-05-15T07:20:27.023+0000] {docker.py:429} INFO - Row 106: link found, clicking…
[2026-05-15T07:20:30.674+0000] {docker.py:429} INFO - Row 107: link found, clicking…
[2026-05-15T07:20:34.364+0000] {docker.py:429} INFO - Row 108: link found, clicking…
[2026-05-15T07:20:38.974+0000] {docker.py:429} INFO - Row 109: link found, clicking…
[2026-05-15T07:20:42.877+0000] {docker.py:429} INFO - Row 110: link found, clicking…
[2026-05-15T07:20:46.813+0000] {docker.py:429} INFO - Row 111: link found, clicking…
[2026-05-15T07:20:50.958+0000] {docker.py:429} INFO - Row 112: link found, clicking…
[2026-05-15T07:20:55.004+0000] {docker.py:429} INFO - Row 113: link found, clicking…
[2026-05-15T07:21:00.677+0000] {docker.py:429} INFO - Row 114: link found, clicking…
[2026-05-15T07:21:03.924+0000] {docker.py:429} INFO - Row 115: link found, clicking…
[2026-05-15T07:21:08.054+0000] {docker.py:429} INFO - Row 116: link found, clicking…
[2026-05-15T07:21:11.467+0000] {docker.py:429} INFO - Row 117: link found, clicking…
[2026-05-15T07:21:15.390+0000] {docker.py:429} INFO - Row 118: link found, clicking…
[2026-05-15T07:21:19.123+0000] {docker.py:429} INFO - Row 119: link found, clicking…
[2026-05-15T07:21:23.187+0000] {docker.py:429} INFO - Row 120: link found, clicking…
[2026-05-15T07:21:27.057+0000] {docker.py:429} INFO - Row 121: link found, clicking…
[2026-05-15T07:21:32.060+0000] {docker.py:429} INFO - Row 122: link found, clicking…
[2026-05-15T07:21:38.214+0000] {docker.py:429} INFO - Row 123: link found, clicking…
[2026-05-15T07:21:44.314+0000] {docker.py:429} INFO - Row 124: link found, clicking…
[2026-05-15T07:21:53.018+0000] {docker.py:429} INFO - Row 125: link found, clicking…
[2026-05-15T07:22:02.334+0000] {docker.py:429} INFO - Row 126: link found, clicking…
[2026-05-15T07:22:08.698+0000] {docker.py:429} INFO - Row 127: link found, clicking…
[2026-05-15T07:22:12.742+0000] {docker.py:429} INFO - Row 128: link found, clicking…
[2026-05-15T07:22:16.011+0000] {docker.py:429} INFO - Row 129: link found, clicking…
[2026-05-15T07:22:20.105+0000] {docker.py:429} INFO - Row 130: link found, clicking…
[2026-05-15T07:22:25.372+0000] {docker.py:429} INFO - Row 131: link found, clicking…
[2026-05-15T07:22:28.328+0000] {docker.py:429} INFO - Final unique records: 75
[2026-05-15T07:22:28.334+0000] {docker.py:429} INFO - 
[2026-05-15T07:22:30.804+0000] {docker.py:429} INFO - Saved → /app/data/inegi_playwright.json
ERROR: Event loop is closed! Is Playwright already stopped?
[2026-05-15T07:22:40.304+0000] {taskinstance.py:1149} INFO - Marking task as SUCCESS. dag_id=inegi_playwright, task_id=run_inegi_playwright, execution_date=20260514T000000, start_date=20260515T070336, end_date=20260515T072240
[2026-05-15T07:22:44.663+0000] {local_task_job_runner.py:234} INFO - Task exited with return code 0
[2026-05-15T07:22:46.243+0000] {taskinstance.py:3309} INFO - 0 downstream tasks scheduled from follow-on schedule check
