[2026-05-28T07:17:44.390+0000] {taskinstance.py:1979} INFO - Dependencies all met for dep_context=non-requeueable deps ti=<TaskInstance: merge_all_scrapers.merge_all_outputs manual__2026-05-28T07:17:21.739517+00:00 [queued]>
[2026-05-28T07:17:44.444+0000] {taskinstance.py:1979} INFO - Dependencies all met for dep_context=requeueable deps ti=<TaskInstance: merge_all_scrapers.merge_all_outputs manual__2026-05-28T07:17:21.739517+00:00 [queued]>
[2026-05-28T07:17:44.448+0000] {taskinstance.py:2193} INFO - Starting attempt 1 of 1
[2026-05-28T07:17:44.800+0000] {taskinstance.py:2214} INFO - Executing <Task(PythonOperator): merge_all_outputs> on 2026-05-28 07:17:21.739517+00:00
[2026-05-28T07:17:44.897+0000] {standard_task_runner.py:60} INFO - Started process 315 to run task
[2026-05-28T07:17:45.389+0000] {standard_task_runner.py:87} INFO - Running: ['***', 'tasks', 'run', 'merge_all_scrapers', 'merge_all_outputs', 'manual__2026-05-28T07:17:21.739517+00:00', '--job-id', '294', '--raw', '--subdir', 'DAGS_FOLDER/merge_dag.py', '--cfg-path', '/tmp/tmp5c4340js']
[2026-05-28T07:17:45.467+0000] {standard_task_runner.py:88} INFO - Job 294: Subtask merge_all_outputs
[2026-05-28T07:17:46.240+0000] {task_command.py:423} INFO - Running <TaskInstance: merge_all_scrapers.merge_all_outputs manual__2026-05-28T07:17:21.739517+00:00 [running]> on host f39b18a112ca
[2026-05-28T07:17:48.932+0000] {taskinstance.py:2510} INFO - Exporting env vars: AIRFLOW_CTX_DAG_OWNER='***' AIRFLOW_CTX_DAG_ID='merge_all_scrapers' AIRFLOW_CTX_TASK_ID='merge_all_outputs' AIRFLOW_CTX_EXECUTION_DATE='2026-05-28T07:17:21.739517+00:00' AIRFLOW_CTX_TRY_NUMBER='1' AIRFLOW_CTX_DAG_RUN_ID='manual__2026-05-28T07:17:21.739517+00:00'
[2026-05-28T07:17:49.043+0000] {logging_mixin.py:188} INFO - 📂 DATA PATH: /opt/***/data
[2026-05-28T07:17:49.056+0000] {logging_mixin.py:188} INFO - 
📄 READING JSON: eu_fsf_sanctions.json
[2026-05-28T07:17:49.958+0000] {logging_mixin.py:188} INFO - 
📄 READING JSON: inegi_playwright.json
[2026-05-28T07:17:50.933+0000] {logging_mixin.py:188} INFO - 
📄 READING JSON: inegi_scraper.json
[2026-05-28T07:17:51.153+0000] {logging_mixin.py:188} INFO - 
🗄️ READING DB: kaldata.db
[2026-05-28T07:17:56.804+0000] {logging_mixin.py:188} INFO - 
🗄️ READING DB: telegraph.db
[2026-05-28T07:17:58.686+0000] {logging_mixin.py:188} INFO - 
📦 TOTAL BEFORE DEDUP: 6365
[2026-05-28T07:17:58.845+0000] {logging_mixin.py:188} INFO - 🧹 AFTER DEDUP: 6361
[2026-05-28T07:17:58.984+0000] {base.py:83} INFO - Using connection ID 'postgres_default' for task execution.
[2026-05-28T07:18:44.335+0000] {logging_mixin.py:188} INFO - 💾 JSON OUTPUT: /opt/***/data/final_output.json
[2026-05-28T07:18:44.432+0000] {logging_mixin.py:188} INFO - 🔓 LOCK REMOVED
[2026-05-28T07:18:44.513+0000] {python.py:202} INFO - Done. Returned value was: None
[2026-05-28T07:18:44.801+0000] {taskinstance.py:1149} INFO - Marking task as SUCCESS. dag_id=merge_all_scrapers, task_id=merge_all_outputs, execution_date=20260528T071721, start_date=20260528T071744, end_date=20260528T071844
[2026-05-28T07:18:45.218+0000] {local_task_job_runner.py:234} INFO - Task exited with return code 0
[2026-05-28T07:18:45.952+0000] {taskinstance.py:3309} INFO - 0 downstream tasks scheduled from follow-on schedule check
