[2026-06-08T14:17:30.609+0000] {taskinstance.py:1979} INFO - Dependencies all met for dep_context=non-requeueable deps ti=<TaskInstance: telegraph_scraper.run_telegraph_container scheduled__2026-06-07T00:00:00+00:00 [queued]>
[2026-06-08T14:17:30.830+0000] {taskinstance.py:1979} INFO - Dependencies all met for dep_context=requeueable deps ti=<TaskInstance: telegraph_scraper.run_telegraph_container scheduled__2026-06-07T00:00:00+00:00 [queued]>
[2026-06-08T14:17:30.845+0000] {taskinstance.py:2193} INFO - Starting attempt 1 of 1
[2026-06-08T14:17:31.044+0000] {taskinstance.py:2214} INFO - Executing <Task(DockerOperator): run_telegraph_container> on 2026-06-07 00:00:00+00:00
[2026-06-08T14:17:31.168+0000] {standard_task_runner.py:60} INFO - Started process 148 to run task
[2026-06-08T14:17:31.304+0000] {standard_task_runner.py:87} INFO - Running: ['***', 'tasks', 'run', 'telegraph_scraper', 'run_telegraph_container', 'scheduled__2026-06-07T00:00:00+00:00', '--job-id', '422', '--raw', '--subdir', 'DAGS_FOLDER/telegraph_dag.py', '--cfg-path', '/tmp/tmpy86mazmx']
[2026-06-08T14:17:31.366+0000] {standard_task_runner.py:88} INFO - Job 422: Subtask run_telegraph_container
[2026-06-08T14:17:34.606+0000] {task_command.py:423} INFO - Running <TaskInstance: telegraph_scraper.run_telegraph_container scheduled__2026-06-07T00:00:00+00:00 [running]> on host f39b18a112ca
[2026-06-08T14:17:35.709+0000] {taskinstance.py:2510} INFO - Exporting env vars: AIRFLOW_CTX_DAG_OWNER='***' AIRFLOW_CTX_DAG_ID='telegraph_scraper' AIRFLOW_CTX_TASK_ID='run_telegraph_container' AIRFLOW_CTX_EXECUTION_DATE='2026-06-07T00:00:00+00:00' AIRFLOW_CTX_TRY_NUMBER='1' AIRFLOW_CTX_DAG_RUN_ID='scheduled__2026-06-07T00:00:00+00:00'
[2026-06-08T14:17:36.426+0000] {docker.py:359} INFO - Starting docker container from image telegraph-scraper:v1
[2026-06-08T14:17:36.533+0000] {docker.py:367} WARNING - Using remote engine or docker-in-docker and mounting temporary volume from host is not supported. Falling back to `mount_tmp_dir=False` mode. You can set `mount_tmp_dir` parameter to False to disable mounting and remove the warning
[2026-06-08T14:18:02.817+0000] {docker.py:429} INFO - [+] Saved: ПРЕМИЕРЪТ РАДЕВ: Няма да бъде проявявана никаква милост!
[2026-06-08T14:18:05.065+0000] {docker.py:429} INFO - [+] Saved: Родината му е Персия, в Европа отначало го наричат „турска цев”: Люлякът – химн на живота!
[2026-06-08T14:18:07.440+0000] {docker.py:429} INFO - [+] Saved: ЗАРАДИ 5 ЧЕРЕШИ: Селянин прегази детско колело (ВИДЕО)
[2026-06-08T14:18:09.536+0000] {docker.py:429} INFO - [+] Saved: Григор Димитров загуби нови позиции
[2026-06-08T14:18:13.928+0000] {docker.py:429} INFO - [+] Saved: Проверяват сигнал за незаконен сондаж в „незаконния град“ край Варна
[2026-06-08T14:18:16.530+0000] {docker.py:429} INFO - [+] Saved: Огромен клон падна в центъра на Варна
[2026-06-08T14:18:18.318+0000] {docker.py:429} INFO - [+] Saved: Икономическа полиция влезе във ВиК-Кърджали
[2026-06-08T14:18:20.617+0000] {docker.py:429} INFO - [+] Saved: ЗАД БЛЯСЪКА: Агонизиращият живот на Дженифър Лопес
[2026-06-08T14:18:22.438+0000] {docker.py:429} INFO - [+] Saved: Буреносно начало на Световното първенство
[2026-06-08T14:18:27.013+0000] {docker.py:429} INFO - [+] Saved: Отмених обявеното бедствено положение в село Тича
[2026-06-08T14:18:29.793+0000] {docker.py:429} INFO - [+] Saved: ХРИСТИЯН МИЦКОСКИ: София спира Скопие дори за инициатива „Три морета“
[2026-06-08T14:18:33.091+0000] {docker.py:429} INFO - [+] Saved: Младеж загина в катастрофа край Борово
[2026-06-08T14:18:37.945+0000] {docker.py:429} INFO - [+] Saved: Тръмп: Иран и Израел искат незабавно примирие
[2026-06-08T14:18:41.958+0000] {docker.py:429} INFO - [+] Saved: ДЕМЕРДЖИЕВ: Кандев ме изненада с напускането си
[2026-06-08T14:18:45.820+0000] {docker.py:429} INFO - [+] Saved: Председателят на БОК Весела Лечева пред “Телеграф”: Гледам напред, защото има много работа
[2026-06-08T14:18:48.528+0000] {docker.py:429} INFO - [+] Saved: Христо Стоичков с уникален авторски спектакъл по повод  своята 60-годишнина
[2026-06-08T14:18:51.271+0000] {docker.py:429} INFO - [+] Saved: Из цяла Европа: Геро и Дони воюват за жена в 17 града
[2026-06-08T14:18:53.534+0000] {docker.py:429} INFO - [+] Saved: Хиляди се струпаха да вкусят Дунав
[2026-06-08T14:18:55.617+0000] {docker.py:429} INFO - [+] Saved: Експериментите на Тухел трябва да спрат
[2026-06-08T14:18:59.692+0000] {docker.py:429} INFO - [+] Saved: Омбудсманът: Новите цени на тока за бита са необосновано високи
[2026-06-08T14:19:03.582+0000] {docker.py:429} INFO - [+] Saved: Политологът Христо Панчугов пред „Телеграф”: Заплаха е обръщането на  политическата ориентация!
[2026-06-08T14:19:08.726+0000] {docker.py:429} INFO - [+] Saved: НЕОЧАКВАН ПРОБЛЕМ: Мечка затвори почти 100 училища!
[2026-06-08T14:19:15.701+0000] {docker.py:429} INFO - [+] Saved: ВНИМАНИЕ: Издирват 13-годишно момиче от Варна (СНИМКА)
[2026-06-08T14:19:18.635+0000] {docker.py:429} INFO - [+] Saved: ИЗНЕНАДА: Георги Кандев напуска МВР!
[2026-06-08T14:19:22.197+0000] {docker.py:429} INFO - [+] Saved: Камери пазят новите влакове от графити
[2026-06-08T14:19:24.745+0000] {docker.py:429} INFO - [+] Saved: Димитър Димитров-Херо: Има светъл лъч при съдиите в България
[2026-06-08T14:19:28.881+0000] {docker.py:429} INFO - [+] Saved: Славия подписа с Балде и Антонов
[2026-06-08T14:19:31.551+0000] {docker.py:429} INFO - [+] Saved: Ясно е дали Ламин Ямал и Нико Уилямс ще са готови за старта на Мондиала
[2026-06-08T14:19:34.013+0000] {docker.py:429} INFO - [+] Saved: МЪКИТЕ НЯМАТ КРАЙ: Нова мощна магнитна буря удря Земята!
[2026-06-08T14:19:36.507+0000] {docker.py:429} INFO - [+] Saved: ЗАРАДИ БЮДЖЕТ 2026: Учители в стачна готовност!
[2026-06-08T14:19:40.403+0000] {docker.py:429} INFO - [+] Saved: Ромарио изригна: Преди Бразилия имаше мен и Роналдо, днес няма никого
[2026-06-08T14:19:44.581+0000] {docker.py:429} INFO - [+] Saved: Спад за Вики Томова в ранглистата
[2026-06-08T14:19:47.096+0000] {docker.py:429} INFO - [+] Saved: МВнР се зае със случая на българската гражданка Ива Михайлова от Кочани
[2026-06-08T14:19:48.942+0000] {docker.py:429} INFO - [+] Saved: Моуриньо почва в Реал Мадрид с удар по масата
[2026-06-08T14:19:53.053+0000] {docker.py:429} INFO - [+] Saved: Ботунец иска патрулки нонстоп!
[2026-06-08T14:19:55.169+0000] {docker.py:429} INFO - [+] Saved: Петролът пак поскъпна!
[2026-06-08T14:20:00.077+0000] {docker.py:429} INFO - [+] Saved: Босът на Локо Сф: Любо Пенев може да се възстанови по-бързо в работна среда
[2026-06-08T14:20:02.984+0000] {docker.py:429} INFO - [+] Saved: Мишо Вълчев: Левски трябва да се мисли за още един нападател
[2026-06-08T14:20:06.614+0000] {docker.py:429} INFO - [+] Saved: РАДЕВ: "Кошница с грижа“ ще намали с 15% цената на стоки от първа необходимост!
[2026-06-08T14:20:08.904+0000] {docker.py:429} INFO - [+] Saved: Йотова: Българските институции реагираха светкавично след инцидента с дрона в Румъния
[2026-06-08T14:20:11.308+0000] {docker.py:429} INFO - [+] Saved: Започна изплащането на пенсиите за юни
[2026-06-08T14:20:14.883+0000] {docker.py:429} INFO - [+] Saved: Росен Кирилов: ЦСКА се нуждае от 4-5 нови попълнения
[2026-06-08T14:20:17.781+0000] {docker.py:429} INFO - [+] Saved: КАКВО СЕ СЛУЧВА?! Поредно силно земетресение удари гръцки остров!
[2026-06-08T14:20:19.507+0000] {docker.py:429} INFO - [+] Saved: Пускат временния обходен път между Пампорово и Смолян
[2026-06-08T14:20:21.775+0000] {docker.py:429} INFO - [+] Saved: Александър Пулев: Очакваме намаление от 15 до 30% на стоките от първа необходимост
[2026-06-08T14:20:23.758+0000] {docker.py:429} INFO - [+] Saved: Весела Лечева пред „Мач Телеграф“:  Гледам напред, защото има много работа
[2026-06-08T14:20:26.546+0000] {docker.py:429} INFO - [+] Saved: Черно море отряза Левски за млад талант
[2026-06-08T14:20:30.661+0000] {docker.py:429} INFO - [+] Saved: БЛАГОМИР КОЦЕВ ЗА „БАБА АЛИНО“: Държавата действително е била безсилна! (ВИДЕО)
[2026-06-08T14:20:32.839+0000] {docker.py:429} INFO - [+] Saved: С началото на сезона: Активизираха се джебчиите във Варна
[2026-06-08T14:20:35.363+0000] {docker.py:429} INFO - [+] Saved: СЛЕД ЖЕСТОКАТА ТРАГЕДИЯ: Гледат мярката за неотклонение на обвинените за катастрофата на Челопешко шосе!
[2026-06-08T14:20:39.975+0000] {docker.py:429} INFO - [+] Saved: Билал Бари помага за трансфер в Левски
[2026-06-08T14:20:44.120+0000] {docker.py:429} INFO - [+] Saved: Волейболистките се събудиха след кошмарен старт, но загубиха от Турция
[2026-06-08T14:20:46.647+0000] {docker.py:429} INFO - [+] Saved: БРУТАЛНО БЕДСТВИЕ: Земетресение от 8,2 по Рихтер разтърси земята, има жертва! (ВИДЕО)
[2026-06-08T14:20:48.572+0000] {docker.py:429} INFO - [+] Saved: Флорентино Перес остава президент на Реал Мадрид
[2026-06-08T14:20:51.426+0000] {docker.py:429} INFO - [+] Saved: ВОЙНАТА ПАК ЗАПОЧНА: Иран и Израел се бомбардираха!
[2026-06-08T14:20:55.652+0000] {docker.py:429} INFO - [+] Saved: Гледайте контролите на Франция, Нидерландия и Испания
[2026-06-08T14:20:58.135+0000] {docker.py:429} INFO - [+] Saved: Водеща се обясни в любов на Гуардиола (СНИМКИ)
[2026-06-08T14:21:00.785+0000] {docker.py:429} INFO - [+] Saved: Бивша звезда на Челси пусна свой бургер
[2026-06-08T14:21:04.946+0000] {docker.py:429} INFO - [+] Saved: Президентът на Байерн отряза Реал за Олисе: Може да си спестят труда
[2026-06-08T14:21:07.655+0000] {docker.py:429} INFO - [+] Saved: Докторът на датския национален отбор: Ериксен е добре
[2026-06-08T14:21:09.609+0000] {docker.py:429} INFO - [+] Saved: Медиумът Николай Станчев пред „Телеграф“: Само двама съм срещал с магия!
[2026-06-08T14:21:11.583+0000] {docker.py:429} INFO - [+] Saved: Ужас: Кристиан Ериксен колабира отново на терена
[2026-06-08T14:21:15.344+0000] {docker.py:429} INFO - [+] Saved: Пенев 40 часа воюва със змейове
[2026-06-08T14:21:19.362+0000] {docker.py:429} INFO - [+] Saved: Зверев сбъдна мечтата си
[2026-06-08T14:21:22.396+0000] {docker.py:429} INFO - [+] Saved: Сензация! Дуплантис допусна загуба за първи път от 3 г.
[2026-06-08T14:21:24.627+0000] {docker.py:429} INFO - [+] Saved: Георги Колевичин, чиято мечта докосва небето
[2026-06-08T14:21:28.397+0000] {docker.py:429} INFO - [+] Saved: Защитник на ЦСКА се ожени (СНИМКИ)
[2026-06-08T14:21:32.340+0000] {docker.py:429} INFO - [+] Saved: В понеделник във вестник „Мач Телеграф“
[2026-06-08T14:21:34.968+0000] {docker.py:429} INFO - [+] Saved: Антонели грабна пета поредна победа
[2026-06-08T14:21:43.713+0000] {taskinstance.py:1149} INFO - Marking task as SUCCESS. dag_id=telegraph_scraper, task_id=run_telegraph_container, execution_date=20260607T000000, start_date=20260608T141730, end_date=20260608T142143
[2026-06-08T14:21:49.903+0000] {local_task_job_runner.py:234} INFO - Task exited with return code 0
[2026-06-08T14:21:56.908+0000] {taskinstance.py:3309} INFO - 0 downstream tasks scheduled from follow-on schedule check
