[2026-06-03T07:02:40.503+0000] {taskinstance.py:1979} INFO - Dependencies all met for dep_context=non-requeueable deps ti=<TaskInstance: telegraph_scraper.run_telegraph_container scheduled__2026-06-02T00:00:00+00:00 [queued]>
[2026-06-03T07:02:40.779+0000] {taskinstance.py:1979} INFO - Dependencies all met for dep_context=requeueable deps ti=<TaskInstance: telegraph_scraper.run_telegraph_container scheduled__2026-06-02T00:00:00+00:00 [queued]>
[2026-06-03T07:02:40.875+0000] {taskinstance.py:2193} INFO - Starting attempt 1 of 1
[2026-06-03T07:02:41.252+0000] {taskinstance.py:2214} INFO - Executing <Task(DockerOperator): run_telegraph_container> on 2026-06-02 00:00:00+00:00
[2026-06-03T07:02:41.455+0000] {standard_task_runner.py:60} INFO - Started process 139 to run task
[2026-06-03T07:02:41.504+0000] {standard_task_runner.py:87} INFO - Running: ['***', 'tasks', 'run', 'telegraph_scraper', 'run_telegraph_container', 'scheduled__2026-06-02T00:00:00+00:00', '--job-id', '361', '--raw', '--subdir', 'DAGS_FOLDER/telegraph_dag.py', '--cfg-path', '/tmp/tmpj9dg19d2']
[2026-06-03T07:02:41.711+0000] {standard_task_runner.py:88} INFO - Job 361: Subtask run_telegraph_container
[2026-06-03T07:02:52.998+0000] {task_command.py:423} INFO - Running <TaskInstance: telegraph_scraper.run_telegraph_container scheduled__2026-06-02T00:00:00+00:00 [running]> on host f39b18a112ca
[2026-06-03T07:02:58.859+0000] {taskinstance.py:2510} INFO - Exporting env vars: AIRFLOW_CTX_DAG_OWNER='***' AIRFLOW_CTX_DAG_ID='telegraph_scraper' AIRFLOW_CTX_TASK_ID='run_telegraph_container' AIRFLOW_CTX_EXECUTION_DATE='2026-06-02T00:00:00+00:00' AIRFLOW_CTX_TRY_NUMBER='1' AIRFLOW_CTX_DAG_RUN_ID='scheduled__2026-06-02T00:00:00+00:00'
[2026-06-03T07:03:03.287+0000] {docker.py:359} INFO - Starting docker container from image telegraph-scraper:v1
[2026-06-03T07:03:05.333+0000] {docker.py:367} WARNING - Using remote engine or docker-in-docker and mounting temporary volume from host is not supported. Falling back to `mount_tmp_dir=False` mode. You can set `mount_tmp_dir` parameter to False to disable mounting and remove the warning
[2026-06-03T07:04:16.347+0000] {docker.py:429} INFO - [+] Saved: Чакат се 3 500 000 евро в касата! Най-скъпите места на „Армията“ почти свършиха
[2026-06-03T07:04:19.839+0000] {docker.py:429} INFO - [+] Saved: Ирански дронове поразиха летището в Кувейт, има ранени
[2026-06-03T07:04:23.736+0000] {docker.py:429} INFO - [+] Saved: Депутатите почетоха с минута мълчание паметта на Любен Дилов-син
[2026-06-03T07:04:26.130+0000] {docker.py:429} INFO - [+] Saved: Искат от „сините“ 1 млн. за защитник
[2026-06-03T07:04:28.318+0000] {docker.py:429} INFO - [+] Saved: Простреляха БГ полицай в САЩ
[2026-06-03T07:04:30.425+0000] {docker.py:429} INFO - [+] Saved: Четвъртокласниците се явяват на НВО по български език и литература
[2026-06-03T07:04:32.998+0000] {docker.py:429} INFO - [+] Saved: ТАПА НА „ТРАКИЯ“: Свиват движението в двете посоки за ремонти
[2026-06-03T07:04:35.425+0000] {docker.py:429} INFO - [+] Saved: Антонио Коща към Скопие: Конституционните промени са единственият начин
[2026-06-03T07:04:38.083+0000] {docker.py:429} INFO - [+] Saved: Джошуа: Оставям емоциите встрани
[2026-06-03T07:04:40.884+0000] {docker.py:429} INFO - [+] Saved: РАКЕТЕН УДАР: САЩ разпориха танкер заради иранската блокада!
[2026-06-03T07:04:43.126+0000] {docker.py:429} INFO - [+] Saved: РИЧАРД ГИЪР ИЗРИГНА СРЕЩУ ТРЪМП: Този маниак разрушава всичко!
[2026-06-03T07:04:45.185+0000] {docker.py:429} INFO - [+] Saved: ДРАМА В ДОРТМУНД: Баща простреля полицай и взе трите си деца за заложници
[2026-06-03T07:04:48.382+0000] {docker.py:429} INFO - [+] Saved: ПОДМОЛНО ВРЕМЕ: Слънцето ни мами преди гръмотевичен удар
[2026-06-03T07:04:51.297+0000] {docker.py:429} INFO - [+] Saved: Гледайте волейболните националки срещу Италия и 1/4 финалите на „Ролан Гарос“
[2026-06-03T07:04:53.309+0000] {docker.py:429} INFO - [+] Saved: Култард омекна след ергенски запой
[2026-06-03T07:04:56.083+0000] {docker.py:429} INFO - [+] Saved: Кой уби Ботев? Чужди или свои застреляха войводата?
[2026-06-03T07:04:58.948+0000] {docker.py:429} INFO - [+] Saved: Семейството на Любен Дилов-син съобщи кога ще бъде поклонението
[2026-06-03T07:05:02.467+0000] {docker.py:429} INFO - [+] Saved: ЛЕКАРИ АЛАРМИРАТ: Медицинските резултати на Тръмп са твърде хубави, за да са истина!
[2026-06-03T07:05:04.675+0000] {docker.py:429} INFO - [+] Saved: Зеленски предупреди, че е възможно тази вечер да има нова масирана руска атака
[2026-06-03T07:05:06.722+0000] {docker.py:429} INFO - [+] Saved: ПЛАЩАШ ЗА ВЪЗДУХ: Опаковката по-тежка от бонбоните
[2026-06-03T07:05:09.184+0000] {docker.py:429} INFO - [+] Saved: Премиерът Радев се срещна с работодателите
[2026-06-03T07:05:11.916+0000] {docker.py:429} INFO - [+] Saved: ЖЕЛЕЗЕН СБЛЪСЪК: Катастрофа между два трамвая в София
[2026-06-03T07:05:16.175+0000] {docker.py:429} INFO - [+] Saved: ЛЮБОВЕН КАПАН: Осъдиха Веселка за клевета
[2026-06-03T07:05:18.262+0000] {docker.py:429} INFO - [+] Saved: Юлия Стаматова се класира за втория кръг на сингъл и за четвъртфиналите на двойки в Сърбия
[2026-06-03T07:05:20.808+0000] {docker.py:429} INFO - [+] Saved: Нургюл Салимова с победа в осмия кръг
[2026-06-03T07:05:23.346+0000] {docker.py:429} INFO - [+] Saved: Кечистът Миро продава Бангаранга за $35
[2026-06-03T07:05:27.732+0000] {docker.py:429} INFO - [+] Saved: Бойко Величков обяви голямата цел пред ЦСКА
[2026-06-03T07:05:30.511+0000] {docker.py:429} INFO - [+] Saved: Фулъм официално обяви раздялата с Марко Силва
[2026-06-03T07:05:32.678+0000] {docker.py:429} INFO - [+] Saved: СПЕЦАКЦИЯТА В СОФИЯ: Наркозависими купували фентанил от сергия в кв. "Факултета"
[2026-06-03T07:05:35.842+0000] {docker.py:429} INFO - [+] Saved: Вижте как изпратиха Бразилия за световното
[2026-06-03T07:05:37.665+0000] {docker.py:429} INFO - [+] Saved: Етър обяви контроли със сериозни съперници
[2026-06-03T07:05:39.688+0000] {docker.py:429} INFO - [+] Saved: 29-годишен мъж преби жестоко 19-годишната си приятелка във Варна
[2026-06-03T07:05:42.474+0000] {docker.py:429} INFO - [+] Saved: Динко Динев и Виктор Марков достигнаха до четвъртфиналите на двойки
[2026-06-03T07:05:44.755+0000] {docker.py:429} INFO - [+] Saved: Зверев пречупи "новия Надал"
[2026-06-03T07:05:47.338+0000] {docker.py:429} INFO - [+] Saved: Съмнения за AI и преписване: Проверяват стотици матури по БЕЛ
[2026-06-03T07:05:49.333+0000] {docker.py:429} INFO - [+] Saved: Демерджиев: Бащата на Васил Михайлов е помагал за укриването му!
[2026-06-03T07:05:52.199+0000] {docker.py:429} INFO - [+] Saved: Донски с трета поредна победа на сингъл
[2026-06-03T07:05:54.738+0000] {docker.py:429} INFO - [+] Saved: Радев: Възстановяването на мира в региона на Близкия изток ще укрепи стабилността на Европа
[2026-06-03T07:05:58.474+0000] {docker.py:429} INFO - [+] Saved: Кейн: Аз съм един от фаворитите за “Златната топка”
[2026-06-03T07:06:01.946+0000] {docker.py:429} INFO - [+] Saved: УЖАС: Тротинетка помете 2-годишно дете в центъра на Русе (ВИДЕО)
[2026-06-03T07:06:04.017+0000] {docker.py:429} INFO - [+] Saved: 40-годишният Акинфеев подписа нов договор с ЦСКА Москва
[2026-06-03T07:06:09.447+0000] {docker.py:429} INFO - [+] Saved: Шалте и маса помпат сянката на плажа!
[2026-06-03T07:06:15.213+0000] {docker.py:429} INFO - [+] Saved: Икономиката на Русия се разпада под тежестта на войната!
[2026-06-03T07:06:17.054+0000] {docker.py:429} INFO - [+] Saved: С индексацията от 1 юли: Пестят 2,39 евро от всеки пенсионер
[2026-06-03T07:06:19.546+0000] {docker.py:429} INFO - [+] Saved: В сряда във вестник "Мач Телеграф"
[2026-06-03T07:06:23.334+0000] {docker.py:429} INFO - [+] Saved: Президентът Макрон надъха "петлите" за Мондиал 2026
[2026-06-03T07:06:25.405+0000] {docker.py:429} INFO - [+] Saved: В Деня на Ботев пресъздадоха последната битка на вр. Околчица (СНИМКИ)
[2026-06-03T07:06:27.935+0000] {docker.py:429} INFO - [+] Saved: Управляващите се отказаха от вдигането на тавана на дълга с до €3,8 милиарда
[2026-06-03T07:06:30.274+0000] {docker.py:429} INFO - [+] Saved: Гръм от Италия за Левски!
[2026-06-03T07:06:32.498+0000] {docker.py:429} INFO - [+] Saved: Иво Димчев и Виктор: Любов, изкуствени гърди и още странни избори
[2026-06-03T07:06:34.936+0000] {docker.py:429} INFO - [+] Saved: Косъма отново се появи във Велико Търново
[2026-06-03T07:06:39.137+0000] {docker.py:429} INFO - [+] Saved: КЛАСИРАНЕ НА НЕРВИ: Излезе първият прием за първолаците в София!
[2026-06-03T07:06:41.257+0000] {docker.py:429} INFO - [+] Saved: Славия привлече двама нови
[2026-06-03T07:06:44.580+0000] {docker.py:429} INFO - [+] Saved: Поклон пред Любен Дилов-син: Страната скърби за един от най-ярките си интелектуалци
[2026-06-03T07:06:59.301+0000] {docker.py:429} INFO - [+] Saved: Декан кани българи от диаспората да учат у нас
[2026-06-03T07:07:03.066+0000] {docker.py:429} INFO - [+] Saved: Ето как ЦСКА зарадва деца навръх 1 юни
[2026-06-03T07:07:06.283+0000] {docker.py:429} INFO - [+] Saved: "ЩЕ ТИ ОТРЕЖА ГЛАВАТА": Мъж удари с мачете приятелката си в столичен квартал
[2026-06-03T07:07:12.415+0000] {docker.py:429} INFO - [+] Saved: Суперкомпютър разкри новия световен шампион
[2026-06-03T07:07:17.036+0000] {docker.py:429} INFO - [+] Saved: ДЕМЕРДЖИЕВ ЗА НЕЗАКОННИЯ ГРАД: Има данни за политическа намеса и пране на пари!
[2026-06-03T07:07:28.146+0000] {docker.py:429} INFO - [+] Saved: Крис Норман се сбогува с БГ публиката
[2026-06-03T07:07:33.294+0000] {docker.py:429} INFO - [+] Saved: Две нашенки въртяли незаконен публичен дом в Австрия
[2026-06-03T07:07:43.677+0000] {docker.py:429} INFO - [+] Saved: Иван Иванов с поредно постижение за историята
[2026-06-03T07:07:52.421+0000] {docker.py:429} INFO - [+] Saved: МИЦКОСКИ ОСТРО: Няма да вляза в конституционна авантюра
[2026-06-03T07:08:08.406+0000] {docker.py:429} INFO - [+] Saved: УДАР ПО ДЖОБА ОТ 1 ЮЛИ: Токът поскъпва с близо 3%, парното – с почти 5%
[2026-06-03T07:08:17.563+0000] {docker.py:429} INFO - [+] Saved: Вижте какво се случва с парите от Лудогорец в БГ отборите
[2026-06-03T07:08:25.172+0000] {docker.py:429} INFO - [+] Saved: ТОВА ЛИ Е ПАНАЦЕЯТА? Ново лекарство третира шест вида рак?!
[2026-06-03T07:08:29.729+0000] {docker.py:429} INFO - [+] Saved: Ужасна новина за една от най-големите фигури в историята на Ливърпул
[2026-06-03T07:08:33.623+0000] {docker.py:429} INFO - [+] Saved: Чашата преля: Варненци излизат на протест с искане за оставката на кмета Коцев
[2026-06-03T07:08:37.291+0000] {docker.py:429} INFO - [+] Saved: Тенис Верига 17+ стартира на 6 юни в СК "ДЕМА", наградният фонд е 1600 евро
[2026-06-03T07:08:45.784+0000] {taskinstance.py:1149} INFO - Marking task as SUCCESS. dag_id=telegraph_scraper, task_id=run_telegraph_container, execution_date=20260602T000000, start_date=20260603T070240, end_date=20260603T070845
[2026-06-03T07:08:48.351+0000] {local_task_job_runner.py:234} INFO - Task exited with return code 0
[2026-06-03T07:08:49.964+0000] {taskinstance.py:3309} INFO - 0 downstream tasks scheduled from follow-on schedule check
