[2026-05-13T14:02:45.735+0000] {taskinstance.py:1979} INFO - Dependencies all met for dep_context=non-requeueable deps ti=<TaskInstance: telegraph_scraper.trigger_merge scheduled__2026-05-12T00:00:00+00:00 [queued]>
[2026-05-13T14:02:45.992+0000] {taskinstance.py:1979} INFO - Dependencies all met for dep_context=requeueable deps ti=<TaskInstance: telegraph_scraper.trigger_merge scheduled__2026-05-12T00:00:00+00:00 [queued]>
[2026-05-13T14:02:46.003+0000] {taskinstance.py:2193} INFO - Starting attempt 1 of 3
[2026-05-13T14:02:46.206+0000] {taskinstance.py:2214} INFO - Executing <Task(TriggerDagRunOperator): trigger_merge> on 2026-05-12 00:00:00+00:00
[2026-05-13T14:02:46.277+0000] {standard_task_runner.py:60} INFO - Started process 1508 to run task
[2026-05-13T14:02:46.332+0000] {standard_task_runner.py:87} INFO - Running: ['***', 'tasks', 'run', 'telegraph_scraper', 'trigger_merge', 'scheduled__2026-05-12T00:00:00+00:00', '--job-id', '12', '--raw', '--subdir', 'DAGS_FOLDER/telegraph_dag.py', '--cfg-path', '/tmp/tmp_rf7io2_']
[2026-05-13T14:02:46.395+0000] {standard_task_runner.py:88} INFO - Job 12: Subtask trigger_merge
[2026-05-13T14:02:47.888+0000] {task_command.py:423} INFO - Running <TaskInstance: telegraph_scraper.trigger_merge scheduled__2026-05-12T00:00:00+00:00 [running]> on host e85744e68698
[2026-05-13T14:02:48.346+0000] {taskinstance.py:2510} INFO - Exporting env vars: AIRFLOW_CTX_DAG_OWNER='***' AIRFLOW_CTX_DAG_ID='telegraph_scraper' AIRFLOW_CTX_TASK_ID='trigger_merge' AIRFLOW_CTX_EXECUTION_DATE='2026-05-12T00:00:00+00:00' AIRFLOW_CTX_TRY_NUMBER='1' AIRFLOW_CTX_DAG_RUN_ID='scheduled__2026-05-12T00:00:00+00:00'
[2026-05-13T14:02:49.811+0000] {taskinstance.py:1149} INFO - Marking task as SUCCESS. dag_id=telegraph_scraper, task_id=trigger_merge, execution_date=20260512T000000, start_date=20260513T140245, end_date=20260513T140249
[2026-05-13T14:02:49.937+0000] {local_task_job_runner.py:234} INFO - Task exited with return code 0
[2026-05-13T14:02:50.097+0000] {taskinstance.py:3309} INFO - 0 downstream tasks scheduled from follow-on schedule check
[2026-05-13T15:03:36.037+0000] {taskinstance.py:1979} INFO - Dependencies all met for dep_context=non-requeueable deps ti=<TaskInstance: telegraph_scraper.trigger_merge scheduled__2026-05-12T00:00:00+00:00 [queued]>
[2026-05-13T15:03:36.190+0000] {taskinstance.py:1979} INFO - Dependencies all met for dep_context=requeueable deps ti=<TaskInstance: telegraph_scraper.trigger_merge scheduled__2026-05-12T00:00:00+00:00 [queued]>
[2026-05-13T15:03:36.218+0000] {taskinstance.py:2193} INFO - Starting attempt 1 of 3
[2026-05-13T15:03:36.370+0000] {taskinstance.py:2214} INFO - Executing <Task(TriggerDagRunOperator): trigger_merge> on 2026-05-12 00:00:00+00:00
[2026-05-13T15:03:36.432+0000] {standard_task_runner.py:60} INFO - Started process 1065 to run task
[2026-05-13T15:03:36.484+0000] {standard_task_runner.py:87} INFO - Running: ['***', 'tasks', 'run', 'telegraph_scraper', 'trigger_merge', 'scheduled__2026-05-12T00:00:00+00:00', '--job-id', '13', '--raw', '--subdir', 'DAGS_FOLDER/telegraph_dag.py', '--cfg-path', '/tmp/tmp9xm5ctsh']
[2026-05-13T15:03:36.517+0000] {standard_task_runner.py:88} INFO - Job 13: Subtask trigger_merge
[2026-05-13T15:03:37.016+0000] {task_command.py:423} INFO - Running <TaskInstance: telegraph_scraper.trigger_merge scheduled__2026-05-12T00:00:00+00:00 [running]> on host ab149d976c2e
[2026-05-13T15:03:37.773+0000] {taskinstance.py:2510} INFO - Exporting env vars: AIRFLOW_CTX_DAG_OWNER='***' AIRFLOW_CTX_DAG_ID='telegraph_scraper' AIRFLOW_CTX_TASK_ID='trigger_merge' AIRFLOW_CTX_EXECUTION_DATE='2026-05-12T00:00:00+00:00' AIRFLOW_CTX_TRY_NUMBER='1' AIRFLOW_CTX_DAG_RUN_ID='scheduled__2026-05-12T00:00:00+00:00'
[2026-05-13T15:03:38.653+0000] {taskinstance.py:1149} INFO - Marking task as SUCCESS. dag_id=telegraph_scraper, task_id=trigger_merge, execution_date=20260512T000000, start_date=20260513T150336, end_date=20260513T150338
[2026-05-13T15:03:38.826+0000] {local_task_job_runner.py:234} INFO - Task exited with return code 0
[2026-05-13T15:03:38.988+0000] {taskinstance.py:3309} INFO - 0 downstream tasks scheduled from follow-on schedule check
