[2026-06-11T14:58:26.405+0000] {taskinstance.py:1979} INFO - Dependencies all met for dep_context=non-requeueable deps ti=<TaskInstance: merge_all_scrapers.merge_all_outputs manual__2026-06-11T14:57:40.104008+00:00 [queued]>
[2026-06-11T14:58:26.599+0000] {taskinstance.py:1979} INFO - Dependencies all met for dep_context=requeueable deps ti=<TaskInstance: merge_all_scrapers.merge_all_outputs manual__2026-06-11T14:57:40.104008+00:00 [queued]>
[2026-06-11T14:58:26.661+0000] {taskinstance.py:2193} INFO - Starting attempt 1 of 1
[2026-06-11T14:58:27.080+0000] {taskinstance.py:2214} INFO - Executing <Task(PythonOperator): merge_all_outputs> on 2026-06-11 14:57:40.104008+00:00
[2026-06-11T14:58:27.291+0000] {standard_task_runner.py:60} INFO - Started process 4910 to run task
[2026-06-11T14:58:27.519+0000] {standard_task_runner.py:87} INFO - Running: ['***', 'tasks', 'run', 'merge_all_scrapers', 'merge_all_outputs', 'manual__2026-06-11T14:57:40.104008+00:00', '--job-id', '494', '--raw', '--subdir', 'DAGS_FOLDER/merge_dag.py', '--cfg-path', '/tmp/tmpgroa3ne_']
[2026-06-11T14:58:27.709+0000] {standard_task_runner.py:88} INFO - Job 494: Subtask merge_all_outputs
[2026-06-11T14:58:31.530+0000] {task_command.py:423} INFO - Running <TaskInstance: merge_all_scrapers.merge_all_outputs manual__2026-06-11T14:57:40.104008+00:00 [running]> on host f39b18a112ca
[2026-06-11T14:58:35.832+0000] {taskinstance.py:2510} INFO - Exporting env vars: AIRFLOW_CTX_DAG_OWNER='***' AIRFLOW_CTX_DAG_ID='merge_all_scrapers' AIRFLOW_CTX_TASK_ID='merge_all_outputs' AIRFLOW_CTX_EXECUTION_DATE='2026-06-11T14:57:40.104008+00:00' AIRFLOW_CTX_TRY_NUMBER='1' AIRFLOW_CTX_DAG_RUN_ID='manual__2026-06-11T14:57:40.104008+00:00'
[2026-06-11T14:58:36.115+0000] {logging_mixin.py:188} INFO - 📂 DATA PATH: /opt/***/data
[2026-06-11T14:58:36.182+0000] {logging_mixin.py:188} INFO - 
READING JSON: eu_fsf_sanctions.json
[2026-06-11T14:58:37.197+0000] {logging_mixin.py:188} INFO - 
READING JSON: inegi_playwright.json
[2026-06-11T14:58:37.472+0000] {logging_mixin.py:188} INFO - 
READING JSON: inegi_scraper.json
[2026-06-11T14:58:37.780+0000] {logging_mixin.py:188} INFO - 
READING DB: kaldata.db
[2026-06-11T14:58:44.857+0000] {logging_mixin.py:188} INFO - 
READING DB: telegraph.db
[2026-06-11T14:58:51.325+0000] {logging_mixin.py:188} INFO - 
TOTAL BEFORE DEDUP: 6171
[2026-06-11T14:58:52.036+0000] {logging_mixin.py:188} INFO - AFTER DEDUP: 6168
[2026-06-11T14:58:52.679+0000] {base.py:83} INFO - Using connection ID 'postgres_default' for task execution.
[2026-06-11T15:00:39.720+0000] {logging_mixin.py:188} INFO - JSON OUTPUT: /opt/***/data/final_output.json
[2026-06-11T15:00:40.022+0000] {logging_mixin.py:188} INFO - LOCK REMOVED
[2026-06-11T15:00:40.156+0000] {python.py:202} INFO - Done. Returned value was: None
[2026-06-11T15:00:41.768+0000] {taskinstance.py:1149} INFO - Marking task as SUCCESS. dag_id=merge_all_scrapers, task_id=merge_all_outputs, execution_date=20260611T145740, start_date=20260611T145826, end_date=20260611T150041
[2026-06-11T15:00:42.894+0000] {local_task_job_runner.py:234} INFO - Task exited with return code 0
[2026-06-11T15:00:43.409+0000] {taskinstance.py:3309} INFO - 0 downstream tasks scheduled from follow-on schedule check
