[2026-05-21T12:23:43.705+0000] {taskinstance.py:1979} INFO - Dependencies all met for dep_context=non-requeueable deps ti=<TaskInstance: merge_all_scrapers.merge_all_outputs manual__2026-05-21T12:21:59.651188+00:00 [queued]>
[2026-05-21T12:23:43.827+0000] {taskinstance.py:1979} INFO - Dependencies all met for dep_context=requeueable deps ti=<TaskInstance: merge_all_scrapers.merge_all_outputs manual__2026-05-21T12:21:59.651188+00:00 [queued]>
[2026-05-21T12:23:43.836+0000] {taskinstance.py:2193} INFO - Starting attempt 1 of 1
[2026-05-21T12:23:44.288+0000] {taskinstance.py:2214} INFO - Executing <Task(PythonOperator): merge_all_outputs> on 2026-05-21 12:21:59.651188+00:00
[2026-05-21T12:23:44.322+0000] {standard_task_runner.py:60} INFO - Started process 1045 to run task
[2026-05-21T12:23:44.392+0000] {standard_task_runner.py:87} INFO - Running: ['***', 'tasks', 'run', 'merge_all_scrapers', 'merge_all_outputs', 'manual__2026-05-21T12:21:59.651188+00:00', '--job-id', '162', '--raw', '--subdir', 'DAGS_FOLDER/merge_dag.py', '--cfg-path', '/tmp/tmpm59n2h4r']
[2026-05-21T12:23:44.484+0000] {standard_task_runner.py:88} INFO - Job 162: Subtask merge_all_outputs
[2026-05-21T12:23:46.152+0000] {task_command.py:423} INFO - Running <TaskInstance: merge_all_scrapers.merge_all_outputs manual__2026-05-21T12:21:59.651188+00:00 [running]> on host f39b18a112ca
[2026-05-21T12:23:47.829+0000] {taskinstance.py:2510} INFO - Exporting env vars: AIRFLOW_CTX_DAG_OWNER='***' AIRFLOW_CTX_DAG_ID='merge_all_scrapers' AIRFLOW_CTX_TASK_ID='merge_all_outputs' AIRFLOW_CTX_EXECUTION_DATE='2026-05-21T12:21:59.651188+00:00' AIRFLOW_CTX_TRY_NUMBER='1' AIRFLOW_CTX_DAG_RUN_ID='manual__2026-05-21T12:21:59.651188+00:00'
[2026-05-21T12:23:47.922+0000] {logging_mixin.py:188} INFO - 📂 DATA PATH: /opt/***/data
[2026-05-21T12:23:47.942+0000] {logging_mixin.py:188} INFO - 
📄 READING JSON: eu_fsf_sanctions.json
[2026-05-21T12:23:48.208+0000] {logging_mixin.py:188} INFO - 
📄 READING JSON: inegi_playwright.json
[2026-05-21T12:23:48.257+0000] {logging_mixin.py:188} INFO - 
📄 READING JSON: inegi_scraper.json
[2026-05-21T12:23:48.280+0000] {logging_mixin.py:188} INFO - 
🗄️ READING DB: kaldata.db
[2026-05-21T12:23:52.441+0000] {logging_mixin.py:188} INFO - 
🗄️ READING DB: telegraph.db
[2026-05-21T12:23:54.317+0000] {logging_mixin.py:188} INFO - 
📦 TOTAL BEFORE DEDUP: 6399
[2026-05-21T12:23:55.116+0000] {logging_mixin.py:188} INFO - 🧹 AFTER DEDUP: 6395
[2026-05-21T12:23:55.740+0000] {base.py:83} INFO - Using connection ID 'postgres_default' for task execution.
[2026-05-21T12:25:10.517+0000] {logging_mixin.py:188} INFO - 💾 JSON OUTPUT: /opt/***/data/final_output.json
[2026-05-21T12:25:10.661+0000] {logging_mixin.py:188} INFO - 🔓 LOCK REMOVED
[2026-05-21T12:25:10.708+0000] {python.py:202} INFO - Done. Returned value was: None
[2026-05-21T12:25:11.216+0000] {taskinstance.py:1149} INFO - Marking task as SUCCESS. dag_id=merge_all_scrapers, task_id=merge_all_outputs, execution_date=20260521T122159, start_date=20260521T122343, end_date=20260521T122511
[2026-05-21T12:25:11.360+0000] {local_task_job_runner.py:234} INFO - Task exited with return code 0
[2026-05-21T12:25:11.514+0000] {taskinstance.py:3309} INFO - 0 downstream tasks scheduled from follow-on schedule check
