[2026-05-15T07:06:39.573+0000] {taskinstance.py:1979} INFO - Dependencies all met for dep_context=non-requeueable deps ti=<TaskInstance: merge_all_scrapers.merge_all_outputs manual__2026-05-15T07:06:12.988668+00:00 [queued]>
[2026-05-15T07:06:39.704+0000] {taskinstance.py:1979} INFO - Dependencies all met for dep_context=requeueable deps ti=<TaskInstance: merge_all_scrapers.merge_all_outputs manual__2026-05-15T07:06:12.988668+00:00 [queued]>
[2026-05-15T07:06:39.710+0000] {taskinstance.py:2193} INFO - Starting attempt 1 of 1
[2026-05-15T07:06:39.955+0000] {taskinstance.py:2214} INFO - Executing <Task(PythonOperator): merge_all_outputs> on 2026-05-15 07:06:12.988668+00:00
[2026-05-15T07:06:40.030+0000] {standard_task_runner.py:60} INFO - Started process 295 to run task
[2026-05-15T07:06:40.097+0000] {standard_task_runner.py:87} INFO - Running: ['***', 'tasks', 'run', 'merge_all_scrapers', 'merge_all_outputs', 'manual__2026-05-15T07:06:12.988668+00:00', '--job-id', '26', '--raw', '--subdir', 'DAGS_FOLDER/merge_dag.py', '--cfg-path', '/tmp/tmpciqfvfxe']
[2026-05-15T07:06:40.256+0000] {standard_task_runner.py:88} INFO - Job 26: Subtask merge_all_outputs
[2026-05-15T07:06:43.993+0000] {task_command.py:423} INFO - Running <TaskInstance: merge_all_scrapers.merge_all_outputs manual__2026-05-15T07:06:12.988668+00:00 [running]> on host 26acb5ca21e7
[2026-05-15T07:06:49.277+0000] {taskinstance.py:2510} INFO - Exporting env vars: AIRFLOW_CTX_DAG_OWNER='***' AIRFLOW_CTX_DAG_ID='merge_all_scrapers' AIRFLOW_CTX_TASK_ID='merge_all_outputs' AIRFLOW_CTX_EXECUTION_DATE='2026-05-15T07:06:12.988668+00:00' AIRFLOW_CTX_TRY_NUMBER='1' AIRFLOW_CTX_DAG_RUN_ID='manual__2026-05-15T07:06:12.988668+00:00'
[2026-05-15T07:06:49.597+0000] {logging_mixin.py:188} INFO - 📂 DATA PATH: /opt/***/data
[2026-05-15T07:06:49.738+0000] {logging_mixin.py:188} INFO - 
📄 READING JSON: eu_fsf_sanctions.json
[2026-05-15T07:06:50.095+0000] {logging_mixin.py:188} INFO - 
📄 READING JSON: inegi_playwright.json
[2026-05-15T07:06:50.191+0000] {logging_mixin.py:188} INFO - 
📄 READING JSON: inegi_scraper.json
[2026-05-15T07:06:50.244+0000] {logging_mixin.py:188} INFO - 
🗄️ READING DB: kaldata.db
[2026-05-15T07:07:00.935+0000] {logging_mixin.py:188} INFO - 
🗄️ READING DB: telegraph.db
[2026-05-15T07:07:02.552+0000] {logging_mixin.py:188} INFO - 
📦 TOTAL BEFORE DEDUP: 6495
[2026-05-15T07:07:02.936+0000] {logging_mixin.py:188} INFO - 🧹 AFTER DEDUP: 6491
[2026-05-15T07:07:03.760+0000] {base.py:83} INFO - Using connection ID 'postgres_default' for task execution.
[2026-05-15T07:08:12.732+0000] {logging_mixin.py:188} INFO - DB INSERT ERROR: there is no unique or exclusion constraint matching the ON CONFLICT specification
[2026-05-15T07:08:12.744+0000] {logging_mixin.py:188} INFO - DB INSERT ERROR: current transaction is aborted, commands ignored until end of transaction block
[2026-05-15T07:08:12.752+0000] {logging_mixin.py:188} INFO - DB INSERT ERROR: current transaction is aborted, commands ignored until end of transaction block
[2026-05-15T07:08:12.778+0000] {logging_mixin.py:188} INFO - DB INSERT ERROR: current transaction is aborted, commands ignored until end of transaction block
[2026-05-15T07:08:12.790+0000] {logging_mixin.py:188} INFO - DB INSERT ERROR: current transaction is aborted, commands ignored until end of transaction block
[2026-05-15T07:08:12.796+0000] {logging_mixin.py:188} INFO - DB INSERT ERROR: current transaction is aborted, commands ignored until end of transaction block
[2026-05-15T07:08:12.800+0000] {logging_mixin.py:188} INFO - DB INSERT ERROR: current transaction is aborted, commands ignored until end of transaction block
[2026-05-15T07:08:12.824+0000] {logging_mixin.py:188} INFO - DB INSERT ERROR: current transaction is aborted, commands ignored until end of transaction block
[2026-05-15T07:08:12.832+0000] {logging_mixin.py:188} INFO - DB INSERT ERROR: current transaction is aborted, commands ignored until end of transaction block
[2026-05-15T07:08:12.862+0000] {logging_mixin.py:188} INFO - DB INSERT ERROR: current transaction is aborted, commands ignored until end of transaction block
[2026-05-15T07:08:12.882+0000] {logging_mixin.py:188} INFO - DB INSERT ERROR: current transaction is aborted, commands ignored until end of transaction block
[2026-05-15T07:08:12.894+0000] {logging_mixin.py:188} INFO - DB INSERT ERROR: current transaction is aborted, commands ignored until end of transaction block
[2026-05-15T07:08:12.936+0000] {logging_mixin.py:188} INFO - DB INSERT ERROR: current transaction is aborted, commands ignored until end of transaction block
[2026-05-15T07:08:12.950+0000] {logging_mixin.py:188} INFO - DB INSERT ERROR: current transaction is aborted, commands ignored until end of transaction block
[2026-05-15T07:08:12.962+0000] {logging_mixin.py:188} INFO - DB INSERT ERROR: current transaction is aborted, commands ignored until end of transaction block
[2026-05-15T07:08:12.976+0000] {logging_mixin.py:188} INFO - DB INSERT ERROR: current transaction is aborted, commands ignored until end of transaction block
[2026-05-15T07:08:12.986+0000] {logging_mixin.py:188} INFO - DB INSERT ERROR: current transaction is aborted, commands ignored until end of transaction block
[2026-05-15T07:08:12.995+0000] {logging_mixin.py:188} INFO - DB INSERT ERROR: current transaction is aborted, commands ignored until end of transaction block
[2026-05-15T07:08:13.141+0000] {logging_mixin.py:188} INFO - DB INSERT ERROR: current transaction is aborted, commands ignored until end of transaction block
[2026-05-15T07:08:13.204+0000] {logging_mixin.py:188} INFO - DB INSERT ERROR: current transaction is aborted, commands ignored until end of transaction block
[2026-05-15T07:08:13.237+0000] {logging_mixin.py:188} INFO - DB INSERT ERROR: current transaction is aborted, commands ignored until end of transaction block
[2026-05-15T07:08:13.254+0000] {logging_mixin.py:188} INFO - DB INSERT ERROR: current transaction is aborted, commands ignored until end of transaction block
[2026-05-15T07:08:13.270+0000] {logging_mixin.py:188} INFO - DB INSERT ERROR: current transaction is aborted, commands ignored until end of transaction block
[2026-05-15T07:08:13.301+0000] {logging_mixin.py:188} INFO - DB INSERT ERROR: current transaction is aborted, commands ignored until end of transaction block
[2026-05-15T07:08:13.336+0000] {logging_mixin.py:188} INFO - DB INSERT ERROR: current transaction is aborted, commands ignored until end of transaction block
[2026-05-15T07:08:13.366+0000] {logging_mixin.py:188} INFO - DB INSERT ERROR: current transaction is aborted, commands ignored until end of transaction block
[2026-05-15T07:08:13.414+0000] {logging_mixin.py:188} INFO - DB INSERT ERROR: current transaction is aborted, commands ignored until end of transaction block
[2026-05-15T07:08:13.448+0000] {logging_mixin.py:188} INFO - DB INSERT ERROR: current transaction is aborted, commands ignored until end of transaction block
[2026-05-15T07:08:13.558+0000] {logging_mixin.py:188} INFO - DB INSERT ERROR: current transaction is aborted, commands ignored until end of transaction block
[2026-05-15T07:08:13.607+0000] {logging_mixin.py:188} INFO - DB INSERT ERROR: current transaction is aborted, commands ignored until end of transaction block
[2026-05-15T07:08:13.655+0000] {logging_mixin.py:188} INFO - DB INSERT ERROR: current transaction is aborted, commands ignored until end of transaction block
[2026-05-15T07:08:13.686+0000] {logging_mixin.py:188} INFO - DB INSERT ERROR: current transaction is aborted, commands ignored until end of transaction block
[2026-05-15T07:08:13.812+0000] {logging_mixin.py:188} INFO - DB INSERT ERROR: current transaction is aborted, commands ignored until end of transaction block
[2026-05-15T07:08:13.817+0000] {logging_mixin.py:188} INFO - DB INSERT ERROR: current transaction is aborted, commands ignored until end of transaction block
[2026-05-15T07:08:13.829+0000] {logging_mixin.py:188} INFO - DB INSERT ERROR: current transaction is aborted, commands ignored until end of transaction block
[2026-05-15T07:08:13.845+0000] {logging_mixin.py:188} INFO - DB INSERT ERROR: current transaction is aborted, commands ignored until end of transaction block
[2026-05-15T07:08:13.853+0000] {logging_mixin.py:188} INFO - DB INSERT ERROR: current transaction is aborted, commands ignored until end of transaction block
[2026-05-15T07:08:13.860+0000] {logging_mixin.py:188} INFO - DB INSERT ERROR: current transaction is aborted, commands ignored until end of transaction block
[2026-05-15T07:08:13.876+0000] {logging_mixin.py:188} INFO - DB INSERT ERROR: current transaction is aborted, commands ignored until end of transaction block
[2026-05-15T07:08:13.891+0000] {logging_mixin.py:188} INFO - DB INSERT ERROR: current transaction is aborted, commands ignored until end of transaction block
[2026-05-15T07:08:13.896+0000] {logging_mixin.py:188} INFO - DB INSERT ERROR: current transaction is aborted, commands ignored until end of transaction block
[2026-05-15T07:08:13.909+0000] {logging_mixin.py:188} INFO - DB INSERT ERROR: current transaction is aborted, commands ignored until end of transaction block
[2026-05-15T07:08:13.980+0000] {logging_mixin.py:188} INFO - DB INSERT ERROR: current transaction is aborted, commands ignored until end of transaction block
[2026-05-15T07:08:14.030+0000] {logging_mixin.py:188} INFO - DB INSERT ERROR: current transaction is aborted, commands ignored until end of transaction block
[2026-05-15T07:08:14.052+0000] {logging_mixin.py:188} INFO - DB INSERT ERROR: current transaction is aborted, commands ignored until end of transaction block
[2026-05-15T07:08:14.059+0000] {logging_mixin.py:188} INFO - DB INSERT ERROR: current transaction is aborted, commands ignored until end of transaction block
[2026-05-15T07:08:14.087+0000] {logging_mixin.py:188} INFO - DB INSERT ERROR: current transaction is aborted, commands ignored until end of transaction block
[2026-05-15T07:08:14.090+0000] {logging_mixin.py:188} INFO - DB INSERT ERROR: current transaction is aborted, commands ignored until end of transaction block
[2026-05-15T07:08:14.097+0000] {logging_mixin.py:188} INFO - DB INSERT ERROR: current transaction is aborted, commands ignored until end of transaction block
[2026-05-15T07:08:14.102+0000] {logging_mixin.py:188} INFO - DB INSERT ERROR: current transaction is aborted, commands ignored until end of transaction block
[2026-05-15T07:08:14.115+0000] {logging_mixin.py:188} INFO - DB INSERT ERROR: current transaction is aborted, commands ignored until end of transaction block
[2026-05-15T07:08:14.125+0000] {logging_mixin.py:188} INFO - DB INSERT ERROR: current transaction is aborted, commands ignored until end of transaction block
[2026-05-15T07:08:14.141+0000] {logging_mixin.py:188} INFO - DB INSERT ERROR: current transaction is aborted, commands ignored until end of transaction block
[2026-05-15T07:08:14.155+0000] {logging_mixin.py:188} INFO - DB INSERT ERROR: current transaction is aborted, commands ignored until end of transaction block
[2026-05-15T07:08:14.168+0000] {logging_mixin.py:188} INFO - DB INSERT ERROR: current transaction is aborted, commands ignored until end of transaction block
[2026-05-15T07:08:14.200+0000] {logging_mixin.py:188} INFO - DB INSERT ERROR: current transaction is aborted, commands ignored until end of transaction block
[2026-05-15T07:08:14.222+0000] {logging_mixin.py:188} INFO - DB INSERT ERROR: current transaction is aborted, commands ignored until end of transaction block
[2026-05-15T07:08:14.226+0000] {logging_mixin.py:188} INFO - DB INSERT ERROR: current transaction is aborted, commands ignored until end of transaction block
[2026-05-15T07:08:14.233+0000] {logging_mixin.py:188} INFO - DB INSERT ERROR: current transaction is aborted, commands ignored until end of transaction block
[2026-05-15T07:08:14.238+0000] {logging_mixin.py:188} INFO - DB INSERT ERROR: current transaction is aborted, commands ignored until end of transaction block
[2026-05-15T07:08:14.249+0000] {logging_mixin.py:188} INFO - DB INSERT ERROR: current transaction is aborted, commands ignored until end of transaction block
[2026-05-15T07:08:14.262+0000] {logging_mixin.py:188} INFO - DB INSERT ERROR: current transaction is aborted, commands ignored until end of transaction block
[2026-05-15T07:08:14.268+0000] {logging_mixin.py:188} INFO - DB INSERT ERROR: current transaction is aborted, commands ignored until end of transaction block
[2026-05-15T07:08:14.278+0000] {logging_mixin.py:188} INFO - DB INSERT ERROR: current transaction is aborted, commands ignored until end of transaction block
[2026-05-15T07:08:14.284+0000] {logging_mixin.py:188} INFO - DB INSERT ERROR: current transaction is aborted, commands ignored until end of transaction block
[2026-05-15T07:08:14.290+0000] {logging_mixin.py:188} INFO - DB INSERT ERROR: current transaction is aborted, commands ignored until end of transaction block
[2026-05-15T07:08:14.296+0000] {logging_mixin.py:188} INFO - DB INSERT ERROR: current transaction is aborted, commands ignored until end of transaction block
[2026-05-15T07:08:14.299+0000] {logging_mixin.py:188} INFO - DB INSERT ERROR: current transaction is aborted, commands ignored until end of transaction block
[2026-05-15T07:08:14.302+0000] {logging_mixin.py:188} INFO - DB INSERT ERROR: current transaction is aborted, commands ignored until end of transaction block
[2026-05-15T07:08:14.306+0000] {logging_mixin.py:188} INFO - DB INSERT ERROR: current transaction is aborted, commands ignored until end of transaction block
[2026-05-15T07:08:14.313+0000] {logging_mixin.py:188} INFO - DB INSERT ERROR: current transaction is aborted, commands ignored until end of transaction block
[2026-05-15T07:08:14.318+0000] {logging_mixin.py:188} INFO - DB INSERT ERROR: current transaction is aborted, commands ignored until end of transaction block
[2026-05-15T07:08:14.324+0000] {logging_mixin.py:188} INFO - DB INSERT ERROR: current transaction is aborted, commands ignored until end of transaction block
[2026-05-15T07:08:14.328+0000] {logging_mixin.py:188} INFO - DB INSERT ERROR: current transaction is aborted, commands ignored until end of transaction block
[2026-05-15T07:08:14.334+0000] {logging_mixin.py:188} INFO - DB INSERT ERROR: current transaction is aborted, commands ignored until end of transaction block
[2026-05-15T07:08:14.338+0000] {logging_mixin.py:188} INFO - DB INSERT ERROR: current transaction is aborted, commands ignored until end of transaction block
[2026-05-15T07:08:14.342+0000] {logging_mixin.py:188} INFO - DB INSERT ERROR: current transaction is aborted, commands ignored until end of transaction block
[2026-05-15T07:08:14.345+0000] {logging_mixin.py:188} INFO - DB INSERT ERROR: current transaction is aborted, commands ignored until end of transaction block
[2026-05-15T07:08:14.352+0000] {logging_mixin.py:188} INFO - DB INSERT ERROR: current transaction is aborted, commands ignored until end of transaction block
[2026-05-15T07:08:14.356+0000] {logging_mixin.py:188} INFO - DB INSERT ERROR: current transaction is aborted, commands ignored until end of transaction block
[2026-05-15T07:08:14.359+0000] {logging_mixin.py:188} INFO - DB INSERT ERROR: current transaction is aborted, commands ignored until end of transaction block
[2026-05-15T07:08:14.367+0000] {logging_mixin.py:188} INFO - DB INSERT ERROR: current transaction is aborted, commands ignored until end of transaction block
[2026-05-15T07:08:14.369+0000] {logging_mixin.py:188} INFO - DB INSERT ERROR: current transaction is aborted, commands ignored until end of transaction block
[2026-05-15T07:08:14.372+0000] {logging_mixin.py:188} INFO - DB INSERT ERROR: current transaction is aborted, commands ignored until end of transaction block
[2026-05-15T07:08:14.376+0000] {logging_mixin.py:188} INFO - DB INSERT ERROR: current transaction is aborted, commands ignored until end of transaction block
[2026-05-15T07:08:14.380+0000] {logging_mixin.py:188} INFO - DB INSERT ERROR: current transaction is aborted, commands ignored until end of transaction block
[2026-05-15T07:08:14.392+0000] {logging_mixin.py:188} INFO - DB INSERT ERROR: current transaction is aborted, commands ignored until end of transaction block
[2026-05-15T07:08:14.395+0000] {logging_mixin.py:188} INFO - DB INSERT ERROR: current transaction is aborted, commands ignored until end of transaction block
[2026-05-15T07:08:14.397+0000] {logging_mixin.py:188} INFO - DB INSERT ERROR: current transaction is aborted, commands ignored until end of transaction block
[2026-05-15T07:08:14.409+0000] {logging_mixin.py:188} INFO - DB INSERT ERROR: current transaction is aborted, commands ignored until end of transaction block
[2026-05-15T07:08:14.412+0000] {logging_mixin.py:188} INFO - DB INSERT ERROR: current transaction is aborted, commands ignored until end of transaction block
[2026-05-15T07:08:14.417+0000] {logging_mixin.py:188} INFO - DB INSERT ERROR: current transaction is aborted, commands ignored until end of transaction block
[2026-05-15T07:08:14.424+0000] {logging_mixin.py:188} INFO - DB INSERT ERROR: current transaction is aborted, commands ignored until end of transaction block
[2026-05-15T07:08:14.426+0000] {logging_mixin.py:188} INFO - DB INSERT ERROR: current transaction is aborted, commands ignored until end of transaction block
[2026-05-15T07:08:14.430+0000] {logging_mixin.py:188} INFO - DB INSERT ERROR: current transaction is aborted, commands ignored until end of transaction block
[2026-05-15T07:08:14.434+0000] {logging_mixin.py:188} INFO - DB INSERT ERROR: current transaction is aborted, commands ignored until end of transaction block
[2026-05-15T07:08:14.438+0000] {logging_mixin.py:188} INFO - DB INSERT ERROR: current transaction is aborted, commands ignored until end of transaction block
[2026-05-15T07:08:14.446+0000] {logging_mixin.py:188} INFO - DB INSERT ERROR: current transaction is aborted, commands ignored until end of transaction block
[2026-05-15T07:08:14.452+0000] {logging_mixin.py:188} INFO - DB INSERT ERROR: current transaction is aborted, commands ignored until end of transaction block
[2026-05-15T07:08:14.478+0000] {logging_mixin.py:188} INFO - DB INSERT ERROR: current transaction is aborted, commands ignored until end of transaction block
[2026-05-15T07:08:14.482+0000] {logging_mixin.py:188} INFO - DB INSERT ERROR: current transaction is aborted, commands ignored until end of transaction block
[2026-05-15T07:08:14.492+0000] {logging_mixin.py:188} INFO - DB INSERT ERROR: current transaction is aborted, commands ignored until end of transaction block
[2026-05-15T07:08:14.496+0000] {logging_mixin.py:188} INFO - DB INSERT ERROR: current transaction is aborted, commands ignored until end of transaction block
[2026-05-15T07:08:14.499+0000] {logging_mixin.py:188} INFO - DB INSERT ERROR: current transaction is aborted, commands ignored until end of transaction block
[2026-05-15T07:08:14.502+0000] {logging_mixin.py:188} INFO - DB INSERT ERROR: current transaction is aborted, commands ignored until end of transaction block
[2026-05-15T07:08:14.503+0000] {logging_mixin.py:188} INFO - DB INSERT ERROR: current transaction is aborted, commands ignored until end of transaction block
[2026-05-15T07:08:14.510+0000] {logging_mixin.py:188} INFO - DB INSERT ERROR: current transaction is aborted, commands ignored until end of transaction block
[2026-05-15T07:08:14.512+0000] {logging_mixin.py:188} INFO - DB INSERT ERROR: current transaction is aborted, commands ignored until end of transaction block
[2026-05-15T07:08:14.519+0000] {logging_mixin.py:188} INFO - DB INSERT ERROR: current transaction is aborted, commands ignored until end of transaction block
[2026-05-15T07:08:14.524+0000] {logging_mixin.py:188} INFO - DB INSERT ERROR: current transaction is aborted, commands ignored until end of transaction block
[2026-05-15T07:08:14.532+0000] {logging_mixin.py:188} INFO - DB INSERT ERROR: current transaction is aborted, commands ignored until end of transaction block
[2026-05-15T07:08:14.547+0000] {logging_mixin.py:188} INFO - DB INSERT ERROR: current transaction is aborted, commands ignored until end of transaction block
[2026-05-15T07:08:14.553+0000] {logging_mixin.py:188} INFO - DB INSERT ERROR: current transaction is aborted, commands ignored until end of transaction block
[2026-05-15T07:08:14.559+0000] {logging_mixin.py:188} INFO - DB INSERT ERROR: current transaction is aborted, commands ignored until end of transaction block
[2026-05-15T07:08:14.572+0000] {logging_mixin.py:188} INFO - DB INSERT ERROR: current transaction is aborted, commands ignored until end of transaction block
[2026-05-15T07:08:14.596+0000] {logging_mixin.py:188} INFO - DB INSERT ERROR: current transaction is aborted, commands ignored until end of transaction block
[2026-05-15T07:08:14.601+0000] {logging_mixin.py:188} INFO - DB INSERT ERROR: current transaction is aborted, commands ignored until end of transaction block
[2026-05-15T07:08:14.607+0000] {logging_mixin.py:188} INFO - DB INSERT ERROR: current transaction is aborted, commands ignored until end of transaction block
[2026-05-15T07:08:14.613+0000] {logging_mixin.py:188} INFO - DB INSERT ERROR: current transaction is aborted, commands ignored until end of transaction block
[2026-05-15T07:08:14.615+0000] {logging_mixin.py:188} INFO - DB INSERT ERROR: current transaction is aborted, commands ignored until end of transaction block
[2026-05-15T07:08:14.621+0000] {logging_mixin.py:188} INFO - DB INSERT ERROR: current transaction is aborted, commands ignored until end of transaction block
[2026-05-15T07:08:14.629+0000] {logging_mixin.py:188} INFO - DB INSERT ERROR: current transaction is aborted, commands ignored until end of transaction block
[2026-05-15T07:08:14.632+0000] {logging_mixin.py:188} INFO - DB INSERT ERROR: current transaction is aborted, commands ignored until end of transaction block
[2026-05-15T07:08:14.635+0000] {logging_mixin.py:188} INFO - DB INSERT ERROR: current transaction is aborted, commands ignored until end of transaction block
[2026-05-15T07:08:14.639+0000] {logging_mixin.py:188} INFO - DB INSERT ERROR: current transaction is aborted, commands ignored until end of transaction block
[2026-05-15T07:08:14.644+0000] {logging_mixin.py:188} INFO - DB INSERT ERROR: current transaction is aborted, commands ignored until end of transaction block
[2026-05-15T07:08:14.647+0000] {logging_mixin.py:188} INFO - DB INSERT ERROR: current transaction is aborted, commands ignored until end of transaction block
[2026-05-15T07:08:14.650+0000] {logging_mixin.py:188} INFO - DB INSERT ERROR: current transaction is aborted, commands ignored until end of transaction block
[2026-05-15T07:08:14.655+0000] {logging_mixin.py:188} INFO - DB INSERT ERROR: current transaction is aborted, commands ignored until end of transaction block
[2026-05-15T07:08:14.662+0000] {logging_mixin.py:188} INFO - DB INSERT ERROR: current transaction is aborted, commands ignored until end of transaction block
[2026-05-15T07:08:14.666+0000] {logging_mixin.py:188} INFO - DB INSERT ERROR: current transaction is aborted, commands ignored until end of transaction block
[2026-05-15T07:08:14.671+0000] {logging_mixin.py:188} INFO - DB INSERT ERROR: current transaction is aborted, commands ignored until end of transaction block
[2026-05-15T07:08:14.684+0000] {logging_mixin.py:188} INFO - DB INSERT ERROR: current transaction is aborted, commands ignored until end of transaction block
[2026-05-15T07:08:14.689+0000] {logging_mixin.py:188} INFO - DB INSERT ERROR: current transaction is aborted, commands ignored until end of transaction block
[2026-05-15T07:08:14.693+0000] {logging_mixin.py:188} INFO - DB INSERT ERROR: current transaction is aborted, commands ignored until end of transaction block
[2026-05-15T07:08:14.703+0000] {logging_mixin.py:188} INFO - DB INSERT ERROR: current transaction is aborted, commands ignored until end of transaction block
[2026-05-15T07:08:14.711+0000] {logging_mixin.py:188} INFO - DB INSERT ERROR: current transaction is aborted, commands ignored until end of transaction block
[2026-05-15T07:08:14.718+0000] {logging_mixin.py:188} INFO - DB INSERT ERROR: current transaction is aborted, commands ignored until end of transaction block
[2026-05-15T07:08:14.722+0000] {logging_mixin.py:188} INFO - DB INSERT ERROR: current transaction is aborted, commands ignored until end of transaction block
[2026-05-15T07:08:14.725+0000] {logging_mixin.py:188} INFO - DB INSERT ERROR: current transaction is aborted, commands ignored until end of transaction block
[2026-05-15T07:08:14.730+0000] {logging_mixin.py:188} INFO - DB INSERT ERROR: current transaction is aborted, commands ignored until end of transaction block
[2026-05-15T07:08:14.739+0000] {logging_mixin.py:188} INFO - DB INSERT ERROR: current transaction is aborted, commands ignored until end of transaction block
[2026-05-15T07:08:14.744+0000] {logging_mixin.py:188} INFO - DB INSERT ERROR: current transaction is aborted, commands ignored until end of transaction block
[2026-05-15T07:08:14.747+0000] {logging_mixin.py:188} INFO - DB INSERT ERROR: current transaction is aborted, commands ignored until end of transaction block
[2026-05-15T07:08:14.761+0000] {logging_mixin.py:188} INFO - DB INSERT ERROR: current transaction is aborted, commands ignored until end of transaction block
[2026-05-15T07:08:14.768+0000] {logging_mixin.py:188} INFO - DB INSERT ERROR: current transaction is aborted, commands ignored until end of transaction block
[2026-05-15T07:08:14.773+0000] {logging_mixin.py:188} INFO - DB INSERT ERROR: current transaction is aborted, commands ignored until end of transaction block
[2026-05-15T07:08:14.780+0000] {logging_mixin.py:188} INFO - DB INSERT ERROR: current transaction is aborted, commands ignored until end of transaction block
[2026-05-15T07:08:14.792+0000] {logging_mixin.py:188} INFO - DB INSERT ERROR: current transaction is aborted, commands ignored until end of transaction block
[2026-05-15T07:08:14.796+0000] {logging_mixin.py:188} INFO - DB INSERT ERROR: current transaction is aborted, commands ignored until end of transaction block
[2026-05-15T07:08:14.799+0000] {logging_mixin.py:188} INFO - DB INSERT ERROR: current transaction is aborted, commands ignored until end of transaction block
[2026-05-15T07:08:14.801+0000] {logging_mixin.py:188} INFO - DB INSERT ERROR: current transaction is aborted, commands ignored until end of transaction block
[2026-05-15T07:08:14.806+0000] {logging_mixin.py:188} INFO - DB INSERT ERROR: current transaction is aborted, commands ignored until end of transaction block
[2026-05-15T07:08:14.812+0000] {logging_mixin.py:188} INFO - DB INSERT ERROR: current transaction is aborted, commands ignored until end of transaction block
[2026-05-15T07:08:14.826+0000] {logging_mixin.py:188} INFO - DB INSERT ERROR: current transaction is aborted, commands ignored until end of transaction block
[2026-05-15T07:08:14.880+0000] {logging_mixin.py:188} INFO - DB INSERT ERROR: current transaction is aborted, commands ignored until end of transaction block
[2026-05-15T07:08:14.926+0000] {logging_mixin.py:188} INFO - DB INSERT ERROR: current transaction is aborted, commands ignored until end of transaction block
[2026-05-15T07:08:14.942+0000] {logging_mixin.py:188} INFO - DB INSERT ERROR: current transaction is aborted, commands ignored until end of transaction block
[2026-05-15T07:08:14.959+0000] {logging_mixin.py:188} INFO - DB INSERT ERROR: current transaction is aborted, commands ignored until end of transaction block
[2026-05-15T07:08:14.990+0000] {logging_mixin.py:188} INFO - DB INSERT ERROR: current transaction is aborted, commands ignored until end of transaction block
[2026-05-15T07:08:15.036+0000] {logging_mixin.py:188} INFO - DB INSERT ERROR: current transaction is aborted, commands ignored until end of transaction block
[2026-05-15T07:08:15.071+0000] {logging_mixin.py:188} INFO - DB INSERT ERROR: current transaction is aborted, commands ignored until end of transaction block
[2026-05-15T07:08:15.119+0000] {logging_mixin.py:188} INFO - DB INSERT ERROR: current transaction is aborted, commands ignored until end of transaction block
[2026-05-15T07:08:15.150+0000] {logging_mixin.py:188} INFO - DB INSERT ERROR: current transaction is aborted, commands ignored until end of transaction block
[2026-05-15T07:08:15.199+0000] {logging_mixin.py:188} INFO - DB INSERT ERROR: current transaction is aborted, commands ignored until end of transaction block
[2026-05-15T07:08:15.216+0000] {logging_mixin.py:188} INFO - DB INSERT ERROR: current transaction is aborted, commands ignored until end of transaction block
[2026-05-15T07:08:15.278+0000] {logging_mixin.py:188} INFO - DB INSERT ERROR: current transaction is aborted, commands ignored until end of transaction block
[2026-05-15T07:08:15.293+0000] {logging_mixin.py:188} INFO - DB INSERT ERROR: current transaction is aborted, commands ignored until end of transaction block
[2026-05-15T07:08:15.420+0000] {logging_mixin.py:188} INFO - DB INSERT ERROR: current transaction is aborted, commands ignored until end of transaction block
[2026-05-15T07:08:15.484+0000] {logging_mixin.py:188} INFO - DB INSERT ERROR: current transaction is aborted, commands ignored until end of transaction block
[2026-05-15T07:08:15.534+0000] {logging_mixin.py:188} INFO - DB INSERT ERROR: current transaction is aborted, commands ignored until end of transaction block
[2026-05-15T07:08:15.612+0000] {logging_mixin.py:188} INFO - DB INSERT ERROR: current transaction is aborted, commands ignored until end of transaction block
[2026-05-15T07:08:15.645+0000] {logging_mixin.py:188} INFO - DB INSERT ERROR: current transaction is aborted, commands ignored until end of transaction block
[2026-05-15T07:08:15.687+0000] {logging_mixin.py:188} INFO - DB INSERT ERROR: current transaction is aborted, commands ignored until end of transaction block
[2026-05-15T07:08:15.743+0000] {logging_mixin.py:188} INFO - DB INSERT ERROR: current transaction is aborted, commands ignored until end of transaction block
[2026-05-15T07:08:15.752+0000] {logging_mixin.py:188} INFO - DB INSERT ERROR: current transaction is aborted, commands ignored until end of transaction block
[2026-05-15T07:08:15.792+0000] {logging_mixin.py:188} INFO - DB INSERT ERROR: current transaction is aborted, commands ignored until end of transaction block
[2026-05-15T07:08:15.818+0000] {logging_mixin.py:188} INFO - DB INSERT ERROR: current transaction is aborted, commands ignored until end of transaction block
[2026-05-15T07:08:15.841+0000] {logging_mixin.py:188} INFO - DB INSERT ERROR: current transaction is aborted, commands ignored until end of transaction block
[2026-05-15T07:08:15.945+0000] {logging_mixin.py:188} INFO - DB INSERT ERROR: current transaction is aborted, commands ignored until end of transaction block
[2026-05-15T07:08:15.998+0000] {logging_mixin.py:188} INFO - DB INSERT ERROR: current transaction is aborted, commands ignored until end of transaction block
[2026-05-15T07:08:16.016+0000] {logging_mixin.py:188} INFO - DB INSERT ERROR: current transaction is aborted, commands ignored until end of transaction block
[2026-05-15T07:08:16.048+0000] {logging_mixin.py:188} INFO - DB INSERT ERROR: current transaction is aborted, commands ignored until end of transaction block
[2026-05-15T07:08:16.099+0000] {logging_mixin.py:188} INFO - DB INSERT ERROR: current transaction is aborted, commands ignored until end of transaction block
[2026-05-15T07:08:16.177+0000] {logging_mixin.py:188} INFO - DB INSERT ERROR: current transaction is aborted, commands ignored until end of transaction block
[2026-05-15T07:08:16.240+0000] {logging_mixin.py:188} INFO - DB INSERT ERROR: current transaction is aborted, commands ignored until end of transaction block
[2026-05-15T07:08:16.340+0000] {logging_mixin.py:188} INFO - DB INSERT ERROR: current transaction is aborted, commands ignored until end of transaction block
[2026-05-15T07:08:16.392+0000] {logging_mixin.py:188} INFO - DB INSERT ERROR: current transaction is aborted, commands ignored until end of transaction block
[2026-05-15T07:08:16.444+0000] {logging_mixin.py:188} INFO - DB INSERT ERROR: current transaction is aborted, commands ignored until end of transaction block
[2026-05-15T07:08:16.495+0000] {logging_mixin.py:188} INFO - DB INSERT ERROR: current transaction is aborted, commands ignored until end of transaction block
[2026-05-15T07:08:16.593+0000] {logging_mixin.py:188} INFO - DB INSERT ERROR: current transaction is aborted, commands ignored until end of transaction block
[2026-05-15T07:08:16.626+0000] {logging_mixin.py:188} INFO - DB INSERT ERROR: current transaction is aborted, commands ignored until end of transaction block
[2026-05-15T07:08:16.654+0000] {logging_mixin.py:188} INFO - DB INSERT ERROR: current transaction is aborted, commands ignored until end of transaction block
[2026-05-15T07:08:16.684+0000] {logging_mixin.py:188} INFO - DB INSERT ERROR: current transaction is aborted, commands ignored until end of transaction block
[2026-05-15T07:08:16.706+0000] {logging_mixin.py:188} INFO - DB INSERT ERROR: current transaction is aborted, commands ignored until end of transaction block
[2026-05-15T07:08:16.952+0000] {logging_mixin.py:188} INFO - DB INSERT ERROR: current transaction is aborted, commands ignored until end of transaction block
[2026-05-15T07:08:17.239+0000] {logging_mixin.py:188} INFO - DB INSERT ERROR: current transaction is aborted, commands ignored until end of transaction block
[2026-05-15T07:08:17.302+0000] {logging_mixin.py:188} INFO - DB INSERT ERROR: current transaction is aborted, commands ignored until end of transaction block
[2026-05-15T07:08:17.350+0000] {logging_mixin.py:188} INFO - DB INSERT ERROR: current transaction is aborted, commands ignored until end of transaction block
[2026-05-15T07:08:17.414+0000] {logging_mixin.py:188} INFO - DB INSERT ERROR: current transaction is aborted, commands ignored until end of transaction block
[2026-05-15T07:08:17.590+0000] {logging_mixin.py:188} INFO - DB INSERT ERROR: current transaction is aborted, commands ignored until end of transaction block
[2026-05-15T07:08:17.795+0000] {logging_mixin.py:188} INFO - DB INSERT ERROR: current transaction is aborted, commands ignored until end of transaction block
[2026-05-15T07:08:17.831+0000] {logging_mixin.py:188} INFO - DB INSERT ERROR: current transaction is aborted, commands ignored until end of transaction block
[2026-05-15T07:08:18.038+0000] {logging_mixin.py:188} INFO - DB INSERT ERROR: current transaction is aborted, commands ignored until end of transaction block
[2026-05-15T07:08:18.048+0000] {logging_mixin.py:188} INFO - DB INSERT ERROR: current transaction is aborted, commands ignored until end of transaction block
[2026-05-15T07:08:18.054+0000] {logging_mixin.py:188} INFO - DB INSERT ERROR: current transaction is aborted, commands ignored until end of transaction block
[2026-05-15T07:08:18.066+0000] {logging_mixin.py:188} INFO - DB INSERT ERROR: current transaction is aborted, commands ignored until end of transaction block
[2026-05-15T07:08:18.080+0000] {logging_mixin.py:188} INFO - DB INSERT ERROR: current transaction is aborted, commands ignored until end of transaction block
[2026-05-15T07:08:18.086+0000] {logging_mixin.py:188} INFO - DB INSERT ERROR: current transaction is aborted, commands ignored until end of transaction block
[2026-05-15T07:08:18.179+0000] {logging_mixin.py:188} INFO - DB INSERT ERROR: current transaction is aborted, commands ignored until end of transaction block
[2026-05-15T07:08:18.203+0000] {logging_mixin.py:188} INFO - DB INSERT ERROR: current transaction is aborted, commands ignored until end of transaction block
[2026-05-15T07:08:18.215+0000] {logging_mixin.py:188} INFO - DB INSERT ERROR: current transaction is aborted, commands ignored until end of transaction block
[2026-05-15T07:08:18.256+0000] {logging_mixin.py:188} INFO - DB INSERT ERROR: current transaction is aborted, commands ignored until end of transaction block
[2026-05-15T07:08:18.279+0000] {logging_mixin.py:188} INFO - DB INSERT ERROR: current transaction is aborted, commands ignored until end of transaction block
[2026-05-15T07:08:18.344+0000] {logging_mixin.py:188} INFO - DB INSERT ERROR: current transaction is aborted, commands ignored until end of transaction block
[2026-05-15T07:08:18.349+0000] {logging_mixin.py:188} INFO - DB INSERT ERROR: current transaction is aborted, commands ignored until end of transaction block
[2026-05-15T07:08:18.401+0000] {logging_mixin.py:188} INFO - DB INSERT ERROR: current transaction is aborted, commands ignored until end of transaction block
[2026-05-15T07:08:18.446+0000] {logging_mixin.py:188} INFO - DB INSERT ERROR: current transaction is aborted, commands ignored until end of transaction block
[2026-05-15T07:08:18.455+0000] {logging_mixin.py:188} INFO - DB INSERT ERROR: current transaction is aborted, commands ignored until end of transaction block
[2026-05-15T07:08:18.472+0000] {logging_mixin.py:188} INFO - DB INSERT ERROR: current transaction is aborted, commands ignored until end of transaction block
[2026-05-15T07:08:18.505+0000] {logging_mixin.py:188} INFO - DB INSERT ERROR: current transaction is aborted, commands ignored until end of transaction block
[2026-05-15T07:08:18.577+0000] {logging_mixin.py:188} INFO - DB INSERT ERROR: current transaction is aborted, commands ignored until end of transaction block
[2026-05-15T07:08:18.595+0000] {logging_mixin.py:188} INFO - DB INSERT ERROR: current transaction is aborted, commands ignored until end of transaction block
[2026-05-15T07:08:18.601+0000] {logging_mixin.py:188} INFO - DB INSERT ERROR: current transaction is aborted, commands ignored until end of transaction block
[2026-05-15T07:08:18.629+0000] {logging_mixin.py:188} INFO - DB INSERT ERROR: current transaction is aborted, commands ignored until end of transaction block
[2026-05-15T07:08:18.636+0000] {logging_mixin.py:188} INFO - DB INSERT ERROR: current transaction is aborted, commands ignored until end of transaction block
[2026-05-15T07:08:18.642+0000] {logging_mixin.py:188} INFO - DB INSERT ERROR: current transaction is aborted, commands ignored until end of transaction block
[2026-05-15T07:08:18.649+0000] {logging_mixin.py:188} INFO - DB INSERT ERROR: current transaction is aborted, commands ignored until end of transaction block
[2026-05-15T07:08:18.672+0000] {logging_mixin.py:188} INFO - DB INSERT ERROR: current transaction is aborted, commands ignored until end of transaction block
[2026-05-15T07:08:18.677+0000] {logging_mixin.py:188} INFO - DB INSERT ERROR: current transaction is aborted, commands ignored until end of transaction block
[2026-05-15T07:08:18.686+0000] {logging_mixin.py:188} INFO - DB INSERT ERROR: current transaction is aborted, commands ignored until end of transaction block
[2026-05-15T07:08:18.704+0000] {logging_mixin.py:188} INFO - DB INSERT ERROR: current transaction is aborted, commands ignored until end of transaction block
[2026-05-15T07:08:18.708+0000] {logging_mixin.py:188} INFO - DB INSERT ERROR: current transaction is aborted, commands ignored until end of transaction block
[2026-05-15T07:08:18.722+0000] {logging_mixin.py:188} INFO - DB INSERT ERROR: current transaction is aborted, commands ignored until end of transaction block
[2026-05-15T07:08:18.731+0000] {logging_mixin.py:188} INFO - DB INSERT ERROR: current transaction is aborted, commands ignored until end of transaction block
[2026-05-15T07:08:18.744+0000] {logging_mixin.py:188} INFO - DB INSERT ERROR: current transaction is aborted, commands ignored until end of transaction block
[2026-05-15T07:08:18.763+0000] {logging_mixin.py:188} INFO - DB INSERT ERROR: current transaction is aborted, commands ignored until end of transaction block
[2026-05-15T07:08:18.785+0000] {logging_mixin.py:188} INFO - DB INSERT ERROR: current transaction is aborted, commands ignored until end of transaction block
[2026-05-15T07:08:18.798+0000] {logging_mixin.py:188} INFO - DB INSERT ERROR: current transaction is aborted, commands ignored until end of transaction block
[2026-05-15T07:08:18.806+0000] {logging_mixin.py:188} INFO - DB INSERT ERROR: current transaction is aborted, commands ignored until end of transaction block
[2026-05-15T07:08:18.814+0000] {logging_mixin.py:188} INFO - DB INSERT ERROR: current transaction is aborted, commands ignored until end of transaction block
[2026-05-15T07:08:18.822+0000] {logging_mixin.py:188} INFO - DB INSERT ERROR: current transaction is aborted, commands ignored until end of transaction block
[2026-05-15T07:08:18.839+0000] {logging_mixin.py:188} INFO - DB INSERT ERROR: current transaction is aborted, commands ignored until end of transaction block
[2026-05-15T07:08:18.854+0000] {logging_mixin.py:188} INFO - DB INSERT ERROR: current transaction is aborted, commands ignored until end of transaction block
[2026-05-15T07:08:18.923+0000] {logging_mixin.py:188} INFO - DB INSERT ERROR: current transaction is aborted, commands ignored until end of transaction block
[2026-05-15T07:08:18.955+0000] {logging_mixin.py:188} INFO - DB INSERT ERROR: current transaction is aborted, commands ignored until end of transaction block
[2026-05-15T07:08:18.989+0000] {logging_mixin.py:188} INFO - DB INSERT ERROR: current transaction is aborted, commands ignored until end of transaction block
[2026-05-15T07:08:19.036+0000] {logging_mixin.py:188} INFO - DB INSERT ERROR: current transaction is aborted, commands ignored until end of transaction block
[2026-05-15T07:08:19.069+0000] {logging_mixin.py:188} INFO - DB INSERT ERROR: current transaction is aborted, commands ignored until end of transaction block
[2026-05-15T07:08:19.115+0000] {logging_mixin.py:188} INFO - DB INSERT ERROR: current transaction is aborted, commands ignored until end of transaction block
[2026-05-15T07:08:19.147+0000] {logging_mixin.py:188} INFO - DB INSERT ERROR: current transaction is aborted, commands ignored until end of transaction block
[2026-05-15T07:08:19.179+0000] {logging_mixin.py:188} INFO - DB INSERT ERROR: current transaction is aborted, commands ignored until end of transaction block
[2026-05-15T07:08:19.211+0000] {logging_mixin.py:188} INFO - DB INSERT ERROR: current transaction is aborted, commands ignored until end of transaction block
[2026-05-15T07:08:19.243+0000] {logging_mixin.py:188} INFO - DB INSERT ERROR: current transaction is aborted, commands ignored until end of transaction block
[2026-05-15T07:08:19.265+0000] {logging_mixin.py:188} INFO - DB INSERT ERROR: current transaction is aborted, commands ignored until end of transaction block
[2026-05-15T07:08:19.282+0000] {logging_mixin.py:188} INFO - DB INSERT ERROR: current transaction is aborted, commands ignored until end of transaction block
[2026-05-15T07:08:19.332+0000] {logging_mixin.py:188} INFO - DB INSERT ERROR: current transaction is aborted, commands ignored until end of transaction block
[2026-05-15T07:08:19.567+0000] {logging_mixin.py:188} INFO - DB INSERT ERROR: current transaction is aborted, commands ignored until end of transaction block
[2026-05-15T07:08:19.703+0000] {logging_mixin.py:188} INFO - DB INSERT ERROR: current transaction is aborted, commands ignored until end of transaction block
[2026-05-15T07:08:19.823+0000] {logging_mixin.py:188} INFO - DB INSERT ERROR: current transaction is aborted, commands ignored until end of transaction block
[2026-05-15T07:08:19.876+0000] {logging_mixin.py:188} INFO - DB INSERT ERROR: current transaction is aborted, commands ignored until end of transaction block
[2026-05-15T07:08:19.883+0000] {logging_mixin.py:188} INFO - DB INSERT ERROR: current transaction is aborted, commands ignored until end of transaction block
[2026-05-15T07:08:19.902+0000] {logging_mixin.py:188} INFO - DB INSERT ERROR: current transaction is aborted, commands ignored until end of transaction block
[2026-05-15T07:08:19.956+0000] {logging_mixin.py:188} INFO - DB INSERT ERROR: current transaction is aborted, commands ignored until end of transaction block
[2026-05-15T07:08:19.961+0000] {logging_mixin.py:188} INFO - DB INSERT ERROR: current transaction is aborted, commands ignored until end of transaction block
[2026-05-15T07:08:20.009+0000] {logging_mixin.py:188} INFO - DB INSERT ERROR: current transaction is aborted, commands ignored until end of transaction block
[2026-05-15T07:08:20.048+0000] {logging_mixin.py:188} INFO - DB INSERT ERROR: current transaction is aborted, commands ignored until end of transaction block
[2026-05-15T07:08:20.065+0000] {logging_mixin.py:188} INFO - DB INSERT ERROR: current transaction is aborted, commands ignored until end of transaction block
[2026-05-15T07:08:20.098+0000] {logging_mixin.py:188} INFO - DB INSERT ERROR: current transaction is aborted, commands ignored until end of transaction block
[2026-05-15T07:08:20.140+0000] {logging_mixin.py:188} INFO - DB INSERT ERROR: current transaction is aborted, commands ignored until end of transaction block
[2026-05-15T07:08:20.146+0000] {logging_mixin.py:188} INFO - DB INSERT ERROR: current transaction is aborted, commands ignored until end of transaction block
[2026-05-15T07:08:20.159+0000] {logging_mixin.py:188} INFO - DB INSERT ERROR: current transaction is aborted, commands ignored until end of transaction block
[2026-05-15T07:08:20.246+0000] {logging_mixin.py:188} INFO - DB INSERT ERROR: current transaction is aborted, commands ignored until end of transaction block
[2026-05-15T07:08:20.284+0000] {logging_mixin.py:188} INFO - DB INSERT ERROR: current transaction is aborted, commands ignored until end of transaction block
[2026-05-15T07:08:20.316+0000] {logging_mixin.py:188} INFO - DB INSERT ERROR: current transaction is aborted, commands ignored until end of transaction block
[2026-05-15T07:08:20.333+0000] {logging_mixin.py:188} INFO - DB INSERT ERROR: current transaction is aborted, commands ignored until end of transaction block
[2026-05-15T07:08:20.446+0000] {logging_mixin.py:188} INFO - DB INSERT ERROR: current transaction is aborted, commands ignored until end of transaction block
[2026-05-15T07:08:20.505+0000] {logging_mixin.py:188} INFO - DB INSERT ERROR: current transaction is aborted, commands ignored until end of transaction block
[2026-05-15T07:08:20.568+0000] {logging_mixin.py:188} INFO - DB INSERT ERROR: current transaction is aborted, commands ignored until end of transaction block
[2026-05-15T07:08:20.602+0000] {logging_mixin.py:188} INFO - DB INSERT ERROR: current transaction is aborted, commands ignored until end of transaction block
[2026-05-15T07:08:20.638+0000] {logging_mixin.py:188} INFO - DB INSERT ERROR: current transaction is aborted, commands ignored until end of transaction block
[2026-05-15T07:08:20.660+0000] {logging_mixin.py:188} INFO - DB INSERT ERROR: current transaction is aborted, commands ignored until end of transaction block
[2026-05-15T07:08:20.964+0000] {logging_mixin.py:188} INFO - DB INSERT ERROR: current transaction is aborted, commands ignored until end of transaction block
[2026-05-15T07:08:21.154+0000] {logging_mixin.py:188} INFO - DB INSERT ERROR: current transaction is aborted, commands ignored until end of transaction block
[2026-05-15T07:08:21.251+0000] {logging_mixin.py:188} INFO - DB INSERT ERROR: current transaction is aborted, commands ignored until end of transaction block
[2026-05-15T07:08:21.391+0000] {logging_mixin.py:188} INFO - DB INSERT ERROR: current transaction is aborted, commands ignored until end of transaction block
[2026-05-15T07:08:21.471+0000] {logging_mixin.py:188} INFO - DB INSERT ERROR: current transaction is aborted, commands ignored until end of transaction block
[2026-05-15T07:08:21.571+0000] {logging_mixin.py:188} INFO - DB INSERT ERROR: current transaction is aborted, commands ignored until end of transaction block
[2026-05-15T07:08:21.726+0000] {logging_mixin.py:188} INFO - DB INSERT ERROR: current transaction is aborted, commands ignored until end of transaction block
[2026-05-15T07:08:21.821+0000] {logging_mixin.py:188} INFO - DB INSERT ERROR: current transaction is aborted, commands ignored until end of transaction block
[2026-05-15T07:08:21.827+0000] {logging_mixin.py:188} INFO - DB INSERT ERROR: current transaction is aborted, commands ignored until end of transaction block
[2026-05-15T07:08:21.857+0000] {logging_mixin.py:188} INFO - DB INSERT ERROR: current transaction is aborted, commands ignored until end of transaction block
[2026-05-15T07:08:21.911+0000] {logging_mixin.py:188} INFO - DB INSERT ERROR: current transaction is aborted, commands ignored until end of transaction block
[2026-05-15T07:08:21.982+0000] {logging_mixin.py:188} INFO - DB INSERT ERROR: current transaction is aborted, commands ignored until end of transaction block
[2026-05-15T07:08:22.048+0000] {logging_mixin.py:188} INFO - DB INSERT ERROR: current transaction is aborted, commands ignored until end of transaction block
[2026-05-15T07:08:22.092+0000] {logging_mixin.py:188} INFO - DB INSERT ERROR: current transaction is aborted, commands ignored until end of transaction block
[2026-05-15T07:08:22.126+0000] {logging_mixin.py:188} INFO - DB INSERT ERROR: current transaction is aborted, commands ignored until end of transaction block
[2026-05-15T07:08:22.149+0000] {logging_mixin.py:188} INFO - DB INSERT ERROR: current transaction is aborted, commands ignored until end of transaction block
[2026-05-15T07:08:22.220+0000] {logging_mixin.py:188} INFO - DB INSERT ERROR: current transaction is aborted, commands ignored until end of transaction block
[2026-05-15T07:08:22.269+0000] {logging_mixin.py:188} INFO - DB INSERT ERROR: current transaction is aborted, commands ignored until end of transaction block
[2026-05-15T07:08:22.302+0000] {logging_mixin.py:188} INFO - DB INSERT ERROR: current transaction is aborted, commands ignored until end of transaction block
[2026-05-15T07:08:22.325+0000] {logging_mixin.py:188} INFO - DB INSERT ERROR: current transaction is aborted, commands ignored until end of transaction block
[2026-05-15T07:08:22.361+0000] {logging_mixin.py:188} INFO - DB INSERT ERROR: current transaction is aborted, commands ignored until end of transaction block
[2026-05-15T07:08:22.375+0000] {logging_mixin.py:188} INFO - DB INSERT ERROR: current transaction is aborted, commands ignored until end of transaction block
[2026-05-15T07:08:22.397+0000] {logging_mixin.py:188} INFO - DB INSERT ERROR: current transaction is aborted, commands ignored until end of transaction block
[2026-05-15T07:08:22.413+0000] {logging_mixin.py:188} INFO - DB INSERT ERROR: current transaction is aborted, commands ignored until end of transaction block
[2026-05-15T07:08:22.434+0000] {logging_mixin.py:188} INFO - DB INSERT ERROR: current transaction is aborted, commands ignored until end of transaction block
[2026-05-15T07:08:22.440+0000] {logging_mixin.py:188} INFO - DB INSERT ERROR: current transaction is aborted, commands ignored until end of transaction block
[2026-05-15T07:08:22.458+0000] {logging_mixin.py:188} INFO - DB INSERT ERROR: current transaction is aborted, commands ignored until end of transaction block
[2026-05-15T07:08:22.480+0000] {logging_mixin.py:188} INFO - DB INSERT ERROR: current transaction is aborted, commands ignored until end of transaction block
[2026-05-15T07:08:22.496+0000] {logging_mixin.py:188} INFO - DB INSERT ERROR: current transaction is aborted, commands ignored until end of transaction block
[2026-05-15T07:08:22.515+0000] {logging_mixin.py:188} INFO - DB INSERT ERROR: current transaction is aborted, commands ignored until end of transaction block
[2026-05-15T07:08:22.535+0000] {logging_mixin.py:188} INFO - DB INSERT ERROR: current transaction is aborted, commands ignored until end of transaction block
[2026-05-15T07:08:22.584+0000] {logging_mixin.py:188} INFO - DB INSERT ERROR: current transaction is aborted, commands ignored until end of transaction block
[2026-05-15T07:08:22.589+0000] {logging_mixin.py:188} INFO - DB INSERT ERROR: current transaction is aborted, commands ignored until end of transaction block
[2026-05-15T07:08:22.608+0000] {logging_mixin.py:188} INFO - DB INSERT ERROR: current transaction is aborted, commands ignored until end of transaction block
[2026-05-15T07:08:22.640+0000] {logging_mixin.py:188} INFO - DB INSERT ERROR: current transaction is aborted, commands ignored until end of transaction block
[2026-05-15T07:08:22.675+0000] {logging_mixin.py:188} INFO - DB INSERT ERROR: current transaction is aborted, commands ignored until end of transaction block
[2026-05-15T07:08:22.756+0000] {logging_mixin.py:188} INFO - DB INSERT ERROR: current transaction is aborted, commands ignored until end of transaction block
[2026-05-15T07:08:22.821+0000] {logging_mixin.py:188} INFO - DB INSERT ERROR: current transaction is aborted, commands ignored until end of transaction block
[2026-05-15T07:08:22.873+0000] {logging_mixin.py:188} INFO - DB INSERT ERROR: current transaction is aborted, commands ignored until end of transaction block
[2026-05-15T07:08:22.890+0000] {logging_mixin.py:188} INFO - DB INSERT ERROR: current transaction is aborted, commands ignored until end of transaction block
[2026-05-15T07:08:22.983+0000] {logging_mixin.py:188} INFO - DB INSERT ERROR: current transaction is aborted, commands ignored until end of transaction block
[2026-05-15T07:08:23.048+0000] {logging_mixin.py:188} INFO - DB INSERT ERROR: current transaction is aborted, commands ignored until end of transaction block
[2026-05-15T07:08:23.065+0000] {logging_mixin.py:188} INFO - DB INSERT ERROR: current transaction is aborted, commands ignored until end of transaction block
[2026-05-15T07:08:23.080+0000] {logging_mixin.py:188} INFO - DB INSERT ERROR: current transaction is aborted, commands ignored until end of transaction block
[2026-05-15T07:08:23.128+0000] {logging_mixin.py:188} INFO - DB INSERT ERROR: current transaction is aborted, commands ignored until end of transaction block
[2026-05-15T07:08:23.178+0000] {logging_mixin.py:188} INFO - DB INSERT ERROR: current transaction is aborted, commands ignored until end of transaction block
[2026-05-15T07:08:23.195+0000] {logging_mixin.py:188} INFO - DB INSERT ERROR: current transaction is aborted, commands ignored until end of transaction block
[2026-05-15T07:08:23.273+0000] {logging_mixin.py:188} INFO - DB INSERT ERROR: current transaction is aborted, commands ignored until end of transaction block
[2026-05-15T07:08:23.462+0000] {logging_mixin.py:188} INFO - DB INSERT ERROR: current transaction is aborted, commands ignored until end of transaction block
[2026-05-15T07:08:23.557+0000] {logging_mixin.py:188} INFO - DB INSERT ERROR: current transaction is aborted, commands ignored until end of transaction block
[2026-05-15T07:08:23.893+0000] {logging_mixin.py:188} INFO - DB INSERT ERROR: current transaction is aborted, commands ignored until end of transaction block
[2026-05-15T07:08:24.282+0000] {logging_mixin.py:188} INFO - DB INSERT ERROR: current transaction is aborted, commands ignored until end of transaction block
[2026-05-15T07:08:24.303+0000] {logging_mixin.py:188} INFO - DB INSERT ERROR: current transaction is aborted, commands ignored until end of transaction block
[2026-05-15T07:08:24.448+0000] {logging_mixin.py:188} INFO - DB INSERT ERROR: current transaction is aborted, commands ignored until end of transaction block
[2026-05-15T07:08:24.502+0000] {logging_mixin.py:188} INFO - DB INSERT ERROR: current transaction is aborted, commands ignored until end of transaction block
[2026-05-15T07:08:24.566+0000] {logging_mixin.py:188} INFO - DB INSERT ERROR: current transaction is aborted, commands ignored until end of transaction block
[2026-05-15T07:08:24.654+0000] {logging_mixin.py:188} INFO - DB INSERT ERROR: current transaction is aborted, commands ignored until end of transaction block
[2026-05-15T07:08:24.684+0000] {logging_mixin.py:188} INFO - DB INSERT ERROR: current transaction is aborted, commands ignored until end of transaction block
[2026-05-15T07:08:24.722+0000] {logging_mixin.py:188} INFO - DB INSERT ERROR: current transaction is aborted, commands ignored until end of transaction block
[2026-05-15T07:08:24.742+0000] {logging_mixin.py:188} INFO - DB INSERT ERROR: current transaction is aborted, commands ignored until end of transaction block
[2026-05-15T07:08:24.760+0000] {logging_mixin.py:188} INFO - DB INSERT ERROR: current transaction is aborted, commands ignored until end of transaction block
[2026-05-15T07:08:24.842+0000] {logging_mixin.py:188} INFO - DB INSERT ERROR: current transaction is aborted, commands ignored until end of transaction block
[2026-05-15T07:08:24.862+0000] {logging_mixin.py:188} INFO - DB INSERT ERROR: current transaction is aborted, commands ignored until end of transaction block
[2026-05-15T07:08:24.928+0000] {logging_mixin.py:188} INFO - DB INSERT ERROR: current transaction is aborted, commands ignored until end of transaction block
[2026-05-15T07:08:24.992+0000] {logging_mixin.py:188} INFO - DB INSERT ERROR: current transaction is aborted, commands ignored until end of transaction block
[2026-05-15T07:08:25.015+0000] {logging_mixin.py:188} INFO - DB INSERT ERROR: current transaction is aborted, commands ignored until end of transaction block
[2026-05-15T07:08:25.128+0000] {logging_mixin.py:188} INFO - DB INSERT ERROR: current transaction is aborted, commands ignored until end of transaction block
[2026-05-15T07:08:25.158+0000] {logging_mixin.py:188} INFO - DB INSERT ERROR: current transaction is aborted, commands ignored until end of transaction block
[2026-05-15T07:08:25.392+0000] {logging_mixin.py:188} INFO - DB INSERT ERROR: current transaction is aborted, commands ignored until end of transaction block
[2026-05-15T07:08:25.432+0000] {logging_mixin.py:188} INFO - DB INSERT ERROR: current transaction is aborted, commands ignored until end of transaction block
[2026-05-15T07:08:25.493+0000] {logging_mixin.py:188} INFO - DB INSERT ERROR: current transaction is aborted, commands ignored until end of transaction block
[2026-05-15T07:08:25.608+0000] {logging_mixin.py:188} INFO - DB INSERT ERROR: current transaction is aborted, commands ignored until end of transaction block
[2026-05-15T07:08:25.669+0000] {logging_mixin.py:188} INFO - DB INSERT ERROR: current transaction is aborted, commands ignored until end of transaction block
[2026-05-15T07:08:25.784+0000] {logging_mixin.py:188} INFO - DB INSERT ERROR: current transaction is aborted, commands ignored until end of transaction block
[2026-05-15T07:08:25.801+0000] {logging_mixin.py:188} INFO - DB INSERT ERROR: current transaction is aborted, commands ignored until end of transaction block
[2026-05-15T07:08:25.895+0000] {logging_mixin.py:188} INFO - DB INSERT ERROR: current transaction is aborted, commands ignored until end of transaction block
[2026-05-15T07:08:25.928+0000] {logging_mixin.py:188} INFO - DB INSERT ERROR: current transaction is aborted, commands ignored until end of transaction block
[2026-05-15T07:08:25.972+0000] {logging_mixin.py:188} INFO - DB INSERT ERROR: current transaction is aborted, commands ignored until end of transaction block
[2026-05-15T07:08:26.024+0000] {logging_mixin.py:188} INFO - DB INSERT ERROR: current transaction is aborted, commands ignored until end of transaction block
[2026-05-15T07:08:26.068+0000] {logging_mixin.py:188} INFO - DB INSERT ERROR: current transaction is aborted, commands ignored until end of transaction block
[2026-05-15T07:08:26.148+0000] {logging_mixin.py:188} INFO - DB INSERT ERROR: current transaction is aborted, commands ignored until end of transaction block
[2026-05-15T07:08:26.165+0000] {logging_mixin.py:188} INFO - DB INSERT ERROR: current transaction is aborted, commands ignored until end of transaction block
[2026-05-15T07:08:26.230+0000] {logging_mixin.py:188} INFO - DB INSERT ERROR: current transaction is aborted, commands ignored until end of transaction block
[2026-05-15T07:08:26.276+0000] {logging_mixin.py:188} INFO - DB INSERT ERROR: current transaction is aborted, commands ignored until end of transaction block
[2026-05-15T07:08:26.307+0000] {logging_mixin.py:188} INFO - DB INSERT ERROR: current transaction is aborted, commands ignored until end of transaction block
[2026-05-15T07:08:26.353+0000] {logging_mixin.py:188} INFO - DB INSERT ERROR: current transaction is aborted, commands ignored until end of transaction block
[2026-05-15T07:08:26.388+0000] {logging_mixin.py:188} INFO - DB INSERT ERROR: current transaction is aborted, commands ignored until end of transaction block
[2026-05-15T07:08:26.419+0000] {logging_mixin.py:188} INFO - DB INSERT ERROR: current transaction is aborted, commands ignored until end of transaction block
[2026-05-15T07:08:26.486+0000] {logging_mixin.py:188} INFO - DB INSERT ERROR: current transaction is aborted, commands ignored until end of transaction block
[2026-05-15T07:08:26.803+0000] {logging_mixin.py:188} INFO - DB INSERT ERROR: current transaction is aborted, commands ignored until end of transaction block
[2026-05-15T07:08:27.051+0000] {logging_mixin.py:188} INFO - DB INSERT ERROR: current transaction is aborted, commands ignored until end of transaction block
[2026-05-15T07:08:27.118+0000] {logging_mixin.py:188} INFO - DB INSERT ERROR: current transaction is aborted, commands ignored until end of transaction block
[2026-05-15T07:08:27.407+0000] {logging_mixin.py:188} INFO - DB INSERT ERROR: current transaction is aborted, commands ignored until end of transaction block
[2026-05-15T07:08:27.490+0000] {logging_mixin.py:188} INFO - DB INSERT ERROR: current transaction is aborted, commands ignored until end of transaction block
[2026-05-15T07:08:27.650+0000] {logging_mixin.py:188} INFO - DB INSERT ERROR: current transaction is aborted, commands ignored until end of transaction block
[2026-05-15T07:08:27.839+0000] {logging_mixin.py:188} INFO - DB INSERT ERROR: current transaction is aborted, commands ignored until end of transaction block
[2026-05-15T07:08:28.495+0000] {logging_mixin.py:188} INFO - DB INSERT ERROR: current transaction is aborted, commands ignored until end of transaction block
[2026-05-15T07:08:29.063+0000] {logging_mixin.py:188} INFO - DB INSERT ERROR: current transaction is aborted, commands ignored until end of transaction block
[2026-05-15T07:08:29.207+0000] {logging_mixin.py:188} INFO - DB INSERT ERROR: current transaction is aborted, commands ignored until end of transaction block
[2026-05-15T07:08:29.354+0000] {logging_mixin.py:188} INFO - DB INSERT ERROR: current transaction is aborted, commands ignored until end of transaction block
[2026-05-15T07:08:29.468+0000] {logging_mixin.py:188} INFO - DB INSERT ERROR: current transaction is aborted, commands ignored until end of transaction block
[2026-05-15T07:08:29.612+0000] {logging_mixin.py:188} INFO - DB INSERT ERROR: current transaction is aborted, commands ignored until end of transaction block
[2026-05-15T07:08:29.722+0000] {logging_mixin.py:188} INFO - DB INSERT ERROR: current transaction is aborted, commands ignored until end of transaction block
[2026-05-15T07:08:29.820+0000] {logging_mixin.py:188} INFO - DB INSERT ERROR: current transaction is aborted, commands ignored until end of transaction block
[2026-05-15T07:08:29.932+0000] {logging_mixin.py:188} INFO - DB INSERT ERROR: current transaction is aborted, commands ignored until end of transaction block
[2026-05-15T07:08:30.041+0000] {logging_mixin.py:188} INFO - DB INSERT ERROR: current transaction is aborted, commands ignored until end of transaction block
[2026-05-15T07:08:30.243+0000] {logging_mixin.py:188} INFO - DB INSERT ERROR: current transaction is aborted, commands ignored until end of transaction block
[2026-05-15T07:08:30.342+0000] {logging_mixin.py:188} INFO - DB INSERT ERROR: current transaction is aborted, commands ignored until end of transaction block
[2026-05-15T07:08:30.454+0000] {logging_mixin.py:188} INFO - DB INSERT ERROR: current transaction is aborted, commands ignored until end of transaction block
[2026-05-15T07:08:30.535+0000] {logging_mixin.py:188} INFO - DB INSERT ERROR: current transaction is aborted, commands ignored until end of transaction block
[2026-05-15T07:08:30.584+0000] {logging_mixin.py:188} INFO - DB INSERT ERROR: current transaction is aborted, commands ignored until end of transaction block
[2026-05-15T07:08:30.745+0000] {logging_mixin.py:188} INFO - DB INSERT ERROR: current transaction is aborted, commands ignored until end of transaction block
[2026-05-15T07:08:30.935+0000] {logging_mixin.py:188} INFO - DB INSERT ERROR: current transaction is aborted, commands ignored until end of transaction block
[2026-05-15T07:08:31.014+0000] {logging_mixin.py:188} INFO - DB INSERT ERROR: current transaction is aborted, commands ignored until end of transaction block
[2026-05-15T07:08:31.373+0000] {logging_mixin.py:188} INFO - DB INSERT ERROR: current transaction is aborted, commands ignored until end of transaction block
[2026-05-15T07:08:31.559+0000] {logging_mixin.py:188} INFO - DB INSERT ERROR: current transaction is aborted, commands ignored until end of transaction block
[2026-05-15T07:08:31.722+0000] {logging_mixin.py:188} INFO - DB INSERT ERROR: current transaction is aborted, commands ignored until end of transaction block
[2026-05-15T07:08:31.878+0000] {logging_mixin.py:188} INFO - DB INSERT ERROR: current transaction is aborted, commands ignored until end of transaction block
[2026-05-15T07:08:32.043+0000] {logging_mixin.py:188} INFO - DB INSERT ERROR: current transaction is aborted, commands ignored until end of transaction block
[2026-05-15T07:08:32.235+0000] {logging_mixin.py:188} INFO - DB INSERT ERROR: current transaction is aborted, commands ignored until end of transaction block
[2026-05-15T07:08:32.299+0000] {logging_mixin.py:188} INFO - DB INSERT ERROR: current transaction is aborted, commands ignored until end of transaction block
[2026-05-15T07:08:32.428+0000] {logging_mixin.py:188} INFO - DB INSERT ERROR: current transaction is aborted, commands ignored until end of transaction block
[2026-05-15T07:08:32.540+0000] {logging_mixin.py:188} INFO - DB INSERT ERROR: current transaction is aborted, commands ignored until end of transaction block
[2026-05-15T07:08:32.618+0000] {logging_mixin.py:188} INFO - DB INSERT ERROR: current transaction is aborted, commands ignored until end of transaction block
[2026-05-15T07:08:32.653+0000] {logging_mixin.py:188} INFO - DB INSERT ERROR: current transaction is aborted, commands ignored until end of transaction block
[2026-05-15T07:08:32.795+0000] {logging_mixin.py:188} INFO - DB INSERT ERROR: current transaction is aborted, commands ignored until end of transaction block
[2026-05-15T07:08:32.844+0000] {logging_mixin.py:188} INFO - DB INSERT ERROR: current transaction is aborted, commands ignored until end of transaction block
[2026-05-15T07:08:32.893+0000] {logging_mixin.py:188} INFO - DB INSERT ERROR: current transaction is aborted, commands ignored until end of transaction block
[2026-05-15T07:08:32.956+0000] {logging_mixin.py:188} INFO - DB INSERT ERROR: current transaction is aborted, commands ignored until end of transaction block
[2026-05-15T07:08:33.006+0000] {logging_mixin.py:188} INFO - DB INSERT ERROR: current transaction is aborted, commands ignored until end of transaction block
[2026-05-15T07:08:33.036+0000] {logging_mixin.py:188} INFO - DB INSERT ERROR: current transaction is aborted, commands ignored until end of transaction block
[2026-05-15T07:08:33.104+0000] {logging_mixin.py:188} INFO - DB INSERT ERROR: current transaction is aborted, commands ignored until end of transaction block
[2026-05-15T07:08:33.119+0000] {logging_mixin.py:188} INFO - DB INSERT ERROR: current transaction is aborted, commands ignored until end of transaction block
[2026-05-15T07:08:33.245+0000] {logging_mixin.py:188} INFO - DB INSERT ERROR: current transaction is aborted, commands ignored until end of transaction block
[2026-05-15T07:08:33.376+0000] {logging_mixin.py:188} INFO - DB INSERT ERROR: current transaction is aborted, commands ignored until end of transaction block
[2026-05-15T07:08:33.441+0000] {logging_mixin.py:188} INFO - DB INSERT ERROR: current transaction is aborted, commands ignored until end of transaction block
[2026-05-15T07:08:33.505+0000] {logging_mixin.py:188} INFO - DB INSERT ERROR: current transaction is aborted, commands ignored until end of transaction block
[2026-05-15T07:08:33.554+0000] {logging_mixin.py:188} INFO - DB INSERT ERROR: current transaction is aborted, commands ignored until end of transaction block
[2026-05-15T07:08:33.620+0000] {logging_mixin.py:188} INFO - DB INSERT ERROR: current transaction is aborted, commands ignored until end of transaction block
[2026-05-15T07:08:33.830+0000] {logging_mixin.py:188} INFO - DB INSERT ERROR: current transaction is aborted, commands ignored until end of transaction block
[2026-05-15T07:08:34.067+0000] {logging_mixin.py:188} INFO - DB INSERT ERROR: current transaction is aborted, commands ignored until end of transaction block
[2026-05-15T07:08:34.246+0000] {logging_mixin.py:188} INFO - DB INSERT ERROR: current transaction is aborted, commands ignored until end of transaction block
[2026-05-15T07:08:34.601+0000] {logging_mixin.py:188} INFO - DB INSERT ERROR: current transaction is aborted, commands ignored until end of transaction block
[2026-05-15T07:08:34.717+0000] {logging_mixin.py:188} INFO - DB INSERT ERROR: current transaction is aborted, commands ignored until end of transaction block
[2026-05-15T07:08:34.737+0000] {logging_mixin.py:188} INFO - DB INSERT ERROR: current transaction is aborted, commands ignored until end of transaction block
[2026-05-15T07:08:34.906+0000] {logging_mixin.py:188} INFO - DB INSERT ERROR: current transaction is aborted, commands ignored until end of transaction block
[2026-05-15T07:08:34.941+0000] {logging_mixin.py:188} INFO - DB INSERT ERROR: current transaction is aborted, commands ignored until end of transaction block
[2026-05-15T07:08:35.162+0000] {logging_mixin.py:188} INFO - DB INSERT ERROR: current transaction is aborted, commands ignored until end of transaction block
[2026-05-15T07:08:35.307+0000] {logging_mixin.py:188} INFO - DB INSERT ERROR: current transaction is aborted, commands ignored until end of transaction block
[2026-05-15T07:08:35.436+0000] {logging_mixin.py:188} INFO - DB INSERT ERROR: current transaction is aborted, commands ignored until end of transaction block
[2026-05-15T07:08:35.530+0000] {logging_mixin.py:188} INFO - DB INSERT ERROR: current transaction is aborted, commands ignored until end of transaction block
[2026-05-15T07:08:35.657+0000] {logging_mixin.py:188} INFO - DB INSERT ERROR: current transaction is aborted, commands ignored until end of transaction block
[2026-05-15T07:08:35.738+0000] {logging_mixin.py:188} INFO - DB INSERT ERROR: current transaction is aborted, commands ignored until end of transaction block
[2026-05-15T07:08:35.802+0000] {logging_mixin.py:188} INFO - DB INSERT ERROR: current transaction is aborted, commands ignored until end of transaction block
[2026-05-15T07:08:36.165+0000] {logging_mixin.py:188} INFO - DB INSERT ERROR: current transaction is aborted, commands ignored until end of transaction block
[2026-05-15T07:08:36.471+0000] {logging_mixin.py:188} INFO - DB INSERT ERROR: current transaction is aborted, commands ignored until end of transaction block
[2026-05-15T07:08:36.651+0000] {logging_mixin.py:188} INFO - DB INSERT ERROR: current transaction is aborted, commands ignored until end of transaction block
[2026-05-15T07:08:36.854+0000] {logging_mixin.py:188} INFO - DB INSERT ERROR: current transaction is aborted, commands ignored until end of transaction block
[2026-05-15T07:08:37.128+0000] {logging_mixin.py:188} INFO - DB INSERT ERROR: current transaction is aborted, commands ignored until end of transaction block
[2026-05-15T07:08:37.243+0000] {logging_mixin.py:188} INFO - DB INSERT ERROR: current transaction is aborted, commands ignored until end of transaction block
[2026-05-15T07:08:37.322+0000] {logging_mixin.py:188} INFO - DB INSERT ERROR: current transaction is aborted, commands ignored until end of transaction block
[2026-05-15T07:08:37.528+0000] {logging_mixin.py:188} INFO - DB INSERT ERROR: current transaction is aborted, commands ignored until end of transaction block
[2026-05-15T07:08:37.902+0000] {logging_mixin.py:188} INFO - DB INSERT ERROR: current transaction is aborted, commands ignored until end of transaction block
[2026-05-15T07:08:38.190+0000] {logging_mixin.py:188} INFO - DB INSERT ERROR: current transaction is aborted, commands ignored until end of transaction block
[2026-05-15T07:08:38.362+0000] {logging_mixin.py:188} INFO - DB INSERT ERROR: current transaction is aborted, commands ignored until end of transaction block
[2026-05-15T07:08:38.540+0000] {logging_mixin.py:188} INFO - DB INSERT ERROR: current transaction is aborted, commands ignored until end of transaction block
[2026-05-15T07:08:39.548+0000] {logging_mixin.py:188} INFO - DB INSERT ERROR: current transaction is aborted, commands ignored until end of transaction block
[2026-05-15T07:08:39.936+0000] {logging_mixin.py:188} INFO - DB INSERT ERROR: current transaction is aborted, commands ignored until end of transaction block
[2026-05-15T07:08:40.776+0000] {logging_mixin.py:188} INFO - DB INSERT ERROR: current transaction is aborted, commands ignored until end of transaction block
[2026-05-15T07:08:41.374+0000] {logging_mixin.py:188} INFO - DB INSERT ERROR: current transaction is aborted, commands ignored until end of transaction block
[2026-05-15T07:08:42.490+0000] {logging_mixin.py:188} INFO - DB INSERT ERROR: current transaction is aborted, commands ignored until end of transaction block
[2026-05-15T07:08:42.699+0000] {logging_mixin.py:188} INFO - DB INSERT ERROR: current transaction is aborted, commands ignored until end of transaction block
[2026-05-15T07:08:45.407+0000] {logging_mixin.py:188} INFO - DB INSERT ERROR: current transaction is aborted, commands ignored until end of transaction block
[2026-05-15T07:08:46.981+0000] {logging_mixin.py:188} INFO - DB INSERT ERROR: current transaction is aborted, commands ignored until end of transaction block
[2026-05-15T07:08:48.073+0000] {logging_mixin.py:188} INFO - DB INSERT ERROR: current transaction is aborted, commands ignored until end of transaction block
[2026-05-15T07:08:49.665+0000] {logging_mixin.py:188} INFO - DB INSERT ERROR: current transaction is aborted, commands ignored until end of transaction block
[2026-05-15T07:08:50.434+0000] {logging_mixin.py:188} INFO - DB INSERT ERROR: current transaction is aborted, commands ignored until end of transaction block
[2026-05-15T07:08:50.912+0000] {logging_mixin.py:188} INFO - DB INSERT ERROR: current transaction is aborted, commands ignored until end of transaction block
[2026-05-15T07:08:51.755+0000] {logging_mixin.py:188} INFO - DB INSERT ERROR: current transaction is aborted, commands ignored until end of transaction block
[2026-05-15T07:08:52.857+0000] {logging_mixin.py:188} INFO - DB INSERT ERROR: current transaction is aborted, commands ignored until end of transaction block
[2026-05-15T07:08:52.913+0000] {logging_mixin.py:188} INFO - DB INSERT ERROR: current transaction is aborted, commands ignored until end of transaction block
[2026-05-15T07:08:53.749+0000] {logging_mixin.py:188} INFO - DB INSERT ERROR: current transaction is aborted, commands ignored until end of transaction block
[2026-05-15T07:08:53.915+0000] {logging_mixin.py:188} INFO - DB INSERT ERROR: current transaction is aborted, commands ignored until end of transaction block
[2026-05-15T07:08:54.252+0000] {logging_mixin.py:188} INFO - DB INSERT ERROR: current transaction is aborted, commands ignored until end of transaction block
[2026-05-15T07:08:54.551+0000] {logging_mixin.py:188} INFO - DB INSERT ERROR: current transaction is aborted, commands ignored until end of transaction block
[2026-05-15T07:08:54.600+0000] {logging_mixin.py:188} INFO - DB INSERT ERROR: current transaction is aborted, commands ignored until end of transaction block
[2026-05-15T07:08:54.837+0000] {logging_mixin.py:188} INFO - DB INSERT ERROR: current transaction is aborted, commands ignored until end of transaction block
[2026-05-15T07:08:54.969+0000] {logging_mixin.py:188} INFO - DB INSERT ERROR: current transaction is aborted, commands ignored until end of transaction block
[2026-05-15T07:08:55.271+0000] {logging_mixin.py:188} INFO - DB INSERT ERROR: current transaction is aborted, commands ignored until end of transaction block
[2026-05-15T07:08:55.683+0000] {logging_mixin.py:188} INFO - DB INSERT ERROR: current transaction is aborted, commands ignored until end of transaction block
[2026-05-15T07:08:56.334+0000] {logging_mixin.py:188} INFO - DB INSERT ERROR: current transaction is aborted, commands ignored until end of transaction block
[2026-05-15T07:08:56.606+0000] {logging_mixin.py:188} INFO - DB INSERT ERROR: current transaction is aborted, commands ignored until end of transaction block
[2026-05-15T07:08:57.277+0000] {logging_mixin.py:188} INFO - DB INSERT ERROR: current transaction is aborted, commands ignored until end of transaction block
[2026-05-15T07:08:58.550+0000] {logging_mixin.py:188} INFO - DB INSERT ERROR: current transaction is aborted, commands ignored until end of transaction block
[2026-05-15T07:08:58.943+0000] {logging_mixin.py:188} INFO - DB INSERT ERROR: current transaction is aborted, commands ignored until end of transaction block
[2026-05-15T07:08:59.659+0000] {logging_mixin.py:188} INFO - DB INSERT ERROR: current transaction is aborted, commands ignored until end of transaction block
[2026-05-15T07:09:00.356+0000] {logging_mixin.py:188} INFO - DB INSERT ERROR: current transaction is aborted, commands ignored until end of transaction block
[2026-05-15T07:09:01.440+0000] {logging_mixin.py:188} INFO - DB INSERT ERROR: current transaction is aborted, commands ignored until end of transaction block
[2026-05-15T07:09:01.613+0000] {logging_mixin.py:188} INFO - DB INSERT ERROR: current transaction is aborted, commands ignored until end of transaction block
[2026-05-15T07:09:03.345+0000] {logging_mixin.py:188} INFO - DB INSERT ERROR: current transaction is aborted, commands ignored until end of transaction block
[2026-05-15T07:09:04.345+0000] {logging_mixin.py:188} INFO - DB INSERT ERROR: current transaction is aborted, commands ignored until end of transaction block
[2026-05-15T07:09:05.283+0000] {logging_mixin.py:188} INFO - DB INSERT ERROR: current transaction is aborted, commands ignored until end of transaction block
[2026-05-15T07:09:05.544+0000] {logging_mixin.py:188} INFO - DB INSERT ERROR: current transaction is aborted, commands ignored until end of transaction block
[2026-05-15T07:09:05.756+0000] {logging_mixin.py:188} INFO - DB INSERT ERROR: current transaction is aborted, commands ignored until end of transaction block
[2026-05-15T07:09:06.223+0000] {logging_mixin.py:188} INFO - DB INSERT ERROR: current transaction is aborted, commands ignored until end of transaction block
[2026-05-15T07:09:06.677+0000] {logging_mixin.py:188} INFO - DB INSERT ERROR: current transaction is aborted, commands ignored until end of transaction block
[2026-05-15T07:09:07.110+0000] {logging_mixin.py:188} INFO - DB INSERT ERROR: current transaction is aborted, commands ignored until end of transaction block
[2026-05-15T07:09:07.254+0000] {logging_mixin.py:188} INFO - DB INSERT ERROR: current transaction is aborted, commands ignored until end of transaction block
[2026-05-15T07:09:07.382+0000] {logging_mixin.py:188} INFO - DB INSERT ERROR: current transaction is aborted, commands ignored until end of transaction block
[2026-05-15T07:09:07.575+0000] {logging_mixin.py:188} INFO - DB INSERT ERROR: current transaction is aborted, commands ignored until end of transaction block
[2026-05-15T07:09:07.768+0000] {logging_mixin.py:188} INFO - DB INSERT ERROR: current transaction is aborted, commands ignored until end of transaction block
[2026-05-15T07:09:07.846+0000] {logging_mixin.py:188} INFO - DB INSERT ERROR: current transaction is aborted, commands ignored until end of transaction block
[2026-05-15T07:09:07.979+0000] {logging_mixin.py:188} INFO - DB INSERT ERROR: current transaction is aborted, commands ignored until end of transaction block
[2026-05-15T07:09:08.166+0000] {logging_mixin.py:188} INFO - DB INSERT ERROR: current transaction is aborted, commands ignored until end of transaction block
[2026-05-15T07:09:08.217+0000] {logging_mixin.py:188} INFO - DB INSERT ERROR: current transaction is aborted, commands ignored until end of transaction block
[2026-05-15T07:09:08.280+0000] {logging_mixin.py:188} INFO - DB INSERT ERROR: current transaction is aborted, commands ignored until end of transaction block
[2026-05-15T07:09:08.410+0000] {logging_mixin.py:188} INFO - DB INSERT ERROR: current transaction is aborted, commands ignored until end of transaction block
[2026-05-15T07:09:08.504+0000] {logging_mixin.py:188} INFO - DB INSERT ERROR: current transaction is aborted, commands ignored until end of transaction block
[2026-05-15T07:09:08.638+0000] {logging_mixin.py:188} INFO - DB INSERT ERROR: current transaction is aborted, commands ignored until end of transaction block
[2026-05-15T07:09:09.006+0000] {logging_mixin.py:188} INFO - DB INSERT ERROR: current transaction is aborted, commands ignored until end of transaction block
[2026-05-15T07:09:09.164+0000] {logging_mixin.py:188} INFO - DB INSERT ERROR: current transaction is aborted, commands ignored until end of transaction block
[2026-05-15T07:09:09.287+0000] {logging_mixin.py:188} INFO - DB INSERT ERROR: current transaction is aborted, commands ignored until end of transaction block
[2026-05-15T07:09:09.419+0000] {logging_mixin.py:188} INFO - DB INSERT ERROR: current transaction is aborted, commands ignored until end of transaction block
[2026-05-15T07:09:09.498+0000] {logging_mixin.py:188} INFO - DB INSERT ERROR: current transaction is aborted, commands ignored until end of transaction block
[2026-05-15T07:09:09.697+0000] {logging_mixin.py:188} INFO - DB INSERT ERROR: current transaction is aborted, commands ignored until end of transaction block
[2026-05-15T07:09:09.779+0000] {logging_mixin.py:188} INFO - DB INSERT ERROR: current transaction is aborted, commands ignored until end of transaction block
[2026-05-15T07:09:10.004+0000] {logging_mixin.py:188} INFO - DB INSERT ERROR: current transaction is aborted, commands ignored until end of transaction block
[2026-05-15T07:09:11.107+0000] {logging_mixin.py:188} INFO - DB INSERT ERROR: current transaction is aborted, commands ignored until end of transaction block
[2026-05-15T07:09:11.359+0000] {logging_mixin.py:188} INFO - DB INSERT ERROR: current transaction is aborted, commands ignored until end of transaction block
[2026-05-15T07:09:11.695+0000] {logging_mixin.py:188} INFO - DB INSERT ERROR: current transaction is aborted, commands ignored until end of transaction block
[2026-05-15T07:09:11.967+0000] {logging_mixin.py:188} INFO - DB INSERT ERROR: current transaction is aborted, commands ignored until end of transaction block
[2026-05-15T07:09:12.032+0000] {logging_mixin.py:188} INFO - DB INSERT ERROR: current transaction is aborted, commands ignored until end of transaction block
[2026-05-15T07:09:12.113+0000] {logging_mixin.py:188} INFO - DB INSERT ERROR: current transaction is aborted, commands ignored until end of transaction block
[2026-05-15T07:09:12.238+0000] {logging_mixin.py:188} INFO - DB INSERT ERROR: current transaction is aborted, commands ignored until end of transaction block
[2026-05-15T07:09:12.448+0000] {logging_mixin.py:188} INFO - DB INSERT ERROR: current transaction is aborted, commands ignored until end of transaction block
[2026-05-15T07:09:12.467+0000] {logging_mixin.py:188} INFO - DB INSERT ERROR: current transaction is aborted, commands ignored until end of transaction block
[2026-05-15T07:09:12.528+0000] {logging_mixin.py:188} INFO - DB INSERT ERROR: current transaction is aborted, commands ignored until end of transaction block
[2026-05-15T07:09:12.705+0000] {logging_mixin.py:188} INFO - DB INSERT ERROR: current transaction is aborted, commands ignored until end of transaction block
[2026-05-15T07:09:12.817+0000] {logging_mixin.py:188} INFO - DB INSERT ERROR: current transaction is aborted, commands ignored until end of transaction block
[2026-05-15T07:09:13.099+0000] {logging_mixin.py:188} INFO - DB INSERT ERROR: current transaction is aborted, commands ignored until end of transaction block
[2026-05-15T07:09:14.526+0000] {logging_mixin.py:188} INFO - DB INSERT ERROR: current transaction is aborted, commands ignored until end of transaction block
[2026-05-15T07:09:14.844+0000] {logging_mixin.py:188} INFO - DB INSERT ERROR: current transaction is aborted, commands ignored until end of transaction block
[2026-05-15T07:09:15.484+0000] {logging_mixin.py:188} INFO - DB INSERT ERROR: current transaction is aborted, commands ignored until end of transaction block
[2026-05-15T07:09:15.665+0000] {logging_mixin.py:188} INFO - DB INSERT ERROR: current transaction is aborted, commands ignored until end of transaction block
[2026-05-15T07:09:15.971+0000] {logging_mixin.py:188} INFO - DB INSERT ERROR: current transaction is aborted, commands ignored until end of transaction block
[2026-05-15T07:09:16.341+0000] {logging_mixin.py:188} INFO - DB INSERT ERROR: current transaction is aborted, commands ignored until end of transaction block
[2026-05-15T07:09:16.956+0000] {logging_mixin.py:188} INFO - DB INSERT ERROR: current transaction is aborted, commands ignored until end of transaction block
[2026-05-15T07:09:17.230+0000] {logging_mixin.py:188} INFO - DB INSERT ERROR: current transaction is aborted, commands ignored until end of transaction block
[2026-05-15T07:09:17.330+0000] {logging_mixin.py:188} INFO - DB INSERT ERROR: current transaction is aborted, commands ignored until end of transaction block
[2026-05-15T07:09:17.551+0000] {logging_mixin.py:188} INFO - DB INSERT ERROR: current transaction is aborted, commands ignored until end of transaction block
[2026-05-15T07:09:17.916+0000] {logging_mixin.py:188} INFO - DB INSERT ERROR: current transaction is aborted, commands ignored until end of transaction block
[2026-05-15T07:09:18.297+0000] {logging_mixin.py:188} INFO - DB INSERT ERROR: current transaction is aborted, commands ignored until end of transaction block
[2026-05-15T07:09:18.413+0000] {logging_mixin.py:188} INFO - DB INSERT ERROR: current transaction is aborted, commands ignored until end of transaction block
[2026-05-15T07:09:18.630+0000] {logging_mixin.py:188} INFO - DB INSERT ERROR: current transaction is aborted, commands ignored until end of transaction block
[2026-05-15T07:09:18.963+0000] {logging_mixin.py:188} INFO - DB INSERT ERROR: current transaction is aborted, commands ignored until end of transaction block
[2026-05-15T07:09:19.203+0000] {logging_mixin.py:188} INFO - DB INSERT ERROR: current transaction is aborted, commands ignored until end of transaction block
[2026-05-15T07:09:19.744+0000] {logging_mixin.py:188} INFO - DB INSERT ERROR: current transaction is aborted, commands ignored until end of transaction block
[2026-05-15T07:09:19.807+0000] {logging_mixin.py:188} INFO - DB INSERT ERROR: current transaction is aborted, commands ignored until end of transaction block
[2026-05-15T07:09:19.845+0000] {logging_mixin.py:188} INFO - DB INSERT ERROR: current transaction is aborted, commands ignored until end of transaction block
[2026-05-15T07:09:20.218+0000] {logging_mixin.py:188} INFO - DB INSERT ERROR: current transaction is aborted, commands ignored until end of transaction block
[2026-05-15T07:09:20.317+0000] {logging_mixin.py:188} INFO - DB INSERT ERROR: current transaction is aborted, commands ignored until end of transaction block
[2026-05-15T07:09:20.461+0000] {logging_mixin.py:188} INFO - DB INSERT ERROR: current transaction is aborted, commands ignored until end of transaction block
[2026-05-15T07:09:20.507+0000] {logging_mixin.py:188} INFO - DB INSERT ERROR: current transaction is aborted, commands ignored until end of transaction block
[2026-05-15T07:09:20.573+0000] {logging_mixin.py:188} INFO - DB INSERT ERROR: current transaction is aborted, commands ignored until end of transaction block
[2026-05-15T07:09:20.653+0000] {logging_mixin.py:188} INFO - DB INSERT ERROR: current transaction is aborted, commands ignored until end of transaction block
[2026-05-15T07:09:20.731+0000] {logging_mixin.py:188} INFO - DB INSERT ERROR: current transaction is aborted, commands ignored until end of transaction block
[2026-05-15T07:09:20.876+0000] {logging_mixin.py:188} INFO - DB INSERT ERROR: current transaction is aborted, commands ignored until end of transaction block
[2026-05-15T07:09:21.067+0000] {logging_mixin.py:188} INFO - DB INSERT ERROR: current transaction is aborted, commands ignored until end of transaction block
[2026-05-15T07:09:21.362+0000] {logging_mixin.py:188} INFO - DB INSERT ERROR: current transaction is aborted, commands ignored until end of transaction block
[2026-05-15T07:09:21.525+0000] {logging_mixin.py:188} INFO - DB INSERT ERROR: current transaction is aborted, commands ignored until end of transaction block
[2026-05-15T07:09:22.193+0000] {logging_mixin.py:188} INFO - DB INSERT ERROR: current transaction is aborted, commands ignored until end of transaction block
[2026-05-15T07:09:22.422+0000] {logging_mixin.py:188} INFO - DB INSERT ERROR: current transaction is aborted, commands ignored until end of transaction block
[2026-05-15T07:09:22.736+0000] {logging_mixin.py:188} INFO - DB INSERT ERROR: current transaction is aborted, commands ignored until end of transaction block
[2026-05-15T07:09:22.925+0000] {logging_mixin.py:188} INFO - DB INSERT ERROR: current transaction is aborted, commands ignored until end of transaction block
[2026-05-15T07:09:23.018+0000] {logging_mixin.py:188} INFO - DB INSERT ERROR: current transaction is aborted, commands ignored until end of transaction block
[2026-05-15T07:09:23.137+0000] {logging_mixin.py:188} INFO - DB INSERT ERROR: current transaction is aborted, commands ignored until end of transaction block
[2026-05-15T07:09:23.229+0000] {logging_mixin.py:188} INFO - DB INSERT ERROR: current transaction is aborted, commands ignored until end of transaction block
[2026-05-15T07:09:23.297+0000] {logging_mixin.py:188} INFO - DB INSERT ERROR: current transaction is aborted, commands ignored until end of transaction block
[2026-05-15T07:09:23.501+0000] {logging_mixin.py:188} INFO - DB INSERT ERROR: current transaction is aborted, commands ignored until end of transaction block
[2026-05-15T07:09:23.774+0000] {logging_mixin.py:188} INFO - DB INSERT ERROR: current transaction is aborted, commands ignored until end of transaction block
[2026-05-15T07:09:23.959+0000] {logging_mixin.py:188} INFO - DB INSERT ERROR: current transaction is aborted, commands ignored until end of transaction block
[2026-05-15T07:09:24.108+0000] {logging_mixin.py:188} INFO - DB INSERT ERROR: current transaction is aborted, commands ignored until end of transaction block
[2026-05-15T07:09:24.126+0000] {logging_mixin.py:188} INFO - DB INSERT ERROR: current transaction is aborted, commands ignored until end of transaction block
[2026-05-15T07:09:24.179+0000] {logging_mixin.py:188} INFO - DB INSERT ERROR: current transaction is aborted, commands ignored until end of transaction block
[2026-05-15T07:09:24.250+0000] {logging_mixin.py:188} INFO - DB INSERT ERROR: current transaction is aborted, commands ignored until end of transaction block
[2026-05-15T07:09:24.284+0000] {logging_mixin.py:188} INFO - DB INSERT ERROR: current transaction is aborted, commands ignored until end of transaction block
[2026-05-15T07:09:24.427+0000] {logging_mixin.py:188} INFO - DB INSERT ERROR: current transaction is aborted, commands ignored until end of transaction block
[2026-05-15T07:09:24.583+0000] {logging_mixin.py:188} INFO - DB INSERT ERROR: current transaction is aborted, commands ignored until end of transaction block
[2026-05-15T07:09:24.814+0000] {logging_mixin.py:188} INFO - DB INSERT ERROR: current transaction is aborted, commands ignored until end of transaction block
[2026-05-15T07:09:25.101+0000] {logging_mixin.py:188} INFO - DB INSERT ERROR: current transaction is aborted, commands ignored until end of transaction block
[2026-05-15T07:09:25.318+0000] {logging_mixin.py:188} INFO - DB INSERT ERROR: current transaction is aborted, commands ignored until end of transaction block
[2026-05-15T07:09:25.501+0000] {logging_mixin.py:188} INFO - DB INSERT ERROR: current transaction is aborted, commands ignored until end of transaction block
[2026-05-15T07:09:25.626+0000] {logging_mixin.py:188} INFO - DB INSERT ERROR: current transaction is aborted, commands ignored until end of transaction block
[2026-05-15T07:09:25.735+0000] {logging_mixin.py:188} INFO - DB INSERT ERROR: current transaction is aborted, commands ignored until end of transaction block
[2026-05-15T07:09:25.816+0000] {logging_mixin.py:188} INFO - DB INSERT ERROR: current transaction is aborted, commands ignored until end of transaction block
[2026-05-15T07:09:26.083+0000] {logging_mixin.py:188} INFO - DB INSERT ERROR: current transaction is aborted, commands ignored until end of transaction block
[2026-05-15T07:09:26.164+0000] {logging_mixin.py:188} INFO - DB INSERT ERROR: current transaction is aborted, commands ignored until end of transaction block
[2026-05-15T07:09:26.199+0000] {logging_mixin.py:188} INFO - DB INSERT ERROR: current transaction is aborted, commands ignored until end of transaction block
[2026-05-15T07:09:26.262+0000] {logging_mixin.py:188} INFO - DB INSERT ERROR: current transaction is aborted, commands ignored until end of transaction block
[2026-05-15T07:09:26.312+0000] {logging_mixin.py:188} INFO - DB INSERT ERROR: current transaction is aborted, commands ignored until end of transaction block
[2026-05-15T07:09:26.551+0000] {logging_mixin.py:188} INFO - DB INSERT ERROR: current transaction is aborted, commands ignored until end of transaction block
[2026-05-15T07:09:26.646+0000] {logging_mixin.py:188} INFO - DB INSERT ERROR: current transaction is aborted, commands ignored until end of transaction block
[2026-05-15T07:09:26.695+0000] {logging_mixin.py:188} INFO - DB INSERT ERROR: current transaction is aborted, commands ignored until end of transaction block
[2026-05-15T07:09:26.778+0000] {logging_mixin.py:188} INFO - DB INSERT ERROR: current transaction is aborted, commands ignored until end of transaction block
[2026-05-15T07:09:26.902+0000] {logging_mixin.py:188} INFO - DB INSERT ERROR: current transaction is aborted, commands ignored until end of transaction block
[2026-05-15T07:09:27.127+0000] {logging_mixin.py:188} INFO - DB INSERT ERROR: current transaction is aborted, commands ignored until end of transaction block
[2026-05-15T07:09:27.327+0000] {logging_mixin.py:188} INFO - DB INSERT ERROR: current transaction is aborted, commands ignored until end of transaction block
[2026-05-15T07:09:27.443+0000] {logging_mixin.py:188} INFO - DB INSERT ERROR: current transaction is aborted, commands ignored until end of transaction block
[2026-05-15T07:09:27.534+0000] {logging_mixin.py:188} INFO - DB INSERT ERROR: current transaction is aborted, commands ignored until end of transaction block
[2026-05-15T07:09:27.717+0000] {logging_mixin.py:188} INFO - DB INSERT ERROR: current transaction is aborted, commands ignored until end of transaction block
[2026-05-15T07:09:28.136+0000] {logging_mixin.py:188} INFO - DB INSERT ERROR: current transaction is aborted, commands ignored until end of transaction block
[2026-05-15T07:09:28.195+0000] {logging_mixin.py:188} INFO - DB INSERT ERROR: current transaction is aborted, commands ignored until end of transaction block
[2026-05-15T07:10:34.091+0000] {logging_mixin.py:188} INFO - 💾 JSON OUTPUT: /opt/***/data/final_output.json
[2026-05-15T07:10:34.631+0000] {logging_mixin.py:188} INFO - 🔓 LOCK REMOVED
[2026-05-15T07:10:36.761+0000] {python.py:202} INFO - Done. Returned value was: None
[2026-05-15T07:10:40.728+0000] {taskinstance.py:1149} INFO - Marking task as SUCCESS. dag_id=merge_all_scrapers, task_id=merge_all_outputs, execution_date=20260515T070612, start_date=20260515T070639, end_date=20260515T071040
[2026-05-15T07:10:49.467+0000] {local_task_job_runner.py:234} INFO - Task exited with return code 0
[2026-05-15T07:11:02.098+0000] {taskinstance.py:3309} INFO - 0 downstream tasks scheduled from follow-on schedule check
