[2026-05-25T14:21:36.382+0000] {taskinstance.py:1979} INFO - Dependencies all met for dep_context=non-requeueable deps ti=<TaskInstance: merge_all_scrapers.merge_all_outputs manual__2026-05-25T14:19:39.125300+00:00 [queued]>
[2026-05-25T14:21:36.435+0000] {taskinstance.py:1979} INFO - Dependencies all met for dep_context=requeueable deps ti=<TaskInstance: merge_all_scrapers.merge_all_outputs manual__2026-05-25T14:19:39.125300+00:00 [queued]>
[2026-05-25T14:21:36.437+0000] {taskinstance.py:2193} INFO - Starting attempt 1 of 1
[2026-05-25T14:21:36.698+0000] {taskinstance.py:2214} INFO - Executing <Task(PythonOperator): merge_all_outputs> on 2026-05-25 14:19:39.125300+00:00
[2026-05-25T14:21:36.734+0000] {standard_task_runner.py:60} INFO - Started process 461 to run task
[2026-05-25T14:21:36.765+0000] {standard_task_runner.py:87} INFO - Running: ['***', 'tasks', 'run', 'merge_all_scrapers', 'merge_all_outputs', 'manual__2026-05-25T14:19:39.125300+00:00', '--job-id', '202', '--raw', '--subdir', 'DAGS_FOLDER/merge_dag.py', '--cfg-path', '/tmp/tmphu4b1a7j']
[2026-05-25T14:21:36.788+0000] {standard_task_runner.py:88} INFO - Job 202: Subtask merge_all_outputs
[2026-05-25T14:21:37.545+0000] {task_command.py:423} INFO - Running <TaskInstance: merge_all_scrapers.merge_all_outputs manual__2026-05-25T14:19:39.125300+00:00 [running]> on host f39b18a112ca
[2026-05-25T14:21:38.268+0000] {taskinstance.py:2510} INFO - Exporting env vars: AIRFLOW_CTX_DAG_OWNER='***' AIRFLOW_CTX_DAG_ID='merge_all_scrapers' AIRFLOW_CTX_TASK_ID='merge_all_outputs' AIRFLOW_CTX_EXECUTION_DATE='2026-05-25T14:19:39.125300+00:00' AIRFLOW_CTX_TRY_NUMBER='1' AIRFLOW_CTX_DAG_RUN_ID='manual__2026-05-25T14:19:39.125300+00:00'
[2026-05-25T14:21:38.326+0000] {logging_mixin.py:188} INFO - 📂 DATA PATH: /opt/***/data
[2026-05-25T14:21:38.471+0000] {logging_mixin.py:188} INFO - 
📄 READING JSON: eu_fsf_sanctions.json
[2026-05-25T14:21:38.809+0000] {logging_mixin.py:188} INFO - 
📄 READING JSON: inegi_playwright.json
[2026-05-25T14:21:38.880+0000] {logging_mixin.py:188} INFO - 
📄 READING JSON: inegi_scraper.json
[2026-05-25T14:21:39.344+0000] {logging_mixin.py:188} INFO - 
🗄️ READING DB: kaldata.db
[2026-05-25T14:21:47.623+0000] {logging_mixin.py:188} INFO - 
🗄️ READING DB: telegraph.db
[2026-05-25T14:21:48.916+0000] {logging_mixin.py:188} INFO - 
📦 TOTAL BEFORE DEDUP: 6597
[2026-05-25T14:21:49.325+0000] {logging_mixin.py:188} INFO - 🧹 AFTER DEDUP: 6593
[2026-05-25T14:21:49.685+0000] {base.py:83} INFO - Using connection ID 'postgres_default' for task execution.
[2026-05-25T14:22:27.507+0000] {logging_mixin.py:188} INFO - 💾 JSON OUTPUT: /opt/***/data/final_output.json
[2026-05-25T14:22:27.528+0000] {logging_mixin.py:188} INFO - 🔓 LOCK REMOVED
[2026-05-25T14:22:27.550+0000] {python.py:202} INFO - Done. Returned value was: None
[2026-05-25T14:22:27.744+0000] {taskinstance.py:1149} INFO - Marking task as SUCCESS. dag_id=merge_all_scrapers, task_id=merge_all_outputs, execution_date=20260525T141939, start_date=20260525T142136, end_date=20260525T142227
[2026-05-25T14:22:28.110+0000] {local_task_job_runner.py:234} INFO - Task exited with return code 0
[2026-05-25T14:22:28.607+0000] {taskinstance.py:3309} INFO - 0 downstream tasks scheduled from follow-on schedule check
