[2026-05-21T08:25:53.792+0000] {taskinstance.py:1979} INFO - Dependencies all met for dep_context=non-requeueable deps ti=<TaskInstance: merge_all_scrapers.merge_all_outputs manual__2026-05-21T08:24:56.115816+00:00 [queued]>
[2026-05-21T08:25:54.265+0000] {taskinstance.py:1979} INFO - Dependencies all met for dep_context=requeueable deps ti=<TaskInstance: merge_all_scrapers.merge_all_outputs manual__2026-05-21T08:24:56.115816+00:00 [queued]>
[2026-05-21T08:25:54.270+0000] {taskinstance.py:2193} INFO - Starting attempt 1 of 1
[2026-05-21T08:25:54.512+0000] {taskinstance.py:2214} INFO - Executing <Task(PythonOperator): merge_all_outputs> on 2026-05-21 08:24:56.115816+00:00
[2026-05-21T08:25:54.552+0000] {standard_task_runner.py:60} INFO - Started process 341 to run task
[2026-05-21T08:25:54.652+0000] {standard_task_runner.py:87} INFO - Running: ['***', 'tasks', 'run', 'merge_all_scrapers', 'merge_all_outputs', 'manual__2026-05-21T08:24:56.115816+00:00', '--job-id', '112', '--raw', '--subdir', 'DAGS_FOLDER/merge_dag.py', '--cfg-path', '/tmp/tmpv080dwh4']
[2026-05-21T08:25:54.740+0000] {standard_task_runner.py:88} INFO - Job 112: Subtask merge_all_outputs
[2026-05-21T08:25:56.864+0000] {task_command.py:423} INFO - Running <TaskInstance: merge_all_scrapers.merge_all_outputs manual__2026-05-21T08:24:56.115816+00:00 [running]> on host f39b18a112ca
[2026-05-21T08:26:01.129+0000] {taskinstance.py:2510} INFO - Exporting env vars: AIRFLOW_CTX_DAG_OWNER='***' AIRFLOW_CTX_DAG_ID='merge_all_scrapers' AIRFLOW_CTX_TASK_ID='merge_all_outputs' AIRFLOW_CTX_EXECUTION_DATE='2026-05-21T08:24:56.115816+00:00' AIRFLOW_CTX_TRY_NUMBER='1' AIRFLOW_CTX_DAG_RUN_ID='manual__2026-05-21T08:24:56.115816+00:00'
[2026-05-21T08:26:01.357+0000] {logging_mixin.py:188} INFO - 📂 DATA PATH: /opt/***/data
[2026-05-21T08:26:01.571+0000] {logging_mixin.py:188} INFO - 
📄 READING JSON: eu_fsf_sanctions.json
[2026-05-21T08:26:04.206+0000] {logging_mixin.py:188} INFO - 
📄 READING JSON: inegi_playwright.json
[2026-05-21T08:26:04.285+0000] {logging_mixin.py:188} INFO - 
📄 READING JSON: inegi_scraper.json
[2026-05-21T08:26:04.323+0000] {logging_mixin.py:188} INFO - 
🗄️ READING DB: kaldata.db
[2026-05-21T08:26:22.573+0000] {logging_mixin.py:188} INFO - 
🗄️ READING DB: telegraph.db
[2026-05-21T08:26:24.350+0000] {logging_mixin.py:188} INFO - 
📦 TOTAL BEFORE DEDUP: 6410
[2026-05-21T08:26:24.655+0000] {logging_mixin.py:188} INFO - 🧹 AFTER DEDUP: 6406
[2026-05-21T08:26:25.530+0000] {base.py:83} INFO - Using connection ID 'postgres_default' for task execution.
[2026-05-21T08:27:22.206+0000] {logging_mixin.py:188} INFO - 💾 JSON OUTPUT: /opt/***/data/final_output.json
[2026-05-21T08:27:22.309+0000] {logging_mixin.py:188} INFO - 🔓 LOCK REMOVED
[2026-05-21T08:27:22.405+0000] {python.py:202} INFO - Done. Returned value was: None
[2026-05-21T08:27:22.611+0000] {taskinstance.py:1149} INFO - Marking task as SUCCESS. dag_id=merge_all_scrapers, task_id=merge_all_outputs, execution_date=20260521T082456, start_date=20260521T082553, end_date=20260521T082722
[2026-05-21T08:27:23.788+0000] {local_task_job_runner.py:234} INFO - Task exited with return code 0
[2026-05-21T08:27:23.998+0000] {taskinstance.py:3309} INFO - 0 downstream tasks scheduled from follow-on schedule check
