[2026-05-27T07:53:57.619+0000] {taskinstance.py:1979} INFO - Dependencies all met for dep_context=non-requeueable deps ti=<TaskInstance: merge_all_scrapers.merge_all_outputs manual__2026-05-27T07:53:12.878492+00:00 [queued]>
[2026-05-27T07:53:57.683+0000] {taskinstance.py:1979} INFO - Dependencies all met for dep_context=requeueable deps ti=<TaskInstance: merge_all_scrapers.merge_all_outputs manual__2026-05-27T07:53:12.878492+00:00 [queued]>
[2026-05-27T07:53:57.697+0000] {taskinstance.py:2193} INFO - Starting attempt 1 of 1
[2026-05-27T07:53:57.790+0000] {taskinstance.py:2214} INFO - Executing <Task(PythonOperator): merge_all_outputs> on 2026-05-27 07:53:12.878492+00:00
[2026-05-27T07:53:57.820+0000] {standard_task_runner.py:60} INFO - Started process 353 to run task
[2026-05-27T07:53:57.851+0000] {standard_task_runner.py:87} INFO - Running: ['***', 'tasks', 'run', 'merge_all_scrapers', 'merge_all_outputs', 'manual__2026-05-27T07:53:12.878492+00:00', '--job-id', '230', '--raw', '--subdir', 'DAGS_FOLDER/merge_dag.py', '--cfg-path', '/tmp/tmpb6iupvcf']
[2026-05-27T07:53:57.910+0000] {standard_task_runner.py:88} INFO - Job 230: Subtask merge_all_outputs
[2026-05-27T07:53:59.053+0000] {task_command.py:423} INFO - Running <TaskInstance: merge_all_scrapers.merge_all_outputs manual__2026-05-27T07:53:12.878492+00:00 [running]> on host f39b18a112ca
[2026-05-27T07:54:00.160+0000] {taskinstance.py:2510} INFO - Exporting env vars: AIRFLOW_CTX_DAG_OWNER='***' AIRFLOW_CTX_DAG_ID='merge_all_scrapers' AIRFLOW_CTX_TASK_ID='merge_all_outputs' AIRFLOW_CTX_EXECUTION_DATE='2026-05-27T07:53:12.878492+00:00' AIRFLOW_CTX_TRY_NUMBER='1' AIRFLOW_CTX_DAG_RUN_ID='manual__2026-05-27T07:53:12.878492+00:00'
[2026-05-27T07:54:00.207+0000] {logging_mixin.py:188} INFO - 📂 DATA PATH: /opt/***/data
[2026-05-27T07:54:00.216+0000] {logging_mixin.py:188} INFO - 
📄 READING JSON: eu_fsf_sanctions.json
[2026-05-27T07:54:00.301+0000] {logging_mixin.py:188} INFO - 
📄 READING JSON: inegi_playwright.json
[2026-05-27T07:54:00.330+0000] {logging_mixin.py:188} INFO - 
📄 READING JSON: inegi_scraper.json
[2026-05-27T07:54:00.346+0000] {logging_mixin.py:188} INFO - 
🗄️ READING DB: kaldata.db
[2026-05-27T07:54:00.498+0000] {logging_mixin.py:188} INFO - 
🗄️ READING DB: telegraph.db
[2026-05-27T07:54:00.811+0000] {logging_mixin.py:188} INFO - 
📦 TOTAL BEFORE DEDUP: 75
[2026-05-27T07:54:00.840+0000] {logging_mixin.py:188} INFO - 🧹 AFTER DEDUP: 75
[2026-05-27T07:54:01.045+0000] {base.py:83} INFO - Using connection ID 'postgres_default' for task execution.
[2026-05-27T07:54:01.477+0000] {logging_mixin.py:188} INFO - 💾 JSON OUTPUT: /opt/***/data/final_output.json
[2026-05-27T07:54:01.621+0000] {logging_mixin.py:188} INFO - 🔓 LOCK REMOVED
[2026-05-27T07:54:01.637+0000] {python.py:202} INFO - Done. Returned value was: None
[2026-05-27T07:54:01.739+0000] {taskinstance.py:1149} INFO - Marking task as SUCCESS. dag_id=merge_all_scrapers, task_id=merge_all_outputs, execution_date=20260527T075312, start_date=20260527T075357, end_date=20260527T075401
[2026-05-27T07:54:02.022+0000] {local_task_job_runner.py:234} INFO - Task exited with return code 0
[2026-05-27T07:54:02.262+0000] {taskinstance.py:3309} INFO - 0 downstream tasks scheduled from follow-on schedule check
