[2026-05-20T06:39:28.789+0000] {taskinstance.py:1979} INFO - Dependencies all met for dep_context=non-requeueable deps ti=<TaskInstance: telegraph_scraper.run_telegraph_container scheduled__2026-05-19T00:00:00+00:00 [queued]>
[2026-05-20T06:39:28.844+0000] {taskinstance.py:1979} INFO - Dependencies all met for dep_context=requeueable deps ti=<TaskInstance: telegraph_scraper.run_telegraph_container scheduled__2026-05-19T00:00:00+00:00 [queued]>
[2026-05-20T06:39:28.847+0000] {taskinstance.py:2193} INFO - Starting attempt 1 of 1
[2026-05-20T06:39:30.251+0000] {taskinstance.py:2214} INFO - Executing <Task(DockerOperator): run_telegraph_container> on 2026-05-19 00:00:00+00:00
[2026-05-20T06:39:30.302+0000] {standard_task_runner.py:60} INFO - Started process 172 to run task
[2026-05-20T06:39:30.430+0000] {standard_task_runner.py:87} INFO - Running: ['***', 'tasks', 'run', 'telegraph_scraper', 'run_telegraph_container', 'scheduled__2026-05-19T00:00:00+00:00', '--job-id', '80', '--raw', '--subdir', 'DAGS_FOLDER/telegraph_dag.py', '--cfg-path', '/tmp/tmpjzargzdj']
[2026-05-20T06:39:30.516+0000] {standard_task_runner.py:88} INFO - Job 80: Subtask run_telegraph_container
[2026-05-20T06:39:35.324+0000] {task_command.py:423} INFO - Running <TaskInstance: telegraph_scraper.run_telegraph_container scheduled__2026-05-19T00:00:00+00:00 [running]> on host f39b18a112ca
[2026-05-20T06:39:38.037+0000] {taskinstance.py:2510} INFO - Exporting env vars: AIRFLOW_CTX_DAG_OWNER='***' AIRFLOW_CTX_DAG_ID='telegraph_scraper' AIRFLOW_CTX_TASK_ID='run_telegraph_container' AIRFLOW_CTX_EXECUTION_DATE='2026-05-19T00:00:00+00:00' AIRFLOW_CTX_TRY_NUMBER='1' AIRFLOW_CTX_DAG_RUN_ID='scheduled__2026-05-19T00:00:00+00:00'
[2026-05-20T06:39:40.076+0000] {docker.py:359} INFO - Starting docker container from image telegraph-scraper:v1
[2026-05-20T06:39:40.461+0000] {docker.py:367} WARNING - Using remote engine or docker-in-docker and mounting temporary volume from host is not supported. Falling back to `mount_tmp_dir=False` mode. You can set `mount_tmp_dir` parameter to False to disable mounting and remove the warning
[2026-05-20T06:40:13.186+0000] {docker.py:429} INFO - [+] Saved: ТРАГЕДИЯ НА ПЪТЯ: Шофьор загина на място при катастрофа в Ямболско
[2026-05-20T06:40:15.464+0000] {docker.py:429} INFO - [+] Saved: СМЕТКИТЕ ЗА ИЗПАДАЩИТЕ: Голова разлика мори Спартак Варна
[2026-05-20T06:40:18.253+0000] {docker.py:429} INFO - [+] Saved: Захранваме Италия с играчи
[2026-05-20T06:40:20.587+0000] {docker.py:429} INFO - [+] Saved: ЦСКА скача със състава от Разград
[2026-05-20T06:40:22.544+0000] {docker.py:429} INFO - [+] Saved: Интензивен трафик на граничните пунктове „Капитан Андреево“ и „Лесово“
[2026-05-20T06:40:26.268+0000] {docker.py:429} INFO - [+] Saved: "Фред, работи с мен": DARA развя плакат със специално послание (ВИДЕО)
[2026-05-20T06:40:28.364+0000] {docker.py:429} INFO - [+] Saved: КОЙ ЩЕ СПЕЧЕЛИ ФИНАЛА ЗА КУПАТА НА БЪЛГАРИЯ?
[2026-05-20T06:40:32.937+0000] {docker.py:429} INFO - [+] Saved: Империята на Емери
[2026-05-20T06:40:41.951+0000] {docker.py:429} INFO - [+] Saved: Три законопроекта за промени в НПК влизат в Народното събрание
[2026-05-20T06:40:45.306+0000] {docker.py:429} INFO - [+] Saved: Рекордни премии в ЦСКА за Купата!
[2026-05-20T06:40:50.908+0000] {docker.py:429} INFO - [+] Saved: Путин пристигна в Дома на народните събрания в Пекин
[2026-05-20T06:40:54.318+0000] {docker.py:429} INFO - [+] Saved: Търговско примирие между ЕС и САЩ след натиск от Тръмп
[2026-05-20T06:40:56.176+0000] {docker.py:429} INFO - [+] Saved: Сенатът удари спирачка на Тръмп, гласува резолюция, с която да ограничи военните му правомощия срещу Иран
[2026-05-20T06:40:58.057+0000] {docker.py:429} INFO - [+] Saved: Легенда ще гледа седмо на 57 г.
[2026-05-20T06:40:59.902+0000] {docker.py:429} INFO - [+] Saved: 53 000 зрелостници под лупа: Денят на матурата по БЕЛ настъпи
[2026-05-20T06:41:01.907+0000] {docker.py:429} INFO - [+] Saved: ОПАСНО ВРЕМЕ: Гръмотевици и порои връхлитат страната, има риск от градушки
[2026-05-20T06:41:04.534+0000] {docker.py:429} INFO - [+] Saved: Гледайте финала за Купата на България Локомотив Пд - ЦСКА
[2026-05-20T06:41:06.517+0000] {docker.py:429} INFO - [+] Saved: Щерката на Фюри ще живее в каравана със златна вана
[2026-05-20T06:41:08.571+0000] {docker.py:429} INFO - [+] Saved: Шампионката Юта по гола гръд на бойна вечер
[2026-05-20T06:41:10.509+0000] {docker.py:429} INFO - [+] Saved: Челси надви Тотнъм
[2026-05-20T06:41:14.852+0000] {docker.py:429} INFO - [+] Saved: Виктория Томова се класира за втория кръг на квалификациите на Ролан Гарос
[2026-05-20T06:41:17.059+0000] {docker.py:429} INFO - [+] Saved: С РОЗИ И “ДИОР”: Иван Рълев предложи брак
[2026-05-20T06:41:18.949+0000] {docker.py:429} INFO - [+] Saved: 22 ГОДИНИ СТИГАТ! АРСЕНАЛ Е ШАМПИОН!
[2026-05-20T06:41:20.847+0000] {docker.py:429} INFO - [+] Saved: Верстапен заведе Кели и Лили на Карибите
[2026-05-20T06:41:22.791+0000] {docker.py:429} INFO - [+] Saved: 15 топ студенти ще работят в София
[2026-05-20T06:41:26.230+0000] {docker.py:429} INFO - [+] Saved: Унай Емери скромничи преди финала в Лига Европа
[2026-05-20T06:41:28.307+0000] {docker.py:429} INFO - [+] Saved: Четник с цигара ослепява поп Харитон!
[2026-05-20T06:41:31.847+0000] {docker.py:429} INFO - [+] Saved: Иван Иванов отпадна на турнир по тенис в Италия
[2026-05-20T06:41:34.576+0000] {docker.py:429} INFO - [+] Saved: Звезден гост за финала Локо Пловдив - ЦСКА!
[2026-05-20T06:41:36.561+0000] {docker.py:429} INFO - [+] Saved: Завръщането на Моуриньо в Реал Мадрид е почти готово
[2026-05-20T06:41:38.663+0000] {docker.py:429} INFO - [+] Saved: Договорът на Енцо Мареска с Манчестър Сити ще бъде за три години
[2026-05-20T06:41:40.252+0000] {docker.py:429} INFO - [+] Saved: Какво ще се случва с феновете за финала между Локомотив Пловдив и ЦСКА?
[2026-05-20T06:41:43.882+0000] {docker.py:429} INFO - [+] Saved: Изхвърлиха Саутхемптън заради шпионския скандал!
[2026-05-20T06:41:53.996+0000] {docker.py:429} INFO - [+] Saved: НЕЧУВАН СКАНДАЛ: Участнички в „Женени от пръв поглед“ твърдят, че са били изнасилени!
[2026-05-20T06:41:56.129+0000] {docker.py:429} INFO - [+] Saved: Пеп Гуардиола ще възражда Италия?
[2026-05-20T06:41:58.190+0000] {docker.py:429} INFO - [+] Saved: Тийнейджър стреля с пищов в центъра на Павликени
[2026-05-20T06:42:02.676+0000] {docker.py:429} INFO - [+] Saved: Смениха началния час на мача Славия - Монтана
[2026-05-20T06:42:05.413+0000] {docker.py:429} INFO - [+] Saved: Юлия Стаматова стартира с победа на турнир по тенис в Сърбия
[2026-05-20T06:42:13.219+0000] {docker.py:429} INFO - [+] Saved: В ПЪЛНО НЕВЕДЕНИЕ: DARA шокирана от предложения й общински имот! (СНИМКА)
[2026-05-20T06:42:16.751+0000] {docker.py:429} INFO - [+] Saved: Димитър Кузманов се класира за втория кръг на турнир по тенис от сериите "Чалънджър" в Истанбул
[2026-05-20T06:42:18.786+0000] {docker.py:429} INFO - [+] Saved: СМЕНИТЕ НЕ СПИРАТ: Махнаха заместник-директор на Агенция „Митници“!
[2026-05-20T06:42:20.902+0000] {docker.py:429} INFO - [+] Saved: ДОКАТО ПУТИН Е В КИТАЙ: Русия започна мащабни учения на ядрените си сили!
[2026-05-20T06:42:22.903+0000] {docker.py:429} INFO - [+] Saved: Волейболистите без трима от лидерите в Полша
[2026-05-20T06:42:26.976+0000] {docker.py:429} INFO - [+] Saved: В деня на финала за Купата на България във вестник "Мач Телеграф"
[2026-05-20T06:42:29.522+0000] {docker.py:429} INFO - [+] Saved: Официално: Роналдо на шесто световно първенство
[2026-05-20T06:42:31.387+0000] {docker.py:429} INFO - [+] Saved: Биологът Цветан Димитров:  Имали сме над 70 вида сирена
[2026-05-20T06:42:33.477+0000] {docker.py:429} INFO - [+] Saved: България празнува победата на DARA! (ВИДЕО+СНИМКИ)
[2026-05-20T06:42:38.425+0000] {docker.py:429} INFO - [+] Saved: Берое понесе удар заради ударения съдия
[2026-05-20T06:42:40.789+0000] {docker.py:429} INFO - [+] Saved: СКАНДАЛ ЗАРАДИ „ЕВРОВИЗИЯ“: Оставки в Молдова след съмнително гласуване!
[2026-05-20T06:42:42.576+0000] {docker.py:429} INFO - [+] Saved: Португалия включи Диого Жота в състава за Мондиал 2026
[2026-05-20T06:42:45.731+0000] {docker.py:429} INFO - [+] Saved: РУМЕН РАДЕВ: Законите, които предлагаме, са заимствани от най-добрите европейски практики!
[2026-05-20T06:42:48.665+0000] {docker.py:429} INFO - [+] Saved: СЛЕД 30 ГОДИНИ: Клуб Нюанс НСА възстановява студентското по художествена гимнастика
[2026-05-20T06:42:51.658+0000] {docker.py:429} INFO - [+] Saved: Душан Косич: Искаме да покажем манталитет на победител
[2026-05-20T06:42:53.659+0000] {docker.py:429} INFO - [+] Saved: СОЦИАЛНИЯТ МИНИСТЪР: Увеличението на пенсиите е гарантирано от удължителния бюджет!
[2026-05-20T06:42:56.784+0000] {docker.py:429} INFO - [+] Saved: Григор с тъжна загуба в квалификациите на Ролан Гарос
[2026-05-20T06:42:58.916+0000] {docker.py:429} INFO - [+] Saved: Експертът по киберсигурност проф. д-р Илин Савов: Отвличат деца с нова дрога от Китай
[2026-05-20T06:43:01.308+0000] {docker.py:429} INFO - [+] Saved: Марчело Абонданца: Целта пред отбора е само израстване, имаме нужда от време
[2026-05-20T06:43:03.279+0000] {docker.py:429} INFO - [+] Saved: КРАЛ ЧАРЛЗ С МОЛБА КЪМ ТРЪМП: Депортирай Хари!
[2026-05-20T06:43:05.093+0000] {docker.py:429} INFO - [+] Saved: Задържаха мъж, опитал да внесе близо 200 пистолета и 120 пълнителя (ВИДЕО)
[2026-05-20T06:43:06.835+0000] {docker.py:429} INFO - [+] Saved: ПРЕЗИДЕНТЪТ НА СЕВЕРНА МАКЕДОНИЯ: В българската Конституция няма отделен член, който да гарантира правата на малцинствата!
[2026-05-20T06:43:09.381+0000] {docker.py:429} INFO - [+] Saved: Винисиус с емоционално сбогом към бившата си
[2026-05-20T06:43:11.403+0000] {docker.py:429} INFO - [+] Saved: 13 800 квестора бдят на матурите
[2026-05-20T06:43:14.738+0000] {docker.py:429} INFO - [+] Saved: С представлението „Бурята“: И Народният покорява Виена!
[2026-05-20T06:43:16.589+0000] {docker.py:429} INFO - [+] Saved: Мъж лапна 40 бона от АПИ
[2026-05-20T06:43:18.297+0000] {docker.py:429} INFO - [+] Saved: Задържаха двама за кражба на 100 бона от автокъща
[2026-05-20T06:43:22.593+0000] {docker.py:429} INFO - [+] Saved: Тежко наказание грози Селтик заради нахлуване на фенове
[2026-05-20T06:43:24.707+0000] {docker.py:429} INFO - [+] Saved: Издирват българин след срутване на сграда в Германия
[2026-05-20T06:43:26.865+0000] {docker.py:429} INFO - [+] Saved: „Дяволът носи Прада 2“ - отново най-гледаният филм у нас
[2026-05-20T06:43:29.371+0000] {docker.py:429} INFO - [+] Saved: Стилиян Петров организира среща с фенове в Бургас
[2026-05-20T06:43:35.455+0000] {taskinstance.py:1149} INFO - Marking task as SUCCESS. dag_id=telegraph_scraper, task_id=run_telegraph_container, execution_date=20260519T000000, start_date=20260520T063928, end_date=20260520T064335
[2026-05-20T06:43:38.727+0000] {local_task_job_runner.py:234} INFO - Task exited with return code 0
[2026-05-20T06:43:40.374+0000] {taskinstance.py:3309} INFO - 1 downstream tasks scheduled from follow-on schedule check
