[2026-05-29T11:19:19.936+0000] {taskinstance.py:1979} INFO - Dependencies all met for dep_context=non-requeueable deps ti=<TaskInstance: inegi_playwright.run_inegi_playwright scheduled__2026-05-28T00:00:00+00:00 [queued]>
[2026-05-29T11:19:20.177+0000] {taskinstance.py:1979} INFO - Dependencies all met for dep_context=requeueable deps ti=<TaskInstance: inegi_playwright.run_inegi_playwright scheduled__2026-05-28T00:00:00+00:00 [queued]>
[2026-05-29T11:19:20.190+0000] {taskinstance.py:2193} INFO - Starting attempt 1 of 1
[2026-05-29T11:19:20.545+0000] {taskinstance.py:2214} INFO - Executing <Task(DockerOperator): run_inegi_playwright> on 2026-05-28 00:00:00+00:00
[2026-05-29T11:19:20.868+0000] {standard_task_runner.py:60} INFO - Started process 74 to run task
[2026-05-29T11:19:21.010+0000] {standard_task_runner.py:87} INFO - Running: ['***', 'tasks', 'run', 'inegi_playwright', 'run_inegi_playwright', 'scheduled__2026-05-28T00:00:00+00:00', '--job-id', '303', '--raw', '--subdir', 'DAGS_FOLDER/inegi_playwright_dag.py', '--cfg-path', '/tmp/tmpbsif5i5u']
[2026-05-29T11:19:21.283+0000] {standard_task_runner.py:88} INFO - Job 303: Subtask run_inegi_playwright
[2026-05-29T11:19:22.738+0000] {task_command.py:423} INFO - Running <TaskInstance: inegi_playwright.run_inegi_playwright scheduled__2026-05-28T00:00:00+00:00 [running]> on host f39b18a112ca
[2026-05-29T11:19:25.515+0000] {taskinstance.py:2510} INFO - Exporting env vars: AIRFLOW_CTX_DAG_OWNER='***' AIRFLOW_CTX_DAG_ID='inegi_playwright' AIRFLOW_CTX_TASK_ID='run_inegi_playwright' AIRFLOW_CTX_EXECUTION_DATE='2026-05-28T00:00:00+00:00' AIRFLOW_CTX_TRY_NUMBER='1' AIRFLOW_CTX_DAG_RUN_ID='scheduled__2026-05-28T00:00:00+00:00'
[2026-05-29T11:19:26.525+0000] {docker.py:359} INFO - Starting docker container from image inegi-playwright:v1
[2026-05-29T11:20:38.342+0000] {docker.py:429} INFO - The page is opening...
[2026-05-29T11:20:53.847+0000] {docker.py:429} INFO - iframe found: https://www3.inegi.org.mx/sistemas/ci/relps/
[2026-05-29T11:21:07.311+0000] {docker.py:429} INFO - Total rows: 132
[2026-05-29T11:21:07.599+0000] {docker.py:429} INFO - Row 0: no column, skipping
[2026-05-29T11:21:08.309+0000] {docker.py:429} INFO - Row 1: link found, clicking…
[2026-05-29T11:21:27.654+0000] {docker.py:429} INFO - Row 2: link found, clicking…
[2026-05-29T11:21:36.757+0000] {docker.py:429} INFO - Row 3: link found, clicking…
[2026-05-29T11:21:45.314+0000] {docker.py:429} INFO - Row 4: link found, clicking…
[2026-05-29T11:21:59.028+0000] {docker.py:429} INFO - Row 5: link found, clicking…
[2026-05-29T11:22:22.518+0000] {docker.py:429} INFO - Row 6: link found, clicking…
[2026-05-29T11:22:33.163+0000] {docker.py:429} INFO - Row 7: link found, clicking…
[2026-05-29T11:22:45.153+0000] {docker.py:429} INFO - Row 8: link found, clicking…
[2026-05-29T11:22:54.240+0000] {docker.py:429} INFO - Row 9: link found, clicking…
[2026-05-29T11:23:00.791+0000] {docker.py:429} INFO - Row 10: link found, clicking…
[2026-05-29T11:23:12.856+0000] {docker.py:429} INFO - Row 11: link found, clicking…
[2026-05-29T11:23:20.528+0000] {docker.py:429} INFO - Row 12: link found, clicking…
[2026-05-29T11:23:26.833+0000] {docker.py:429} INFO - Row 13: link found, clicking…
[2026-05-29T11:23:35.107+0000] {docker.py:429} INFO - Row 14: link found, clicking…
[2026-05-29T11:23:44.369+0000] {docker.py:429} INFO - Row 15: link found, clicking…
[2026-05-29T11:23:52.980+0000] {docker.py:429} INFO - Row 16: link found, clicking…
[2026-05-29T11:24:00.222+0000] {docker.py:429} INFO - Row 17: link found, clicking…
[2026-05-29T11:24:08.879+0000] {docker.py:429} INFO - Row 18: link found, clicking…
[2026-05-29T11:24:15.994+0000] {docker.py:429} INFO - Row 19: link found, clicking…
[2026-05-29T11:24:23.059+0000] {docker.py:429} INFO - Row 20: link found, clicking…
[2026-05-29T11:24:32.112+0000] {docker.py:429} INFO - Row 21: link found, clicking…
[2026-05-29T11:24:42.287+0000] {docker.py:429} INFO - Row 22: link found, clicking…
[2026-05-29T11:24:51.872+0000] {docker.py:429} INFO - Row 23: link found, clicking…
[2026-05-29T11:25:01.761+0000] {docker.py:429} INFO - Row 24: link found, clicking…
[2026-05-29T11:25:08.817+0000] {docker.py:429} INFO - Row 25: link found, clicking…
[2026-05-29T11:25:14.466+0000] {docker.py:429} INFO - Row 26: link found, clicking…
[2026-05-29T11:25:20.670+0000] {docker.py:429} INFO - Row 27: link found, clicking…
[2026-05-29T11:25:24.209+0000] {docker.py:429} INFO - Row 28: link found, clicking…
[2026-05-29T11:25:29.565+0000] {docker.py:429} INFO - Row 29: link found, clicking…
[2026-05-29T11:25:34.619+0000] {docker.py:429} INFO - Row 30: link found, clicking…
[2026-05-29T11:25:48.417+0000] {docker.py:429} INFO - Row 31: link found, clicking…
[2026-05-29T11:25:55.398+0000] {docker.py:429} INFO - Row 32: link found, clicking…
[2026-05-29T11:25:59.680+0000] {docker.py:429} INFO - Row 33: link found, clicking…
[2026-05-29T11:26:07.504+0000] {docker.py:429} INFO - Row 34: link found, clicking…
[2026-05-29T11:26:13.182+0000] {docker.py:429} INFO - Row 35: link found, clicking…
[2026-05-29T11:26:19.687+0000] {docker.py:429} INFO - Row 36: link found, clicking…
[2026-05-29T11:26:31.870+0000] {docker.py:429} INFO - Row 37: link found, clicking…
[2026-05-29T11:26:44.464+0000] {docker.py:429} INFO - Row 38: link found, clicking…
[2026-05-29T11:26:51.975+0000] {docker.py:429} INFO - Row 39: link found, clicking…
[2026-05-29T11:27:05.336+0000] {docker.py:429} INFO - Row 40: link found, clicking…
[2026-05-29T11:27:16.167+0000] {docker.py:429} INFO - Row 41: link found, clicking…
[2026-05-29T11:27:22.034+0000] {docker.py:429} INFO - Row 42: link found, clicking…
[2026-05-29T11:27:28.751+0000] {docker.py:429} INFO - Row 43: link found, clicking…
[2026-05-29T11:27:33.751+0000] {docker.py:429} INFO - Row 44: link found, clicking…
[2026-05-29T11:27:37.735+0000] {docker.py:429} INFO - Row 45: link found, clicking…
[2026-05-29T11:27:43.689+0000] {docker.py:429} INFO - Row 46: link found, clicking…
[2026-05-29T11:27:48.119+0000] {docker.py:429} INFO - Row 47: link found, clicking…
[2026-05-29T11:27:55.003+0000] {docker.py:429} INFO - Row 48: link found, clicking…
[2026-05-29T11:28:01.763+0000] {docker.py:429} INFO - Row 49: link found, clicking…
[2026-05-29T11:28:08.282+0000] {docker.py:429} INFO - Row 50: link found, clicking…
[2026-05-29T11:28:15.920+0000] {docker.py:429} INFO - Row 51: link found, clicking…
[2026-05-29T11:28:21.263+0000] {docker.py:429} INFO - Row 52: link found, clicking…
[2026-05-29T11:28:26.394+0000] {docker.py:429} INFO - Row 53: link found, clicking…
[2026-05-29T11:28:29.640+0000] {docker.py:429} INFO - Row 54: link found, clicking…
[2026-05-29T11:28:33.423+0000] {docker.py:429} INFO - Row 55: link found, clicking…
[2026-05-29T11:28:37.210+0000] {docker.py:429} INFO - Row 56: link found, clicking…
[2026-05-29T11:28:43.331+0000] {docker.py:429} INFO - Row 57: link found, clicking…
[2026-05-29T11:28:47.075+0000] {docker.py:429} INFO - Row 58: link found, clicking…
[2026-05-29T11:28:50.794+0000] {docker.py:429} INFO - Row 59: link found, clicking…
[2026-05-29T11:28:55.943+0000] {docker.py:429} INFO - Row 60: link found, clicking…
[2026-05-29T11:28:58.623+0000] {docker.py:429} INFO - Row 61: link found, clicking…
[2026-05-29T11:29:02.125+0000] {docker.py:429} INFO - Row 62: link found, clicking…
[2026-05-29T11:29:05.875+0000] {docker.py:429} INFO - Row 63: link found, clicking…
[2026-05-29T11:29:08.969+0000] {docker.py:429} INFO - Row 64: link found, clicking…
[2026-05-29T11:29:11.394+0000] {docker.py:429} INFO - Row 65: link found, clicking…
[2026-05-29T11:29:15.007+0000] {docker.py:429} INFO - Row 66: link found, clicking…
[2026-05-29T11:29:17.868+0000] {docker.py:429} INFO - Row 67: link found, clicking…
[2026-05-29T11:29:20.142+0000] {docker.py:429} INFO - Row 68: link found, clicking…
[2026-05-29T11:29:22.349+0000] {docker.py:429} INFO - Row 69: link found, clicking…
[2026-05-29T11:29:25.694+0000] {docker.py:429} INFO - Row 70: link found, clicking…
[2026-05-29T11:29:28.326+0000] {docker.py:429} INFO - Row 71: link found, clicking…
[2026-05-29T11:29:31.220+0000] {docker.py:429} INFO - Row 72: link found, clicking…
[2026-05-29T11:29:34.487+0000] {docker.py:429} INFO - Row 73: link found, clicking…
[2026-05-29T11:29:37.821+0000] {docker.py:429} INFO - Row 74: link found, clicking…
[2026-05-29T11:29:39.981+0000] {docker.py:429} INFO - Row 75: link found, clicking…
[2026-05-29T11:29:42.076+0000] {docker.py:429} INFO - Row 76: link found, clicking…
[2026-05-29T11:29:45.150+0000] {docker.py:429} INFO - Row 77: link found, clicking…
[2026-05-29T11:29:47.713+0000] {docker.py:429} INFO - Row 78: link found, clicking…
[2026-05-29T11:29:50.434+0000] {docker.py:429} INFO - Row 79: link found, clicking…
[2026-05-29T11:29:54.886+0000] {docker.py:429} INFO - Row 80: link found, clicking…
[2026-05-29T11:29:57.742+0000] {docker.py:429} INFO - Row 81: link found, clicking…
[2026-05-29T11:29:59.838+0000] {docker.py:429} INFO - Row 82: link found, clicking…
[2026-05-29T11:30:04.545+0000] {docker.py:429} INFO - Row 83: link found, clicking…
[2026-05-29T11:30:07.261+0000] {docker.py:429} INFO - Row 84: link found, clicking…
[2026-05-29T11:30:09.636+0000] {docker.py:429} INFO - Row 85: link found, clicking…
[2026-05-29T11:30:11.702+0000] {docker.py:429} INFO - Row 86: link found, clicking…
[2026-05-29T11:30:15.039+0000] {docker.py:429} INFO - Row 87: link found, clicking…
[2026-05-29T11:30:17.266+0000] {docker.py:429} INFO - Row 88: link found, clicking…
[2026-05-29T11:30:20.337+0000] {docker.py:429} INFO - Row 89: link found, clicking…
[2026-05-29T11:30:22.847+0000] {docker.py:429} INFO - Row 90: link found, clicking…
[2026-05-29T11:30:26.897+0000] {docker.py:429} INFO - Row 91: link found, clicking…
[2026-05-29T11:30:29.763+0000] {docker.py:429} INFO - Row 92: link found, clicking…
[2026-05-29T11:30:32.868+0000] {docker.py:429} INFO - Row 93: link found, clicking…
[2026-05-29T11:30:38.115+0000] {docker.py:429} INFO - Row 94: link found, clicking…
[2026-05-29T11:30:45.446+0000] {docker.py:429} INFO - Row 95: link found, clicking…
[2026-05-29T11:30:50.087+0000] {docker.py:429} INFO - Row 96: link found, clicking…
[2026-05-29T11:30:53.111+0000] {docker.py:429} INFO - Row 97: link found, clicking…
[2026-05-29T11:30:55.819+0000] {docker.py:429} INFO - Row 98: link found, clicking…
[2026-05-29T11:30:59.612+0000] {docker.py:429} INFO - Row 99: link found, clicking…
[2026-05-29T11:31:03.925+0000] {docker.py:429} INFO - Row 100: link found, clicking…
[2026-05-29T11:31:06.247+0000] {docker.py:429} INFO - Row 101: link found, clicking…
[2026-05-29T11:31:09.921+0000] {docker.py:429} INFO - Row 102: link found, clicking…
[2026-05-29T11:31:12.766+0000] {docker.py:429} INFO - Row 103: link found, clicking…
[2026-05-29T11:31:14.917+0000] {docker.py:429} INFO - Row 104: link found, clicking…
[2026-05-29T11:31:17.577+0000] {docker.py:429} INFO - Row 105: link found, clicking…
[2026-05-29T11:31:20.325+0000] {docker.py:429} INFO - Row 106: link found, clicking…
[2026-05-29T11:31:22.809+0000] {docker.py:429} INFO - Row 107: link found, clicking…
[2026-05-29T11:31:26.120+0000] {docker.py:429} INFO - Row 108: link found, clicking…
[2026-05-29T11:31:28.859+0000] {docker.py:429} INFO - Row 109: link found, clicking…
[2026-05-29T11:31:33.382+0000] {docker.py:429} INFO - Row 110: link found, clicking…
[2026-05-29T11:31:37.007+0000] {docker.py:429} INFO - Row 111: link found, clicking…
[2026-05-29T11:31:40.874+0000] {docker.py:429} INFO - Row 112: link found, clicking…
[2026-05-29T11:31:45.818+0000] {docker.py:429} INFO - Row 113: link found, clicking…
[2026-05-29T11:31:48.700+0000] {docker.py:429} INFO - Row 114: link found, clicking…
[2026-05-29T11:31:51.692+0000] {docker.py:429} INFO - Row 115: link found, clicking…
[2026-05-29T11:31:55.865+0000] {docker.py:429} INFO - Row 116: link found, clicking…
[2026-05-29T11:32:00.248+0000] {docker.py:429} INFO - Row 117: link found, clicking…
[2026-05-29T11:32:08.276+0000] {docker.py:429} INFO - Row 118: link found, clicking…
[2026-05-29T11:32:15.842+0000] {docker.py:429} INFO - Row 119: link found, clicking…
[2026-05-29T11:32:24.826+0000] {docker.py:429} INFO - Row 120: link found, clicking…
[2026-05-29T11:32:30.664+0000] {docker.py:429} INFO - Row 121: link found, clicking…
[2026-05-29T11:32:38.658+0000] {docker.py:429} INFO - Row 122: link found, clicking…
[2026-05-29T11:32:48.727+0000] {docker.py:429} INFO - Row 123: link found, clicking…
[2026-05-29T11:32:57.342+0000] {docker.py:429} INFO - Row 124: link found, clicking…
[2026-05-29T11:33:04.556+0000] {docker.py:429} INFO - Row 125: link found, clicking…
[2026-05-29T11:33:10.927+0000] {docker.py:429} INFO - Row 126: link found, clicking…
[2026-05-29T11:33:15.730+0000] {docker.py:429} INFO - Row 127: link found, clicking…
[2026-05-29T11:33:20.900+0000] {docker.py:429} INFO - Row 128: link found, clicking…
[2026-05-29T11:33:24.241+0000] {docker.py:429} INFO - Row 129: link found, clicking…
[2026-05-29T11:33:28.073+0000] {docker.py:429} INFO - Row 130: link found, clicking…
[2026-05-29T11:33:32.958+0000] {docker.py:429} INFO - Row 131: link found, clicking…
[2026-05-29T11:33:38.822+0000] {docker.py:429} INFO - Final unique records: 75
[2026-05-29T11:33:43.240+0000] {docker.py:429} INFO - Saved → /app/data/inegi_playwright.json
ERROR: Event loop is closed! Is Playwright already stopped?
[2026-05-29T11:33:59.008+0000] {taskinstance.py:1149} INFO - Marking task as SUCCESS. dag_id=inegi_playwright, task_id=run_inegi_playwright, execution_date=20260528T000000, start_date=20260529T111919, end_date=20260529T113358
[2026-05-29T11:33:59.532+0000] {local_task_job_runner.py:234} INFO - Task exited with return code 0
[2026-05-29T11:34:00.576+0000] {taskinstance.py:3309} INFO - 0 downstream tasks scheduled from follow-on schedule check
