[2026-06-11T12:31:04.433+0000] {taskinstance.py:1979} INFO - Dependencies all met for dep_context=non-requeueable deps ti=<TaskInstance: inegi_playwright.run_inegi_playwright manual__2026-06-11T12:16:32.354490+00:00 [queued]>
[2026-06-11T12:31:04.734+0000] {taskinstance.py:1979} INFO - Dependencies all met for dep_context=requeueable deps ti=<TaskInstance: inegi_playwright.run_inegi_playwright manual__2026-06-11T12:16:32.354490+00:00 [queued]>
[2026-06-11T12:31:04.775+0000] {taskinstance.py:2193} INFO - Starting attempt 2 of 1
[2026-06-11T12:31:05.288+0000] {taskinstance.py:2214} INFO - Executing <Task(DockerOperator): run_inegi_playwright> on 2026-06-11 12:16:32.354490+00:00
[2026-06-11T12:31:05.418+0000] {standard_task_runner.py:60} INFO - Started process 81 to run task
[2026-06-11T12:31:05.680+0000] {standard_task_runner.py:87} INFO - Running: ['***', 'tasks', 'run', 'inegi_playwright', 'run_inegi_playwright', 'manual__2026-06-11T12:16:32.354490+00:00', '--job-id', '465', '--raw', '--subdir', 'DAGS_FOLDER/inegi_playwright_dag.py', '--cfg-path', '/tmp/tmpsmb9p3cf']
[2026-06-11T12:31:05.736+0000] {standard_task_runner.py:88} INFO - Job 465: Subtask run_inegi_playwright
[2026-06-11T12:31:06.524+0000] {task_command.py:423} INFO - Running <TaskInstance: inegi_playwright.run_inegi_playwright manual__2026-06-11T12:16:32.354490+00:00 [running]> on host f39b18a112ca
[2026-06-11T12:31:08.000+0000] {taskinstance.py:2510} INFO - Exporting env vars: AIRFLOW_CTX_DAG_OWNER='***' AIRFLOW_CTX_DAG_ID='inegi_playwright' AIRFLOW_CTX_TASK_ID='run_inegi_playwright' AIRFLOW_CTX_EXECUTION_DATE='2026-06-11T12:16:32.354490+00:00' AIRFLOW_CTX_TRY_NUMBER='2' AIRFLOW_CTX_DAG_RUN_ID='manual__2026-06-11T12:16:32.354490+00:00'
[2026-06-11T12:31:08.355+0000] {docker.py:359} INFO - Starting docker container from image inegi-playwright:v1
[2026-06-11T12:31:58.031+0000] {docker.py:429} INFO - The page is opening...
[2026-06-11T12:32:09.273+0000] {docker.py:429} INFO - iframe found: https://www3.inegi.org.mx/sistemas/ci/relps/
[2026-06-11T12:32:15.820+0000] {docker.py:429} INFO - Total rows: 133
[2026-06-11T12:32:15.974+0000] {docker.py:429} INFO - Row 0: no column, skipping
[2026-06-11T12:32:16.726+0000] {docker.py:429} INFO - Row 1: link found, clicking…
[2026-06-11T12:32:26.334+0000] {docker.py:429} INFO - Row 2: link found, clicking…
[2026-06-11T12:32:33.414+0000] {docker.py:429} INFO - Row 3: link found, clicking…
[2026-06-11T12:32:37.257+0000] {docker.py:429} INFO - Row 4: link found, clicking…
[2026-06-11T12:32:41.442+0000] {docker.py:429} INFO - Row 5: link found, clicking…
[2026-06-11T12:32:45.949+0000] {docker.py:429} INFO - Row 6: link found, clicking…
[2026-06-11T12:32:49.067+0000] {docker.py:429} INFO - Row 7: link found, clicking…
[2026-06-11T12:32:54.803+0000] {docker.py:429} INFO - Row 8: link found, clicking…
[2026-06-11T12:33:02.684+0000] {docker.py:429} INFO - Row 9: link found, clicking…
[2026-06-11T12:33:11.729+0000] {docker.py:429} INFO - Row 10: link found, clicking…
[2026-06-11T12:33:19.019+0000] {docker.py:429} INFO - Row 11: link found, clicking…
[2026-06-11T12:33:23.677+0000] {docker.py:429} INFO - Row 12: link found, clicking…
[2026-06-11T12:33:31.177+0000] {docker.py:429} INFO - Row 13: link found, clicking…
[2026-06-11T12:33:44.112+0000] {docker.py:429} INFO - Row 14: link found, clicking…
[2026-06-11T12:33:55.748+0000] {docker.py:429} INFO - Row 15: link found, clicking…
[2026-06-11T12:34:01.561+0000] {docker.py:429} INFO - Row 16: link found, clicking…
[2026-06-11T12:34:07.283+0000] {docker.py:429} INFO - Row 17: link found, clicking…
[2026-06-11T12:34:16.465+0000] {docker.py:429} INFO - Row 18: link found, clicking…
[2026-06-11T12:34:24.062+0000] {docker.py:429} INFO - Row 19: link found, clicking…
[2026-06-11T12:34:33.000+0000] {docker.py:429} INFO - Row 20: link found, clicking…
[2026-06-11T12:34:46.103+0000] {docker.py:429} INFO - Row 21: link found, clicking…
[2026-06-11T12:34:59.298+0000] {docker.py:429} INFO - Row 22: link found, clicking…
[2026-06-11T12:35:16.113+0000] {docker.py:429} INFO - Row 23: link found, clicking…
[2026-06-11T12:35:34.049+0000] {docker.py:429} INFO - Row 24: link found, clicking…
[2026-06-11T12:35:46.780+0000] {docker.py:429} INFO - Row 25: link found, clicking…
[2026-06-11T12:35:57.782+0000] {docker.py:429} INFO - Row 26: link found, clicking…
[2026-06-11T12:36:12.059+0000] {docker.py:429} INFO - Row 27: link found, clicking…
[2026-06-11T12:36:20.990+0000] {docker.py:429} INFO - Row 28: link found, clicking…
[2026-06-11T12:36:30.934+0000] {docker.py:429} INFO - Row 29: link found, clicking…
[2026-06-11T12:36:43.818+0000] {docker.py:429} INFO - Row 30: link found, clicking…
[2026-06-11T12:37:06.642+0000] {docker.py:429} INFO - Row 31: link found, clicking…
[2026-06-11T12:37:22.110+0000] {docker.py:429} INFO - Row 32: link found, clicking…
[2026-06-11T12:37:36.840+0000] {docker.py:429} INFO - Row 33: link found, clicking…
[2026-06-11T12:37:44.540+0000] {docker.py:429} INFO - Row 34: link found, clicking…
[2026-06-11T12:37:47.586+0000] {docker.py:429} INFO - Row 35: link found, clicking…
[2026-06-11T12:37:51.457+0000] {docker.py:429} INFO - Row 36: link found, clicking…
[2026-06-11T12:37:54.470+0000] {docker.py:429} INFO - Row 37: link found, clicking…
[2026-06-11T12:37:56.854+0000] {docker.py:429} INFO - Row 38: link found, clicking…
[2026-06-11T12:38:01.173+0000] {docker.py:429} INFO - Row 39: link found, clicking…
[2026-06-11T12:38:04.142+0000] {docker.py:429} INFO - Row 40: link found, clicking…
[2026-06-11T12:38:07.091+0000] {docker.py:429} INFO - Row 41: link found, clicking…
[2026-06-11T12:38:09.383+0000] {docker.py:429} INFO - Row 42: link found, clicking…
[2026-06-11T12:38:12.750+0000] {docker.py:429} INFO - Row 43: link found, clicking…
[2026-06-11T12:38:15.844+0000] {docker.py:429} INFO - Row 44: link found, clicking…
[2026-06-11T12:38:19.082+0000] {docker.py:429} INFO - Row 45: link found, clicking…
[2026-06-11T12:38:23.582+0000] {docker.py:429} INFO - Row 46: link found, clicking…
[2026-06-11T12:38:27.433+0000] {docker.py:429} INFO - Row 47: link found, clicking…
[2026-06-11T12:38:30.710+0000] {docker.py:429} INFO - Row 48: link found, clicking…
[2026-06-11T12:38:41.720+0000] {docker.py:429} INFO - Row 49: link found, clicking…
[2026-06-11T12:38:49.250+0000] {docker.py:429} INFO - Row 50: link found, clicking…
[2026-06-11T12:38:53.528+0000] {docker.py:429} INFO - Row 51: link found, clicking…
[2026-06-11T12:38:59.409+0000] {docker.py:429} INFO - Row 52: link found, clicking…
[2026-06-11T12:39:05.163+0000] {docker.py:429} INFO - Row 53: link found, clicking…
[2026-06-11T12:39:11.763+0000] {docker.py:429} INFO - Row 54: link found, clicking…
[2026-06-11T12:39:17.148+0000] {docker.py:429} INFO - Row 55: link found, clicking…
[2026-06-11T12:39:21.687+0000] {docker.py:429} INFO - Row 56: link found, clicking…
[2026-06-11T12:39:25.436+0000] {docker.py:429} INFO - Row 57: link found, clicking…
[2026-06-11T12:39:29.694+0000] {docker.py:429} INFO - Row 58: link found, clicking…
[2026-06-11T12:39:35.446+0000] {docker.py:429} INFO - Row 59: link found, clicking…
[2026-06-11T12:39:39.058+0000] {docker.py:429} INFO - Row 60: link found, clicking…
[2026-06-11T12:39:43.836+0000] {docker.py:429} INFO - Row 61: link found, clicking…
[2026-06-11T12:39:49.364+0000] {docker.py:429} INFO - Row 62: link found, clicking…
[2026-06-11T12:39:54.752+0000] {docker.py:429} INFO - Row 63: link found, clicking…
[2026-06-11T12:39:58.564+0000] {docker.py:429} INFO - Row 64: link found, clicking…
[2026-06-11T12:40:03.164+0000] {docker.py:429} INFO - Row 65: link found, clicking…
[2026-06-11T12:40:07.405+0000] {docker.py:429} INFO - Row 66: link found, clicking…
[2026-06-11T12:40:13.195+0000] {docker.py:429} INFO - Row 67: link found, clicking…
[2026-06-11T12:40:18.885+0000] {docker.py:429} INFO - Row 68: link found, clicking…
[2026-06-11T12:40:26.256+0000] {docker.py:429} INFO - Row 69: link found, clicking…
[2026-06-11T12:40:29.737+0000] {docker.py:429} INFO - Row 70: link found, clicking…
[2026-06-11T12:40:33.884+0000] {docker.py:429} INFO - Row 71: link found, clicking…
[2026-06-11T12:40:38.518+0000] {docker.py:429} INFO - Row 72: link found, clicking…
[2026-06-11T12:40:42.312+0000] {docker.py:429} INFO - Row 73: link found, clicking…
[2026-06-11T12:40:44.834+0000] {docker.py:429} INFO - Row 74: link found, clicking…
[2026-06-11T12:40:48.248+0000] {docker.py:429} INFO - Row 75: link found, clicking…
[2026-06-11T12:40:52.974+0000] {docker.py:429} INFO - Row 76: link found, clicking…
[2026-06-11T12:41:02.039+0000] {docker.py:429} INFO - Row 77: link found, clicking…
[2026-06-11T12:41:11.916+0000] {docker.py:429} INFO - Row 78: link found, clicking…
[2026-06-11T12:41:16.763+0000] {docker.py:429} INFO - Row 79: link found, clicking…
[2026-06-11T12:41:21.386+0000] {docker.py:429} INFO - Row 80: link found, clicking…
[2026-06-11T12:41:25.178+0000] {docker.py:429} INFO - Row 81: link found, clicking…
[2026-06-11T12:41:30.720+0000] {docker.py:429} INFO - Row 82: link found, clicking…
[2026-06-11T12:41:33.892+0000] {docker.py:429} INFO - Row 83: link found, clicking…
[2026-06-11T12:41:39.257+0000] {docker.py:429} INFO - Row 84: link found, clicking…
[2026-06-11T12:41:43.743+0000] {docker.py:429} INFO - Row 85: link found, clicking…
[2026-06-11T12:41:48.740+0000] {docker.py:429} INFO - Row 86: link found, clicking…
[2026-06-11T12:41:51.597+0000] {docker.py:429} INFO - Row 87: link found, clicking…
[2026-06-11T12:41:54.820+0000] {docker.py:429} INFO - Row 88: link found, clicking…
[2026-06-11T12:41:57.748+0000] {docker.py:429} INFO - Row 89: link found, clicking…
[2026-06-11T12:42:01.167+0000] {docker.py:429} INFO - Row 90: link found, clicking…
[2026-06-11T12:42:05.014+0000] {docker.py:429} INFO - Row 91: link found, clicking…
[2026-06-11T12:42:07.976+0000] {docker.py:429} INFO - Row 92: link found, clicking…
[2026-06-11T12:42:12.168+0000] {docker.py:429} INFO - Row 93: link found, clicking…
[2026-06-11T12:42:16.262+0000] {docker.py:429} INFO - Row 94: link found, clicking…
[2026-06-11T12:42:19.861+0000] {docker.py:429} INFO - Row 95: link found, clicking…
[2026-06-11T12:42:23.961+0000] {docker.py:429} INFO - Row 96: link found, clicking…
[2026-06-11T12:42:28.551+0000] {docker.py:429} INFO - Row 97: link found, clicking…
[2026-06-11T12:42:32.903+0000] {docker.py:429} INFO - Row 98: link found, clicking…
[2026-06-11T12:42:38.698+0000] {docker.py:429} INFO - Row 99: link found, clicking…
[2026-06-11T12:42:41.924+0000] {docker.py:429} INFO - Row 100: link found, clicking…
[2026-06-11T12:42:45.567+0000] {docker.py:429} INFO - Row 101: link found, clicking…
[2026-06-11T12:42:48.430+0000] {docker.py:429} INFO - Row 102: link found, clicking…
[2026-06-11T12:42:51.245+0000] {docker.py:429} INFO - Row 103: link found, clicking…
[2026-06-11T12:42:54.581+0000] {docker.py:429} INFO - Row 104: link found, clicking…
[2026-06-11T12:42:58.147+0000] {docker.py:429} INFO - Row 105: link found, clicking…
[2026-06-11T12:43:00.820+0000] {docker.py:429} INFO - Row 106: link found, clicking…
[2026-06-11T12:43:03.400+0000] {docker.py:429} INFO - Row 107: link found, clicking…
[2026-06-11T12:43:06.253+0000] {docker.py:429} INFO - Row 108: link found, clicking…
[2026-06-11T12:43:09.036+0000] {docker.py:429} INFO - Row 109: link found, clicking…
[2026-06-11T12:43:11.903+0000] {docker.py:429} INFO - Row 110: link found, clicking…
[2026-06-11T12:43:14.459+0000] {docker.py:429} INFO - Row 111: link found, clicking…
[2026-06-11T12:43:18.497+0000] {docker.py:429} INFO - Row 112: link found, clicking…
[2026-06-11T12:43:21.886+0000] {docker.py:429} INFO - Row 113: link found, clicking…
[2026-06-11T12:43:24.430+0000] {docker.py:429} INFO - Row 114: link found, clicking…
[2026-06-11T12:43:28.254+0000] {docker.py:429} INFO - Row 115: link found, clicking…
[2026-06-11T12:43:31.114+0000] {docker.py:429} INFO - Row 116: link found, clicking…
[2026-06-11T12:43:33.669+0000] {docker.py:429} INFO - Row 117: link found, clicking…
[2026-06-11T12:43:36.918+0000] {docker.py:429} INFO - Row 118: link found, clicking…
[2026-06-11T12:43:39.614+0000] {docker.py:429} INFO - Row 119: link found, clicking…
[2026-06-11T12:43:42.681+0000] {docker.py:429} INFO - Row 120: link found, clicking…
[2026-06-11T12:43:45.657+0000] {docker.py:429} INFO - Row 121: link found, clicking…
[2026-06-11T12:43:49.556+0000] {docker.py:429} INFO - Row 122: link found, clicking…
[2026-06-11T12:43:51.984+0000] {docker.py:429} INFO - Row 123: link found, clicking…
[2026-06-11T12:43:54.760+0000] {docker.py:429} INFO - Row 124: link found, clicking…
[2026-06-11T12:43:57.447+0000] {docker.py:429} INFO - Row 125: link found, clicking…
[2026-06-11T12:44:00.717+0000] {docker.py:429} INFO - Row 126: link found, clicking…
[2026-06-11T12:44:02.751+0000] {docker.py:429} INFO - Row 127: link found, clicking…
[2026-06-11T12:44:05.634+0000] {docker.py:429} INFO - Row 128: link found, clicking…
[2026-06-11T12:44:08.065+0000] {docker.py:429} INFO - Row 129: link found, clicking…
[2026-06-11T12:44:10.931+0000] {docker.py:429} INFO - Row 130: link found, clicking…
[2026-06-11T12:44:13.785+0000] {docker.py:429} INFO - Row 131: link found, clicking…
[2026-06-11T12:44:17.106+0000] {docker.py:429} INFO - Row 132: link found, clicking…
[2026-06-11T12:44:20.230+0000] {docker.py:429} INFO - Final unique records: 76
[2026-06-11T12:44:20.913+0000] {docker.py:429} INFO - Saved → /app/data/inegi_playwright.json
ERROR: Event loop is closed! Is Playwright already stopped?
[2026-06-11T12:44:22.564+0000] {taskinstance.py:1149} INFO - Marking task as SUCCESS. dag_id=inegi_playwright, task_id=run_inegi_playwright, execution_date=20260611T121632, start_date=20260611T123104, end_date=20260611T124422
[2026-06-11T12:44:23.230+0000] {local_task_job_runner.py:234} INFO - Task exited with return code 0
[2026-06-11T12:44:24.031+0000] {taskinstance.py:3309} INFO - 1 downstream tasks scheduled from follow-on schedule check
