[2026-05-14T07:07:58.356+0000] {taskinstance.py:1979} INFO - Dependencies all met for dep_context=non-requeueable deps ti=<TaskInstance: merge_all_scrapers.merge_all_outputs manual__2026-05-14T07:07:29.549662+00:00 [queued]>
[2026-05-14T07:07:58.428+0000] {taskinstance.py:1979} INFO - Dependencies all met for dep_context=requeueable deps ti=<TaskInstance: merge_all_scrapers.merge_all_outputs manual__2026-05-14T07:07:29.549662+00:00 [queued]>
[2026-05-14T07:07:58.429+0000] {taskinstance.py:2193} INFO - Starting attempt 1 of 1
[2026-05-14T07:07:58.486+0000] {taskinstance.py:2214} INFO - Executing <Task(PythonOperator): merge_all_outputs> on 2026-05-14 07:07:29.549662+00:00
[2026-05-14T07:07:58.505+0000] {standard_task_runner.py:60} INFO - Started process 383 to run task
[2026-05-14T07:07:58.528+0000] {standard_task_runner.py:87} INFO - Running: ['***', 'tasks', 'run', 'merge_all_scrapers', 'merge_all_outputs', 'manual__2026-05-14T07:07:29.549662+00:00', '--job-id', '34', '--raw', '--subdir', 'DAGS_FOLDER/merge_dag.py', '--cfg-path', '/tmp/tmp7z0740p_']
[2026-05-14T07:07:58.538+0000] {standard_task_runner.py:88} INFO - Job 34: Subtask merge_all_outputs
[2026-05-14T07:07:59.683+0000] {task_command.py:423} INFO - Running <TaskInstance: merge_all_scrapers.merge_all_outputs manual__2026-05-14T07:07:29.549662+00:00 [running]> on host ab149d976c2e
[2026-05-14T07:08:02.464+0000] {taskinstance.py:2510} INFO - Exporting env vars: AIRFLOW_CTX_DAG_OWNER='***' AIRFLOW_CTX_DAG_ID='merge_all_scrapers' AIRFLOW_CTX_TASK_ID='merge_all_outputs' AIRFLOW_CTX_EXECUTION_DATE='2026-05-14T07:07:29.549662+00:00' AIRFLOW_CTX_TRY_NUMBER='1' AIRFLOW_CTX_DAG_RUN_ID='manual__2026-05-14T07:07:29.549662+00:00'
[2026-05-14T07:08:02.513+0000] {logging_mixin.py:188} INFO - 📂 DATA PATH: /opt/***/data
[2026-05-14T07:08:02.725+0000] {logging_mixin.py:188} INFO - 
📄 READING JSON: eu_fsf_sanctions.json
[2026-05-14T07:08:03.418+0000] {logging_mixin.py:188} INFO - 
📄 READING JSON: inegi_playwright.json
[2026-05-14T07:08:04.293+0000] {logging_mixin.py:188} INFO - 
🗄️ READING DB: kaldata.db
[2026-05-14T07:08:15.979+0000] {logging_mixin.py:188} INFO - 
🗄️ READING DB: telegraph.db
[2026-05-14T07:08:17.301+0000] {logging_mixin.py:188} INFO - 
📦 TOTAL BEFORE DEDUP: 6385
[2026-05-14T07:08:17.440+0000] {logging_mixin.py:188} INFO - 🧹 AFTER DEDUP: 6381
[2026-05-14T07:08:17.482+0000] {logging_mixin.py:188} INFO - ❌ MERGE ERROR: The conn_id `postgres_data` isn't defined
[2026-05-14T07:08:17.497+0000] {logging_mixin.py:188} INFO - 🔓 LOCK REMOVED
[2026-05-14T07:08:17.505+0000] {python.py:202} INFO - Done. Returned value was: None
[2026-05-14T07:08:17.570+0000] {taskinstance.py:1149} INFO - Marking task as SUCCESS. dag_id=merge_all_scrapers, task_id=merge_all_outputs, execution_date=20260514T070729, start_date=20260514T070758, end_date=20260514T070817
[2026-05-14T07:08:17.694+0000] {local_task_job_runner.py:234} INFO - Task exited with return code 0
[2026-05-14T07:08:17.847+0000] {taskinstance.py:3309} INFO - 0 downstream tasks scheduled from follow-on schedule check
