[2026-06-03T07:06:25.569+0000] {taskinstance.py:1979} INFO - Dependencies all met for dep_context=non-requeueable deps ti=<TaskInstance: merge_all_scrapers.merge_all_outputs manual__2026-06-03T07:04:06.743685+00:00 [queued]>
[2026-06-03T07:06:25.642+0000] {taskinstance.py:1979} INFO - Dependencies all met for dep_context=requeueable deps ti=<TaskInstance: merge_all_scrapers.merge_all_outputs manual__2026-06-03T07:04:06.743685+00:00 [queued]>
[2026-06-03T07:06:25.651+0000] {taskinstance.py:2193} INFO - Starting attempt 1 of 1
[2026-06-03T07:06:25.861+0000] {taskinstance.py:2214} INFO - Executing <Task(PythonOperator): merge_all_outputs> on 2026-06-03 07:04:06.743685+00:00
[2026-06-03T07:06:25.912+0000] {standard_task_runner.py:60} INFO - Started process 310 to run task
[2026-06-03T07:06:25.957+0000] {standard_task_runner.py:87} INFO - Running: ['***', 'tasks', 'run', 'merge_all_scrapers', 'merge_all_outputs', 'manual__2026-06-03T07:04:06.743685+00:00', '--job-id', '365', '--raw', '--subdir', 'DAGS_FOLDER/merge_dag.py', '--cfg-path', '/tmp/tmp1jm55i2r']
[2026-06-03T07:06:26.018+0000] {standard_task_runner.py:88} INFO - Job 365: Subtask merge_all_outputs
[2026-06-03T07:06:28.005+0000] {task_command.py:423} INFO - Running <TaskInstance: merge_all_scrapers.merge_all_outputs manual__2026-06-03T07:04:06.743685+00:00 [running]> on host f39b18a112ca
[2026-06-03T07:06:28.463+0000] {taskinstance.py:2510} INFO - Exporting env vars: AIRFLOW_CTX_DAG_OWNER='***' AIRFLOW_CTX_DAG_ID='merge_all_scrapers' AIRFLOW_CTX_TASK_ID='merge_all_outputs' AIRFLOW_CTX_EXECUTION_DATE='2026-06-03T07:04:06.743685+00:00' AIRFLOW_CTX_TRY_NUMBER='1' AIRFLOW_CTX_DAG_RUN_ID='manual__2026-06-03T07:04:06.743685+00:00'
[2026-06-03T07:06:28.472+0000] {logging_mixin.py:188} INFO - 📂 DATA PATH: /opt/***/data
[2026-06-03T07:06:28.476+0000] {logging_mixin.py:188} INFO - 
📄 READING JSON: eu_fsf_sanctions.json
[2026-06-03T07:06:28.586+0000] {logging_mixin.py:188} INFO - 
📄 READING JSON: inegi_playwright.json
[2026-06-03T07:06:28.598+0000] {logging_mixin.py:188} INFO - 
📄 READING JSON: inegi_scraper.json
[2026-06-03T07:06:28.622+0000] {logging_mixin.py:188} INFO - 
🗄️ READING DB: kaldata.db
[2026-06-03T07:06:30.553+0000] {logging_mixin.py:188} INFO - 
🗄️ READING DB: telegraph.db
[2026-06-03T07:06:30.666+0000] {logging_mixin.py:188} INFO - 
📦 TOTAL BEFORE DEDUP: 6288
[2026-06-03T07:06:30.774+0000] {logging_mixin.py:188} INFO - 🧹 AFTER DEDUP: 6285
[2026-06-03T07:06:30.911+0000] {base.py:83} INFO - Using connection ID 'postgres_default' for task execution.
[2026-06-03T07:07:10.965+0000] {logging_mixin.py:188} INFO - 💾 JSON OUTPUT: /opt/***/data/final_output.json
[2026-06-03T07:07:11.321+0000] {logging_mixin.py:188} INFO - 🔓 LOCK REMOVED
[2026-06-03T07:07:11.401+0000] {python.py:202} INFO - Done. Returned value was: None
[2026-06-03T07:07:11.654+0000] {taskinstance.py:1149} INFO - Marking task as SUCCESS. dag_id=merge_all_scrapers, task_id=merge_all_outputs, execution_date=20260603T070406, start_date=20260603T070625, end_date=20260603T070711
[2026-06-03T07:07:12.290+0000] {local_task_job_runner.py:234} INFO - Task exited with return code 0
[2026-06-03T07:07:12.618+0000] {taskinstance.py:3309} INFO - 0 downstream tasks scheduled from follow-on schedule check
