[2026-05-21T12:49:05.628+0000] {taskinstance.py:1979} INFO - Dependencies all met for dep_context=non-requeueable deps ti=<TaskInstance: merge_all_scrapers.merge_all_outputs manual__2026-05-21T12:48:54.315952+00:00 [queued]>
[2026-05-21T12:49:05.692+0000] {taskinstance.py:1979} INFO - Dependencies all met for dep_context=requeueable deps ti=<TaskInstance: merge_all_scrapers.merge_all_outputs manual__2026-05-21T12:48:54.315952+00:00 [queued]>
[2026-05-21T12:49:05.757+0000] {taskinstance.py:2193} INFO - Starting attempt 1 of 1
[2026-05-21T12:49:05.962+0000] {taskinstance.py:2214} INFO - Executing <Task(PythonOperator): merge_all_outputs> on 2026-05-21 12:48:54.315952+00:00
[2026-05-21T12:49:06.002+0000] {standard_task_runner.py:60} INFO - Started process 2388 to run task
[2026-05-21T12:49:06.035+0000] {standard_task_runner.py:87} INFO - Running: ['***', 'tasks', 'run', 'merge_all_scrapers', 'merge_all_outputs', 'manual__2026-05-21T12:48:54.315952+00:00', '--job-id', '171', '--raw', '--subdir', 'DAGS_FOLDER/merge_dag.py', '--cfg-path', '/tmp/tmp9wlcjzp6']
[2026-05-21T12:49:06.055+0000] {standard_task_runner.py:88} INFO - Job 171: Subtask merge_all_outputs
[2026-05-21T12:49:06.588+0000] {task_command.py:423} INFO - Running <TaskInstance: merge_all_scrapers.merge_all_outputs manual__2026-05-21T12:48:54.315952+00:00 [running]> on host f39b18a112ca
[2026-05-21T12:49:07.441+0000] {taskinstance.py:2510} INFO - Exporting env vars: AIRFLOW_CTX_DAG_OWNER='***' AIRFLOW_CTX_DAG_ID='merge_all_scrapers' AIRFLOW_CTX_TASK_ID='merge_all_outputs' AIRFLOW_CTX_EXECUTION_DATE='2026-05-21T12:48:54.315952+00:00' AIRFLOW_CTX_TRY_NUMBER='1' AIRFLOW_CTX_DAG_RUN_ID='manual__2026-05-21T12:48:54.315952+00:00'
[2026-05-21T12:49:07.690+0000] {logging_mixin.py:188} INFO - 📂 DATA PATH: /opt/***/data
[2026-05-21T12:49:07.753+0000] {logging_mixin.py:188} INFO - 
📄 READING JSON: eu_fsf_sanctions.json
[2026-05-21T12:49:11.399+0000] {logging_mixin.py:188} INFO - 
📄 READING JSON: inegi_playwright.json
[2026-05-21T12:49:13.903+0000] {logging_mixin.py:188} INFO - 
📄 READING JSON: inegi_scraper.json
[2026-05-21T12:49:14.311+0000] {logging_mixin.py:188} INFO - 
🗄️ READING DB: kaldata.db
[2026-05-21T12:50:10.374+0000] {logging_mixin.py:188} INFO - 
🗄️ READING DB: telegraph.db
[2026-05-21T12:50:19.959+0000] {logging_mixin.py:188} INFO - 
📦 TOTAL BEFORE DEDUP: 6764
[2026-05-21T12:50:20.185+0000] {logging_mixin.py:188} INFO - 🧹 AFTER DEDUP: 6760
[2026-05-21T12:50:20.322+0000] {base.py:83} INFO - Using connection ID 'postgres_default' for task execution.
[2026-05-21T12:51:06.073+0000] {logging_mixin.py:188} INFO - 💾 JSON OUTPUT: /opt/***/data/final_output.json
[2026-05-21T12:51:06.309+0000] {logging_mixin.py:188} INFO - 🔓 LOCK REMOVED
[2026-05-21T12:51:06.326+0000] {python.py:202} INFO - Done. Returned value was: None
[2026-05-21T12:51:06.389+0000] {taskinstance.py:1149} INFO - Marking task as SUCCESS. dag_id=merge_all_scrapers, task_id=merge_all_outputs, execution_date=20260521T124854, start_date=20260521T124905, end_date=20260521T125106
[2026-05-21T12:51:06.652+0000] {local_task_job_runner.py:234} INFO - Task exited with return code 0
[2026-05-21T12:51:06.811+0000] {taskinstance.py:3309} INFO - 0 downstream tasks scheduled from follow-on schedule check
