[2026-06-11T15:10:43.360+0000] {taskinstance.py:1979} INFO - Dependencies all met for dep_context=non-requeueable deps ti=<TaskInstance: merge_all_scrapers.merge_all_outputs manual__2026-06-11T15:09:33.602021+00:00 [queued]>
[2026-06-11T15:10:43.415+0000] {taskinstance.py:1979} INFO - Dependencies all met for dep_context=requeueable deps ti=<TaskInstance: merge_all_scrapers.merge_all_outputs manual__2026-06-11T15:09:33.602021+00:00 [queued]>
[2026-06-11T15:10:43.419+0000] {taskinstance.py:2193} INFO - Starting attempt 1 of 1
[2026-06-11T15:10:43.825+0000] {taskinstance.py:2214} INFO - Executing <Task(PythonOperator): merge_all_outputs> on 2026-06-11 15:09:33.602021+00:00
[2026-06-11T15:10:43.846+0000] {standard_task_runner.py:60} INFO - Started process 5412 to run task
[2026-06-11T15:10:43.878+0000] {standard_task_runner.py:87} INFO - Running: ['***', 'tasks', 'run', 'merge_all_scrapers', 'merge_all_outputs', 'manual__2026-06-11T15:09:33.602021+00:00', '--job-id', '496', '--raw', '--subdir', 'DAGS_FOLDER/merge_dag.py', '--cfg-path', '/tmp/tmp3yivpy_t']
[2026-06-11T15:10:44.052+0000] {standard_task_runner.py:88} INFO - Job 496: Subtask merge_all_outputs
[2026-06-11T15:10:45.645+0000] {task_command.py:423} INFO - Running <TaskInstance: merge_all_scrapers.merge_all_outputs manual__2026-06-11T15:09:33.602021+00:00 [running]> on host f39b18a112ca
[2026-06-11T15:10:49.505+0000] {taskinstance.py:2510} INFO - Exporting env vars: AIRFLOW_CTX_DAG_OWNER='***' AIRFLOW_CTX_DAG_ID='merge_all_scrapers' AIRFLOW_CTX_TASK_ID='merge_all_outputs' AIRFLOW_CTX_EXECUTION_DATE='2026-06-11T15:09:33.602021+00:00' AIRFLOW_CTX_TRY_NUMBER='1' AIRFLOW_CTX_DAG_RUN_ID='manual__2026-06-11T15:09:33.602021+00:00'
[2026-06-11T15:10:49.982+0000] {logging_mixin.py:188} INFO - 📂 DATA PATH: /opt/***/data
[2026-06-11T15:10:50.465+0000] {logging_mixin.py:188} INFO - 
READING JSON: eu_fsf_sanctions.json
[2026-06-11T15:10:57.045+0000] {logging_mixin.py:188} INFO - 
READING JSON: inegi_playwright.json
[2026-06-11T15:10:57.534+0000] {logging_mixin.py:188} INFO - 
READING JSON: inegi_scraper.json
[2026-06-11T15:10:57.798+0000] {logging_mixin.py:188} INFO - 
READING DB: kaldata.db
[2026-06-11T15:11:02.750+0000] {logging_mixin.py:188} INFO - DB ERROR kaldata.db: disk I/O error
[2026-06-11T15:11:02.771+0000] {logging_mixin.py:188} INFO - 
READING DB: telegraph.db
[2026-06-11T15:11:30.729+0000] {logging_mixin.py:188} INFO - 
TOTAL BEFORE DEDUP: 6076
[2026-06-11T15:11:31.233+0000] {logging_mixin.py:188} INFO - AFTER DEDUP: 6073
[2026-06-11T15:11:32.176+0000] {base.py:83} INFO - Using connection ID 'postgres_default' for task execution.
[2026-06-11T15:12:24.170+0000] {logging_mixin.py:188} INFO - JSON OUTPUT: /opt/***/data/final_output.json
[2026-06-11T15:12:24.414+0000] {logging_mixin.py:188} INFO - LOCK REMOVED
[2026-06-11T15:12:24.424+0000] {python.py:202} INFO - Done. Returned value was: None
[2026-06-11T15:12:24.664+0000] {taskinstance.py:1149} INFO - Marking task as SUCCESS. dag_id=merge_all_scrapers, task_id=merge_all_outputs, execution_date=20260611T150933, start_date=20260611T151043, end_date=20260611T151224
[2026-06-11T15:12:25.197+0000] {local_task_job_runner.py:234} INFO - Task exited with return code 0
[2026-06-11T15:12:25.747+0000] {taskinstance.py:3309} INFO - 0 downstream tasks scheduled from follow-on schedule check
