[2026-05-20T08:23:52.923+0000] {taskinstance.py:1979} INFO - Dependencies all met for dep_context=non-requeueable deps ti=<TaskInstance: merge_all_scrapers.merge_all_outputs manual__2026-05-20T08:23:41.576168+00:00 [queued]>
[2026-05-20T08:23:52.947+0000] {taskinstance.py:1979} INFO - Dependencies all met for dep_context=requeueable deps ti=<TaskInstance: merge_all_scrapers.merge_all_outputs manual__2026-05-20T08:23:41.576168+00:00 [queued]>
[2026-05-20T08:23:52.948+0000] {taskinstance.py:2193} INFO - Starting attempt 1 of 1
[2026-05-20T08:23:54.088+0000] {taskinstance.py:2214} INFO - Executing <Task(PythonOperator): merge_all_outputs> on 2026-05-20 08:23:41.576168+00:00
[2026-05-20T08:23:54.145+0000] {standard_task_runner.py:60} INFO - Started process 5770 to run task
[2026-05-20T08:23:54.204+0000] {standard_task_runner.py:87} INFO - Running: ['***', 'tasks', 'run', 'merge_all_scrapers', 'merge_all_outputs', 'manual__2026-05-20T08:23:41.576168+00:00', '--job-id', '97', '--raw', '--subdir', 'DAGS_FOLDER/merge_dag.py', '--cfg-path', '/tmp/tmpq2zj2zh7']
[2026-05-20T08:23:54.245+0000] {standard_task_runner.py:88} INFO - Job 97: Subtask merge_all_outputs
[2026-05-20T08:23:56.339+0000] {task_command.py:423} INFO - Running <TaskInstance: merge_all_scrapers.merge_all_outputs manual__2026-05-20T08:23:41.576168+00:00 [running]> on host f39b18a112ca
[2026-05-20T08:23:56.791+0000] {taskinstance.py:2510} INFO - Exporting env vars: AIRFLOW_CTX_DAG_OWNER='***' AIRFLOW_CTX_DAG_ID='merge_all_scrapers' AIRFLOW_CTX_TASK_ID='merge_all_outputs' AIRFLOW_CTX_EXECUTION_DATE='2026-05-20T08:23:41.576168+00:00' AIRFLOW_CTX_TRY_NUMBER='1' AIRFLOW_CTX_DAG_RUN_ID='manual__2026-05-20T08:23:41.576168+00:00'
[2026-05-20T08:23:56.806+0000] {logging_mixin.py:188} INFO - 📂 DATA PATH: /opt/***/data
[2026-05-20T08:23:56.811+0000] {logging_mixin.py:188} INFO - 
📄 READING JSON: eu_fsf_sanctions.json
[2026-05-20T08:23:56.931+0000] {logging_mixin.py:188} INFO - 
📄 READING JSON: inegi_playwright.json
[2026-05-20T08:23:56.940+0000] {logging_mixin.py:188} INFO - 
📄 READING JSON: inegi_scraper.json
[2026-05-20T08:23:56.950+0000] {logging_mixin.py:188} INFO - 
🗄️ READING DB: kaldata.db
[2026-05-20T08:24:06.587+0000] {logging_mixin.py:188} INFO - 
🗄️ READING DB: telegraph.db
[2026-05-20T08:24:09.829+0000] {logging_mixin.py:188} INFO - 
📦 TOTAL BEFORE DEDUP: 6706
[2026-05-20T08:24:10.113+0000] {logging_mixin.py:188} INFO - 🧹 AFTER DEDUP: 6702
[2026-05-20T08:24:10.209+0000] {base.py:83} INFO - Using connection ID 'postgres_default' for task execution.
[2026-05-20T08:24:31.350+0000] {logging_mixin.py:188} INFO - 💾 JSON OUTPUT: /opt/***/data/final_output.json
[2026-05-20T08:24:31.367+0000] {logging_mixin.py:188} INFO - 🔓 LOCK REMOVED
[2026-05-20T08:24:31.386+0000] {python.py:202} INFO - Done. Returned value was: None
[2026-05-20T08:24:31.423+0000] {taskinstance.py:1149} INFO - Marking task as SUCCESS. dag_id=merge_all_scrapers, task_id=merge_all_outputs, execution_date=20260520T082341, start_date=20260520T082352, end_date=20260520T082431
[2026-05-20T08:24:31.552+0000] {local_task_job_runner.py:234} INFO - Task exited with return code 0
[2026-05-20T08:24:31.837+0000] {taskinstance.py:3309} INFO - 0 downstream tasks scheduled from follow-on schedule check
