[2026-06-11T12:46:47.212+0000] {taskinstance.py:1979} INFO - Dependencies all met for dep_context=non-requeueable deps ti=<TaskInstance: inegi_scraper.run_inegi_selenium_container manual__2026-06-11T12:46:00.832406+00:00 [queued]>
[2026-06-11T12:46:48.767+0000] {taskinstance.py:1979} INFO - Dependencies all met for dep_context=requeueable deps ti=<TaskInstance: inegi_scraper.run_inegi_selenium_container manual__2026-06-11T12:46:00.832406+00:00 [queued]>
[2026-06-11T12:46:48.834+0000] {taskinstance.py:2193} INFO - Starting attempt 1 of 1
[2026-06-11T12:46:52.009+0000] {taskinstance.py:2214} INFO - Executing <Task(DockerOperator): run_inegi_selenium_container> on 2026-06-11 12:46:00.832406+00:00
[2026-06-11T12:46:52.235+0000] {standard_task_runner.py:60} INFO - Started process 834 to run task
[2026-06-11T12:46:52.506+0000] {standard_task_runner.py:87} INFO - Running: ['***', 'tasks', 'run', 'inegi_scraper', 'run_inegi_selenium_container', 'manual__2026-06-11T12:46:00.832406+00:00', '--job-id', '473', '--raw', '--subdir', 'DAGS_FOLDER/inegi_scraper_dag.py', '--cfg-path', '/tmp/tmpihixasrj']
[2026-06-11T12:46:52.745+0000] {standard_task_runner.py:88} INFO - Job 473: Subtask run_inegi_selenium_container
[2026-06-11T12:46:58.208+0000] {task_command.py:423} INFO - Running <TaskInstance: inegi_scraper.run_inegi_selenium_container manual__2026-06-11T12:46:00.832406+00:00 [running]> on host f39b18a112ca
[2026-06-11T12:47:05.482+0000] {taskinstance.py:2510} INFO - Exporting env vars: AIRFLOW_CTX_DAG_OWNER='***' AIRFLOW_CTX_DAG_ID='inegi_scraper' AIRFLOW_CTX_TASK_ID='run_inegi_selenium_container' AIRFLOW_CTX_EXECUTION_DATE='2026-06-11T12:46:00.832406+00:00' AIRFLOW_CTX_TRY_NUMBER='1' AIRFLOW_CTX_DAG_RUN_ID='manual__2026-06-11T12:46:00.832406+00:00'
[2026-06-11T12:47:06.356+0000] {docker.py:359} INFO - Starting docker container from image inegi-scraper:v1
[2026-06-11T12:47:06.390+0000] {docker.py:367} WARNING - Using remote engine or docker-in-docker and mounting temporary volume from host is not supported. Falling back to `mount_tmp_dir=False` mode. You can set `mount_tmp_dir` parameter to False to disable mounting and remove the warning
[2026-06-11T12:50:57.700+0000] {docker.py:429} INFO - Unhandled error in Deferred:
2026-06-11 12:50:57 [twisted] CRITICAL: Unhandled error in Deferred:
[2026-06-11T12:50:58.892+0000] {docker.py:429} INFO - Traceback (most recent call last):
  File "/usr/local/lib/python3.11/site-packages/twisted/internet/defer.py", line 1853, in _inlineCallbacks
    result = context.run(
  File "/usr/local/lib/python3.11/site-packages/twisted/python/failure.py", line 467, in throwExceptionIntoGenerator
    return g.throw(self.value.with_traceback(self.tb))
  File "/usr/local/lib/python3.11/site-packages/scrapy/crawler.py", line 464, in _crawl
    yield d
  File "/usr/local/lib/python3.11/site-packages/twisted/internet/defer.py", line 1857, in _inlineCallbacks
    result = context.run(gen.send, result)
  File "/usr/local/lib/python3.11/site-packages/scrapy/crawler.py", line 187, in crawl
    self.spider = self._create_spider(*args, **kwargs)
  File "/usr/local/lib/python3.11/site-packages/scrapy/crawler.py", line 230, in _create_spider
    return self.spidercls.from_crawler(self, *args, **kwargs)
  File "/usr/local/lib/python3.11/site-packages/scrapy/spiders/__init__.py", line 75, in from_crawler
    spider = cls(*args, **kwargs)
  File "/app/inegi/spiders/inegi_spider.py", line 49, in __init__
    self.driver = webdriver.Chrome(service=service, options=options)
  File "/usr/local/lib/python3.11/site-packages/selenium/webdriver/chrome/webdriver.py", line 45, in __init__
    super().__init__(
  File "/usr/local/lib/python3.11/site-packages/selenium/webdriver/chromium/webdriver.py", line 66, in __init__
    super().__init__(command_executor=executor, options=self.options)
  File "/usr/local/lib/python3.11/site-packages/selenium/webdriver/common/webdriver.py", line 25, in __init__
    super().__init__(*args, **kwargs)
  File "/usr/local/lib/python3.11/site-packages/selenium/webdriver/remote/webdriver.py", line 274, in __init__
    self.start_session(capabilities)
  File "/usr/local/lib/python3.11/site-packages/selenium/webdriver/remote/webdriver.py", line 370, in start_session
    response = self.execute(Command.NEW_SESSION, caps)["value"]
  File "/usr/local/lib/python3.11/site-packages/selenium/webdriver/remote/webdriver.py", line 450, in execute
    self.error_handler.check_response(response)
  File "/usr/local/lib/python3.11/site-packages/selenium/webdriver/remote/errorhandler.py", line 232, in check_response
    raise exception_class(message, screen, stacktrace)
selenium.common.exceptions.SessionNotCreatedException: Message: session not created: DevToolsActivePort file doesn't exist; For documentation on this error, please visit: https://www.selenium.dev/documentation/webdriver/troubleshooting/errors#sessionnotcreatedexception
Stacktrace:
#0 0x57983cc1d5b2 <unknown>
#1 0x57983c5b5cb8 <unknown>
#2 0x57983c5f8551 <unknown>
#3 0x57983c5f4421 <unknown>
#4 0x57983c5ee772 <unknown>
#5 0x57983c643823 <unknown>
#6 0x57983c642f6d <unknown>
#7 0x57983c633547 <unknown>
#8 0x57983c5fcfde <unknown>
#9 0x57983c5fde75 <unknown>
#10 0x57983cbdedc4 <unknown>
#11 0x57983cbe2225 <unknown>
#12 0x57983cbe1c5e <unknown>
#13 0x57983cbe2689 <unknown>
#14 0x57983cbce1b8 <unknown>
#15 0x57983cbe2a0a <unknown>
#16 0x57983cbb6889 <unknown>
#17 0x57983cc099e9 <unknown>
#18 0x57983cc09bfe <unknown>
#19 0x57983cc1be9e <unknown>
#20 0x7297917e5b7b <unknown>


2026-06-11 12:50:58 [twisted] CRITICAL: 
Traceback (most recent call last):
  File "/usr/local/lib/python3.11/site-packages/twisted/internet/defer.py", line 1853, in _inlineCallbacks
    result = context.run(
             ^^^^^^^^^^^^
  File "/usr/local/lib/python3.11/site-packages/twisted/python/failure.py", line 467, in throwExceptionIntoGenerator
    return g.throw(self.value.with_traceback(self.tb))
           ^^^^^^^^^^^^^^^^^^^^^^^^^^^^^^^^^^^^^^^^^^^
  File "/usr/local/lib/python3.11/site-packages/scrapy/crawler.py", line 464, in _crawl
    yield d
  File "/usr/local/lib/python3.11/site-packages/twisted/internet/defer.py", line 1857, in _inlineCallbacks
    result = context.run(gen.send, result)
             ^^^^^^^^^^^^^^^^^^^^^^^^^^^^^
  File "/usr/local/lib/python3.11/site-packages/scrapy/crawler.py", line 187, in crawl
    self.spider
[2026-06-11T12:50:58.941+0000] {docker.py:429} INFO - = self._create_spider(*args, **kwargs)
                  ^^^^^^^^^^^^^^^^^^^^^^^^^^^^^^^^^^^^
  File "/usr/local/lib/python3.11/site-packages/scrapy/crawler.py", line 230, in _create_spider
    return self.spidercls.from_crawler(self, *args, **kwargs)
           ^^^^^^^^^^^^^^^^^^^^^^^^^^^^^^^^^^^^^^^^^^^^^^^^^^
  File "/usr/local/lib/python3.11/site-packages/scrapy/spiders/__init__.py", line 75, in from_crawler
    spider = cls(*args, **kwargs)
             ^^^^^^^^^^^^^^^^^^^^
  File "/app/inegi/spiders/inegi_spider.py", line 49, in __init__
    self.driver = webdriver.Chrome(service=service, options=options)
                  ^^^^^^^^^^^^^^^^^^^^^^^^^^^^^^^^^^^^^^^^^^^^^^^^^^
  File "/usr/local/lib/python3.11/site-packages/selenium/webdriver/chrome/webdriver.py", line 45, in __init__
    super().__init__(
  File "/usr/local/lib/python3.11/site-packages/selenium/webdriver/chromium/webdriver.py", line 66, in __init__
    super().__init__(command_executor=executor, options=self.options)
  File "/usr/local/lib/python3.11/site-packages/selenium/webdriver/common/webdriver.py", line 25, in __init__
    super().__init__(*args, **kwargs)
  File "/usr/local/lib/python3.11/site-packages/selenium/webdriver/remote/webdriver.py", line 274, in __init__
    self.start_session(capabilities)
  File "/usr/local/lib/python3.11/site-packages/selenium/webdriver/remote/webdriver.py", line 370, in start_session
    response = self.execute(Command.NEW_SESSION, caps)["value"]
               ^^^^^^^^^^^^^^^^^^^^^^^^^^^^^^^^^^^^^^^
  File "/usr/local/lib/python3.11/site-packages/selenium/webdriver/remote/webdriver.py", line 450, in execute
    self.error_handler.check_response(response)
  File "/usr/local/lib/python3.11/site-packages/selenium/webdriver/remote/errorhandler.py", line 232, in check_response
    raise exception_class(message, screen, stacktrace)
selenium.common.exceptions.SessionNotCreatedException: Message: session not created: DevToolsActivePort file doesn't exist; For documentation on this error, please visit: https://www.selenium.dev/documentation/webdriver/troubleshooting/errors#sessionnotcreatedexception
Stacktrace:
#0 0x57983cc1d5b2 <unknown>
#1 0x57983c5b5cb8 <unknown>
#2 0x57983c5f8551 <unknown>
#3 0x57983c5f4421 <unknown>
#4 0x57983c5ee772 <unknown>
#5 0x57983c643823 <unknown>
#6 0x57983c642f6d <unknown>
#7 0x57983c633547 <unknown>
#8 0x57983c5fcfde <unknown>
#9 0x57983c5fde75 <unknown>
#10 0x57983cbdedc4 <unknown>
#11 0x57983cbe2225 <unknown>
#12 0x57983cbe1c5e <unknown>
#13 0x57983cbe2689 <unknown>
#14 0x57983cbce1b8 <unknown>
#15 0x57983cbe2a0a <unknown>
#16 0x57983cbb6889 <unknown>
#17 0x57983cc099e9 <unknown>
#18 0x57983cc09bfe <unknown>
#19 0x57983cc1be9e <unknown>
#20 0x7297917e5b7b <unknown>
[2026-06-11T12:51:08.242+0000] {taskinstance.py:1149} INFO - Marking task as SUCCESS. dag_id=inegi_scraper, task_id=run_inegi_selenium_container, execution_date=20260611T124600, start_date=20260611T124647, end_date=20260611T125108
[2026-06-11T12:51:10.558+0000] {local_task_job_runner.py:234} INFO - Task exited with return code 0
[2026-06-11T12:51:12.817+0000] {taskinstance.py:3309} INFO - 1 downstream tasks scheduled from follow-on schedule check
