[2026-05-20T08:50:06.090+0000] {taskinstance.py:1979} INFO - Dependencies all met for dep_context=non-requeueable deps ti=<TaskInstance: merge_all_scrapers.merge_all_outputs manual__2026-05-20T08:50:01.164548+00:00 [queued]>
[2026-05-20T08:50:06.111+0000] {taskinstance.py:1979} INFO - Dependencies all met for dep_context=requeueable deps ti=<TaskInstance: merge_all_scrapers.merge_all_outputs manual__2026-05-20T08:50:01.164548+00:00 [queued]>
[2026-05-20T08:50:06.112+0000] {taskinstance.py:2193} INFO - Starting attempt 1 of 1
[2026-05-20T08:50:06.146+0000] {taskinstance.py:2214} INFO - Executing <Task(PythonOperator): merge_all_outputs> on 2026-05-20 08:50:01.164548+00:00
[2026-05-20T08:50:06.157+0000] {standard_task_runner.py:60} INFO - Started process 7155 to run task
[2026-05-20T08:50:06.176+0000] {standard_task_runner.py:87} INFO - Running: ['***', 'tasks', 'run', 'merge_all_scrapers', 'merge_all_outputs', 'manual__2026-05-20T08:50:01.164548+00:00', '--job-id', '102', '--raw', '--subdir', 'DAGS_FOLDER/merge_dag.py', '--cfg-path', '/tmp/tmp9ehrivqn']
[2026-05-20T08:50:06.182+0000] {standard_task_runner.py:88} INFO - Job 102: Subtask merge_all_outputs
[2026-05-20T08:50:06.366+0000] {task_command.py:423} INFO - Running <TaskInstance: merge_all_scrapers.merge_all_outputs manual__2026-05-20T08:50:01.164548+00:00 [running]> on host f39b18a112ca
[2026-05-20T08:50:06.814+0000] {taskinstance.py:2510} INFO - Exporting env vars: AIRFLOW_CTX_DAG_OWNER='***' AIRFLOW_CTX_DAG_ID='merge_all_scrapers' AIRFLOW_CTX_TASK_ID='merge_all_outputs' AIRFLOW_CTX_EXECUTION_DATE='2026-05-20T08:50:01.164548+00:00' AIRFLOW_CTX_TRY_NUMBER='1' AIRFLOW_CTX_DAG_RUN_ID='manual__2026-05-20T08:50:01.164548+00:00'
[2026-05-20T08:50:06.831+0000] {logging_mixin.py:188} INFO - 📂 DATA PATH: /opt/***/data
[2026-05-20T08:50:06.838+0000] {logging_mixin.py:188} INFO - 
📄 READING JSON: eu_fsf_sanctions.json
[2026-05-20T08:50:07.425+0000] {logging_mixin.py:188} INFO - 
📄 READING JSON: inegi_playwright.json
[2026-05-20T08:50:07.503+0000] {logging_mixin.py:188} INFO - 
📄 READING JSON: inegi_scraper.json
[2026-05-20T08:50:07.515+0000] {logging_mixin.py:188} INFO - 
🗄️ READING DB: kaldata.db
[2026-05-20T08:50:11.567+0000] {logging_mixin.py:188} INFO - 
🗄️ READING DB: telegraph.db
[2026-05-20T08:50:12.396+0000] {logging_mixin.py:188} INFO - 
📦 TOTAL BEFORE DEDUP: 6713
[2026-05-20T08:50:12.553+0000] {logging_mixin.py:188} INFO - 🧹 AFTER DEDUP: 6709
[2026-05-20T08:50:12.916+0000] {base.py:83} INFO - Using connection ID 'postgres_default' for task execution.
[2026-05-20T08:50:33.816+0000] {logging_mixin.py:188} INFO - 💾 JSON OUTPUT: /opt/***/data/final_output.json
[2026-05-20T08:50:33.822+0000] {logging_mixin.py:188} INFO - 🔓 LOCK REMOVED
[2026-05-20T08:50:33.827+0000] {python.py:202} INFO - Done. Returned value was: None
[2026-05-20T08:50:33.864+0000] {taskinstance.py:1149} INFO - Marking task as SUCCESS. dag_id=merge_all_scrapers, task_id=merge_all_outputs, execution_date=20260520T085001, start_date=20260520T085006, end_date=20260520T085033
[2026-05-20T08:50:34.001+0000] {local_task_job_runner.py:234} INFO - Task exited with return code 0
[2026-05-20T08:50:34.058+0000] {taskinstance.py:3309} INFO - 0 downstream tasks scheduled from follow-on schedule check
