[2026-06-12T08:46:02.753+0000] {taskinstance.py:1979} INFO - Dependencies all met for dep_context=non-requeueable deps ti=<TaskInstance: merge_all_scrapers.merge_all_outputs manual__2026-06-12T08:46:00.218935+00:00 [queued]>
[2026-06-12T08:46:02.788+0000] {taskinstance.py:1979} INFO - Dependencies all met for dep_context=requeueable deps ti=<TaskInstance: merge_all_scrapers.merge_all_outputs manual__2026-06-12T08:46:00.218935+00:00 [queued]>
[2026-06-12T08:46:02.790+0000] {taskinstance.py:2193} INFO - Starting attempt 1 of 1
[2026-06-12T08:46:02.829+0000] {taskinstance.py:2214} INFO - Executing <Task(PythonOperator): merge_all_outputs> on 2026-06-12 08:46:00.218935+00:00
[2026-06-12T08:46:02.841+0000] {standard_task_runner.py:60} INFO - Started process 3150 to run task
[2026-06-12T08:46:02.851+0000] {standard_task_runner.py:87} INFO - Running: ['***', 'tasks', 'run', 'merge_all_scrapers', 'merge_all_outputs', 'manual__2026-06-12T08:46:00.218935+00:00', '--job-id', '555', '--raw', '--subdir', 'DAGS_FOLDER/merge_dag.py', '--cfg-path', '/tmp/tmpcoeadgl9']
[2026-06-12T08:46:02.858+0000] {standard_task_runner.py:88} INFO - Job 555: Subtask merge_all_outputs
[2026-06-12T08:46:03.057+0000] {task_command.py:423} INFO - Running <TaskInstance: merge_all_scrapers.merge_all_outputs manual__2026-06-12T08:46:00.218935+00:00 [running]> on host f39b18a112ca
[2026-06-12T08:46:03.341+0000] {taskinstance.py:2510} INFO - Exporting env vars: AIRFLOW_CTX_DAG_OWNER='***' AIRFLOW_CTX_DAG_ID='merge_all_scrapers' AIRFLOW_CTX_TASK_ID='merge_all_outputs' AIRFLOW_CTX_EXECUTION_DATE='2026-06-12T08:46:00.218935+00:00' AIRFLOW_CTX_TRY_NUMBER='1' AIRFLOW_CTX_DAG_RUN_ID='manual__2026-06-12T08:46:00.218935+00:00'
[2026-06-12T08:46:03.351+0000] {logging_mixin.py:188} INFO - 📂 DATA PATH: /opt/***/data
[2026-06-12T08:46:03.356+0000] {logging_mixin.py:188} INFO - 
READING JSON: eu_fsf_sanctions.json
[2026-06-12T08:46:03.441+0000] {logging_mixin.py:188} INFO - 
READING JSON: inegi_playwright.json
[2026-06-12T08:46:03.448+0000] {logging_mixin.py:188} INFO - 
READING JSON: inegi_scraper.json
[2026-06-12T08:46:03.454+0000] {logging_mixin.py:188} INFO - 
READING DB: kaldata.db
[2026-06-12T08:46:03.532+0000] {logging_mixin.py:188} INFO - 
READING DB: telegraph.db
[2026-06-12T08:46:03.615+0000] {logging_mixin.py:188} INFO - 
TOTAL BEFORE DEDUP: 6214
[2026-06-12T08:46:03.744+0000] {logging_mixin.py:188} INFO - AFTER DEDUP: 6211
[2026-06-12T08:46:03.982+0000] {base.py:83} INFO - Using connection ID 'postgres_default' for task execution.
[2026-06-12T08:46:17.278+0000] {logging_mixin.py:188} INFO - JSON OUTPUT: /opt/***/data/final_output.json
[2026-06-12T08:46:17.285+0000] {logging_mixin.py:188} INFO - LOCK REMOVED
[2026-06-12T08:46:17.291+0000] {python.py:202} INFO - Done. Returned value was: None
[2026-06-12T08:46:17.327+0000] {taskinstance.py:1149} INFO - Marking task as SUCCESS. dag_id=merge_all_scrapers, task_id=merge_all_outputs, execution_date=20260612T084600, start_date=20260612T084602, end_date=20260612T084617
[2026-06-12T08:46:17.401+0000] {local_task_job_runner.py:234} INFO - Task exited with return code 0
[2026-06-12T08:46:17.649+0000] {taskinstance.py:3309} INFO - 0 downstream tasks scheduled from follow-on schedule check
