[2026-06-12T07:44:52.812+0000] {taskinstance.py:1979} INFO - Dependencies all met for dep_context=non-requeueable deps ti=<TaskInstance: telegraph_scraper.run_telegraph_container scheduled__2026-06-11T00:00:00+00:00 [queued]>
[2026-06-12T07:44:53.395+0000] {taskinstance.py:1979} INFO - Dependencies all met for dep_context=requeueable deps ti=<TaskInstance: telegraph_scraper.run_telegraph_container scheduled__2026-06-11T00:00:00+00:00 [queued]>
[2026-06-12T07:44:53.427+0000] {taskinstance.py:2193} INFO - Starting attempt 1 of 1
[2026-06-12T07:44:54.919+0000] {taskinstance.py:2214} INFO - Executing <Task(DockerOperator): run_telegraph_container> on 2026-06-11 00:00:00+00:00
[2026-06-12T07:44:55.042+0000] {standard_task_runner.py:60} INFO - Started process 115 to run task
[2026-06-12T07:44:55.292+0000] {standard_task_runner.py:87} INFO - Running: ['***', 'tasks', 'run', 'telegraph_scraper', 'run_telegraph_container', 'scheduled__2026-06-11T00:00:00+00:00', '--job-id', '541', '--raw', '--subdir', 'DAGS_FOLDER/telegraph_dag.py', '--cfg-path', '/tmp/tmpcs1wg57w']
[2026-06-12T07:44:55.391+0000] {standard_task_runner.py:88} INFO - Job 541: Subtask run_telegraph_container
[2026-06-12T07:45:01.881+0000] {task_command.py:423} INFO - Running <TaskInstance: telegraph_scraper.run_telegraph_container scheduled__2026-06-11T00:00:00+00:00 [running]> on host f39b18a112ca
[2026-06-12T07:45:12.650+0000] {taskinstance.py:2510} INFO - Exporting env vars: AIRFLOW_CTX_DAG_OWNER='***' AIRFLOW_CTX_DAG_ID='telegraph_scraper' AIRFLOW_CTX_TASK_ID='run_telegraph_container' AIRFLOW_CTX_EXECUTION_DATE='2026-06-11T00:00:00+00:00' AIRFLOW_CTX_TRY_NUMBER='1' AIRFLOW_CTX_DAG_RUN_ID='scheduled__2026-06-11T00:00:00+00:00'
[2026-06-12T07:45:13.955+0000] {docker.py:359} INFO - Starting docker container from image telegraph-scraper:v1
[2026-06-12T07:45:44.307+0000] {docker.py:429} INFO - [+] Saved: Заради клипчета в TikTok: 11 години затвор за българин, убил бебе в катастрофа в Англия
[2026-06-12T07:45:46.659+0000] {docker.py:429} INFO - [+] Saved: ШОК: 6-месечно бебе с положителен тест за кокаин
[2026-06-12T07:45:49.615+0000] {docker.py:429} INFO - [+] Saved: Рейнадло – хладен ум с горещо сърце
[2026-06-12T07:45:51.355+0000] {docker.py:429} INFO - [+] Saved: Тръмп: Споразумението между САЩ и Иран може да бъде подписано уикенда
[2026-06-12T07:45:53.540+0000] {docker.py:429} INFO - [+] Saved: Шофьорка от столичния градски транспорт бръкна в джоба на МВР, дават й 10 000 лв.
[2026-06-12T07:45:56.137+0000] {docker.py:429} INFO - [+] Saved: Тайната на дълголетието
[2026-06-12T07:46:00.077+0000] {docker.py:429} INFO - [+] Saved: СКАНДАЛНО! Нередности по Южното Черноморие
[2026-06-12T07:46:03.622+0000] {docker.py:429} INFO - [+] Saved: Симона Халеп пак си хвана по-възрастен милионер (СНИМКА)
[2026-06-12T07:46:07.199+0000] {docker.py:429} INFO - [+] Saved: СЕКУНДИ ОТ ТРАГЕДИЯ: Огромно дърво смаза джип пред ресторант в Пловдив
[2026-06-12T07:46:09.865+0000] {docker.py:429} INFO - [+] Saved: Кой доведе Поч в САЩ
[2026-06-12T07:46:12.064+0000] {docker.py:429} INFO - [+] Saved: Американска бойна мощ преминава през България
[2026-06-12T07:46:14.543+0000] {docker.py:429} INFO - [+] Saved: Край на свободното придвижване на мигранти в ЕС: Новата система стартира днес
[2026-06-12T07:46:17.182+0000] {docker.py:429} INFO - [+] Saved: Украйна удари Москва и автомобилния гигант „АвтоВАЗ“ в Толиати
[2026-06-12T07:46:20.238+0000] {docker.py:429} INFO - [+] Saved: Джанлоренцо Бленджини: Трябва да сме щастливи, когато печелим
[2026-06-12T07:46:23.777+0000] {docker.py:429} INFO - [+] Saved: Горещ петък в НС: Радев и петима министри под обстрел
[2026-06-12T07:46:28.219+0000] {docker.py:429} INFO - [+] Saved: БУРЕНОСЕН ПЕТЪК: Жълт код в 23 области!
[2026-06-12T07:46:30.436+0000] {docker.py:429} INFO - [+] Saved: Гледайте  Канада - Босна и Херцеговина и САЩ - Парагвай от Мондиал 202
[2026-06-12T07:46:46.330+0000] {docker.py:429} INFO - [+] Saved: Южна Корея с луд обрат над Чехия
[2026-06-12T07:46:51.578+0000] {docker.py:429} INFO - [+] Saved: Бивш ас от Висшата лига се жени тайно за певица (СНИМКИ)
[2026-06-12T07:46:57.104+0000] {docker.py:429} INFO - [+] Saved: Дилета кърми и купонясва преди мондиала (СНИМКИ)
[2026-06-12T07:47:05.692+0000] {docker.py:429} INFO - [+] Saved: Актриса залюби колега, остави баскетболист (СНИМКИ)
[2026-06-12T07:47:11.945+0000] {docker.py:429} INFO - [+] Saved: България смаза Иран за първи успех в Лигата на нациите
[2026-06-12T07:47:25.516+0000] {docker.py:429} INFO - Traceback (most recent call last):
  File "/app/main.py", line 15, in <module>
    run()
  File "/app/main.py", line 10, in run
    pipeline.process_item(item)
  File "/app/pipelines.py", line 43, in process_item
    self.conn.commit()
sqlite3.OperationalError: database is locked
[2026-06-12T07:47:32.688+0000] {taskinstance.py:2728} ERROR - Task failed with exception
Traceback (most recent call last):
  File "/home/airflow/.local/lib/python3.8/site-packages/airflow/models/taskinstance.py", line 444, in _execute_task
    result = _execute_callable(context=context, **execute_callable_kwargs)
  File "/home/airflow/.local/lib/python3.8/site-packages/airflow/models/taskinstance.py", line 414, in _execute_callable
    return execute_callable(context=context, **execute_callable_kwargs)
  File "/home/airflow/.local/lib/python3.8/site-packages/airflow/providers/docker/operators/docker.py", line 502, in execute
    return self._run_image()
  File "/home/airflow/.local/lib/python3.8/site-packages/airflow/providers/docker/operators/docker.py", line 376, in _run_image
    return self._run_image_with_mounts(self.mounts, add_tmp_variable=False)
  File "/home/airflow/.local/lib/python3.8/site-packages/airflow/providers/docker/operators/docker.py", line 437, in _run_image_with_mounts
    raise DockerContainerFailedException(f"Docker container failed: {result!r}", logs=log_lines)
airflow.providers.docker.exceptions.DockerContainerFailedException: Docker container failed: {'StatusCode': 1}
[2026-06-12T07:47:33.708+0000] {taskinstance.py:1149} INFO - Marking task as FAILED. dag_id=telegraph_scraper, task_id=run_telegraph_container, execution_date=20260611T000000, start_date=20260612T074452, end_date=20260612T074733
[2026-06-12T07:47:36.581+0000] {standard_task_runner.py:107} ERROR - Failed to execute job 541 for task run_telegraph_container (Docker container failed: {'StatusCode': 1}; 115)
[2026-06-12T07:47:36.852+0000] {local_task_job_runner.py:234} INFO - Task exited with return code 1
[2026-06-12T07:47:37.300+0000] {taskinstance.py:3309} INFO - 0 downstream tasks scheduled from follow-on schedule check
